[2026-06-25 09:47:20] User ->  Optimization Start Requested JSON -> ImmutableMultiDict([('month', 'june'), ('year', '2026'), ('type', 'inter'), ('applicable', 'feb'), ('username', 'admin@pds'), ('async', '0'), ('client_id', 'admin@pds')])
[2026-06-25 09:48:34] User ->  Optimization Start Requested JSON -> ImmutableMultiDict([('month', 'june'), ('year', '2026'), ('type', 'inter'), ('applicable', 'feb'), ('username', 'admin@pds'), ('async', '0'), ('client_id', 'admin@pds')])
[2026-06-25 09:49:29] User ->  Optimization Start Requested JSON -> ImmutableMultiDict([('month', 'june'), ('year', '2026'), ('type', 'intra'), ('applicable', 'feb'), ('username', 'admin@pds'), ('async', '0'), ('client_id', 'admin@pds')])
[2026-06-25 09:50:14] User ->  Optimization Start Requested JSON -> ImmutableMultiDict([('month', 'june'), ('year', '2026'), ('type', 'intra'), ('applicable', 'feb'), ('username', 'admin@pds'), ('async', '0'), ('client_id', 'admin@pds')])
[2026-06-25 10:05:28] User ->  Optimization Start Requested JSON -> ImmutableMultiDict([('month', 'june'), ('year', '2026'), ('type', 'inter'), ('applicable', 'feb'), ('username', 'admin@pds'), ('async', '0'), ('client_id', 'admin@pds')])
[2026-06-25 10:13:28] User ->  Optimization Start Requested JSON -> ImmutableMultiDict([('month', 'june'), ('year', '2026'), ('type', 'inter'), ('applicable', 'feb'), ('username', 'admin@pds'), ('async', '0'), ('client_id', 'admin@pds')])
[2026-06-25 10:40:03] User ->  Optimization Start Requested JSON -> ImmutableMultiDict([('month', 'june'), ('year', '2026'), ('type', 'inter'), ('applicable', 'feb'), ('username', 'admin@pds'), ('async', '0'), ('client_id', 'admin@pds')])
[2026-06-25 10:56:18] User ->  Optimization Start Requested JSON -> ImmutableMultiDict([('month', 'june'), ('year', '2026'), ('type', 'inter'), ('applicable', 'feb'), ('username', 'admin@pds'), ('async', '0'), ('client_id', 'admin@pds')])
[2026-06-25 13:32:34] User ->  Optimization Start Requested JSON -> ImmutableMultiDict([('month', 'june'), ('year', '2026'), ('type', 'inter'), ('applicable', 'feb'), ('username', 'admin@pds'), ('async', '0'), ('client_id', 'admin@pds')])
[2026-06-25 13:33:52] User ->  Optimization Start Requested JSON -> ImmutableMultiDict([('month', 'june'), ('year', '2026'), ('type', 'inter'), ('applicable', 'feb'), ('username', 'admin@pds'), ('async', '0'), ('client_id', 'admin@pds')])
[2026-06-25 13:34:06] User ->  Optimization Start Requested JSON -> ImmutableMultiDict([('month', 'june'), ('year', '2026'), ('type', 'inter'), ('applicable', 'feb'), ('username', 'admin@pds'), ('async', '0'), ('client_id', 'admin@pds')])
[2026-06-25 13:34:41] User ->  Optimization Start Requested JSON -> ImmutableMultiDict([('month', 'june'), ('year', '2026'), ('type', 'inter'), ('applicable', 'feb'), ('username', 'admin@pds'), ('async', '0'), ('client_id', 'admin@pds')])
[2026-06-25 13:35:22] User ->  Optimization Start Requested JSON -> ImmutableMultiDict([('month', 'june'), ('year', '2026'), ('type', 'inter'), ('applicable', 'feb'), ('username', 'admin@pds'), ('async', '0'), ('client_id', 'admin@pds')])
[2026-06-25 13:37:01] User ->  Optimization Start Requested JSON -> ImmutableMultiDict([('month', 'june'), ('year', '2026'), ('type', 'inter'), ('applicable', 'feb'), ('username', 'admin@pds'), ('async', '0'), ('client_id', 'admin@pds')])
[2026-06-25 13:47:19] User ->  Optimization Start Requested JSON -> ImmutableMultiDict([('month', 'june'), ('year', '2026'), ('type', 'inter'), ('applicable', 'feb'), ('username', 'admin@pds'), ('async', '0'), ('client_id', 'admin@pds')])
[2026-06-25 13:48:09] User ->  Optimization Start Requested JSON -> ImmutableMultiDict([('month', 'june'), ('year', '2026'), ('type', 'inter'), ('applicable', 'feb'), ('username', 'admin@pds'), ('async', '0'), ('client_id', 'admin@pds')])
[2026-06-25 14:29:11] User ->  Optimization Start Requested JSON -> ImmutableMultiDict([('async', '0'), ('type', 'inter'), ('client_id', 'admin@pds')])
[2026-06-25 14:33:41] User ->  Optimization Start Requested JSON -> ImmutableMultiDict([('month', 'june'), ('year', '2026'), ('type', 'inter'), ('applicable', 'feb'), ('username', 'admin@pds'), ('async', '0'), ('client_id', 'admin@pds'), ('job_id', '8c9bfc5b-fcf8-4a01-9fdd-849d334e332c')])
[2026-06-25 14:42:19] User ->  Optimization Start Requested JSON -> ImmutableMultiDict([('month', 'june'), ('year', '2026'), ('type', 'inter'), ('applicable', 'feb'), ('username', 'admin@pds'), ('async', '0'), ('client_id', 'admin@pds'), ('job_id', '7c4b0b08-92a7-4f18-9bbb-6d156257c0f0')])
[2026-06-25 19:12:06] User ->  Optimization Start Requested JSON -> ImmutableMultiDict([('month', 'june'), ('year', '2026'), ('type', 'intra'), ('applicable', 'march'), ('username', 'admin@pds'), ('async', '0'), ('client_id', 'admin@pds'), ('job_id', '150a2b71-0e49-4d00-90a5-9fd1ccf9c980')])
