[2026-02-16 12:33:22] User -> Warehouse Added -> Admin@pds| ASD
[2026-02-16 12:33:23] User -> Warehouse Added -> Admin@pds| ASD
[2026-02-16 12:33:23] User -> Warehouse Added -> Admin@pds| ASD
[2026-02-16 12:33:23] User -> Warehouse Added -> Admin@pds| ASD
[2026-02-16 12:33:23] User -> Warehouse Added -> Admin@pds| ASD
[2026-02-16 12:33:23] User -> Warehouse Added -> Admin@pds| ASD
[2026-02-16 12:33:23] User -> Warehouse Added -> Admin@pds| ASD
[2026-02-16 12:33:23] User -> Warehouse Added -> Admin@pds| ASD
[2026-02-16 12:34:45] User -> FPS deleted -> Admin@pds| Requested JSON -> {"uid":"all"} | all
[2026-02-16 12:35:14] User -> FPS Added -> Admin@pds| Gram Mandal Maninagar
[2026-02-16 12:35:14] User -> FPS Added -> Admin@pds| MAHAKUTESHWAR YUVAKA MANDAL YANKANCHI
[2026-02-16 12:35:14] User -> FPS Added -> Admin@pds| MAHAKUTESHWAR Y.M. GUBBERAKOPPA
[2026-02-16 12:35:14] User -> FPS Added -> Admin@pds| L.B. NAIKAR. KHANAPUR.S.K. 68 (C)(RADDERTIMMAPUR)
[2026-02-16 12:35:14] User -> FPS Added -> Admin@pds| YUVAKA MANDAL HAVALAKOD
[2026-02-16 12:35:14] User -> FPS Added -> Admin@pds| MARUTI YUVAKA MANDAL FAKIRBUDIHAL
[2026-02-16 12:35:14] User -> FPS Added -> Admin@pds| YUVAKA MANDAL SAGANUR
[2026-02-16 12:35:14] User -> FPS Added -> Admin@pds| YUVAKA MANDAL CHINCHALAKATTI
[2026-02-16 12:35:14] User -> FPS Added -> Admin@pds| K.K.LAMANI CHINCHALAKATTI L.T.
[2026-02-16 12:35:14] User -> FPS Added -> Admin@pds| RAIT SANGHA HANAMANERI (S)
[2026-02-16 12:35:14] User -> FPS Added -> Admin@pds| V.S.S. NEERBUDIHAL
[2026-02-16 12:35:14] User -> FPS Added -> Admin@pds| GRAMA MANDAL GANGANABUDIHAL
[2026-02-16 12:35:14] User -> FPS Added -> Admin@pds| S.M.GONNAGAR JANGAWAD
[2026-02-16 12:35:14] User -> FPS Added -> Admin@pds| YUVAKA MANDALA HOSAKOTI-37 (C)(KAINAKATTI)
[2026-02-16 12:35:15] User -> FPS Added -> Admin@pds| Y.S.NARASANVAR SHIPARMATTI
[2026-02-16 12:35:15] User -> FPS Added -> Admin@pds| YUVAKA MANDAL HOSAKOTI
[2026-02-16 12:35:15] User -> FPS Added -> Admin@pds| GRAMA MANDAL MATTIKATTI
[2026-02-16 12:35:15] User -> FPS Added -> Admin@pds| SHIVANAND YUVAKA MANDAL MALAGI
[2026-02-16 12:35:15] User -> FPS Added -> Admin@pds| SHRADDANAND YUVAKA MANDAL NARENUR
[2026-02-16 12:35:15] User -> FPS Added -> Admin@pds| KRISHNA YUVAKA MANDAL NARENUR L.T.2
[2026-02-16 12:35:15] User -> FPS Added -> Admin@pds| Ranganath Hanamappa Sunagad (PH) Inam Hanamaneri
[2026-02-16 12:35:15] User -> FPS Added -> Admin@pds| PKPS Anawal
[2026-02-16 12:35:15] User -> FPS Added -> Admin@pds| GRAMA MANDAL KALABANDKERI
[2026-02-16 12:35:15] User -> FPS Added -> Admin@pds| YUVAKA MANDAL YANDIGERI
[2026-02-16 12:35:15] User -> FPS Added -> Admin@pds| V.S.S.KAGALGOMBA
[2026-02-16 12:35:15] User -> FPS Added -> Admin@pds| V.S.S.KERAKALMATTI
[2026-02-16 12:35:15] User -> FPS Added -> Admin@pds| PKPS Halakurki
[2026-02-16 12:35:15] User -> FPS Added -> Admin@pds| V.S.S.HULAGERI
[2026-02-16 12:35:15] User -> FPS Added -> Admin@pds| BASAVESHWARA YUVAKA MANDAL JALAGERI
[2026-02-16 12:35:15] User -> FPS Added -> Admin@pds| Manjunatha Shivappa Rathod (PH)
[2026-02-16 12:35:16] User -> FPS Added -> Admin@pds| Secretory Neeralkeri Milk producers Co-Op Society Ltd.
[2026-02-16 12:35:16] User -> FPS Added -> Admin@pds| P.K.P.S.MUSTIGERI.
[2026-02-16 12:35:16] User -> FPS Added -> Admin@pds| MARUTI YUVAKA MANDALA HULLIKERI INAM
[2026-02-16 12:35:16] User -> FPS Added -> Admin@pds| YOUTH ASSOCIATION MUMARADDIKOPPA
[2026-02-16 12:35:16] User -> FPS Added -> Admin@pds| P.K.P.S. UGLVAT
[2026-02-16 12:35:16] User -> FPS Added -> Admin@pds| PURNANANDA YUVAKA MANDAL KALLAPUR.S.K.
[2026-02-16 12:35:16] User -> FPS Added -> Admin@pds| KALIKADEVI YUVAK MANDALA TAPPASAKATTI
[2026-02-16 12:35:16] User -> FPS Added -> Admin@pds| MARUTI YUVAKA MANDAL HANAMASAGAR
[2026-02-16 12:35:16] User -> FPS Added -> Admin@pds| PURNANAND YUVAKA MANDAL SOMANAKOPPA
[2026-02-16 12:35:16] User -> FPS Added -> Admin@pds| L.B. NAYAKAR KHANAPUR S,K.
[2026-02-16 12:35:16] User -> FPS Added -> Admin@pds| V.S.S. KAKANUR
[2026-02-16 12:35:16] User -> FPS Added -> Admin@pds| GRAMA MANDALA CHIMMANAKATTI
[2026-02-16 12:35:16] User -> FPS Added -> Admin@pds| NEERU BALAKEDARAR SAHAKARI SANGHA HAGANUR
[2026-02-16 12:35:16] User -> FPS Added -> Admin@pds| V.S.S. TALAKAWAD
[2026-02-16 12:35:17] User -> FPS Added -> Admin@pds| GRAM MANDAL NEELGUND
[2026-02-16 12:35:17] User -> FPS Added -> Admin@pds| GRAM MANDAL LAKHAMAPUR
[2026-02-16 12:35:18] User -> FPS Added -> Admin@pds| IRAPP. K.BIRANUR BIRANUR
[2026-02-16 12:35:19] User -> FPS Added -> Admin@pds| MARUTESHWAR YUVAKA MANDAL ALUR S.K.
[2026-02-16 12:35:19] User -> FPS Added -> Admin@pds| BASAVESHWAR YUVAK MANDAL TIMMAPUR S.N.
[2026-02-16 12:35:20] User -> FPS Added -> Admin@pds| VEERABHADHRESHWARA Y M MALLAPUR S.L.
[2026-02-16 12:35:20] User -> FPS Added -> Admin@pds| Kalasa (Govonakopp) Milk producers Co op Society
[2026-02-16 12:35:21] User -> FPS Added -> Admin@pds| YUVAKA MANDAL ALADAKATTI
[2026-02-16 12:35:21] User -> FPS Added -> Admin@pds| PKPS Hebballi
[2026-02-16 12:35:21] User -> FPS Added -> Admin@pds| V.S.S. MUTTALAGERI
[2026-02-16 12:35:21] User -> FPS Added -> Admin@pds| MARUTESHWAR TARUN SANGHA NAVILAHOLE.
[2026-02-16 12:35:21] User -> FPS Added -> Admin@pds| BASAVALINGESHWAR Y M BACHINAGUDDA.
[2026-02-16 12:35:21] User -> FPS Added -> Admin@pds| GRAM MANDAL GONAL
[2026-02-16 12:35:21] User -> FPS Added -> Admin@pds| V.S.S.CHOLACHAGUDDA
[2026-02-16 12:35:21] User -> FPS Added -> Admin@pds| BANASHANKARI DEVASTHANA SEVA SAMITI BANASHANKARI.
[2026-02-16 12:35:22] User -> FPS Added -> Admin@pds| REVANASHIDDESHWAR YUVAKA SANGHA HIRENASIBI
[2026-02-16 12:35:22] User -> FPS Added -> Admin@pds| AMBEDAKAR VIDYA VARDHAKA SANGHA BELUR
[2026-02-16 12:35:22] User -> FPS Added -> Admin@pds| V.S.S.JALIHAL
[2026-02-16 12:35:22] User -> FPS Added -> Admin@pds| Halu Utpadakara sahakari sangha,Pattadakal
[2026-02-16 12:35:22] User -> FPS Added -> Admin@pds| GRAM MANDAL ADAGAL.
[2026-02-16 12:35:22] User -> FPS Added -> Admin@pds| V.S.S.KUTAKANAKERI
[2026-02-16 20:23:07] User -> Warehouse deleted -> Admin@pds| Requested JSON -> {"uid":"all"} | all
[2026-02-16 20:24:04] User -> Warehouse Added -> Admin@pds| KFCSC BADAMI
[2026-02-16 20:24:04] User -> Warehouse Added -> Admin@pds| KFCSC BAGALKOT
[2026-02-16 20:24:04] User -> Warehouse Added -> Admin@pds| KFCSC BILAGI
[2026-02-16 20:24:04] User -> Warehouse Added -> Admin@pds| TAPCMS BILAGI
[2026-02-16 20:24:04] User -> Warehouse Added -> Admin@pds| KFCSC HUNGUND
[2026-02-16 20:24:04] User -> Warehouse Added -> Admin@pds| TAPCMS JAMKHANDI
[2026-02-16 20:24:04] User -> Warehouse Added -> Admin@pds| KFCSC MUDHOL
[2026-02-16 20:24:04] User -> Warehouse Added -> Admin@pds| TAPCMS MUDHOL
