[2026-01-16 12:27:20] district User -> Save Data | approve district change yes ->Bangalorewest@pds| 311 - F01787 - FRice
[2026-01-16 12:30:56] district_user -> FPS Edit ->Bangalorewest@pds| Requested JSON -> {"name":"DHANABHAGYAMMABLC02No 46 1st cross Kallappa block Ramachandrapuram Bangalore-21","uniqueid":"FPS_6931146b9a1","active":"1","type":"Model FPS","latitude":"12.987455","longitude":"77.565188","district":"Bangalore West","id":"F01788","demand":"100.4","demand_rice":0}
[2026-01-16 12:31:59] district User -> Save Data | approve district change yes ->Bangalorewest@pds| 311 - F01789 - FRice
[2026-01-16 12:32:26] district User -> Save Data | approve district change yes ->Bangalorewest@pds| 311 - F01790 - FRice
[2026-01-16 12:33:04] district User -> Save Data | approve district change yes ->Bangalorewest@pds| 311 - F01792 - FRice
[2026-01-16 12:33:28] district User -> Save Data | approve district change yes ->Bangalorewest@pds| 311 - F01793 - FRice
[2026-01-16 12:34:00] district User -> Save Data | approve district change yes ->Bangalorewest@pds| 311 - F01794 - FRice
[2026-01-16 12:34:21] district User -> Save Data | approve district change yes ->Bangalorewest@pds| 311 - F01795 - FRice
[2026-01-16 12:35:03] district User -> Save Data | approve district change yes ->Bangalorewest@pds| 311 - F01796 - FRice
[2026-01-16 12:35:44] district User -> Save Data | approve district change yes ->Bangalorewest@pds| 311 - F01797 - FRice
[2026-01-16 12:36:06] district User -> Save Data | approve district change yes ->Bangalorewest@pds| 311 - F01798 - FRice
[2026-01-16 12:36:55] district User -> Save Data | approve district change yes ->Bangalorewest@pds| 311 - F01799 - FRice
[2026-01-16 12:37:19] district User -> Save Data | approve district change yes ->Bangalorewest@pds| 311 - F01803 - FRice
[2026-01-16 12:37:38] district User -> Save Data | approve district change yes ->Bangalorewest@pds| 311 - F01816 - FRice
[2026-01-16 12:38:08] district User -> Save Data | approve district change yes ->Bangalorewest@pds| 311 - F01825 - FRice
[2026-01-16 12:44:02] district User -> Save Data | implemeneted ->Dharwad@pds| 133 - F08778 - FRice
[2026-01-16 12:44:02] district User -> Save Data | implemeneted ->Dharwad@pds| 133 - F08773 - FRice
[2026-01-16 12:44:02] district User -> Save Data | implemeneted ->Dharwad@pds| 133 - F08785 - FRice
[2026-01-16 12:44:02] district User -> Save Data | implemeneted ->Dharwad@pds| 133 - F08786 - FRice
[2026-01-16 12:44:02] district User -> Save Data | implemeneted ->Dharwad@pds| 133 - F08787 - FRice
[2026-01-16 12:44:02] district User -> Save Data | implemeneted ->Dharwad@pds| 133 - F08789 - FRice
[2026-01-16 12:44:02] district User -> Save Data | implemeneted ->Dharwad@pds| 133 - F08790 - FRice
[2026-01-16 12:44:02] district User -> Save Data | implemeneted ->Dharwad@pds| 133 - F08801 - FRice
[2026-01-16 12:44:03] district User -> Save Data | implemeneted ->Dharwad@pds| 133 - F08803 - FRice
[2026-01-16 12:44:03] district User -> Save Data | implemeneted ->Dharwad@pds| 133 - F08804 - FRice
[2026-01-16 12:44:03] district User -> Save Data | implemeneted ->Dharwad@pds| 133 - F08826 - FRice
[2026-01-16 12:44:03] district User -> Save Data | implemeneted ->Dharwad@pds| 133 - F08845 - FRice
[2026-01-16 12:44:03] district User -> Save Data | implemeneted ->Dharwad@pds| 133 - F08847 - FRice
[2026-01-16 12:44:03] district User -> Save Data | implemeneted ->Dharwad@pds| 133 - F08848 - FRice
[2026-01-16 12:44:03] district User -> Save Data | implemeneted ->Dharwad@pds| 133 - F08853 - FRice
[2026-01-16 12:44:03] district User -> Save Data | implemeneted ->Dharwad@pds| 133 - F08855 - FRice
[2026-01-16 12:44:03] district User -> Save Data | implemeneted ->Dharwad@pds| 133 - F08856 - FRice
[2026-01-16 12:44:03] district User -> Save Data | implemeneted ->Dharwad@pds| 133 - F08857 - FRice
[2026-01-16 12:44:03] district User -> Save Data | implemeneted ->Dharwad@pds| 133 - F08859 - FRice
[2026-01-16 12:44:03] district User -> Save Data | implemeneted ->Dharwad@pds| 133 - F08861 - FRice
[2026-01-16 12:44:03] district User -> Save Data | implemeneted ->Dharwad@pds| 133 - F08862 - FRice
[2026-01-16 12:44:03] district User -> Save Data | implemeneted ->Dharwad@pds| 133 - F08863 - FRice
[2026-01-16 12:44:03] district User -> Save Data | implemeneted ->Dharwad@pds| 133 - F08864 - FRice
[2026-01-16 12:44:03] district User -> Save Data | implemeneted ->Dharwad@pds| 133 - F08865 - FRice
[2026-01-16 12:44:03] district User -> Save Data | implemeneted ->Dharwad@pds| 133 - F08866 - FRice
[2026-01-16 12:44:03] district User -> Save Data | implemeneted ->Dharwad@pds| 133 - F08867 - FRice
[2026-01-16 12:44:03] district User -> Save Data | implemeneted ->Dharwad@pds| 133 - F08871 - FRice
[2026-01-16 12:44:03] district User -> Save Data | implemeneted ->Dharwad@pds| 133 - F08874 - FRice
[2026-01-16 12:44:03] district User -> Save Data | implemeneted ->Dharwad@pds| 133 - F08875 - FRice
[2026-01-16 12:44:03] district User -> Save Data | implemeneted ->Dharwad@pds| 133 - F08876 - FRice
[2026-01-16 12:44:03] district User -> Save Data | implemeneted ->Dharwad@pds| 133 - F08877 - FRice
[2026-01-16 12:44:03] district User -> Save Data | implemeneted ->Dharwad@pds| 133 - F08878 - FRice
[2026-01-16 12:44:04] district User -> Save Data | implemeneted ->Dharwad@pds| 133 - F08879 - FRice
[2026-01-16 12:44:04] district User -> Save Data | implemeneted ->Dharwad@pds| 133 - F08880 - FRice
[2026-01-16 12:44:04] district User -> Save Data | implemeneted ->Dharwad@pds| 133 - F08881 - FRice
[2026-01-16 12:44:04] district User -> Save Data | implemeneted ->Dharwad@pds| 133 - F08882 - FRice
[2026-01-16 12:44:04] district User -> Save Data | implemeneted ->Dharwad@pds| 133 - F08884 - FRice
[2026-01-16 12:44:04] district User -> Save Data | implemeneted ->Dharwad@pds| 133 - F08885 - FRice
[2026-01-16 12:44:04] district User -> Save Data | implemeneted ->Dharwad@pds| 133 - F09194 - FRice
[2026-01-16 12:44:04] district User -> Save Data | implemeneted ->Dharwad@pds| 133 - F08914 - FRice
[2026-01-16 12:44:04] district User -> Save Data | implemeneted ->Dharwad@pds| 133 - F08912 - FRice
[2026-01-16 12:44:04] district User -> Save Data | implemeneted ->Dharwad@pds| 133 - F08910 - FRice
[2026-01-16 12:44:04] district User -> Save Data | implemeneted ->Dharwad@pds| 133 - F08907 - FRice
[2026-01-16 12:44:04] district User -> Save Data | implemeneted ->Dharwad@pds| 133 - F08906 - FRice
[2026-01-16 12:44:04] district User -> Save Data | implemeneted ->Dharwad@pds| 133 - F08905 - FRice
[2026-01-16 12:44:04] district User -> Save Data | implemeneted ->Dharwad@pds| 133 - F08898 - FRice
[2026-01-16 12:44:04] district User -> Save Data | implemeneted ->Dharwad@pds| 133 - F08897 - FRice
[2026-01-16 12:44:04] district User -> Save Data | implemeneted ->Dharwad@pds| 133 - F08896 - FRice
[2026-01-16 12:44:04] district User -> Save Data | implemeneted ->Dharwad@pds| 133 - F08894 - FRice
[2026-01-16 12:44:04] district User -> Save Data | implemeneted ->Dharwad@pds| 133 - F08886 - FRice
[2026-01-16 12:44:04] district User -> Save Data | implemeneted ->Dharwad@pds| 133 - F08888 - FRice
[2026-01-16 12:44:04] district User -> Save Data | implemeneted ->Dharwad@pds| 133 - F08889 - FRice
[2026-01-16 12:44:04] district User -> Save Data | implemeneted ->Dharwad@pds| 133 - F09210 - FRice
[2026-01-16 12:44:04] district User -> Save Data | implemeneted ->Dharwad@pds| 133 - F09211 - FRice
[2026-01-16 12:44:04] district User -> Save Data | implemeneted ->Dharwad@pds| 134 - F08770 - FRice
[2026-01-16 12:44:04] district User -> Save Data | implemeneted ->Dharwad@pds| 134 - F08771 - FRice
[2026-01-16 12:44:04] district User -> Save Data | implemeneted ->Dharwad@pds| 134 - F08779 - FRice
[2026-01-16 12:44:05] district User -> Save Data | implemeneted ->Dharwad@pds| 134 - F08776 - FRice
[2026-01-16 12:44:05] district User -> Save Data | implemeneted ->Dharwad@pds| 134 - F08775 - FRice
[2026-01-16 12:44:05] district User -> Save Data | implemeneted ->Dharwad@pds| 134 - F08774 - FRice
[2026-01-16 12:44:05] district User -> Save Data | implemeneted ->Dharwad@pds| 134 - F08772 - FRice
[2026-01-16 12:44:05] district User -> Save Data | implemeneted ->Dharwad@pds| 134 - F08782 - FRice
[2026-01-16 12:44:05] district User -> Save Data | implemeneted ->Dharwad@pds| 134 - F08784 - FRice
[2026-01-16 12:44:05] district User -> Save Data | implemeneted ->Dharwad@pds| 134 - F08788 - FRice
[2026-01-16 12:44:05] district User -> Save Data | implemeneted ->Dharwad@pds| 134 - F08791 - FRice
[2026-01-16 12:44:05] district User -> Save Data | implemeneted ->Dharwad@pds| 134 - F08792 - FRice
[2026-01-16 12:44:05] district User -> Save Data | implemeneted ->Dharwad@pds| 134 - F08793 - FRice
[2026-01-16 12:44:05] district User -> Save Data | implemeneted ->Dharwad@pds| 134 - F08794 - FRice
[2026-01-16 12:44:05] district User -> Save Data | implemeneted ->Dharwad@pds| 134 - F08795 - FRice
[2026-01-16 12:44:05] district User -> Save Data | implemeneted ->Dharwad@pds| 134 - F08796 - FRice
[2026-01-16 12:44:05] district User -> Save Data | implemeneted ->Dharwad@pds| 134 - F08797 - FRice
[2026-01-16 12:44:05] district User -> Save Data | implemeneted ->Dharwad@pds| 134 - F08799 - FRice
[2026-01-16 12:44:05] district User -> Save Data | implemeneted ->Dharwad@pds| 134 - F08802 - FRice
[2026-01-16 12:44:05] district User -> Save Data | implemeneted ->Dharwad@pds| 134 - F08805 - FRice
[2026-01-16 12:44:05] district User -> Save Data | implemeneted ->Dharwad@pds| 134 - F08806 - FRice
[2026-01-16 12:44:05] district User -> Save Data | implemeneted ->Dharwad@pds| 134 - F08807 - FRice
[2026-01-16 12:44:05] district User -> Save Data | implemeneted ->Dharwad@pds| 134 - F08809 - FRice
[2026-01-16 12:44:05] district User -> Save Data | implemeneted ->Dharwad@pds| 134 - F08810 - FRice
[2026-01-16 12:44:05] district User -> Save Data | implemeneted ->Dharwad@pds| 134 - F08813 - FRice
[2026-01-16 12:44:05] district User -> Save Data | implemeneted ->Dharwad@pds| 134 - F08814 - FRice
[2026-01-16 12:44:05] district User -> Save Data | implemeneted ->Dharwad@pds| 134 - F08815 - FRice
[2026-01-16 12:44:05] district User -> Save Data | implemeneted ->Dharwad@pds| 134 - F08816 - FRice
[2026-01-16 12:44:06] district User -> Save Data | implemeneted ->Dharwad@pds| 134 - F08817 - FRice
[2026-01-16 12:44:06] district User -> Save Data | implemeneted ->Dharwad@pds| 134 - F08818 - FRice
[2026-01-16 12:44:06] district User -> Save Data | implemeneted ->Dharwad@pds| 134 - F08819 - FRice
[2026-01-16 12:44:06] district User -> Save Data | implemeneted ->Dharwad@pds| 134 - F08820 - FRice
[2026-01-16 12:44:06] district User -> Save Data | implemeneted ->Dharwad@pds| 134 - F08821 - FRice
[2026-01-16 12:44:06] district User -> Save Data | implemeneted ->Dharwad@pds| 134 - F08827 - FRice
[2026-01-16 12:44:06] district User -> Save Data | implemeneted ->Dharwad@pds| 134 - F08828 - FRice
[2026-01-16 12:44:06] district User -> Save Data | implemeneted ->Dharwad@pds| 134 - F08825 - FRice
[2026-01-16 12:44:06] district User -> Save Data | implemeneted ->Dharwad@pds| 134 - F08843 - FRice
[2026-01-16 12:44:06] district User -> Save Data | implemeneted ->Dharwad@pds| 134 - F08842 - FRice
[2026-01-16 12:44:06] district User -> Save Data | implemeneted ->Dharwad@pds| 134 - F08841 - FRice
[2026-01-16 12:44:06] district User -> Save Data | implemeneted ->Dharwad@pds| 134 - F08839 - FRice
[2026-01-16 12:44:06] district User -> Save Data | implemeneted ->Dharwad@pds| 134 - F08838 - FRice
[2026-01-16 12:44:06] district User -> Save Data | implemeneted ->Dharwad@pds| 134 - F08837 - FRice
[2026-01-16 12:44:06] district User -> Save Data | implemeneted ->Dharwad@pds| 134 - F08836 - FRice
[2026-01-16 12:44:06] district User -> Save Data | implemeneted ->Dharwad@pds| 134 - F08835 - FRice
[2026-01-16 12:44:06] district User -> Save Data | implemeneted ->Dharwad@pds| 134 - F08834 - FRice
[2026-01-16 12:44:06] district User -> Save Data | implemeneted ->Dharwad@pds| 134 - F08833 - FRice
[2026-01-16 12:44:06] district User -> Save Data | implemeneted ->Dharwad@pds| 134 - F08832 - FRice
[2026-01-16 12:44:06] district User -> Save Data | implemeneted ->Dharwad@pds| 134 - F08831 - FRice
[2026-01-16 12:44:06] district User -> Save Data | implemeneted ->Dharwad@pds| 134 - F08830 - FRice
[2026-01-16 12:44:06] district User -> Save Data | implemeneted ->Dharwad@pds| 134 - F08829 - FRice
[2026-01-16 12:44:06] district User -> Save Data | implemeneted ->Dharwad@pds| 134 - F08851 - FRice
[2026-01-16 12:44:06] district User -> Save Data | implemeneted ->Dharwad@pds| 134 - F08891 - FRice
[2026-01-16 12:44:07] district User -> Save Data | implemeneted ->Dharwad@pds| 134 - F08890 - FRice
[2026-01-16 12:44:07] district User -> Save Data | implemeneted ->Dharwad@pds| 134 - F08887 - FRice
[2026-01-16 12:44:07] district User -> Save Data | implemeneted ->Dharwad@pds| 134 - F08883 - FRice
[2026-01-16 12:44:07] district User -> Save Data | implemeneted ->Dharwad@pds| 134 - F08873 - FRice
[2026-01-16 12:44:07] district User -> Save Data | implemeneted ->Dharwad@pds| 134 - F08872 - FRice
[2026-01-16 12:44:07] district User -> Save Data | implemeneted ->Dharwad@pds| 134 - F08870 - FRice
[2026-01-16 12:44:07] district User -> Save Data | implemeneted ->Dharwad@pds| 134 - F08868 - FRice
[2026-01-16 12:44:07] district User -> Save Data | implemeneted ->Dharwad@pds| 134 - F08858 - FRice
[2026-01-16 12:44:07] district User -> Save Data | implemeneted ->Dharwad@pds| 134 - F08854 - FRice
[2026-01-16 12:44:07] district User -> Save Data | implemeneted ->Dharwad@pds| 134 - F08903 - FRice
[2026-01-16 12:44:07] district User -> Save Data | implemeneted ->Dharwad@pds| 134 - F08913 - FRice
[2026-01-16 12:44:07] district User -> Save Data | implemeneted ->Dharwad@pds| 134 - F08916 - FRice
[2026-01-16 12:44:07] district User -> Save Data | implemeneted ->Dharwad@pds| 135 - F09048 - FRice
[2026-01-16 12:44:07] district User -> Save Data | implemeneted ->Dharwad@pds| 135 - F09062 - FRice
[2026-01-16 12:44:07] district User -> Save Data | implemeneted ->Dharwad@pds| 135 - F09077 - FRice
[2026-01-16 12:44:07] district User -> Save Data | implemeneted ->Dharwad@pds| 136 - F08917 - FRice
[2026-01-16 12:44:07] district User -> Save Data | implemeneted ->Dharwad@pds| 136 - F08918 - FRice
[2026-01-16 12:44:07] district User -> Save Data | implemeneted ->Dharwad@pds| 136 - F08919 - FRice
[2026-01-16 12:44:07] district User -> Save Data | implemeneted ->Dharwad@pds| 136 - F08921 - FRice
[2026-01-16 12:44:07] district User -> Save Data | implemeneted ->Dharwad@pds| 136 - F08922 - FRice
[2026-01-16 12:44:07] district User -> Save Data | implemeneted ->Dharwad@pds| 136 - F08923 - FRice
[2026-01-16 12:44:07] district User -> Save Data | implemeneted ->Dharwad@pds| 136 - F08924 - FRice
[2026-01-16 12:44:07] district User -> Save Data | implemeneted ->Dharwad@pds| 136 - F08925 - FRice
[2026-01-16 12:44:07] district User -> Save Data | implemeneted ->Dharwad@pds| 136 - F08926 - FRice
[2026-01-16 12:44:07] district User -> Save Data | implemeneted ->Dharwad@pds| 136 - F08927 - FRice
[2026-01-16 12:44:08] district User -> Save Data | implemeneted ->Dharwad@pds| 136 - F08928 - FRice
[2026-01-16 12:44:08] district User -> Save Data | implemeneted ->Dharwad@pds| 136 - F08929 - FRice
[2026-01-16 12:44:08] district User -> Save Data | implemeneted ->Dharwad@pds| 136 - F08930 - FRice
[2026-01-16 12:44:08] district User -> Save Data | implemeneted ->Dharwad@pds| 136 - F08945 - FRice
[2026-01-16 12:44:08] district User -> Save Data | implemeneted ->Dharwad@pds| 136 - F08944 - FRice
[2026-01-16 12:44:08] district User -> Save Data | implemeneted ->Dharwad@pds| 136 - F08943 - FRice
[2026-01-16 12:44:08] district User -> Save Data | implemeneted ->Dharwad@pds| 136 - F08942 - FRice
[2026-01-16 12:44:08] district User -> Save Data | implemeneted ->Dharwad@pds| 136 - F08941 - FRice
[2026-01-16 12:44:08] district User -> Save Data | implemeneted ->Dharwad@pds| 136 - F08940 - FRice
[2026-01-16 12:44:08] district User -> Save Data | implemeneted ->Dharwad@pds| 136 - F08939 - FRice
[2026-01-16 12:44:08] district User -> Save Data | implemeneted ->Dharwad@pds| 136 - F08938 - FRice
[2026-01-16 12:44:08] district User -> Save Data | implemeneted ->Dharwad@pds| 136 - F08937 - FRice
[2026-01-16 12:44:08] district User -> Save Data | implemeneted ->Dharwad@pds| 136 - F08936 - FRice
[2026-01-16 12:44:08] district User -> Save Data | implemeneted ->Dharwad@pds| 136 - F08935 - FRice
[2026-01-16 12:44:08] district User -> Save Data | implemeneted ->Dharwad@pds| 136 - F08934 - FRice
[2026-01-16 12:44:08] district User -> Save Data | implemeneted ->Dharwad@pds| 136 - F08933 - FRice
[2026-01-16 12:44:08] district User -> Save Data | implemeneted ->Dharwad@pds| 136 - F08932 - FRice
[2026-01-16 12:44:08] district User -> Save Data | implemeneted ->Dharwad@pds| 136 - F08931 - FRice
[2026-01-16 12:44:08] district User -> Save Data | implemeneted ->Dharwad@pds| 136 - F08947 - FRice
[2026-01-16 12:44:08] district User -> Save Data | implemeneted ->Dharwad@pds| 136 - F08948 - FRice
[2026-01-16 12:44:08] district User -> Save Data | implemeneted ->Dharwad@pds| 136 - F08949 - FRice
[2026-01-16 12:44:08] district User -> Save Data | implemeneted ->Dharwad@pds| 136 - F08951 - FRice
[2026-01-16 12:44:08] district User -> Save Data | implemeneted ->Dharwad@pds| 136 - F08954 - FRice
[2026-01-16 12:44:08] district User -> Save Data | implemeneted ->Dharwad@pds| 136 - F08961 - FRice
[2026-01-16 12:44:08] district User -> Save Data | implemeneted ->Dharwad@pds| 136 - F08972 - FRice
[2026-01-16 12:44:09] district User -> Save Data | implemeneted ->Dharwad@pds| 136 - F08997 - FRice
[2026-01-16 12:44:09] district User -> Save Data | implemeneted ->Dharwad@pds| 136 - F08998 - FRice
[2026-01-16 12:44:09] district User -> Save Data | implemeneted ->Dharwad@pds| 136 - F09001 - FRice
[2026-01-16 12:44:09] district User -> Save Data | implemeneted ->Dharwad@pds| 136 - F09011 - FRice
[2026-01-16 12:44:09] district User -> Save Data | implemeneted ->Dharwad@pds| 136 - F09010 - FRice
[2026-01-16 12:44:09] district User -> Save Data | implemeneted ->Dharwad@pds| 136 - F09009 - FRice
[2026-01-16 12:44:09] district User -> Save Data | implemeneted ->Dharwad@pds| 136 - F09008 - FRice
[2026-01-16 12:44:09] district User -> Save Data | implemeneted ->Dharwad@pds| 136 - F09007 - FRice
[2026-01-16 12:44:09] district User -> Save Data | implemeneted ->Dharwad@pds| 136 - F09006 - FRice
[2026-01-16 12:44:09] district User -> Save Data | implemeneted ->Dharwad@pds| 136 - F09005 - FRice
[2026-01-16 12:44:09] district User -> Save Data | implemeneted ->Dharwad@pds| 136 - F09004 - FRice
[2026-01-16 12:44:09] district User -> Save Data | implemeneted ->Dharwad@pds| 136 - F09003 - FRice
[2026-01-16 12:44:09] district User -> Save Data | implemeneted ->Dharwad@pds| 136 - F09002 - FRice
[2026-01-16 12:44:09] district User -> Save Data | implemeneted ->Dharwad@pds| 136 - F09013 - FRice
[2026-01-16 12:44:09] district User -> Save Data | implemeneted ->Dharwad@pds| 136 - F09014 - FRice
[2026-01-16 12:44:09] district User -> Save Data | implemeneted ->Dharwad@pds| 136 - F09016 - FRice
[2026-01-16 12:44:09] district User -> Save Data | implemeneted ->Dharwad@pds| 136 - F09017 - FRice
[2026-01-16 12:44:09] district User -> Save Data | implemeneted ->Dharwad@pds| 136 - F09020 - FRice
[2026-01-16 12:44:09] district User -> Save Data | implemeneted ->Dharwad@pds| 136 - F09021 - FRice
[2026-01-16 12:44:09] district User -> Save Data | implemeneted ->Dharwad@pds| 136 - F09022 - FRice
[2026-01-16 12:44:09] district User -> Save Data | implemeneted ->Dharwad@pds| 136 - F09023 - FRice
[2026-01-16 12:44:09] district User -> Save Data | implemeneted ->Dharwad@pds| 136 - F09025 - FRice
[2026-01-16 12:44:09] district User -> Save Data | implemeneted ->Dharwad@pds| 136 - F09026 - FRice
[2026-01-16 12:44:09] district User -> Save Data | implemeneted ->Dharwad@pds| 136 - F09027 - FRice
[2026-01-16 12:44:10] district User -> Save Data | implemeneted ->Dharwad@pds| 136 - F09028 - FRice
[2026-01-16 12:44:10] district User -> Save Data | implemeneted ->Dharwad@pds| 136 - F09029 - FRice
[2026-01-16 12:44:10] district User -> Save Data | implemeneted ->Dharwad@pds| 136 - F09030 - FRice
[2026-01-16 12:44:10] district User -> Save Data | implemeneted ->Dharwad@pds| 136 - F09032 - FRice
[2026-01-16 12:44:10] district User -> Save Data | implemeneted ->Dharwad@pds| 136 - F09031 - FRice
[2026-01-16 12:44:10] district User -> Save Data | implemeneted ->Dharwad@pds| 136 - F09034 - FRice
[2026-01-16 12:44:10] district User -> Save Data | implemeneted ->Dharwad@pds| 136 - F09035 - FRice
[2026-01-16 12:44:10] district User -> Save Data | implemeneted ->Dharwad@pds| 136 - F09037 - FRice
[2026-01-16 12:44:10] district User -> Save Data | implemeneted ->Dharwad@pds| 136 - F09045 - FRice
[2026-01-16 12:44:10] district User -> Save Data | implemeneted ->Dharwad@pds| 136 - F09063 - FRice
[2026-01-16 12:44:10] district User -> Save Data | implemeneted ->Dharwad@pds| 136 - F09086 - FRice
[2026-01-16 12:44:10] district User -> Save Data | implemeneted ->Dharwad@pds| 136 - F09087 - FRice
[2026-01-16 12:44:10] district User -> Save Data | implemeneted ->Dharwad@pds| 137 - F08808 - FRice
[2026-01-16 12:44:10] district User -> Save Data | implemeneted ->Dharwad@pds| 137 - F08958 - FRice
[2026-01-16 12:44:10] district User -> Save Data | implemeneted ->Dharwad@pds| 137 - F08959 - FRice
[2026-01-16 12:44:10] district User -> Save Data | implemeneted ->Dharwad@pds| 137 - F08968 - FRice
[2026-01-16 12:44:10] district User -> Save Data | implemeneted ->Dharwad@pds| 138 - F09042 - FRice
[2026-01-16 12:44:10] district User -> Save Data | implemeneted ->Dharwad@pds| 138 - F09056 - FRice
[2026-01-16 12:44:10] district User -> Save Data | implemeneted ->Dharwad@pds| 138 - F09057 - FRice
[2026-01-16 12:44:10] district User -> Save Data | implemeneted ->Dharwad@pds| 138 - F09058 - FRice
[2026-01-16 12:44:10] district User -> Save Data | implemeneted ->Dharwad@pds| 138 - F09084 - FRice
[2026-01-16 12:44:10] district User -> Save Data | implemeneted ->Dharwad@pds| 138 - F09085 - FRice
[2026-01-16 12:44:10] district User -> Save Data | implemeneted ->Dharwad@pds| 138 - F09089 - FRice
[2026-01-16 12:44:10] district User -> Save Data | implemeneted ->Dharwad@pds| 138 - F09091 - FRice
[2026-01-16 12:44:10] district User -> Save Data | implemeneted ->Dharwad@pds| 138 - F09092 - FRice
[2026-01-16 12:44:11] district User -> Save Data | implemeneted ->Dharwad@pds| 138 - F09093 - FRice
[2026-01-16 12:44:11] district User -> Save Data | implemeneted ->Dharwad@pds| 138 - F09094 - FRice
[2026-01-16 12:44:11] district User -> Save Data | implemeneted ->Dharwad@pds| 138 - F09095 - FRice
[2026-01-16 12:44:11] district User -> Save Data | implemeneted ->Dharwad@pds| 138 - F09096 - FRice
[2026-01-16 12:44:11] district User -> Save Data | implemeneted ->Dharwad@pds| 138 - F09097 - FRice
[2026-01-16 12:44:11] district User -> Save Data | implemeneted ->Dharwad@pds| 138 - F09098 - FRice
[2026-01-16 12:44:11] district User -> Save Data | implemeneted ->Dharwad@pds| 138 - F09099 - FRice
[2026-01-16 12:44:11] district User -> Save Data | implemeneted ->Dharwad@pds| 138 - F09100 - FRice
[2026-01-16 12:44:11] district User -> Save Data | implemeneted ->Dharwad@pds| 138 - F09101 - FRice
[2026-01-16 12:44:11] district User -> Save Data | implemeneted ->Dharwad@pds| 138 - F09102 - FRice
[2026-01-16 12:44:11] district User -> Save Data | implemeneted ->Dharwad@pds| 138 - F09103 - FRice
[2026-01-16 12:44:11] district User -> Save Data | implemeneted ->Dharwad@pds| 138 - F09104 - FRice
[2026-01-16 12:44:11] district User -> Save Data | implemeneted ->Dharwad@pds| 138 - F09105 - FRice
[2026-01-16 12:44:11] district User -> Save Data | implemeneted ->Dharwad@pds| 138 - F09106 - FRice
[2026-01-16 12:44:11] district User -> Save Data | implemeneted ->Dharwad@pds| 138 - F09107 - FRice
[2026-01-16 12:44:11] district User -> Save Data | implemeneted ->Dharwad@pds| 138 - F09108 - FRice
[2026-01-16 12:44:11] district User -> Save Data | implemeneted ->Dharwad@pds| 138 - F09109 - FRice
[2026-01-16 12:44:11] district User -> Save Data | implemeneted ->Dharwad@pds| 138 - F09110 - FRice
[2026-01-16 12:44:11] district User -> Save Data | implemeneted ->Dharwad@pds| 138 - F09111 - FRice
[2026-01-16 12:44:11] district User -> Save Data | implemeneted ->Dharwad@pds| 138 - F09112 - FRice
[2026-01-16 12:44:11] district User -> Save Data | implemeneted ->Dharwad@pds| 138 - F09113 - FRice
[2026-01-16 12:44:11] district User -> Save Data | implemeneted ->Dharwad@pds| 138 - F09114 - FRice
[2026-01-16 12:44:11] district User -> Save Data | implemeneted ->Dharwad@pds| 138 - F09115 - FRice
[2026-01-16 12:44:11] district User -> Save Data | implemeneted ->Dharwad@pds| 138 - F09116 - FRice
[2026-01-16 12:44:12] district User -> Save Data | implemeneted ->Dharwad@pds| 138 - F09117 - FRice
[2026-01-16 12:44:12] district User -> Save Data | implemeneted ->Dharwad@pds| 138 - F09118 - FRice
[2026-01-16 12:44:12] district User -> Save Data | implemeneted ->Dharwad@pds| 138 - F09119 - FRice
[2026-01-16 12:44:12] district User -> Save Data | implemeneted ->Dharwad@pds| 138 - F09120 - FRice
[2026-01-16 12:44:12] district User -> Save Data | implemeneted ->Dharwad@pds| 138 - F09121 - FRice
[2026-01-16 12:44:12] district User -> Save Data | implemeneted ->Dharwad@pds| 138 - F09122 - FRice
[2026-01-16 12:44:12] district User -> Save Data | implemeneted ->Dharwad@pds| 138 - F09123 - FRice
[2026-01-16 12:44:12] district User -> Save Data | implemeneted ->Dharwad@pds| 138 - F09124 - FRice
[2026-01-16 12:44:12] district User -> Save Data | implemeneted ->Dharwad@pds| 138 - F09134 - FRice
[2026-01-16 12:44:12] district User -> Save Data | implemeneted ->Dharwad@pds| 138 - F09133 - FRice
[2026-01-16 12:44:12] district User -> Save Data | implemeneted ->Dharwad@pds| 138 - F09132 - FRice
[2026-01-16 12:44:12] district User -> Save Data | implemeneted ->Dharwad@pds| 138 - F09131 - FRice
[2026-01-16 12:44:12] district User -> Save Data | implemeneted ->Dharwad@pds| 138 - F09130 - FRice
[2026-01-16 12:44:12] district User -> Save Data | implemeneted ->Dharwad@pds| 138 - F09129 - FRice
[2026-01-16 12:44:12] district User -> Save Data | implemeneted ->Dharwad@pds| 138 - F09128 - FRice
[2026-01-16 12:44:12] district User -> Save Data | implemeneted ->Dharwad@pds| 138 - F09127 - FRice
[2026-01-16 12:44:12] district User -> Save Data | implemeneted ->Dharwad@pds| 138 - F09126 - FRice
[2026-01-16 12:44:12] district User -> Save Data | implemeneted ->Dharwad@pds| 138 - F09125 - FRice
[2026-01-16 12:44:12] district User -> Save Data | implemeneted ->Dharwad@pds| 139 - F09040 - FRice
[2026-01-16 12:44:12] district User -> Save Data | implemeneted ->Dharwad@pds| 139 - F09060 - FRice
[2026-01-16 12:44:12] district User -> Save Data | implemeneted ->Dharwad@pds| 139 - F09135 - FRice
[2026-01-16 12:44:12] district User -> Save Data | implemeneted ->Dharwad@pds| 139 - F09136 - FRice
[2026-01-16 12:44:12] district User -> Save Data | implemeneted ->Dharwad@pds| 139 - F09137 - FRice
[2026-01-16 12:44:12] district User -> Save Data | implemeneted ->Dharwad@pds| 139 - F09138 - FRice
[2026-01-16 12:44:13] district User -> Save Data | implemeneted ->Dharwad@pds| 139 - F09139 - FRice
[2026-01-16 12:44:13] district User -> Save Data | implemeneted ->Dharwad@pds| 139 - F09140 - FRice
[2026-01-16 12:44:13] district User -> Save Data | implemeneted ->Dharwad@pds| 139 - F09141 - FRice
[2026-01-16 12:44:13] district User -> Save Data | implemeneted ->Dharwad@pds| 139 - F09142 - FRice
[2026-01-16 12:44:13] district User -> Save Data | implemeneted ->Dharwad@pds| 139 - F09143 - FRice
[2026-01-16 12:44:13] district User -> Save Data | implemeneted ->Dharwad@pds| 139 - F09144 - FRice
[2026-01-16 12:44:13] district User -> Save Data | implemeneted ->Dharwad@pds| 139 - F09145 - FRice
[2026-01-16 12:44:13] district User -> Save Data | implemeneted ->Dharwad@pds| 139 - F09146 - FRice
[2026-01-16 12:44:13] district User -> Save Data | implemeneted ->Dharwad@pds| 139 - F09147 - FRice
[2026-01-16 12:44:13] district User -> Save Data | implemeneted ->Dharwad@pds| 139 - F09148 - FRice
[2026-01-16 12:44:13] district User -> Save Data | implemeneted ->Dharwad@pds| 139 - F09149 - FRice
[2026-01-16 12:44:13] district User -> Save Data | implemeneted ->Dharwad@pds| 139 - F09150 - FRice
[2026-01-16 12:44:13] district User -> Save Data | implemeneted ->Dharwad@pds| 139 - F09151 - FRice
[2026-01-16 12:44:13] district User -> Save Data | implemeneted ->Dharwad@pds| 140 - F09215 - FRice
[2026-01-16 12:44:13] district User -> Save Data | implemeneted ->Dharwad@pds| 140 - F09214 - FRice
[2026-01-16 12:44:13] district User -> Save Data | implemeneted ->Dharwad@pds| 140 - F09209 - FRice
[2026-01-16 12:44:13] district User -> Save Data | implemeneted ->Dharwad@pds| 140 - F09206 - FRice
[2026-01-16 12:44:13] district User -> Save Data | implemeneted ->Dharwad@pds| 140 - F09205 - FRice
[2026-01-16 12:44:13] district User -> Save Data | implemeneted ->Dharwad@pds| 140 - F09204 - FRice
[2026-01-16 12:44:13] district User -> Save Data | implemeneted ->Dharwad@pds| 140 - F09203 - FRice
[2026-01-16 12:44:13] district User -> Save Data | implemeneted ->Dharwad@pds| 140 - F09202 - FRice
[2026-01-16 12:44:13] district User -> Save Data | implemeneted ->Dharwad@pds| 140 - F09201 - FRice
[2026-01-16 12:44:13] district User -> Save Data | implemeneted ->Dharwad@pds| 140 - F09200 - FRice
[2026-01-16 12:44:13] district User -> Save Data | implemeneted ->Dharwad@pds| 140 - F09199 - FRice
[2026-01-16 12:44:14] district User -> Save Data | implemeneted ->Dharwad@pds| 140 - F09198 - FRice
[2026-01-16 12:44:14] district User -> Save Data | implemeneted ->Dharwad@pds| 140 - F09197 - FRice
[2026-01-16 12:44:14] district User -> Save Data | implemeneted ->Dharwad@pds| 140 - F09196 - FRice
[2026-01-16 12:44:14] district User -> Save Data | implemeneted ->Dharwad@pds| 140 - F09195 - FRice
[2026-01-16 12:44:14] district User -> Save Data | implemeneted ->Dharwad@pds| 140 - F09193 - FRice
[2026-01-16 12:44:14] district User -> Save Data | implemeneted ->Dharwad@pds| 140 - F09192 - FRice
[2026-01-16 12:44:14] district User -> Save Data | implemeneted ->Dharwad@pds| 140 - F09191 - FRice
[2026-01-16 12:44:14] district User -> Save Data | implemeneted ->Dharwad@pds| 140 - F09190 - FRice
[2026-01-16 12:44:14] district User -> Save Data | implemeneted ->Dharwad@pds| 140 - F09189 - FRice
[2026-01-16 12:44:14] district User -> Save Data | implemeneted ->Dharwad@pds| 140 - F09188 - FRice
[2026-01-16 12:44:14] district User -> Save Data | implemeneted ->Dharwad@pds| 140 - F09187 - FRice
[2026-01-16 12:44:14] district User -> Save Data | implemeneted ->Dharwad@pds| 140 - F09186 - FRice
[2026-01-16 12:44:14] district User -> Save Data | implemeneted ->Dharwad@pds| 140 - F09185 - FRice
[2026-01-16 12:44:14] district User -> Save Data | implemeneted ->Dharwad@pds| 140 - F09184 - FRice
[2026-01-16 12:44:14] district User -> Save Data | implemeneted ->Dharwad@pds| 140 - F09183 - FRice
[2026-01-16 12:44:14] district User -> Save Data | implemeneted ->Dharwad@pds| 140 - F09080 - FRice
[2026-01-16 12:44:14] district User -> Save Data | implemeneted ->Dharwad@pds| 140 - F09076 - FRice
[2026-01-16 12:44:14] district User -> Save Data | implemeneted ->Dharwad@pds| 140 - F09066 - FRice
[2026-01-16 12:44:14] district User -> Save Data | implemeneted ->Dharwad@pds| 140 - F09065 - FRice
[2026-01-16 12:44:14] district User -> Save Data | implemeneted ->Dharwad@pds| 140 - F09051 - FRice
[2026-01-16 12:44:14] district User -> Save Data | implemeneted ->Dharwad@pds| 140 - F09050 - FRice
[2026-01-16 12:44:14] district User -> Save Data | implemeneted ->Dharwad@pds| 140 - F09039 - FRice
[2026-01-16 12:44:14] district User -> Save Data | implemeneted ->Dharwad@pds| 140 - F08769 - FRice
[2026-01-16 12:44:14] district User -> Save Data | implemeneted ->Dharwad@pds| 140 - F08768 - FRice
[2026-01-16 12:44:15] district User -> Save Data | implemeneted ->Dharwad@pds| 140 - F08767 - FRice
[2026-01-16 12:44:15] district User -> Save Data | implemeneted ->Dharwad@pds| 140 - F08766 - FRice
[2026-01-16 12:44:15] district User -> Save Data | implemeneted ->Dharwad@pds| 140 - F08765 - FRice
[2026-01-16 12:44:15] district User -> Save Data | implemeneted ->Dharwad@pds| 140 - F08764 - FRice
[2026-01-16 12:44:15] district User -> Save Data | implemeneted ->Dharwad@pds| 140 - F08763 - FRice
[2026-01-16 12:44:15] district User -> Save Data | implemeneted ->Dharwad@pds| 140 - F08762 - FRice
[2026-01-16 12:44:15] district User -> Save Data | implemeneted ->Dharwad@pds| 140 - F08761 - FRice
[2026-01-16 12:44:15] district User -> Save Data | implemeneted ->Dharwad@pds| 140 - F08760 - FRice
[2026-01-16 12:44:15] district User -> Save Data | implemeneted ->Dharwad@pds| 140 - F08759 - FRice
[2026-01-16 12:44:15] district User -> Save Data | implemeneted ->Dharwad@pds| 140 - F08758 - FRice
[2026-01-16 12:44:15] district User -> Save Data | implemeneted ->Dharwad@pds| 140 - F08757 - FRice
[2026-01-16 12:44:15] district User -> Save Data | implemeneted ->Dharwad@pds| 140 - F08756 - FRice
[2026-01-16 12:44:15] district User -> Save Data | implemeneted ->Dharwad@pds| 140 - F08755 - FRice
[2026-01-16 12:44:15] district User -> Save Data | implemeneted ->Dharwad@pds| 140 - F08754 - FRice
[2026-01-16 12:44:15] district User -> Save Data | implemeneted ->Dharwad@pds| 140 - F08753 - FRice
[2026-01-16 12:44:15] district User -> Save Data | implemeneted ->Dharwad@pds| 140 - F08752 - FRice
[2026-01-16 12:44:15] district User -> Save Data | implemeneted ->Dharwad@pds| 140 - F08751 - FRice
[2026-01-16 12:44:15] district User -> Save Data | implemeneted ->Dharwad@pds| 139 - F20361 - FRice
[2026-01-16 12:44:15] district User -> Save Data | implemeneted ->Dharwad@pds| 139 - F20360 - FRice
[2026-01-16 12:44:15] district User -> Save Data | implemeneted ->Dharwad@pds| 139 - F09182 - FRice
[2026-01-16 12:44:15] district User -> Save Data | implemeneted ->Dharwad@pds| 139 - F09181 - FRice
[2026-01-16 12:44:15] district User -> Save Data | implemeneted ->Dharwad@pds| 139 - F09180 - FRice
[2026-01-16 12:44:15] district User -> Save Data | implemeneted ->Dharwad@pds| 139 - F09178 - FRice
[2026-01-16 12:44:16] district User -> Save Data | implemeneted ->Dharwad@pds| 139 - F09176 - FRice
[2026-01-16 12:44:16] district User -> Save Data | implemeneted ->Dharwad@pds| 139 - F09175 - FRice
[2026-01-16 12:44:16] district User -> Save Data | implemeneted ->Dharwad@pds| 139 - F09174 - FRice
[2026-01-16 12:44:16] district User -> Save Data | implemeneted ->Dharwad@pds| 139 - F09173 - FRice
[2026-01-16 12:44:16] district User -> Save Data | implemeneted ->Dharwad@pds| 139 - F09172 - FRice
[2026-01-16 12:44:16] district User -> Save Data | implemeneted ->Dharwad@pds| 139 - F09171 - FRice
[2026-01-16 12:44:16] district User -> Save Data | implemeneted ->Dharwad@pds| 139 - F09170 - FRice
[2026-01-16 12:44:16] district User -> Save Data | implemeneted ->Dharwad@pds| 139 - F09169 - FRice
[2026-01-16 12:44:16] district User -> Save Data | implemeneted ->Dharwad@pds| 139 - F09168 - FRice
[2026-01-16 12:44:16] district User -> Save Data | implemeneted ->Dharwad@pds| 139 - F09167 - FRice
[2026-01-16 12:44:16] district User -> Save Data | implemeneted ->Dharwad@pds| 139 - F09166 - FRice
[2026-01-16 12:44:16] district User -> Save Data | implemeneted ->Dharwad@pds| 139 - F09165 - FRice
[2026-01-16 12:44:16] district User -> Save Data | implemeneted ->Dharwad@pds| 139 - F09164 - FRice
[2026-01-16 12:44:16] district User -> Save Data | implemeneted ->Dharwad@pds| 139 - F09163 - FRice
[2026-01-16 12:44:16] district User -> Save Data | implemeneted ->Dharwad@pds| 139 - F09162 - FRice
[2026-01-16 12:44:16] district User -> Save Data | implemeneted ->Dharwad@pds| 139 - F09161 - FRice
[2026-01-16 12:44:16] district User -> Save Data | implemeneted ->Dharwad@pds| 139 - F09160 - FRice
[2026-01-16 12:44:16] district User -> Save Data | implemeneted ->Dharwad@pds| 139 - F09159 - FRice
[2026-01-16 12:44:16] district User -> Save Data | implemeneted ->Dharwad@pds| 139 - F09158 - FRice
[2026-01-16 12:44:16] district User -> Save Data | implemeneted ->Dharwad@pds| 139 - F09157 - FRice
[2026-01-16 12:44:16] district User -> Save Data | implemeneted ->Dharwad@pds| 139 - F09156 - FRice
[2026-01-16 12:44:16] district User -> Save Data | implemeneted ->Dharwad@pds| 139 - F09155 - FRice
[2026-01-16 12:44:16] district User -> Save Data | implemeneted ->Dharwad@pds| 139 - F09154 - FRice
[2026-01-16 12:44:16] district User -> Save Data | implemeneted ->Dharwad@pds| 139 - F09153 - FRice
[2026-01-16 12:44:16] district User -> Save Data | implemeneted ->Dharwad@pds| 139 - F09152 - FRice
[2026-01-16 12:47:09] district User -> Save Data | approve district change yes ->Bangalorewest@pds| 311 - F01562 - FRice
[2026-01-16 14:26:21] district_user -> FPS Edit ->Bangalorewest@pds| Requested JSON -> {"name":"NETRAVATHI MAHILA VIVIDODESHA SAHAKARI SANGHA FPS","uniqueid":"FPS_6931146bca2","active":"1","type":"Model FPS","latitude":"12.994504","longitude":"77.5496124","district":"Bangalore West","id":"F01826","demand":"89.15","demand_rice":0}
[2026-01-16 14:35:50] district User -> Save Data | approve district change yes ->Bangalorewest@pds| 310 - F01753 - FRice
[2026-01-16 14:43:17] district User -> Save Data | approve district change yes ->Bagalkote@pds| 10 - F00391 - FRice
[2026-01-16 14:43:17] district User -> Save Data | approve district change yes ->Bagalkote@pds| 10 - F00392 - FRice
[2026-01-16 14:43:17] district User -> Save Data | approve district change yes ->Bagalkote@pds| 10 - F00393 - FRice
[2026-01-16 14:44:16] district User -> Save Data | approve district change yes ->Bangalorewest@pds| 310 - F01736 - FRice
[2026-01-16 14:44:20] district User -> Save Data | approve district change yes ->Bagalkote@pds| 10 - F00394 - FRice
[2026-01-16 14:44:20] district User -> Save Data | approve district change yes ->Bagalkote@pds| 10 - F00395 - FRice
[2026-01-16 14:44:20] district User -> Save Data | approve district change yes ->Bagalkote@pds| 10 - F00396 - FRice
[2026-01-16 14:44:20] district User -> Save Data | approve district change yes ->Bagalkote@pds| 10 - F00397 - FRice
[2026-01-16 14:44:20] district User -> Save Data | approve district change yes ->Bagalkote@pds| 10 - F00398 - FRice
[2026-01-16 14:44:20] district User -> Save Data | approve district change yes ->Bagalkote@pds| 10 - F00399 - FRice
[2026-01-16 14:44:20] district User -> Save Data | approve district change yes ->Bagalkote@pds| 10 - F00400 - FRice
[2026-01-16 14:44:20] district User -> Save Data | approve district change yes ->Bagalkote@pds| 10 - F00402 - FRice
[2026-01-16 15:04:33] district User -> Save Data | approve district change yes ->Bangalorewest@pds| 309 - F01617 - FRice
[2026-01-16 15:05:02] district User -> Save Data | approve district change yes ->Bangalorewest@pds| 309 - F01618 - FRice
[2026-01-16 15:16:52] district User -> Save Data | approve district change yes ->Bangalorewest@pds| 309 - F01620 - FRice
[2026-01-16 15:17:59] district User -> Save Data | approve district change yes ->Bangalorewest@pds| 309 - F01624 - FRice
[2026-01-16 15:22:52] district User -> Save Data | approve district change yes ->Bangalorewest@pds| 309 - F01691 - FRice
[2026-01-16 15:31:56] User -> FPS InActive -> Gadag@pds| S.Y.MOTENAVAR.GADAG
[2026-01-16 15:46:22] district User -> Save Data | approve district change yes ->Bangalorewest@pds| 309 - F01692 - FRice
[2026-01-16 15:47:16] district User -> Save Data | approve district change yes ->Bangalorewest@pds| 309 - F01693 - FRice
[2026-01-16 15:47:44] district User -> Save Data | approve district change yes ->Bangalorewest@pds| 309 - F01693 - FRice
