[2026-01-17 10:59:21] district User -> Save Data | approve district change yes ->Chamarajanagara@pds| 79 - F05445 - FRice
[2026-01-17 12:32:09] User -> Warehouse InActive -> CHIKKABALLAPURA@pds| KARNATAKA FOOD & CIVIL SUPPLIES CORPORATION LIMITED
[2026-01-17 12:32:13] User -> Warehouse Active -> CHIKKABALLAPURA@pds| KARNATAKA FOOD & CIVIL SUPPLIES CORPORATION LIMITED
[2026-01-17 12:36:05] district_user -> Warehouse Edit ->CHIKKABALLAPURA@pds| Requested JSON -> {"name":"KARNATAKA FOOD  CIVIL SUPPLIES CORPORATION LIMITED","uniqueid":"WH_692fe51c4aef","active":"1","type":"motorable","latitude":"13.7721","storage":"20000","district":"Chikkaballapura","id":"277","warehousetype":"swc","longitude":"77.8246"}
[2026-01-17 15:44:47] district User -> Save Data | approve district change yes ->Chamarajanagara@pds| 80 - F05511 - FRice
[2026-01-17 15:45:11] district User -> Save Data | approve district change yes ->Chamarajanagara@pds| 80 - F05519 - FRice
[2026-01-17 15:54:37] district User -> Save Data | approve district change yes ->Tumakuru@pds| 255 - F17903 - FRice
[2026-01-17 15:54:37] district User -> Save Data | approve district change yes ->Tumakuru@pds| 255 - F17904 - FRice
[2026-01-17 16:09:59] district User -> Save Data | approve district change yes ->Chamarajanagara@pds| 79 - F05446 - FRice
[2026-01-17 16:10:09] district User -> Save Data | approve district change yes ->Chamarajanagara@pds| 79 - F05450 - FRice
[2026-01-17 16:10:15] district User -> Save Data | approve district change yes ->Chamarajanagara@pds| 79 - F05451 - FRice
[2026-01-17 16:10:22] district User -> Save Data | approve district change yes ->Chamarajanagara@pds| 79 - F05452 - FRice
[2026-01-17 16:10:50] district User -> Save Data | approve district change yes ->Chamarajanagara@pds| 79 - F05505 - FRice
[2026-01-17 16:10:57] district User -> Save Data | approve district change yes ->Chamarajanagara@pds| 79 - F05506 - FRice
[2026-01-17 16:11:02] district User -> Save Data | approve district change yes ->Chamarajanagara@pds| 79 - F05508 - FRice
[2026-01-17 16:11:08] district User -> Save Data | approve district change yes ->Chamarajanagara@pds| 79 - F05509 - FRice
[2026-01-17 16:11:16] district User -> Save Data | approve district change yes ->Chamarajanagara@pds| 79 - F05512 - FRice
[2026-01-17 16:11:22] district User -> Save Data | approve district change yes ->Chamarajanagara@pds| 79 - F05513 - FRice
[2026-01-17 16:11:28] district User -> Save Data | approve district change yes ->Chamarajanagara@pds| 79 - F05514 - FRice
[2026-01-17 16:11:34] district User -> Save Data | approve district change yes ->Chamarajanagara@pds| 79 - F05515 - FRice
[2026-01-17 16:11:43] district User -> Save Data | approve district change yes ->Chamarajanagara@pds| 79 - F05518 - FRice
[2026-01-17 16:15:13] district User -> Save Data | approve district change yes ->Chamarajanagara@pds| 80 - F05397 - FRice
[2026-01-17 16:15:36] User -> Save Data | district user change id ->Chamarajanagara@pds| 80 - F05403 - FRice| 79
[2026-01-17 16:16:14] district User -> Save Data | approve district change yes ->Chamarajanagara@pds| 80 - F05406 - FRice
[2026-01-17 16:16:23] district User -> Save Data | approve district change yes ->Chamarajanagara@pds| 80 - F05410 - FRice
[2026-01-17 16:16:29] district User -> Save Data | approve district change yes ->Chamarajanagara@pds| 80 - F05415 - FRice
[2026-01-17 16:16:37] district User -> Save Data | approve district change yes ->Chamarajanagara@pds| 80 - F05436 - FRice
[2026-01-17 16:16:43] district User -> Save Data | approve district change yes ->Chamarajanagara@pds| 80 - F05437 - FRice
[2026-01-17 16:17:09] district User -> Save Data | approve district change yes ->Chamarajanagara@pds| 80 - F05438 - FRice
[2026-01-17 16:17:17] district User -> Save Data | approve district change yes ->Chamarajanagara@pds| 80 - F05439 - FRice
[2026-01-17 16:18:41] district User -> Save Data | approve district change yes ->Chamarajanagara@pds| 80 - F05444 - FRice
[2026-01-17 16:18:50] district User -> Save Data | approve district change yes ->Chamarajanagara@pds| 80 - F05447 - FRice
[2026-01-17 16:18:56] district User -> Save Data | approve district change yes ->Chamarajanagara@pds| 80 - F05448 - FRice
[2026-01-17 16:19:03] district User -> Save Data | approve district change yes ->Chamarajanagara@pds| 80 - F05449 - FRice
[2026-01-17 16:19:11] district User -> Save Data | approve district change yes ->Chamarajanagara@pds| 80 - F05453 - FRice
[2026-01-17 16:19:17] district User -> Save Data | approve district change yes ->Chamarajanagara@pds| 80 - F05480 - FRice
[2026-01-17 16:19:29] district User -> Save Data | approve district change yes ->Chamarajanagara@pds| 80 - F05481 - FRice
[2026-01-17 16:19:36] district User -> Save Data | approve district change yes ->Chamarajanagara@pds| 80 - F05482 - FRice
[2026-01-17 16:19:41] district User -> Save Data | approve district change yes ->Chamarajanagara@pds| 80 - F05483 - FRice
[2026-01-17 16:19:50] district User -> Save Data | approve district change yes ->Chamarajanagara@pds| 80 - F05484 - FRice
[2026-01-17 16:19:56] district User -> Save Data | approve district change yes ->Chamarajanagara@pds| 80 - F05485 - FRice
[2026-01-17 16:20:08] district User -> Save Data | approve district change yes ->Chamarajanagara@pds| 80 - F05486 - FRice
[2026-01-17 16:20:16] district User -> Save Data | approve district change yes ->Chamarajanagara@pds| 80 - F05487 - FRice
[2026-01-17 16:20:27] district User -> Save Data | approve district change yes ->Chamarajanagara@pds| 80 - F05489 - FRice
[2026-01-17 16:20:36] district User -> Save Data | approve district change yes ->Chamarajanagara@pds| 80 - F05492 - FRice
[2026-01-17 16:20:43] district User -> Save Data | approve district change yes ->Chamarajanagara@pds| 80 - F05494 - FRice
[2026-01-17 16:20:55] district User -> Save Data | approve district change yes ->Chamarajanagara@pds| 80 - F05496 - FRice
[2026-01-17 16:21:06] district User -> Save Data | approve district change yes ->Chamarajanagara@pds| 80 - F05497 - FRice
[2026-01-17 16:21:59] district User -> Save Data | approve district change yes ->Chamarajanagara@pds| 80 - F05498 - FRice
[2026-01-17 16:22:05] district User -> Save Data | approve district change yes ->Chamarajanagara@pds| 80 - F05499 - FRice
[2026-01-17 16:22:17] district User -> Save Data | approve district change yes ->Chamarajanagara@pds| 80 - F05501 - FRice
[2026-01-17 16:22:32] district User -> Save Data | approve district change yes ->Chamarajanagara@pds| 80 - F05502 - FRice
[2026-01-17 16:22:39] district User -> Save Data | approve district change yes ->Chamarajanagara@pds| 80 - F05503 - FRice
[2026-01-17 16:23:15] district User -> Save Data | approve district change yes ->Chamarajanagara@pds| 80 - F05507 - FRice
[2026-01-17 16:23:24] district User -> Save Data | approve district change yes ->Chamarajanagara@pds| 80 - F05521 - FRice
[2026-01-17 16:23:28] district User -> Save Data | approve district change yes ->Chamarajanagara@pds| 80 - F05522 - FRice
[2026-01-17 16:23:31] district User -> Save Data | approve district change yes ->Chamarajanagara@pds| 80 - F05523 - FRice
[2026-01-17 16:24:01] district User -> Save Data | approve district change yes ->Chamarajanagara@pds| 80 - F05524 - FRice
[2026-01-17 16:35:23] district User -> Save Data | approve district change yes ->Chamarajanagara@pds| 80 - F05526 - FRice
[2026-01-17 16:35:33] district User -> Save Data | approve district change yes ->Chamarajanagara@pds| 80 - F05527 - FRice
[2026-01-17 16:35:39] district User -> Save Data | approve district change yes ->Chamarajanagara@pds| 80 - F05528 - FRice
[2026-01-17 16:35:46] district User -> Save Data | approve district change yes ->Chamarajanagara@pds| 80 - F05530 - FRice
[2026-01-17 16:37:06] district User -> Save Data | approve district change yes ->Chamarajanagara@pds| 80 - F05526 - FRice
[2026-01-17 16:37:06] district User -> Save Data | approve district change yes ->Chamarajanagara@pds| 80 - F05527 - FRice
[2026-01-17 16:37:06] district User -> Save Data | approve district change yes ->Chamarajanagara@pds| 80 - F05528 - FRice
[2026-01-17 16:37:06] district User -> Save Data | approve district change yes ->Chamarajanagara@pds| 80 - F05530 - FRice
[2026-01-17 16:37:06] district User -> Save Data | approve district change yes ->Chamarajanagara@pds| 80 - F05531 - FRice
[2026-01-17 16:37:06] district User -> Save Data | approve district change yes ->Chamarajanagara@pds| 80 - F05532 - FRice
[2026-01-17 16:37:06] district User -> Save Data | approve district change yes ->Chamarajanagara@pds| 80 - F05533 - FRice
[2026-01-17 16:37:06] district User -> Save Data | approve district change yes ->Chamarajanagara@pds| 80 - F05534 - FRice
[2026-01-17 16:37:06] district User -> Save Data | approve district change yes ->Chamarajanagara@pds| 80 - F05535 - FRice
[2026-01-17 16:37:06] district User -> Save Data | approve district change yes ->Chamarajanagara@pds| 80 - F05536 - FRice
[2026-01-17 16:37:06] district User -> Save Data | approve district change yes ->Chamarajanagara@pds| 80 - F05538 - FRice
[2026-01-17 16:37:06] district User -> Save Data | approve district change yes ->Chamarajanagara@pds| 80 - F05537 - FRice
[2026-01-17 16:37:06] district User -> Save Data | approve district change yes ->Chamarajanagara@pds| 80 - F05540 - FRice
[2026-01-17 16:43:10] district_user -> FPS Edit ->Chamarajanagara@pds| Requested JSON -> {"name":"SHAMIR F P S DINNALLI","uniqueid":"FPS_6931148716c","active":"1","type":"Model FPS","latitude":"11.931264","longitude":"77.343854","district":"Chamarajanagara","id":"F05719","demand":"35.85","demand_rice":0}
[2026-01-17 16:44:09] User -> Save Data | district user change id ->Tumakuru@pds| 245 - F16988 - FRice| 246
[2026-01-17 16:45:12] User -> Save Data | district user change id ->Chamarajanagara@pds| 80 - F05719 - FRice| 86
[2026-01-17 16:45:52] User -> Save Data | district user change id ->Tumakuru@pds| 245 - F16996 - FRice| 246
[2026-01-17 16:46:24] User -> Save Data | district user change id ->Tumakuru@pds| 245 - F16997 - FRice| 246
[2026-01-17 16:47:23] User -> Save Data | district user change id ->Tumakuru@pds| 245 - F17000 - FRice| 246
[2026-01-17 16:47:46] User -> Save Data | district user change id ->Tumakuru@pds| 245 - F17001 - FRice| 246
[2026-01-17 16:48:21] User -> Save Data | district user change id ->Tumakuru@pds| 245 - F17002 - FRice| 246
[2026-01-17 16:49:35] User -> Save Data | district user change id ->Tumakuru@pds| 245 - F17003 - FRice| 246
[2026-01-17 16:50:20] User -> Save Data | district user change id ->Tumakuru@pds| 245 - F17007 - FRice| 246
[2026-01-17 16:50:30] district User -> Save Data | approve district change yes ->Chamarajanagara@pds| 81 - F05454 - FRice
[2026-01-17 16:50:45] district User -> Save Data | approve district change yes ->Chamarajanagara@pds| 81 - F05456 - FRice
[2026-01-17 16:50:51] district User -> Save Data | approve district change yes ->Chamarajanagara@pds| 81 - F05457 - FRice
[2026-01-17 16:50:57] district User -> Save Data | approve district change yes ->Chamarajanagara@pds| 81 - F05458 - FRice
[2026-01-17 16:51:01] User -> Save Data | district user change id ->Tumakuru@pds| 245 - F17032 - FRice| 246
[2026-01-17 16:51:04] district User -> Save Data | approve district change yes ->Chamarajanagara@pds| 81 - F05459 - FRice
[2026-01-17 16:51:10] district User -> Save Data | approve district change yes ->Chamarajanagara@pds| 81 - F05460 - FRice
[2026-01-17 16:56:13] district User -> Save Data | approve district change yes ->Chamarajanagara@pds| 81 - F05467 - FRice
[2026-01-17 16:56:30] district User -> Save Data | approve district change yes ->Chamarajanagara@pds| 81 - F05469 - FRice
[2026-01-17 17:18:51] district User -> Save Data | approve district change yes ->Bagalkote@pds| 10 - F00303 - FRice
[2026-01-17 17:18:51] district User -> Save Data | approve district change yes ->Bagalkote@pds| 10 - F00302 - FRice
[2026-01-17 17:18:51] district User -> Save Data | approve district change yes ->Bagalkote@pds| 10 - F00301 - FRice
[2026-01-17 17:18:51] district User -> Save Data | approve district change yes ->Bagalkote@pds| 10 - F00304 - FRice
[2026-01-17 17:21:08] district User -> Save Data | approve district change yes ->Bagalkote@pds| 10 - F00305 - FRice
[2026-01-17 17:21:08] district User -> Save Data | approve district change yes ->Bagalkote@pds| 10 - F00306 - FRice
[2026-01-17 17:21:08] district User -> Save Data | approve district change yes ->Bagalkote@pds| 10 - F00308 - FRice
[2026-01-17 17:21:08] district User -> Save Data | approve district change yes ->Bagalkote@pds| 10 - F00309 - FRice
[2026-01-17 17:21:08] district User -> Save Data | approve district change yes ->Bagalkote@pds| 10 - F00310 - FRice
[2026-01-17 17:21:08] district User -> Save Data | approve district change yes ->Bagalkote@pds| 10 - F00320 - FRice
[2026-01-17 17:21:08] district User -> Save Data | approve district change yes ->Bagalkote@pds| 10 - F00321 - FRice
[2026-01-17 17:21:08] district User -> Save Data | approve district change yes ->Bagalkote@pds| 10 - F00322 - FRice
[2026-01-17 17:21:08] district User -> Save Data | approve district change yes ->Bagalkote@pds| 10 - F00323 - FRice
[2026-01-17 17:21:08] district User -> Save Data | approve district change yes ->Bagalkote@pds| 10 - F00324 - FRice
[2026-01-17 17:21:08] district User -> Save Data | approve district change yes ->Bagalkote@pds| 10 - F00325 - FRice
[2026-01-17 17:21:08] district User -> Save Data | approve district change yes ->Bagalkote@pds| 10 - F00328 - FRice
[2026-01-17 17:21:08] district User -> Save Data | approve district change yes ->Bagalkote@pds| 10 - F00329 - FRice
[2026-01-17 17:21:08] district User -> Save Data | approve district change yes ->Bagalkote@pds| 10 - F00330 - FRice
[2026-01-17 17:22:17] district User -> Save Data | approve district change yes ->Bagalkote@pds| 10 - F20329 - FRice
[2026-01-17 17:45:55] district User -> Save Data | approve district change yes ->Bagalkote@pds| 11 - F00671 - FRice
[2026-01-17 17:45:55] district User -> Save Data | approve district change yes ->Bagalkote@pds| 11 - F00682 - FRice
[2026-01-17 17:45:55] district User -> Save Data | approve district change yes ->Bagalkote@pds| 11 - F00685 - FRice
[2026-01-17 17:45:55] district User -> Save Data | approve district change yes ->Bagalkote@pds| 11 - F00686 - FRice
[2026-01-17 17:45:55] district User -> Save Data | approve district change yes ->Bagalkote@pds| 11 - F00689 - FRice
[2026-01-17 17:45:55] district User -> Save Data | approve district change yes ->Bagalkote@pds| 11 - F00690 - FRice
[2026-01-17 17:45:55] district User -> Save Data | approve district change yes ->Bagalkote@pds| 11 - F00692 - FRice
[2026-01-17 17:45:55] district User -> Save Data | approve district change yes ->Bagalkote@pds| 11 - F00696 - FRice
[2026-01-17 17:45:55] district User -> Save Data | approve district change yes ->Bagalkote@pds| 11 - F00697 - FRice
[2026-01-17 17:45:55] district User -> Save Data | approve district change yes ->Bagalkote@pds| 11 - F00698 - FRice
[2026-01-17 17:45:55] district User -> Save Data | approve district change yes ->Bagalkote@pds| 11 - F00700 - FRice
[2026-01-17 17:45:55] district User -> Save Data | approve district change yes ->Bagalkote@pds| 11 - F00732 - FRice
[2026-01-17 17:45:55] district User -> Save Data | approve district change yes ->Bagalkote@pds| 11 - F20319 - FRice
[2026-01-17 17:45:55] district User -> Save Data | approve district change yes ->Bagalkote@pds| 11 - F20320 - FRice
[2026-01-17 17:45:55] district User -> Save Data | approve district change yes ->Bagalkote@pds| 11 - F20321 - FRice
[2026-01-17 17:45:55] district User -> Save Data | approve district change yes ->Bagalkote@pds| 11 - F20322 - FRice
[2026-01-17 17:45:55] district User -> Save Data | approve district change yes ->Bagalkote@pds| 11 - F20323 - FRice
[2026-01-17 17:52:48] district User -> Save Data | approve district change yes ->Bagalkote@pds| 5 - F00341 - FRice
[2026-01-17 17:52:48] district User -> Save Data | approve district change yes ->Bagalkote@pds| 5 - F00342 - FRice
[2026-01-17 17:52:48] district User -> Save Data | approve district change yes ->Bagalkote@pds| 5 - F00343 - FRice
[2026-01-17 17:52:48] district User -> Save Data | approve district change yes ->Bagalkote@pds| 5 - F00344 - FRice
[2026-01-17 17:52:48] district User -> Save Data | approve district change yes ->Bagalkote@pds| 5 - F00345 - FRice
[2026-01-17 17:52:48] district User -> Save Data | approve district change yes ->Bagalkote@pds| 5 - F00346 - FRice
[2026-01-17 17:52:48] district User -> Save Data | approve district change yes ->Bagalkote@pds| 5 - F00347 - FRice
[2026-01-17 17:52:48] district User -> Save Data | approve district change yes ->Bagalkote@pds| 5 - F00348 - FRice
[2026-01-17 17:52:48] district User -> Save Data | approve district change yes ->Bagalkote@pds| 5 - F00349 - FRice
[2026-01-17 17:54:38] district User -> Save Data | approve district change yes ->Bagalkote@pds| 5 - F00350 - FRice
[2026-01-17 17:54:38] district User -> Save Data | approve district change yes ->Bagalkote@pds| 5 - F00351 - FRice
[2026-01-17 17:54:38] district User -> Save Data | approve district change yes ->Bagalkote@pds| 5 - F00357 - FRice
[2026-01-17 17:54:38] district User -> Save Data | approve district change yes ->Bagalkote@pds| 5 - F00358 - FRice
[2026-01-17 17:54:38] district User -> Save Data | approve district change yes ->Bagalkote@pds| 5 - F00359 - FRice
[2026-01-17 17:54:38] district User -> Save Data | approve district change yes ->Bagalkote@pds| 5 - F00360 - FRice
[2026-01-17 17:54:38] district User -> Save Data | approve district change yes ->Bagalkote@pds| 5 - F00362 - FRice
[2026-01-17 17:54:38] district User -> Save Data | approve district change yes ->Bagalkote@pds| 5 - F00365 - FRice
[2026-01-17 17:54:38] district User -> Save Data | approve district change yes ->Bagalkote@pds| 5 - F00366 - FRice
[2026-01-17 17:54:38] district User -> Save Data | approve district change yes ->Bagalkote@pds| 5 - F00367 - FRice
[2026-01-17 17:54:38] district User -> Save Data | approve district change yes ->Bagalkote@pds| 5 - F00368 - FRice
[2026-01-17 17:54:38] district User -> Save Data | approve district change yes ->Bagalkote@pds| 5 - F00369 - FRice
[2026-01-17 17:54:38] district User -> Save Data | approve district change yes ->Bagalkote@pds| 5 - F00370 - FRice
[2026-01-17 17:55:45] district User -> Save Data | approve district change yes ->Bagalkote@pds| 5 - F00371 - FRice
[2026-01-17 17:55:45] district User -> Save Data | approve district change yes ->Bagalkote@pds| 5 - F00372 - FRice
[2026-01-17 17:55:45] district User -> Save Data | approve district change yes ->Bagalkote@pds| 5 - F00373 - FRice
[2026-01-17 17:55:45] district User -> Save Data | approve district change yes ->Bagalkote@pds| 5 - F00374 - FRice
[2026-01-17 17:55:45] district User -> Save Data | approve district change yes ->Bagalkote@pds| 5 - F00376 - FRice
[2026-01-17 17:55:45] district User -> Save Data | approve district change yes ->Bagalkote@pds| 5 - F00378 - FRice
[2026-01-17 17:55:45] district User -> Save Data | approve district change yes ->Bagalkote@pds| 5 - F00379 - FRice
[2026-01-17 17:57:49] district User -> Save Data | approve district change yes ->Bagalkote@pds| 5 - F20328 - FRice
