[2026-01-19 11:26:22] district_user -> FPS Edit ->Chamarajanagara@pds| Requested JSON -> {"name":"KEERTHANA FPS YAALAKKURU","uniqueid":"FPS_69311484315","active":"1","type":"Model FPS","latitude":"12.0302","longitude":"76.951222","district":"Chamarajanagara","id":"F05402","demand":"79.3","demand_rice":0}
[2026-01-19 11:33:56] User -> Save Data | district user change id ->Chamarajanagara@pds| 81 - F05402 - FRice| 79
[2026-01-19 11:45:05] district User -> Save Data | approve district change yes ->Chamarajanagara@pds| 81 - F05471 - FRice
[2026-01-19 11:46:09] User -> Save Data | district user change id ->Chamarajanagara@pds| 81 - F05402 - FRice| 79
[2026-01-19 11:46:09] district User -> Save Data | approve district change yes ->Chamarajanagara@pds| 81 - F05471 - FRice
[2026-01-19 11:46:09] district User -> Save Data | approve district change yes ->Chamarajanagara@pds| 81 - F05472 - FRice
[2026-01-19 11:46:09] district User -> Save Data | approve district change yes ->Chamarajanagara@pds| 81 - F05473 - FRice
[2026-01-19 11:46:09] district User -> Save Data | approve district change yes ->Chamarajanagara@pds| 81 - F05474 - FRice
[2026-01-19 11:46:09] district User -> Save Data | approve district change yes ->Chamarajanagara@pds| 81 - F05475 - FRice
[2026-01-19 11:46:09] district User -> Save Data | approve district change yes ->Chamarajanagara@pds| 81 - F05478 - FRice
[2026-01-19 11:46:09] district User -> Save Data | approve district change yes ->Chamarajanagara@pds| 81 - F05504 - FRice
[2026-01-19 11:46:09] district User -> Save Data | approve district change yes ->Chamarajanagara@pds| 81 - F05747 - FRice
[2026-01-19 11:46:09] district User -> Save Data | approve district change yes ->Chamarajanagara@pds| 81 - F05749 - FRice
[2026-01-19 11:46:09] district User -> Save Data | approve district change yes ->Chamarajanagara@pds| 81 - F05750 - FRice
[2026-01-19 11:46:09] district User -> Save Data | approve district change yes ->Chamarajanagara@pds| 81 - F05751 - FRice
[2026-01-19 11:47:22] district User -> Save Data | approve district change yes ->Chamarajanagara@pds| 81 - F05399 - FRice
[2026-01-19 11:47:22] district User -> Save Data | approve district change yes ->Chamarajanagara@pds| 81 - F05409 - FRice
[2026-01-19 11:47:22] district User -> Save Data | approve district change yes ->Chamarajanagara@pds| 81 - F05455 - FRice
[2026-01-19 11:47:22] district User -> Save Data | approve district change yes ->Chamarajanagara@pds| 81 - F05461 - FRice
[2026-01-19 11:47:22] district User -> Save Data | approve district change yes ->Chamarajanagara@pds| 81 - F05462 - FRice
[2026-01-19 11:47:22] district User -> Save Data | approve district change yes ->Chamarajanagara@pds| 81 - F05463 - FRice
[2026-01-19 11:47:22] district User -> Save Data | approve district change yes ->Chamarajanagara@pds| 81 - F05465 - FRice
[2026-01-19 11:47:22] district User -> Save Data | approve district change yes ->Chamarajanagara@pds| 81 - F05466 - FRice
[2026-01-19 11:53:18] User -> Save Data | district user change id ->Chamarajanagara@pds| 81 - F05430 - FRice| 79
[2026-01-19 11:55:52] district_user -> FPS Edit ->Chamarajanagara@pds| Requested JSON -> {"name":"SRI BASAVESWARA F P S BETTADAPURA","uniqueid":"FPS_693114846c5","active":"1","type":"Model FPS","latitude":"11.906032","longitude":"76.752824","district":"Chamarajanagara","id":"F05430","demand":"49.85","demand_rice":0}
[2026-01-19 11:57:47] User -> Save Data | district user change id ->Chamarajanagara@pds| 81 - F05468 - FRice| 80
[2026-01-19 11:58:06] district User -> Save Data | approve district change yes ->Chamarajanagara@pds| 81 - F05470 - FRice
[2026-01-19 11:59:48] User -> Save Data | district user change id ->Chamarajanagara@pds| 81 - F05477 - FRice| 80
[2026-01-19 12:00:01] district User -> Save Data | approve district change yes ->Chamarajanagara@pds| 81 - F05479 - FRice
[2026-01-19 12:02:06] User -> Save Data | district user change id ->Chamarajanagara@pds| 81 - F05491 - FRice| 80
[2026-01-19 12:02:38] district User -> Save Data | approve district change yes ->Chamarajanagara@pds| 81 - F05493 - FRice
[2026-01-19 12:02:40] district User -> Save Data | approve district change yes ->Chamarajanagara@pds| 81 - F05495 - FRice
[2026-01-19 12:04:08] User -> Save Data | district user change id ->Chamarajanagara@pds| 81 - F05468 - FRice| 80
[2026-01-19 12:04:08] district User -> Save Data | approve district change yes ->Chamarajanagara@pds| 81 - F05470 - FRice
[2026-01-19 12:04:08] User -> Save Data | district user change id ->Chamarajanagara@pds| 81 - F05477 - FRice| 80
[2026-01-19 12:04:08] district User -> Save Data | approve district change yes ->Chamarajanagara@pds| 81 - F05479 - FRice
[2026-01-19 12:04:08] User -> Save Data | district user change id ->Chamarajanagara@pds| 81 - F05491 - FRice| 80
[2026-01-19 12:04:08] district User -> Save Data | approve district change yes ->Chamarajanagara@pds| 81 - F05493 - FRice
[2026-01-19 12:04:08] district User -> Save Data | approve district change yes ->Chamarajanagara@pds| 81 - F05495 - FRice
[2026-01-19 12:04:08] district User -> Save Data | approve district change yes ->Chamarajanagara@pds| 81 - F05510 - FRice
[2026-01-19 12:04:08] district User -> Save Data | approve district change yes ->Chamarajanagara@pds| 81 - F05500 - FRice
[2026-01-19 12:04:08] district User -> Save Data | approve district change yes ->Chamarajanagara@pds| 81 - F05517 - FRice
[2026-01-19 12:04:08] district User -> Save Data | approve district change yes ->Chamarajanagara@pds| 81 - F05828 - FRice
[2026-01-19 12:04:08] district User -> Save Data | approve district change yes ->Chamarajanagara@pds| 81 - F05829 - FRice
[2026-01-19 12:05:40] district User -> Save Data | approve district change yes ->Chamarajanagara@pds| 81 - F05830 - FRice
[2026-01-19 12:05:52] district User -> Save Data | approve district change yes ->Chamarajanagara@pds| 81 - F05831 - FRice
[2026-01-19 12:06:34] district User -> Save Data | approve district change yes ->Chamarajanagara@pds| 81 - F05833 - FRice
[2026-01-19 12:06:45] district User -> Save Data | approve district change yes ->Chamarajanagara@pds| 81 - F05834 - FRice
[2026-01-19 12:06:52] district User -> Save Data | approve district change yes ->Chamarajanagara@pds| 81 - F05835 - FRice
[2026-01-19 12:06:58] district User -> Save Data | approve district change yes ->Chamarajanagara@pds| 81 - F05836 - FRice
[2026-01-19 12:07:08] district User -> Save Data | approve district change yes ->Chamarajanagara@pds| 81 - F05837 - FRice
[2026-01-19 12:07:36] district User -> Save Data | approve district change yes ->Chamarajanagara@pds| 81 - F05838 - FRice
[2026-01-19 12:07:39] district User -> Save Data | approve district change yes ->Chamarajanagara@pds| 81 - F05839 - FRice
[2026-01-19 12:08:11] district User -> Save Data | approve district change yes ->Chamarajanagara@pds| 81 - F05841 - FRice
[2026-01-19 12:08:19] district User -> Save Data | approve district change yes ->Chamarajanagara@pds| 81 - F05842 - FRice
[2026-01-19 12:08:25] district User -> Save Data | approve district change yes ->Chamarajanagara@pds| 81 - F05843 - FRice
[2026-01-19 12:08:32] district User -> Save Data | approve district change yes ->Chamarajanagara@pds| 81 - F05844 - FRice
[2026-01-19 12:09:08] district User -> Save Data | approve district change yes ->Chamarajanagara@pds| 81 - F05847 - FRice
[2026-01-19 12:09:14] district User -> Save Data | approve district change yes ->Chamarajanagara@pds| 81 - F05848 - FRice
[2026-01-19 12:09:20] district User -> Save Data | approve district change yes ->Chamarajanagara@pds| 81 - F05849 - FRice
[2026-01-19 12:18:24] User -> Save Data | district user change id ->Tumakuru@pds| 250 - F17441 - FRice| 251
[2026-01-19 12:20:02] User -> Save Data | district user change id ->Chamarajanagara@pds| 81 - F05845 - FRice| 85
[2026-01-19 12:20:13] User -> Save Data | district user change id ->Tumakuru@pds| 251 - F17527 - FRice| 252
[2026-01-19 12:21:18] User -> Save Data | district user change id ->Chamarajanagara@pds| 81 - F05846 - FRice| 85
[2026-01-19 12:22:14] User -> Save Data | district user change id ->Chamarajanagara@pds| 81 - F05850 - FRice| 85
[2026-01-19 12:24:03] User -> Save Data | district user change id ->Chamarajanagara@pds| 81 - F05861 - FRice| 85
[2026-01-19 12:26:11] User -> Save Data | district user change id ->Chamarajanagara@pds| 81 - F05862 - FRice| 85
[2026-01-19 12:29:28] district_user -> Warehouse Edit ->Kalaburagi@pds| Requested JSON -> {"name":"Kfcsc","uniqueid":"WH_692fe51bd4d2","active":"1","type":"motorable","latitude":"17.2137","storage":"25000","district":"Kalaburagi","id":"151","warehousetype":"swc","longitude":"76.9323"}
[2026-01-19 12:57:49] district User -> Save Data | approve district change yes ->Mandya@pds| 203 - F13460 - FRice
[2026-01-19 13:00:40] district User -> Save Data | approve district change yes ->Mandya@pds| 203 - F13460 - FRice
[2026-01-19 13:00:40] district User -> Save Data | approve district change yes ->Mandya@pds| 203 - F13461 - FRice
[2026-01-19 13:00:40] district User -> Save Data | approve district change yes ->Mandya@pds| 203 - F13462 - FRice
[2026-01-19 13:00:40] district User -> Save Data | approve district change yes ->Mandya@pds| 203 - F13463 - FRice
[2026-01-19 13:00:40] district User -> Save Data | approve district change yes ->Mandya@pds| 203 - F13464 - FRice
[2026-01-19 13:00:40] district User -> Save Data | approve district change yes ->Mandya@pds| 203 - F13465 - FRice
[2026-01-19 13:07:41] district User -> Save Data | approve district change yes ->Mandya@pds| 203 - F13467 - FRice
[2026-01-19 13:07:41] district User -> Save Data | approve district change yes ->Mandya@pds| 203 - F13331 - FRice
[2026-01-19 13:07:41] district User -> Save Data | approve district change yes ->Mandya@pds| 203 - F13332 - FRice
[2026-01-19 13:07:41] district User -> Save Data | approve district change yes ->Mandya@pds| 203 - F13334 - FRice
[2026-01-19 13:07:41] district User -> Save Data | approve district change yes ->Mandya@pds| 203 - F13335 - FRice
[2026-01-19 13:07:41] district User -> Save Data | approve district change yes ->Mandya@pds| 203 - F13340 - FRice
[2026-01-19 13:07:41] district User -> Save Data | approve district change yes ->Mandya@pds| 203 - F13341 - FRice
[2026-01-19 13:07:41] district User -> Save Data | approve district change yes ->Mandya@pds| 203 - F13342 - FRice
[2026-01-19 13:07:41] district User -> Save Data | approve district change yes ->Mandya@pds| 203 - F13344 - FRice
[2026-01-19 13:07:41] district User -> Save Data | approve district change yes ->Mandya@pds| 203 - F13347 - FRice
[2026-01-19 13:07:41] district User -> Save Data | approve district change yes ->Mandya@pds| 203 - F13350 - FRice
[2026-01-19 13:07:41] district User -> Save Data | approve district change yes ->Mandya@pds| 203 - F13358 - FRice
[2026-01-19 13:11:42] district User -> Save Data | approve district change yes ->Mandya@pds| 203 - F13359 - FRice
[2026-01-19 13:11:42] district User -> Save Data | approve district change yes ->Mandya@pds| 203 - F13360 - FRice
[2026-01-19 13:11:42] district User -> Save Data | approve district change yes ->Mandya@pds| 203 - F13361 - FRice
[2026-01-19 13:11:42] district User -> Save Data | approve district change yes ->Mandya@pds| 203 - F13362 - FRice
[2026-01-19 13:11:42] district User -> Save Data | approve district change yes ->Mandya@pds| 203 - F13363 - FRice
[2026-01-19 13:11:42] district User -> Save Data | approve district change yes ->Mandya@pds| 203 - F13364 - FRice
[2026-01-19 13:11:42] district User -> Save Data | approve district change yes ->Mandya@pds| 203 - F13365 - FRice
[2026-01-19 13:11:42] district User -> Save Data | approve district change yes ->Mandya@pds| 203 - F13366 - FRice
[2026-01-19 13:11:42] district User -> Save Data | approve district change yes ->Mandya@pds| 203 - F13367 - FRice
[2026-01-19 13:11:42] district User -> Save Data | approve district change yes ->Mandya@pds| 203 - F13368 - FRice
[2026-01-19 13:11:42] district User -> Save Data | approve district change yes ->Mandya@pds| 203 - F13369 - FRice
[2026-01-19 13:11:42] district User -> Save Data | approve district change yes ->Mandya@pds| 203 - F13370 - FRice
[2026-01-19 13:11:42] district User -> Save Data | approve district change yes ->Mandya@pds| 203 - F13371 - FRice
[2026-01-19 13:11:42] district User -> Save Data | approve district change yes ->Mandya@pds| 203 - F13372 - FRice
[2026-01-19 13:11:42] district User -> Save Data | approve district change yes ->Mandya@pds| 203 - F13373 - FRice
[2026-01-19 13:11:42] district User -> Save Data | approve district change yes ->Mandya@pds| 203 - F13374 - FRice
[2026-01-19 13:11:42] district User -> Save Data | approve district change yes ->Mandya@pds| 203 - F13375 - FRice
[2026-01-19 13:14:14] User -> Save Data | district user change id ->Mandya@pds| 204 - F13381 - FRice| 203
[2026-01-19 13:16:24] district User -> Save Data | approve district change yes ->Mandya@pds| 203 - F13376 - FRice
[2026-01-19 13:16:24] district User -> Save Data | approve district change yes ->Mandya@pds| 203 - F13377 - FRice
[2026-01-19 13:16:24] district User -> Save Data | approve district change yes ->Mandya@pds| 203 - F13378 - FRice
[2026-01-19 13:16:24] User -> Save Data | district user change id ->Mandya@pds| 204 - F13381 - FRice| 203
[2026-01-19 13:16:24] district User -> Save Data | approve district change yes ->Mandya@pds| 203 - F13382 - FRice
[2026-01-19 13:16:24] district User -> Save Data | approve district change yes ->Mandya@pds| 203 - F13383 - FRice
[2026-01-19 13:16:24] district User -> Save Data | approve district change yes ->Mandya@pds| 203 - F13384 - FRice
[2026-01-19 13:16:24] district User -> Save Data | approve district change yes ->Mandya@pds| 203 - F13386 - FRice
[2026-01-19 13:16:24] district User -> Save Data | approve district change yes ->Mandya@pds| 203 - F13387 - FRice
[2026-01-19 13:16:24] district User -> Save Data | approve district change yes ->Mandya@pds| 203 - F13391 - FRice
[2026-01-19 13:16:24] district User -> Save Data | approve district change yes ->Mandya@pds| 203 - F13392 - FRice
[2026-01-19 13:16:24] district User -> Save Data | approve district change yes ->Mandya@pds| 203 - F13395 - FRice
[2026-01-19 13:20:51] User -> Save Data | district user change id ->Mandya@pds| 209 - F13396 - FRice| 203
[2026-01-19 13:27:40] district User -> Save Data | approve district change yes ->Mandya@pds| 203 - F13397 - FRice
[2026-01-19 13:28:03] district User -> Save Data | approve district change yes ->Mandya@pds| 203 - F13398 - FRice
[2026-01-19 13:29:46] User -> Save Data | district user change id ->Mandya@pds| 204 - F13399 - FRice| 203
[2026-01-19 13:30:11] district User -> Save Data | approve district change yes ->Mandya@pds| 203 - F13400 - FRice
[2026-01-19 13:30:48] User -> Save Data | district user change id ->Mandya@pds| 209 - F13407 - FRice| 203
[2026-01-19 13:31:16] User -> Save Data | district user change id ->Mandya@pds| 209 - F13408 - FRice| 203
[2026-01-19 13:31:44] district User -> Save Data | approve district change yes ->Mandya@pds| 203 - F13411 - FRice
[2026-01-19 13:32:15] User -> Save Data | district user change id ->Mandya@pds| 204 - F13414 - FRice| 203
[2026-01-19 13:34:30] district User -> Save Data | approve district change yes ->Mandya@pds| 203 - F13415 - FRice
[2026-01-19 13:35:04] district User -> Save Data | approve district change yes ->Mandya@pds| 203 - F13419 - FRice
[2026-01-19 13:35:59] User -> Save Data | district user change id ->Mandya@pds| 205 - F13422 - FRice| 203
[2026-01-19 13:36:26] User -> Save Data | district user change id ->Mandya@pds| 205 - F13423 - FRice| 203
[2026-01-19 13:38:10] User -> Save Data | district user change id ->Mandya@pds| 208 - F13425 - FRice| 203
[2026-01-19 13:38:37] district User -> Save Data | approve district change yes ->Mandya@pds| 203 - F13426 - FRice
[2026-01-19 13:39:07] User -> Save Data | district user change id ->Mandya@pds| 208 - F13427 - FRice| 203
[2026-01-19 13:39:43] User -> Save Data | district user change id ->Mandya@pds| 205 - F13428 - FRice| 203
[2026-01-19 13:40:06] User -> Save Data | district user change id ->Mandya@pds| 205 - F13429 - FRice| 203
[2026-01-19 13:40:37] User -> Save Data | district user change id ->Mandya@pds| 208 - F13432 - FRice| 203
[2026-01-19 13:41:35] User -> Save Data | district user change id ->Mandya@pds| 208 - F13433 - FRice| 203
[2026-01-19 13:41:59] User -> Save Data | district user change id ->Mandya@pds| 205 - F13435 - FRice| 203
[2026-01-19 13:43:57] User -> Save Data | district user change id ->Mandya@pds| 204 - F13436 - FRice| 203
[2026-01-19 13:44:33] User -> Save Data | district user change id ->Mandya@pds| 205 - F13437 - FRice| 203
[2026-01-19 13:45:06] User -> Save Data | district user change id ->Mandya@pds| 208 - F13438 - FRice| 203
[2026-01-19 13:45:29] User -> Save Data | district user change id ->Mandya@pds| 205 - F13441 - FRice| 203
[2026-01-19 13:46:02] User -> Save Data | district user change id ->Mandya@pds| 205 - F13442 - FRice| 203
[2026-01-19 13:46:30] User -> Save Data | district user change id ->Mandya@pds| 205 - F13444 - FRice| 203
[2026-01-19 13:46:57] User -> Save Data | district user change id ->Mandya@pds| 205 - F13445 - FRice| 203
[2026-01-19 13:47:31] User -> Save Data | district user change id ->Mandya@pds| 205 - F13446 - FRice| 203
[2026-01-19 13:47:50] district User -> Save Data | approve district change yes ->Mandya@pds| 203 - F13469 - FRice
[2026-01-19 13:48:02] district User -> Save Data | approve district change yes ->Mandya@pds| 203 - F13448 - FRice
[2026-01-19 13:48:34] User -> Save Data | district user change id ->Mandya@pds| 202 - F13449 - FRice| 203
[2026-01-19 13:49:11] User -> Save Data | district user change id ->Mandya@pds| 202 - F13450 - FRice| 203
[2026-01-19 13:49:36] User -> Save Data | district user change id ->Mandya@pds| 202 - F13452 - FRice| 203
[2026-01-19 13:50:01] User -> Save Data | district user change id ->Mandya@pds| 205 - F13453 - FRice| 203
[2026-01-19 13:50:18] district User -> Save Data | approve district change yes ->Mandya@pds| 203 - F13455 - FRice
[2026-01-19 13:50:30] district User -> Save Data | approve district change yes ->Mandya@pds| 203 - F13456 - FRice
[2026-01-19 13:50:43] district User -> Save Data | approve district change yes ->Mandya@pds| 203 - F13457 - FRice
[2026-01-19 13:51:10] User -> Save Data | district user change id ->Mandya@pds| 204 - F13458 - FRice| 203
[2026-01-19 13:51:23] district User -> Save Data | approve district change yes ->Mandya@pds| 203 - F20337 - FRice
[2026-01-19 13:51:51] User -> Save Data | district user change id ->Mandya@pds| 205 - F20340 - FRice| 203
[2026-01-19 13:52:09] district User -> Save Data | approve district change yes ->Mandya@pds| 203 - F20334 - FRice
[2026-01-19 13:52:22] district User -> Save Data | approve district change yes ->Mandya@pds| 203 - F20336 - FRice
[2026-01-19 13:52:47] User -> Save Data | district user change id ->Mandya@pds| 209 - F20338 - FRice| 203
[2026-01-19 13:53:13] User -> Save Data | district user change id ->Mandya@pds| 204 - F20335 - FRice| 203
[2026-01-19 15:02:43] User -> Save Data | district user change id ->Tumakuru@pds| 252 - F17004 - FRice| 246
[2026-01-19 15:03:39] User -> Save Data | district user change id ->Tumakuru@pds| 252 - F17005 - FRice| 246
[2026-01-19 15:04:11] User -> Save Data | district user change id ->Tumakuru@pds| 252 - F17014 - FRice| 246
[2026-01-19 15:05:13] User -> Save Data | district user change id ->Tumakuru@pds| 252 - F17017 - FRice| 246
[2026-01-19 15:07:14] User -> Save Data | district user change id ->Tumakuru@pds| 256 - F17608 - FRice| 253
[2026-01-19 15:07:44] User -> Save Data | district user change id ->Tumakuru@pds| 256 - F17609 - FRice| 253
[2026-01-19 15:08:26] User -> Save Data | district user change id ->Tumakuru@pds| 256 - F17610 - FRice| 253
[2026-01-19 15:09:03] User -> Save Data | district user change id ->Tumakuru@pds| 256 - F17618 - FRice| 253
[2026-01-19 15:09:41] User -> Save Data | district user change id ->Tumakuru@pds| 256 - F17649 - FRice| 253
[2026-01-19 15:11:09] User -> Save Data | district user change id ->Tumakuru@pds| 245 - F17599 - FRice| 253
[2026-01-19 15:12:04] User -> Save Data | district user change id ->Tumakuru@pds| 245 - F17600 - FRice| 253
[2026-01-19 15:12:55] User -> Save Data | district user change id ->Tumakuru@pds| 245 - F17601 - FRice| 253
[2026-01-19 15:13:24] User -> Save Data | district user change id ->Tumakuru@pds| 245 - F17605 - FRice| 253
[2026-01-19 15:17:54] User -> Save Data | district user change id ->Tumakuru@pds| 255 - F17492 - FRice| 252
[2026-01-19 15:18:24] User -> Save Data | district user change id ->Tumakuru@pds| 255 - F17573 - FRice| 252
[2026-01-19 15:22:30] User -> Save Data | district user change id ->Tumakuru@pds| 255 - F17702 - FRice| 254
[2026-01-19 15:23:45] User -> Save Data | district user change id ->Tumakuru@pds| 255 - F17703 - FRice| 254
[2026-01-19 15:24:29] User -> Save Data | district user change id ->Tumakuru@pds| 255 - F17704 - FRice| 254
[2026-01-19 15:55:54] User -> Save Data | district user change id ->Mandya@pds| 203 - F13466 - FRice| 204
[2026-01-19 15:56:38] User -> Save Data | district user change id ->Mandya@pds| 203 - F13333 - FRice| 204
[2026-01-19 15:57:23] district User -> Save Data | approve district change yes ->Mandya@pds| 204 - F13336 - FRice
[2026-01-19 16:03:10] User -> Save Data | district user change id ->Mandya@pds| 203 - F13466 - FRice| 204
[2026-01-19 16:03:10] User -> Save Data | district user change id ->Mandya@pds| 203 - F13333 - FRice| 204
[2026-01-19 16:03:11] district User -> Save Data | approve district change yes ->Mandya@pds| 204 - F13336 - FRice
[2026-01-19 16:03:11] district User -> Save Data | approve district change yes ->Mandya@pds| 204 - F13337 - FRice
[2026-01-19 16:03:11] district User -> Save Data | approve district change yes ->Mandya@pds| 204 - F13338 - FRice
[2026-01-19 16:03:11] district User -> Save Data | approve district change yes ->Mandya@pds| 204 - F13339 - FRice
[2026-01-19 16:03:11] district User -> Save Data | approve district change yes ->Mandya@pds| 204 - F13343 - FRice
[2026-01-19 16:03:11] district User -> Save Data | approve district change yes ->Mandya@pds| 204 - F13345 - FRice
[2026-01-19 16:03:11] district User -> Save Data | approve district change yes ->Mandya@pds| 204 - F13346 - FRice
[2026-01-19 16:03:11] district User -> Save Data | approve district change yes ->Mandya@pds| 204 - F13348 - FRice
[2026-01-19 16:03:11] district User -> Save Data | approve district change yes ->Mandya@pds| 204 - F13349 - FRice
[2026-01-19 16:03:11] district User -> Save Data | approve district change yes ->Mandya@pds| 204 - F13351 - FRice
[2026-01-19 16:03:11] district User -> Save Data | approve district change yes ->Mandya@pds| 204 - F13352 - FRice
[2026-01-19 16:03:11] district User -> Save Data | approve district change yes ->Mandya@pds| 204 - F13353 - FRice
[2026-01-19 16:03:11] district User -> Save Data | approve district change yes ->Mandya@pds| 204 - F13354 - FRice
[2026-01-19 16:03:11] district User -> Save Data | approve district change yes ->Mandya@pds| 204 - F13355 - FRice
[2026-01-19 16:03:11] district User -> Save Data | approve district change yes ->Mandya@pds| 204 - F13356 - FRice
[2026-01-19 16:03:11] district User -> Save Data | approve district change yes ->Mandya@pds| 204 - F13380 - FRice
[2026-01-19 16:03:48] district User -> Save Data | approve district change yes ->Mandya@pds| 204 - F13389 - FRice
[2026-01-19 16:04:04] district User -> Save Data | approve district change yes ->Mandya@pds| 204 - F13388 - FRice
[2026-01-19 16:04:45] User -> Save Data | district user change id ->Mandya@pds| 208 - F13393 - FRice| 204
[2026-01-19 16:05:12] district User -> Save Data | approve district change yes ->Mandya@pds| 204 - F13394 - FRice
[2026-01-19 16:05:35] User -> Save Data | district user change id ->Mandya@pds| 208 - F13401 - FRice| 204
[2026-01-19 16:06:06] User -> Save Data | district user change id ->Mandya@pds| 208 - F13402 - FRice| 204
[2026-01-19 16:06:51] User -> Save Data | district user change id ->Mandya@pds| 209 - F13403 - FRice| 204
[2026-01-19 16:07:19] User -> Save Data | district user change id ->Mandya@pds| 208 - F13404 - FRice| 204
[2026-01-19 16:09:12] district User -> Save Data | approve district change yes ->Mandya@pds| 204 - F13406 - FRice
[2026-01-19 16:09:24] district User -> Save Data | approve district change yes ->Mandya@pds| 204 - F13409 - FRice
[2026-01-19 16:09:36] district User -> Save Data | approve district change yes ->Mandya@pds| 204 - F13410 - FRice
[2026-01-19 16:09:47] district User -> Save Data | approve district change yes ->Mandya@pds| 204 - F13413 - FRice
[2026-01-19 16:10:06] district User -> Save Data | approve district change yes ->Mandya@pds| 204 - F13416 - FRice
[2026-01-19 16:10:20] district User -> Save Data | approve district change yes ->Mandya@pds| 204 - F13417 - FRice
[2026-01-19 16:10:29] User -> Save Data | district user change id ->Tumakuru@pds| 255 - F17707 - FRice| 254
[2026-01-19 16:10:37] User -> Save Data | district user change id ->Chamarajanagara@pds| 81 - F05832 - FRice| 85
[2026-01-19 16:10:39] district User -> Save Data | approve district change yes ->Mandya@pds| 204 - F13418 - FRice
[2026-01-19 16:10:51] district User -> Save Data | approve district change yes ->Mandya@pds| 204 - F13420 - FRice
[2026-01-19 16:11:03] district User -> Save Data | approve district change yes ->Mandya@pds| 204 - F13421 - FRice
[2026-01-19 16:11:14] district User -> Save Data | approve district change yes ->Mandya@pds| 204 - F13424 - FRice
[2026-01-19 16:11:26] district User -> Save Data | approve district change yes ->Mandya@pds| 204 - F13431 - FRice
[2026-01-19 16:11:51] User -> Save Data | district user change id ->Tumakuru@pds| 255 - F17709 - FRice| 254
[2026-01-19 16:12:46] User -> Save Data | district user change id ->Tumakuru@pds| 255 - F17710 - FRice| 254
[2026-01-19 16:13:51] User -> Save Data | district user change id ->Tumakuru@pds| 255 - F17711 - FRice| 254
[2026-01-19 16:14:38] User -> Save Data | district user change id ->Chamarajanagara@pds| 81 - F05840 - FRice| 85
[2026-01-19 16:14:39] User -> Save Data | district user change id ->Tumakuru@pds| 255 - F17712 - FRice| 254
[2026-01-19 16:15:43] User -> Save Data | district user change id ->Tumakuru@pds| 255 - F17713 - FRice| 254
[2026-01-19 16:15:57] User -> Save Data | district user change id ->Chamarajanagara@pds| 81 - F05867 - FRice| 85
[2026-01-19 16:16:34] User -> Save Data | district user change id ->Tumakuru@pds| 255 - F17714 - FRice| 254
[2026-01-19 16:16:52] User -> Save Data | district user change id ->Chamarajanagara@pds| 81 - F05869 - FRice| 85
[2026-01-19 16:17:17] User -> Save Data | district user change id ->Tumakuru@pds| 255 - F17715 - FRice| 254
[2026-01-19 16:17:29] User -> Save Data | district user change id ->Chamarajanagara@pds| 81 - F05870 - FRice| 85
[2026-01-19 16:18:19] district User -> Save Data | approve district change yes ->Mandya@pds| 204 - F13434 - FRice
[2026-01-19 16:18:30] district User -> Save Data | approve district change yes ->Mandya@pds| 204 - F13439 - FRice
[2026-01-19 16:18:31] User -> Save Data | district user change id ->Chamarajanagara@pds| 81 - F05871 - FRice| 85
[2026-01-19 16:18:35] User -> Save Data | district user change id ->Tumakuru@pds| 255 - F17717 - FRice| 254
[2026-01-19 16:18:43] district User -> Save Data | approve district change yes ->Mandya@pds| 204 - F13440 - FRice
[2026-01-19 16:18:56] district User -> Save Data | approve district change yes ->Mandya@pds| 204 - F13443 - FRice
[2026-01-19 16:18:58] User -> Save Data | district user change id ->Chamarajanagara@pds| 81 - F05872 - FRice| 85
[2026-01-19 16:19:13] district User -> Save Data | approve district change yes ->Mandya@pds| 204 - F13447 - FRice
[2026-01-19 16:19:24] district User -> Save Data | approve district change yes ->Mandya@pds| 204 - F13468 - FRice
[2026-01-19 16:19:26] User -> Save Data | district user change id ->Tumakuru@pds| 255 - F17718 - FRice| 254
[2026-01-19 16:20:13] User -> Save Data | district user change id ->Tumakuru@pds| 255 - F17719 - FRice| 254
[2026-01-19 16:20:38] User -> Save Data | district user change id ->Mandya@pds| 202 - F13451 - FRice| 204
[2026-01-19 16:20:50] district User -> Save Data | approve district change yes ->Mandya@pds| 204 - F13454 - FRice
[2026-01-19 16:21:02] district User -> Save Data | approve district change yes ->Mandya@pds| 204 - F13459 - FRice
[2026-01-19 16:21:07] User -> Save Data | district user change id ->Tumakuru@pds| 255 - F17721 - FRice| 254
[2026-01-19 16:21:15] district User -> Save Data | approve district change yes ->Mandya@pds| 204 - F20339 - FRice
[2026-01-19 16:22:19] User -> Save Data | district user change id ->Tumakuru@pds| 255 - F17722 - FRice| 254
[2026-01-19 16:23:31] User -> Save Data | district user change id ->Tumakuru@pds| 255 - F17723 - FRice| 254
[2026-01-19 16:24:11] district User -> Save Data | implemeneted ->kolar@pds| 196 - F12248 - FRice
[2026-01-19 16:24:11] district User -> Save Data | implemeneted ->kolar@pds| 196 - F12250 - FRice
[2026-01-19 16:24:11] district User -> Save Data | implemeneted ->kolar@pds| 196 - F12251 - FRice
[2026-01-19 16:24:11] district User -> Save Data | implemeneted ->kolar@pds| 196 - F12252 - FRice
[2026-01-19 16:24:11] district User -> Save Data | implemeneted ->kolar@pds| 196 - F12253 - FRice
[2026-01-19 16:24:11] district User -> Save Data | implemeneted ->kolar@pds| 196 - F12254 - FRice
[2026-01-19 16:24:11] district User -> Save Data | implemeneted ->kolar@pds| 196 - F12256 - FRice
[2026-01-19 16:24:11] district User -> Save Data | implemeneted ->kolar@pds| 196 - F12257 - FRice
[2026-01-19 16:24:11] district User -> Save Data | implemeneted ->kolar@pds| 196 - F12258 - FRice
[2026-01-19 16:24:11] district User -> Save Data | implemeneted ->kolar@pds| 196 - F12259 - FRice
[2026-01-19 16:24:11] district User -> Save Data | implemeneted ->kolar@pds| 196 - F12261 - FRice
[2026-01-19 16:24:11] district User -> Save Data | implemeneted ->kolar@pds| 196 - F12262 - FRice
[2026-01-19 16:24:11] district User -> Save Data | implemeneted ->kolar@pds| 196 - F12263 - FRice
[2026-01-19 16:24:11] district User -> Save Data | implemeneted ->kolar@pds| 196 - F12264 - FRice
[2026-01-19 16:24:11] district User -> Save Data | implemeneted ->kolar@pds| 196 - F12265 - FRice
[2026-01-19 16:24:11] district User -> Save Data | implemeneted ->kolar@pds| 196 - F12266 - FRice
[2026-01-19 16:24:11] district User -> Save Data | implemeneted ->kolar@pds| 196 - F12267 - FRice
[2026-01-19 16:24:11] district User -> Save Data | implemeneted ->kolar@pds| 196 - F12268 - FRice
[2026-01-19 16:24:11] district User -> Save Data | implemeneted ->kolar@pds| 196 - F12269 - FRice
[2026-01-19 16:24:11] district User -> Save Data | implemeneted ->kolar@pds| 196 - F12270 - FRice
[2026-01-19 16:24:11] district User -> Save Data | implemeneted ->kolar@pds| 196 - F12271 - FRice
[2026-01-19 16:24:11] district User -> Save Data | implemeneted ->kolar@pds| 196 - F12272 - FRice
[2026-01-19 16:24:12] district User -> Save Data | implemeneted ->kolar@pds| 196 - F12274 - FRice
[2026-01-19 16:24:12] district User -> Save Data | implemeneted ->kolar@pds| 196 - F12275 - FRice
[2026-01-19 16:24:12] district User -> Save Data | implemeneted ->kolar@pds| 196 - F12276 - FRice
[2026-01-19 16:24:12] district User -> Save Data | implemeneted ->kolar@pds| 196 - F12277 - FRice
[2026-01-19 16:24:12] district User -> Save Data | implemeneted ->kolar@pds| 196 - F12278 - FRice
[2026-01-19 16:24:12] district User -> Save Data | implemeneted ->kolar@pds| 196 - F12279 - FRice
[2026-01-19 16:24:12] district User -> Save Data | implemeneted ->kolar@pds| 196 - F12280 - FRice
[2026-01-19 16:24:12] district User -> Save Data | implemeneted ->kolar@pds| 196 - F12282 - FRice
[2026-01-19 16:24:12] district User -> Save Data | implemeneted ->kolar@pds| 196 - F12283 - FRice
[2026-01-19 16:24:12] district User -> Save Data | implemeneted ->kolar@pds| 196 - F12284 - FRice
[2026-01-19 16:24:12] district User -> Save Data | implemeneted ->kolar@pds| 196 - F12286 - FRice
[2026-01-19 16:24:12] district User -> Save Data | implemeneted ->kolar@pds| 196 - F12287 - FRice
[2026-01-19 16:24:12] district User -> Save Data | implemeneted ->kolar@pds| 196 - F12288 - FRice
[2026-01-19 16:24:12] district User -> Save Data | implemeneted ->kolar@pds| 196 - F12289 - FRice
[2026-01-19 16:24:12] district User -> Save Data | implemeneted ->kolar@pds| 196 - F12290 - FRice
[2026-01-19 16:24:12] district User -> Save Data | implemeneted ->kolar@pds| 196 - F12291 - FRice
[2026-01-19 16:24:12] district User -> Save Data | implemeneted ->kolar@pds| 196 - F12292 - FRice
[2026-01-19 16:24:12] district User -> Save Data | implemeneted ->kolar@pds| 196 - F12293 - FRice
[2026-01-19 16:24:12] district User -> Save Data | implemeneted ->kolar@pds| 196 - F12294 - FRice
[2026-01-19 16:24:12] district User -> Save Data | implemeneted ->kolar@pds| 196 - F12296 - FRice
[2026-01-19 16:24:12] district User -> Save Data | implemeneted ->kolar@pds| 196 - F12297 - FRice
[2026-01-19 16:24:44] User -> Save Data | district user change id ->Chamarajanagara@pds| 82 - F05419 - FRice| 80
[2026-01-19 16:24:52] User -> Save Data | district user change id ->Tumakuru@pds| 255 - F17724 - FRice| 254
[2026-01-19 16:26:06] User -> Save Data | district user change id ->Tumakuru@pds| 255 - F17725 - FRice| 254
[2026-01-19 16:26:55] User -> Save Data | district user change id ->Tumakuru@pds| 255 - F17726 - FRice| 254
[2026-01-19 16:27:56] User -> Save Data | district user change id ->Tumakuru@pds| 255 - F17728 - FRice| 254
[2026-01-19 16:28:38] User -> Save Data | district user change id ->Tumakuru@pds| 255 - F17729 - FRice| 254
[2026-01-19 16:29:37] User -> Save Data | district user change id ->Tumakuru@pds| 255 - F17730 - FRice| 254
[2026-01-19 16:30:20] User -> Save Data | district user change id ->Tumakuru@pds| 255 - F17731 - FRice| 254
[2026-01-19 16:31:40] User -> Save Data | district user change id ->Tumakuru@pds| 255 - F17740 - FRice| 254
[2026-01-19 16:33:24] User -> Save Data | district user change id ->Chamarajanagara@pds| 82 - F05424 - FRice| 79
[2026-01-19 16:34:58] User -> Save Data | district user change id ->Chamarajanagara@pds| 82 - F05427 - FRice| 80
[2026-01-19 16:39:26] User -> Save Data | district user change id ->Chamarajanagara@pds| 81 - F05832 - FRice| 85
[2026-01-19 16:39:26] User -> Save Data | district user change id ->Chamarajanagara@pds| 81 - F05840 - FRice| 85
[2026-01-19 16:39:26] User -> Save Data | district user change id ->Chamarajanagara@pds| 81 - F05867 - FRice| 85
[2026-01-19 16:39:26] User -> Save Data | district user change id ->Chamarajanagara@pds| 81 - F05869 - FRice| 85
[2026-01-19 16:39:26] User -> Save Data | district user change id ->Chamarajanagara@pds| 81 - F05870 - FRice| 85
[2026-01-19 16:39:26] User -> Save Data | district user change id ->Chamarajanagara@pds| 81 - F05871 - FRice| 85
[2026-01-19 16:39:26] User -> Save Data | district user change id ->Chamarajanagara@pds| 81 - F05872 - FRice| 85
[2026-01-19 16:39:26] User -> Save Data | district user change id ->Chamarajanagara@pds| 82 - F05419 - FRice| 80
[2026-01-19 16:39:26] User -> Save Data | district user change id ->Chamarajanagara@pds| 82 - F05424 - FRice| 79
[2026-01-19 16:39:26] User -> Save Data | district user change id ->Chamarajanagara@pds| 82 - F05427 - FRice| 80
[2026-01-19 16:39:26] district User -> Save Data | approve district change yes ->Chamarajanagara@pds| 82 - F05542 - FRice
[2026-01-19 16:39:26] district User -> Save Data | approve district change yes ->Chamarajanagara@pds| 82 - F05543 - FRice
[2026-01-19 16:39:27] district User -> Save Data | approve district change yes ->Chamarajanagara@pds| 82 - F05544 - FRice
[2026-01-19 16:39:27] district User -> Save Data | approve district change yes ->Chamarajanagara@pds| 82 - F05545 - FRice
[2026-01-19 16:39:27] district User -> Save Data | approve district change yes ->Chamarajanagara@pds| 82 - F05546 - FRice
[2026-01-19 16:39:27] district User -> Save Data | approve district change yes ->Chamarajanagara@pds| 82 - F05547 - FRice
[2026-01-19 16:39:27] district User -> Save Data | approve district change yes ->Chamarajanagara@pds| 82 - F05548 - FRice
[2026-01-19 16:39:27] district User -> Save Data | approve district change yes ->Chamarajanagara@pds| 82 - F05549 - FRice
[2026-01-19 16:39:27] district User -> Save Data | approve district change yes ->Chamarajanagara@pds| 82 - F05550 - FRice
[2026-01-19 16:39:27] district User -> Save Data | approve district change yes ->Chamarajanagara@pds| 82 - F05551 - FRice
[2026-01-19 16:39:27] district User -> Save Data | approve district change yes ->Chamarajanagara@pds| 82 - F05552 - FRice
[2026-01-19 16:39:27] district User -> Save Data | approve district change yes ->Chamarajanagara@pds| 82 - F05553 - FRice
[2026-01-19 16:39:27] district User -> Save Data | approve district change yes ->Chamarajanagara@pds| 82 - F05554 - FRice
[2026-01-19 16:39:27] district User -> Save Data | approve district change yes ->Chamarajanagara@pds| 82 - F05555 - FRice
[2026-01-19 16:39:27] district User -> Save Data | approve district change yes ->Chamarajanagara@pds| 82 - F05556 - FRice
[2026-01-19 16:39:27] district User -> Save Data | approve district change yes ->Chamarajanagara@pds| 82 - F05557 - FRice
[2026-01-19 16:39:27] district User -> Save Data | approve district change yes ->Chamarajanagara@pds| 82 - F05558 - FRice
[2026-01-19 16:39:27] district User -> Save Data | approve district change yes ->Chamarajanagara@pds| 82 - F05559 - FRice
[2026-01-19 16:39:27] district User -> Save Data | approve district change yes ->Chamarajanagara@pds| 82 - F05560 - FRice
[2026-01-19 16:39:27] district User -> Save Data | approve district change yes ->Chamarajanagara@pds| 82 - F05561 - FRice
[2026-01-19 16:39:27] district User -> Save Data | approve district change yes ->Chamarajanagara@pds| 82 - F05562 - FRice
[2026-01-19 16:39:27] district User -> Save Data | approve district change yes ->Chamarajanagara@pds| 82 - F05563 - FRice
[2026-01-19 16:39:27] district User -> Save Data | approve district change yes ->Chamarajanagara@pds| 82 - F05564 - FRice
[2026-01-19 16:39:27] district User -> Save Data | approve district change yes ->Chamarajanagara@pds| 82 - F05565 - FRice
[2026-01-19 16:39:27] district User -> Save Data | approve district change yes ->Chamarajanagara@pds| 82 - F05566 - FRice
[2026-01-19 16:39:27] district User -> Save Data | approve district change yes ->Chamarajanagara@pds| 82 - F05567 - FRice
[2026-01-19 16:39:27] district User -> Save Data | approve district change yes ->Chamarajanagara@pds| 82 - F05568 - FRice
[2026-01-19 16:39:27] district User -> Save Data | approve district change yes ->Chamarajanagara@pds| 82 - F05569 - FRice
[2026-01-19 16:39:27] district User -> Save Data | approve district change yes ->Chamarajanagara@pds| 82 - F05570 - FRice
[2026-01-19 16:39:27] district User -> Save Data | approve district change yes ->Chamarajanagara@pds| 82 - F05571 - FRice
[2026-01-19 16:39:27] district User -> Save Data | approve district change yes ->Chamarajanagara@pds| 82 - F05572 - FRice
[2026-01-19 16:39:27] district User -> Save Data | approve district change yes ->Chamarajanagara@pds| 82 - F05573 - FRice
[2026-01-19 16:39:27] district User -> Save Data | approve district change yes ->Chamarajanagara@pds| 82 - F05574 - FRice
[2026-01-19 16:39:27] district User -> Save Data | approve district change yes ->Chamarajanagara@pds| 82 - F05575 - FRice
[2026-01-19 16:39:27] district User -> Save Data | approve district change yes ->Chamarajanagara@pds| 82 - F05576 - FRice
[2026-01-19 16:39:27] district User -> Save Data | approve district change yes ->Chamarajanagara@pds| 82 - F05577 - FRice
[2026-01-19 16:39:27] district User -> Save Data | approve district change yes ->Chamarajanagara@pds| 82 - F05578 - FRice
[2026-01-19 16:39:27] district User -> Save Data | approve district change yes ->Chamarajanagara@pds| 82 - F05579 - FRice
[2026-01-19 16:39:27] district User -> Save Data | approve district change yes ->Chamarajanagara@pds| 82 - F05580 - FRice
[2026-01-19 16:39:27] district User -> Save Data | approve district change yes ->Chamarajanagara@pds| 82 - F05581 - FRice
[2026-01-19 16:39:27] district User -> Save Data | approve district change yes ->Chamarajanagara@pds| 82 - F05582 - FRice
[2026-01-19 16:39:27] district User -> Save Data | approve district change yes ->Chamarajanagara@pds| 82 - F05583 - FRice
[2026-01-19 16:39:27] district User -> Save Data | approve district change yes ->Chamarajanagara@pds| 82 - F05584 - FRice
[2026-01-19 16:39:27] district User -> Save Data | approve district change yes ->Chamarajanagara@pds| 82 - F05585 - FRice
[2026-01-19 16:39:27] district User -> Save Data | approve district change yes ->Chamarajanagara@pds| 82 - F05586 - FRice
[2026-01-19 16:39:27] district User -> Save Data | approve district change yes ->Chamarajanagara@pds| 82 - F05587 - FRice
[2026-01-19 16:39:27] district User -> Save Data | approve district change yes ->Chamarajanagara@pds| 82 - F05598 - FRice
[2026-01-19 16:39:28] district User -> Save Data | approve district change yes ->Chamarajanagara@pds| 82 - F05599 - FRice
[2026-01-19 16:39:28] district User -> Save Data | approve district change yes ->Chamarajanagara@pds| 82 - F05600 - FRice
[2026-01-19 16:39:28] district User -> Save Data | approve district change yes ->Chamarajanagara@pds| 82 - F05601 - FRice
[2026-01-19 16:39:28] district User -> Save Data | approve district change yes ->Chamarajanagara@pds| 82 - F05602 - FRice
[2026-01-19 16:39:28] district User -> Save Data | approve district change yes ->Chamarajanagara@pds| 82 - F05603 - FRice
[2026-01-19 16:39:28] district User -> Save Data | approve district change yes ->Chamarajanagara@pds| 82 - F05604 - FRice
[2026-01-19 16:39:28] district User -> Save Data | approve district change yes ->Chamarajanagara@pds| 82 - F05606 - FRice
[2026-01-19 16:39:28] district User -> Save Data | approve district change yes ->Chamarajanagara@pds| 82 - F05607 - FRice
[2026-01-19 16:39:28] district User -> Save Data | approve district change yes ->Chamarajanagara@pds| 82 - F05609 - FRice
[2026-01-19 16:39:28] district User -> Save Data | approve district change yes ->Chamarajanagara@pds| 82 - F05654 - FRice
[2026-01-19 16:39:28] district User -> Save Data | approve district change yes ->Chamarajanagara@pds| 82 - F05657 - FRice
[2026-01-19 16:39:28] district User -> Save Data | approve district change yes ->Chamarajanagara@pds| 82 - F05661 - FRice
[2026-01-19 16:39:28] district User -> Save Data | approve district change yes ->Chamarajanagara@pds| 82 - F05664 - FRice
[2026-01-19 16:39:28] district User -> Save Data | approve district change yes ->Chamarajanagara@pds| 82 - F05665 - FRice
[2026-01-19 16:39:28] district User -> Save Data | approve district change yes ->Chamarajanagara@pds| 82 - F05666 - FRice
[2026-01-19 16:39:28] district User -> Save Data | approve district change yes ->Chamarajanagara@pds| 82 - F05667 - FRice
[2026-01-19 16:43:02] district User -> Save Data | approve district change yes ->Chamarajanagara@pds| 83 - F05588 - FRice
[2026-01-19 16:43:02] district User -> Save Data | approve district change yes ->Chamarajanagara@pds| 83 - F05589 - FRice
[2026-01-19 16:43:02] district User -> Save Data | approve district change yes ->Chamarajanagara@pds| 83 - F05590 - FRice
[2026-01-19 16:43:02] district User -> Save Data | approve district change yes ->Chamarajanagara@pds| 83 - F05591 - FRice
[2026-01-19 16:43:02] district User -> Save Data | approve district change yes ->Chamarajanagara@pds| 83 - F05592 - FRice
[2026-01-19 16:43:02] district User -> Save Data | approve district change yes ->Chamarajanagara@pds| 83 - F05593 - FRice
[2026-01-19 16:43:02] district User -> Save Data | approve district change yes ->Chamarajanagara@pds| 83 - F05594 - FRice
[2026-01-19 16:43:02] district User -> Save Data | approve district change yes ->Chamarajanagara@pds| 83 - F05595 - FRice
[2026-01-19 16:43:02] district User -> Save Data | approve district change yes ->Chamarajanagara@pds| 83 - F05596 - FRice
[2026-01-19 16:43:02] district User -> Save Data | approve district change yes ->Chamarajanagara@pds| 83 - F05597 - FRice
[2026-01-19 16:43:02] district User -> Save Data | approve district change yes ->Chamarajanagara@pds| 83 - F05605 - FRice
[2026-01-19 16:43:02] district User -> Save Data | approve district change yes ->Chamarajanagara@pds| 83 - F05610 - FRice
[2026-01-19 16:43:02] district User -> Save Data | approve district change yes ->Chamarajanagara@pds| 83 - F05611 - FRice
[2026-01-19 16:43:02] district User -> Save Data | approve district change yes ->Chamarajanagara@pds| 83 - F05612 - FRice
[2026-01-19 16:43:02] district User -> Save Data | approve district change yes ->Chamarajanagara@pds| 83 - F05613 - FRice
[2026-01-19 16:43:02] district User -> Save Data | approve district change yes ->Chamarajanagara@pds| 83 - F05614 - FRice
[2026-01-19 16:43:02] district User -> Save Data | approve district change yes ->Chamarajanagara@pds| 83 - F05615 - FRice
[2026-01-19 16:43:02] district User -> Save Data | approve district change yes ->Chamarajanagara@pds| 83 - F05616 - FRice
[2026-01-19 16:43:02] district User -> Save Data | approve district change yes ->Chamarajanagara@pds| 83 - F05617 - FRice
[2026-01-19 16:43:02] district User -> Save Data | approve district change yes ->Chamarajanagara@pds| 83 - F05618 - FRice
[2026-01-19 16:43:02] district User -> Save Data | approve district change yes ->Chamarajanagara@pds| 83 - F05619 - FRice
[2026-01-19 16:43:02] district User -> Save Data | approve district change yes ->Chamarajanagara@pds| 83 - F05620 - FRice
[2026-01-19 16:43:02] district User -> Save Data | approve district change yes ->Chamarajanagara@pds| 83 - F05623 - FRice
[2026-01-19 16:43:02] district User -> Save Data | approve district change yes ->Chamarajanagara@pds| 83 - F05624 - FRice
[2026-01-19 16:43:02] district User -> Save Data | approve district change yes ->Chamarajanagara@pds| 83 - F05625 - FRice
[2026-01-19 16:43:02] district User -> Save Data | approve district change yes ->Chamarajanagara@pds| 83 - F05626 - FRice
[2026-01-19 16:43:02] district User -> Save Data | approve district change yes ->Chamarajanagara@pds| 83 - F05627 - FRice
[2026-01-19 16:43:03] district User -> Save Data | approve district change yes ->Chamarajanagara@pds| 83 - F05628 - FRice
[2026-01-19 16:43:03] district User -> Save Data | approve district change yes ->Chamarajanagara@pds| 83 - F05629 - FRice
[2026-01-19 16:43:03] district User -> Save Data | approve district change yes ->Chamarajanagara@pds| 83 - F05630 - FRice
[2026-01-19 16:43:03] district User -> Save Data | approve district change yes ->Chamarajanagara@pds| 83 - F05631 - FRice
[2026-01-19 16:43:03] district User -> Save Data | approve district change yes ->Chamarajanagara@pds| 83 - F05632 - FRice
[2026-01-19 16:43:03] district User -> Save Data | approve district change yes ->Chamarajanagara@pds| 83 - F05633 - FRice
[2026-01-19 16:43:03] district User -> Save Data | approve district change yes ->Chamarajanagara@pds| 83 - F05634 - FRice
[2026-01-19 16:43:03] district User -> Save Data | approve district change yes ->Chamarajanagara@pds| 83 - F05635 - FRice
[2026-01-19 16:43:03] district User -> Save Data | approve district change yes ->Chamarajanagara@pds| 83 - F05636 - FRice
[2026-01-19 16:43:03] district User -> Save Data | approve district change yes ->Chamarajanagara@pds| 83 - F05637 - FRice
[2026-01-19 16:43:03] district User -> Save Data | approve district change yes ->Chamarajanagara@pds| 83 - F05638 - FRice
[2026-01-19 16:43:03] district User -> Save Data | approve district change yes ->Chamarajanagara@pds| 83 - F05639 - FRice
[2026-01-19 16:43:03] district User -> Save Data | approve district change yes ->Chamarajanagara@pds| 83 - F05640 - FRice
[2026-01-19 16:43:03] district User -> Save Data | approve district change yes ->Chamarajanagara@pds| 83 - F05641 - FRice
[2026-01-19 16:43:03] district User -> Save Data | approve district change yes ->Chamarajanagara@pds| 83 - F05642 - FRice
[2026-01-19 16:43:03] district User -> Save Data | approve district change yes ->Chamarajanagara@pds| 83 - F05643 - FRice
[2026-01-19 16:43:03] district User -> Save Data | approve district change yes ->Chamarajanagara@pds| 83 - F05644 - FRice
[2026-01-19 16:43:03] district User -> Save Data | approve district change yes ->Chamarajanagara@pds| 83 - F05645 - FRice
[2026-01-19 16:43:03] district User -> Save Data | approve district change yes ->Chamarajanagara@pds| 83 - F05646 - FRice
[2026-01-19 16:43:03] district User -> Save Data | approve district change yes ->Chamarajanagara@pds| 83 - F05647 - FRice
[2026-01-19 16:43:03] district User -> Save Data | approve district change yes ->Chamarajanagara@pds| 83 - F05648 - FRice
[2026-01-19 16:43:03] district User -> Save Data | approve district change yes ->Chamarajanagara@pds| 83 - F05649 - FRice
[2026-01-19 16:43:03] district User -> Save Data | approve district change yes ->Chamarajanagara@pds| 83 - F05650 - FRice
[2026-01-19 16:43:03] district User -> Save Data | approve district change yes ->Chamarajanagara@pds| 83 - F05651 - FRice
[2026-01-19 16:43:03] district User -> Save Data | approve district change yes ->Chamarajanagara@pds| 83 - F05653 - FRice
[2026-01-19 16:43:03] district User -> Save Data | approve district change yes ->Chamarajanagara@pds| 83 - F05655 - FRice
[2026-01-19 16:43:03] district User -> Save Data | approve district change yes ->Chamarajanagara@pds| 83 - F05656 - FRice
[2026-01-19 16:43:03] district User -> Save Data | approve district change yes ->Chamarajanagara@pds| 83 - F05658 - FRice
[2026-01-19 16:43:03] district User -> Save Data | approve district change yes ->Chamarajanagara@pds| 83 - F05659 - FRice
[2026-01-19 16:43:03] district User -> Save Data | approve district change yes ->Chamarajanagara@pds| 83 - F05660 - FRice
[2026-01-19 16:43:03] district User -> Save Data | approve district change yes ->Chamarajanagara@pds| 83 - F05662 - FRice
[2026-01-19 16:43:03] district User -> Save Data | approve district change yes ->Chamarajanagara@pds| 83 - F05663 - FRice
[2026-01-19 16:45:12] User -> Save Data | district user change id ->Tumakuru@pds| 255 - F17741 - FRice| 254
[2026-01-19 16:46:12] User -> Save Data | district user change id ->Tumakuru@pds| 255 - F17758 - FRice| 254
[2026-01-19 16:49:24] User -> Save Data | district user change id ->Tumakuru@pds| 255 - F17784 - FRice| 254
[2026-01-19 16:49:49] district User -> Save Data | implemeneted ->kolar@pds| 193 - F12561 - FRice
[2026-01-19 16:49:49] district User -> Save Data | implemeneted ->kolar@pds| 194 - F12623 - FRice
[2026-01-19 16:49:49] district User -> Save Data | implemeneted ->kolar@pds| 194 - F12624 - FRice
[2026-01-19 16:49:49] district User -> Save Data | implemeneted ->kolar@pds| 194 - F12625 - FRice
[2026-01-19 16:49:49] district User -> Save Data | implemeneted ->kolar@pds| 194 - F12626 - FRice
[2026-01-19 16:49:49] district User -> Save Data | implemeneted ->kolar@pds| 194 - F12627 - FRice
[2026-01-19 16:49:49] district User -> Save Data | implemeneted ->kolar@pds| 194 - F12628 - FRice
[2026-01-19 16:49:49] district User -> Save Data | implemeneted ->kolar@pds| 194 - F12630 - FRice
[2026-01-19 16:49:49] district User -> Save Data | implemeneted ->kolar@pds| 194 - F12631 - FRice
[2026-01-19 16:49:49] district User -> Save Data | implemeneted ->kolar@pds| 194 - F12632 - FRice
[2026-01-19 16:49:49] district User -> Save Data | implemeneted ->kolar@pds| 194 - F12633 - FRice
[2026-01-19 16:49:50] district User -> Save Data | implemeneted ->kolar@pds| 194 - F12634 - FRice
[2026-01-19 16:49:50] district User -> Save Data | implemeneted ->kolar@pds| 194 - F12635 - FRice
[2026-01-19 16:49:50] district User -> Save Data | implemeneted ->kolar@pds| 194 - F12636 - FRice
[2026-01-19 16:49:50] district User -> Save Data | implemeneted ->kolar@pds| 194 - F12637 - FRice
[2026-01-19 16:49:50] district User -> Save Data | implemeneted ->kolar@pds| 194 - F12638 - FRice
[2026-01-19 16:49:50] district User -> Save Data | implemeneted ->kolar@pds| 194 - F12639 - FRice
[2026-01-19 16:49:50] district User -> Save Data | implemeneted ->kolar@pds| 194 - F12641 - FRice
[2026-01-19 16:49:50] district User -> Save Data | implemeneted ->kolar@pds| 194 - F12642 - FRice
[2026-01-19 16:49:50] district User -> Save Data | implemeneted ->kolar@pds| 194 - F12643 - FRice
[2026-01-19 16:49:50] district User -> Save Data | implemeneted ->kolar@pds| 194 - F12644 - FRice
[2026-01-19 16:49:50] district User -> Save Data | implemeneted ->kolar@pds| 194 - F12645 - FRice
[2026-01-19 16:49:50] district User -> Save Data | implemeneted ->kolar@pds| 194 - F12646 - FRice
[2026-01-19 16:49:50] district User -> Save Data | implemeneted ->kolar@pds| 194 - F12647 - FRice
[2026-01-19 16:49:50] district User -> Save Data | implemeneted ->kolar@pds| 194 - F12648 - FRice
[2026-01-19 16:49:50] district User -> Save Data | implemeneted ->kolar@pds| 194 - F12649 - FRice
[2026-01-19 16:49:50] district User -> Save Data | implemeneted ->kolar@pds| 194 - F12650 - FRice
[2026-01-19 16:49:50] district User -> Save Data | implemeneted ->kolar@pds| 194 - F12651 - FRice
[2026-01-19 16:49:50] district User -> Save Data | implemeneted ->kolar@pds| 194 - F12652 - FRice
[2026-01-19 16:49:50] district User -> Save Data | implemeneted ->kolar@pds| 194 - F12653 - FRice
[2026-01-19 16:49:50] district User -> Save Data | implemeneted ->kolar@pds| 194 - F12654 - FRice
[2026-01-19 16:49:50] district User -> Save Data | implemeneted ->kolar@pds| 194 - F12655 - FRice
[2026-01-19 16:49:50] district User -> Save Data | implemeneted ->kolar@pds| 194 - F12656 - FRice
[2026-01-19 16:49:50] district User -> Save Data | implemeneted ->kolar@pds| 194 - F12657 - FRice
[2026-01-19 16:49:50] district User -> Save Data | implemeneted ->kolar@pds| 194 - F12658 - FRice
[2026-01-19 16:49:50] district User -> Save Data | implemeneted ->kolar@pds| 194 - F12659 - FRice
[2026-01-19 16:49:51] district User -> Save Data | implemeneted ->kolar@pds| 194 - F12660 - FRice
[2026-01-19 16:49:51] district User -> Save Data | implemeneted ->kolar@pds| 194 - F12662 - FRice
[2026-01-19 16:49:51] district User -> Save Data | implemeneted ->kolar@pds| 194 - F12663 - FRice
[2026-01-19 16:49:51] district User -> Save Data | implemeneted ->kolar@pds| 194 - F12664 - FRice
[2026-01-19 16:49:51] district User -> Save Data | implemeneted ->kolar@pds| 194 - F12665 - FRice
[2026-01-19 16:49:51] district User -> Save Data | implemeneted ->kolar@pds| 194 - F12666 - FRice
[2026-01-19 16:49:51] district User -> Save Data | implemeneted ->kolar@pds| 194 - F12667 - FRice
[2026-01-19 16:49:51] district User -> Save Data | implemeneted ->kolar@pds| 194 - F12668 - FRice
[2026-01-19 16:49:51] district User -> Save Data | implemeneted ->kolar@pds| 194 - F12669 - FRice
[2026-01-19 16:49:51] district User -> Save Data | implemeneted ->kolar@pds| 194 - F12670 - FRice
[2026-01-19 16:49:51] district User -> Save Data | implemeneted ->kolar@pds| 194 - F12672 - FRice
[2026-01-19 16:49:51] district User -> Save Data | implemeneted ->kolar@pds| 194 - F12673 - FRice
[2026-01-19 16:49:51] district User -> Save Data | implemeneted ->kolar@pds| 194 - F12674 - FRice
[2026-01-19 16:49:51] district User -> Save Data | implemeneted ->kolar@pds| 194 - F12675 - FRice
[2026-01-19 16:49:51] district User -> Save Data | implemeneted ->kolar@pds| 194 - F12676 - FRice
[2026-01-19 16:49:51] district User -> Save Data | implemeneted ->kolar@pds| 194 - F12677 - FRice
[2026-01-19 16:49:51] district User -> Save Data | implemeneted ->kolar@pds| 194 - F12678 - FRice
[2026-01-19 16:49:51] district User -> Save Data | implemeneted ->kolar@pds| 194 - F12679 - FRice
[2026-01-19 16:49:51] district User -> Save Data | implemeneted ->kolar@pds| 194 - F12680 - FRice
[2026-01-19 16:49:51] district User -> Save Data | implemeneted ->kolar@pds| 194 - F12681 - FRice
[2026-01-19 16:49:51] district User -> Save Data | implemeneted ->kolar@pds| 194 - F12682 - FRice
[2026-01-19 16:49:51] district User -> Save Data | implemeneted ->kolar@pds| 194 - F12629 - FRice
[2026-01-19 16:49:51] district User -> Save Data | implemeneted ->kolar@pds| 194 - F12640 - FRice
[2026-01-19 16:49:51] district User -> Save Data | implemeneted ->kolar@pds| 194 - F12621 - FRice
[2026-01-19 16:49:51] district User -> Save Data | implemeneted ->kolar@pds| 194 - F12622 - FRice
[2026-01-19 16:49:52] district User -> Save Data | implemeneted ->kolar@pds| 194 - F12620 - FRice
[2026-01-19 16:49:52] district User -> Save Data | implemeneted ->kolar@pds| 194 - F12619 - FRice
[2026-01-19 16:49:52] district User -> Save Data | implemeneted ->kolar@pds| 194 - F12618 - FRice
[2026-01-19 16:49:52] district User -> Save Data | implemeneted ->kolar@pds| 194 - F12616 - FRice
[2026-01-19 16:49:52] district User -> Save Data | implemeneted ->kolar@pds| 194 - F12615 - FRice
[2026-01-19 16:49:52] district User -> Save Data | implemeneted ->kolar@pds| 194 - F12614 - FRice
[2026-01-19 16:49:52] district User -> Save Data | implemeneted ->kolar@pds| 194 - F12612 - FRice
[2026-01-19 16:49:52] district User -> Save Data | implemeneted ->kolar@pds| 194 - F12611 - FRice
[2026-01-19 16:49:52] district User -> Save Data | implemeneted ->kolar@pds| 194 - F12610 - FRice
[2026-01-19 16:49:52] district User -> Save Data | implemeneted ->kolar@pds| 194 - F12609 - FRice
[2026-01-19 16:49:52] district User -> Save Data | implemeneted ->kolar@pds| 194 - F12608 - FRice
[2026-01-19 16:49:52] district User -> Save Data | implemeneted ->kolar@pds| 194 - F12607 - FRice
[2026-01-19 16:49:52] district User -> Save Data | implemeneted ->kolar@pds| 194 - F12606 - FRice
[2026-01-19 16:49:52] district User -> Save Data | implemeneted ->kolar@pds| 194 - F12604 - FRice
[2026-01-19 16:49:52] district User -> Save Data | implemeneted ->kolar@pds| 194 - F12603 - FRice
[2026-01-19 16:49:52] district User -> Save Data | implemeneted ->kolar@pds| 194 - F12601 - FRice
[2026-01-19 16:49:52] district User -> Save Data | implemeneted ->kolar@pds| 194 - F12600 - FRice
[2026-01-19 16:49:52] district User -> Save Data | implemeneted ->kolar@pds| 194 - F12599 - FRice
[2026-01-19 16:49:52] district User -> Save Data | implemeneted ->kolar@pds| 194 - F12598 - FRice
[2026-01-19 16:49:52] district User -> Save Data | implemeneted ->kolar@pds| 194 - F12597 - FRice
[2026-01-19 16:49:52] district User -> Save Data | implemeneted ->kolar@pds| 194 - F12596 - FRice
[2026-01-19 16:49:52] district User -> Save Data | implemeneted ->kolar@pds| 194 - F12595 - FRice
[2026-01-19 16:49:52] district User -> Save Data | implemeneted ->kolar@pds| 194 - F12594 - FRice
[2026-01-19 16:51:07] User -> Save Data | district user change id ->Tumakuru@pds| 255 - F17785 - FRice| 254
[2026-01-19 16:52:07] district User -> Save Data | implemeneted ->kolar@pds| 194 - F12562 - FRice
[2026-01-19 16:52:07] district User -> Save Data | implemeneted ->kolar@pds| 194 - F12564 - FRice
[2026-01-19 16:52:07] district User -> Save Data | implemeneted ->kolar@pds| 194 - F12565 - FRice
[2026-01-19 16:52:07] district User -> Save Data | implemeneted ->kolar@pds| 194 - F12566 - FRice
[2026-01-19 16:52:07] district User -> Save Data | implemeneted ->kolar@pds| 194 - F12567 - FRice
[2026-01-19 16:52:08] district User -> Save Data | implemeneted ->kolar@pds| 194 - F12568 - FRice
[2026-01-19 16:52:08] district User -> Save Data | implemeneted ->kolar@pds| 194 - F12569 - FRice
[2026-01-19 16:52:08] district User -> Save Data | implemeneted ->kolar@pds| 194 - F12570 - FRice
[2026-01-19 16:52:08] district User -> Save Data | implemeneted ->kolar@pds| 194 - F12571 - FRice
[2026-01-19 16:52:08] district User -> Save Data | implemeneted ->kolar@pds| 194 - F12573 - FRice
[2026-01-19 16:52:08] district User -> Save Data | implemeneted ->kolar@pds| 194 - F12574 - FRice
[2026-01-19 16:52:08] district User -> Save Data | implemeneted ->kolar@pds| 194 - F12575 - FRice
[2026-01-19 16:52:08] district User -> Save Data | implemeneted ->kolar@pds| 194 - F12576 - FRice
[2026-01-19 16:52:08] district User -> Save Data | implemeneted ->kolar@pds| 194 - F12577 - FRice
[2026-01-19 16:52:08] district User -> Save Data | implemeneted ->kolar@pds| 194 - F12580 - FRice
[2026-01-19 16:52:08] district User -> Save Data | implemeneted ->kolar@pds| 194 - F12581 - FRice
[2026-01-19 16:52:08] district User -> Save Data | implemeneted ->kolar@pds| 194 - F12582 - FRice
[2026-01-19 16:52:08] district User -> Save Data | implemeneted ->kolar@pds| 194 - F12583 - FRice
[2026-01-19 16:52:08] district User -> Save Data | implemeneted ->kolar@pds| 194 - F12584 - FRice
[2026-01-19 16:52:08] district User -> Save Data | implemeneted ->kolar@pds| 194 - F12585 - FRice
[2026-01-19 16:52:08] district User -> Save Data | implemeneted ->kolar@pds| 194 - F12586 - FRice
[2026-01-19 16:52:08] district User -> Save Data | implemeneted ->kolar@pds| 194 - F12587 - FRice
[2026-01-19 16:52:08] district User -> Save Data | implemeneted ->kolar@pds| 194 - F12588 - FRice
[2026-01-19 16:52:08] district User -> Save Data | implemeneted ->kolar@pds| 194 - F12589 - FRice
[2026-01-19 16:52:08] district User -> Save Data | implemeneted ->kolar@pds| 194 - F12590 - FRice
[2026-01-19 16:52:08] district User -> Save Data | implemeneted ->kolar@pds| 194 - F12591 - FRice
[2026-01-19 16:52:08] district User -> Save Data | implemeneted ->kolar@pds| 194 - F12592 - FRice
[2026-01-19 16:52:08] district User -> Save Data | implemeneted ->kolar@pds| 194 - F12593 - FRice
[2026-01-19 16:55:55] district User -> Save Data | implemeneted ->kolar@pds| 191 - F12344 - FRice
[2026-01-19 17:06:33] district User -> Save Data | approve district change yes ->Chitradurga@pds| 100 - F06942 - FRice
[2026-01-19 17:07:49] district User -> Save Data | approve district change yes ->Chitradurga@pds| 100 - F06943 - FRice
[2026-01-19 17:09:08] district User -> Save Data | approve district change yes ->Chitradurga@pds| 100 - F06951 - FRice
[2026-01-19 17:09:52] district User -> Save Data | approve district change yes ->Chitradurga@pds| 100 - F06953 - FRice
[2026-01-19 17:10:05] district User -> Save Data | approve district change yes ->Chitradurga@pds| 100 - F06966 - FRice
[2026-01-19 17:10:48] district User -> Save Data | approve district change yes ->Chitradurga@pds| 100 - F06970 - FRice
[2026-01-19 17:11:11] district User -> Save Data | approve district change yes ->Chitradurga@pds| 100 - F06971 - FRice
[2026-01-19 17:11:16] district User -> Save Data | approve district change yes ->Chitradurga@pds| 100 - F06974 - FRice
[2026-01-19 17:11:40] district User -> Save Data | approve district change yes ->Chitradurga@pds| 100 - F06975 - FRice
[2026-01-19 17:11:48] district User -> Save Data | approve district change yes ->Chamarajanagara@pds| 84 - F05748 - FRice
[2026-01-19 17:11:48] district User -> Save Data | approve district change yes ->Chamarajanagara@pds| 84 - F05752 - FRice
[2026-01-19 17:11:48] district User -> Save Data | approve district change yes ->Chamarajanagara@pds| 84 - F05753 - FRice
[2026-01-19 17:11:48] district User -> Save Data | approve district change yes ->Chamarajanagara@pds| 84 - F05754 - FRice
[2026-01-19 17:11:48] district User -> Save Data | approve district change yes ->Chamarajanagara@pds| 84 - F05755 - FRice
[2026-01-19 17:11:48] district User -> Save Data | approve district change yes ->Chamarajanagara@pds| 84 - F05756 - FRice
[2026-01-19 17:11:48] district User -> Save Data | approve district change yes ->Chamarajanagara@pds| 84 - F05757 - FRice
[2026-01-19 17:11:48] district User -> Save Data | approve district change yes ->Chamarajanagara@pds| 84 - F05758 - FRice
[2026-01-19 17:11:48] district User -> Save Data | approve district change yes ->Chamarajanagara@pds| 84 - F05759 - FRice
[2026-01-19 17:11:48] district User -> Save Data | approve district change yes ->Chamarajanagara@pds| 84 - F05760 - FRice
[2026-01-19 17:11:48] district User -> Save Data | approve district change yes ->Chamarajanagara@pds| 84 - F05761 - FRice
[2026-01-19 17:11:48] district User -> Save Data | approve district change yes ->Chamarajanagara@pds| 84 - F05762 - FRice
[2026-01-19 17:11:48] district User -> Save Data | approve district change yes ->Chamarajanagara@pds| 84 - F05763 - FRice
[2026-01-19 17:11:48] district User -> Save Data | approve district change yes ->Chamarajanagara@pds| 84 - F05764 - FRice
[2026-01-19 17:11:48] district User -> Save Data | approve district change yes ->Chamarajanagara@pds| 84 - F05765 - FRice
[2026-01-19 17:11:48] district User -> Save Data | approve district change yes ->Chamarajanagara@pds| 84 - F05766 - FRice
[2026-01-19 17:11:48] district User -> Save Data | approve district change yes ->Chamarajanagara@pds| 84 - F05767 - FRice
[2026-01-19 17:11:48] district User -> Save Data | approve district change yes ->Chamarajanagara@pds| 84 - F05768 - FRice
[2026-01-19 17:11:48] district User -> Save Data | approve district change yes ->Chamarajanagara@pds| 84 - F05769 - FRice
[2026-01-19 17:11:48] district User -> Save Data | approve district change yes ->Chamarajanagara@pds| 84 - F05770 - FRice
[2026-01-19 17:11:48] district User -> Save Data | approve district change yes ->Chamarajanagara@pds| 84 - F05771 - FRice
[2026-01-19 17:11:48] district User -> Save Data | approve district change yes ->Chamarajanagara@pds| 84 - F05772 - FRice
[2026-01-19 17:11:48] district User -> Save Data | approve district change yes ->Chamarajanagara@pds| 84 - F05773 - FRice
[2026-01-19 17:11:48] district User -> Save Data | approve district change yes ->Chamarajanagara@pds| 84 - F05774 - FRice
[2026-01-19 17:11:48] district User -> Save Data | approve district change yes ->Chamarajanagara@pds| 84 - F05775 - FRice
[2026-01-19 17:11:48] district User -> Save Data | approve district change yes ->Chamarajanagara@pds| 84 - F05776 - FRice
[2026-01-19 17:11:48] district User -> Save Data | approve district change yes ->Chamarajanagara@pds| 84 - F05778 - FRice
[2026-01-19 17:11:48] district User -> Save Data | approve district change yes ->Chamarajanagara@pds| 84 - F05779 - FRice
[2026-01-19 17:11:48] district User -> Save Data | approve district change yes ->Chamarajanagara@pds| 84 - F05782 - FRice
[2026-01-19 17:11:48] district User -> Save Data | approve district change yes ->Chamarajanagara@pds| 84 - F05785 - FRice
[2026-01-19 17:11:48] district User -> Save Data | approve district change yes ->Chamarajanagara@pds| 84 - F05792 - FRice
[2026-01-19 17:11:48] district User -> Save Data | approve district change yes ->Chamarajanagara@pds| 84 - F05793 - FRice
[2026-01-19 17:11:48] district User -> Save Data | approve district change yes ->Chamarajanagara@pds| 84 - F05794 - FRice
[2026-01-19 17:11:48] district User -> Save Data | approve district change yes ->Chamarajanagara@pds| 84 - F05795 - FRice
[2026-01-19 17:11:48] district User -> Save Data | approve district change yes ->Chamarajanagara@pds| 84 - F05802 - FRice
[2026-01-19 17:11:48] district User -> Save Data | approve district change yes ->Chamarajanagara@pds| 84 - F05803 - FRice
[2026-01-19 17:11:49] district User -> Save Data | approve district change yes ->Chamarajanagara@pds| 84 - F05805 - FRice
[2026-01-19 17:11:49] district User -> Save Data | approve district change yes ->Chamarajanagara@pds| 84 - F05806 - FRice
[2026-01-19 17:11:49] district User -> Save Data | approve district change yes ->Chamarajanagara@pds| 84 - F05807 - FRice
[2026-01-19 17:11:49] district User -> Save Data | approve district change yes ->Chamarajanagara@pds| 84 - F05808 - FRice
[2026-01-19 17:11:49] district User -> Save Data | approve district change yes ->Chamarajanagara@pds| 84 - F05809 - FRice
[2026-01-19 17:11:49] district User -> Save Data | approve district change yes ->Chamarajanagara@pds| 84 - F05810 - FRice
[2026-01-19 17:11:49] district User -> Save Data | approve district change yes ->Chamarajanagara@pds| 84 - F05811 - FRice
[2026-01-19 17:11:49] district User -> Save Data | approve district change yes ->Chamarajanagara@pds| 84 - F05812 - FRice
[2026-01-19 17:11:49] district User -> Save Data | approve district change yes ->Chamarajanagara@pds| 84 - F05813 - FRice
[2026-01-19 17:11:49] district User -> Save Data | approve district change yes ->Chamarajanagara@pds| 84 - F05814 - FRice
[2026-01-19 17:11:49] district User -> Save Data | approve district change yes ->Chamarajanagara@pds| 84 - F05815 - FRice
[2026-01-19 17:11:49] district User -> Save Data | approve district change yes ->Chamarajanagara@pds| 84 - F05816 - FRice
[2026-01-19 17:11:49] district User -> Save Data | approve district change yes ->Chamarajanagara@pds| 84 - F05817 - FRice
[2026-01-19 17:11:49] district User -> Save Data | approve district change yes ->Chamarajanagara@pds| 84 - F05818 - FRice
[2026-01-19 17:11:49] district User -> Save Data | approve district change yes ->Chamarajanagara@pds| 84 - F05819 - FRice
[2026-01-19 17:11:49] district User -> Save Data | approve district change yes ->Chamarajanagara@pds| 84 - F05820 - FRice
[2026-01-19 17:11:49] district User -> Save Data | approve district change yes ->Chamarajanagara@pds| 84 - F05821 - FRice
[2026-01-19 17:11:49] district User -> Save Data | approve district change yes ->Chamarajanagara@pds| 84 - F05822 - FRice
[2026-01-19 17:11:49] district User -> Save Data | approve district change yes ->Chamarajanagara@pds| 84 - F05823 - FRice
[2026-01-19 17:11:49] district User -> Save Data | approve district change yes ->Chamarajanagara@pds| 84 - F05824 - FRice
[2026-01-19 17:11:49] district User -> Save Data | approve district change yes ->Chamarajanagara@pds| 84 - F05825 - FRice
[2026-01-19 17:11:49] district User -> Save Data | approve district change yes ->Chamarajanagara@pds| 84 - F05826 - FRice
[2026-01-19 17:11:49] district User -> Save Data | approve district change yes ->Chamarajanagara@pds| 84 - F05827 - FRice
[2026-01-19 17:11:49] User -> Save Data | district user change id ->Chamarajanagara@pds| 84 - F05851 - FRice| same
[2026-01-19 17:11:59] district User -> Save Data | approve district change yes ->Chitradurga@pds| 100 - F06976 - FRice
[2026-01-19 17:12:14] district User -> Save Data | approve district change yes ->Chitradurga@pds| 100 - F06977 - FRice
[2026-01-19 17:12:30] district User -> Save Data | approve district change yes ->Chitradurga@pds| 100 - F06979 - FRice
[2026-01-19 17:15:27] district User -> Save Data | approve district change yes ->Chitradurga@pds| 100 - F06980 - FRice
[2026-01-19 17:15:42] district User -> Save Data | approve district change yes ->Chitradurga@pds| 100 - F06981 - FRice
[2026-01-19 17:16:13] district User -> Save Data | approve district change yes ->Chitradurga@pds| 100 - F06982 - FRice
[2026-01-19 17:16:28] district User -> Save Data | approve district change yes ->Chitradurga@pds| 100 - F06983 - FRice
[2026-01-19 17:16:46] district User -> Save Data | approve district change yes ->Chitradurga@pds| 100 - F06984 - FRice
[2026-01-19 17:17:03] district User -> Save Data | approve district change yes ->Chitradurga@pds| 100 - F06985 - FRice
[2026-01-19 17:17:22] district User -> Save Data | approve district change yes ->Chitradurga@pds| 100 - F06986 - FRice
[2026-01-19 17:17:35] district User -> Save Data | approve district change yes ->Chitradurga@pds| 100 - F06987 - FRice
[2026-01-19 17:17:51] district User -> Save Data | approve district change yes ->Chitradurga@pds| 100 - F06988 - FRice
[2026-01-19 17:18:11] district User -> Save Data | approve district change yes ->Chitradurga@pds| 100 - F06989 - FRice
[2026-01-19 17:18:25] district User -> Save Data | approve district change yes ->Chitradurga@pds| 100 - F06989 - FRice
[2026-01-19 17:18:39] district User -> Save Data | approve district change yes ->Chitradurga@pds| 100 - F06990 - FRice
[2026-01-19 17:19:21] district User -> Save Data | approve district change yes ->Chitradurga@pds| 100 - F06995 - FRice
[2026-01-19 17:19:38] district User -> Save Data | approve district change yes ->Chitradurga@pds| 100 - F07000 - FRice
[2026-01-19 17:19:53] district User -> Save Data | approve district change yes ->Chitradurga@pds| 100 - F07003 - FRice
[2026-01-19 17:37:04] district User -> Save Data | implemeneted ->kolar@pds| 191 - F12423 - FRice
[2026-01-19 17:37:04] district User -> Save Data | implemeneted ->kolar@pds| 191 - F12426 - FRice
[2026-01-19 17:37:04] district User -> Save Data | implemeneted ->kolar@pds| 191 - F12427 - FRice
[2026-01-19 17:37:04] district User -> Save Data | implemeneted ->kolar@pds| 191 - F12429 - FRice
[2026-01-19 17:37:04] district User -> Save Data | implemeneted ->kolar@pds| 191 - F12430 - FRice
[2026-01-19 17:37:04] district User -> Save Data | implemeneted ->kolar@pds| 191 - F12458 - FRice
[2026-01-19 17:37:04] district User -> Save Data | implemeneted ->kolar@pds| 191 - F12459 - FRice
[2026-01-19 17:37:04] district User -> Save Data | implemeneted ->kolar@pds| 191 - F12461 - FRice
[2026-01-19 17:37:04] district User -> Save Data | implemeneted ->kolar@pds| 191 - F12462 - FRice
[2026-01-19 17:37:04] district User -> Save Data | implemeneted ->kolar@pds| 191 - F12463 - FRice
[2026-01-19 17:37:04] district User -> Save Data | implemeneted ->kolar@pds| 191 - F12464 - FRice
[2026-01-19 17:37:04] district User -> Save Data | implemeneted ->kolar@pds| 191 - F12465 - FRice
[2026-01-19 17:42:58] district User -> Save Data | implemeneted ->kolar@pds| 192 - F12375 - FRice
[2026-01-19 17:42:58] district User -> Save Data | implemeneted ->kolar@pds| 192 - F12377 - FRice
[2026-01-19 17:42:58] district User -> Save Data | implemeneted ->kolar@pds| 192 - F12380 - FRice
[2026-01-19 17:42:58] district User -> Save Data | implemeneted ->kolar@pds| 192 - F12387 - FRice
[2026-01-19 17:42:58] district User -> Save Data | implemeneted ->kolar@pds| 192 - F12390 - FRice
[2026-01-19 17:42:58] district User -> Save Data | implemeneted ->kolar@pds| 192 - F12392 - FRice
[2026-01-19 17:42:58] district User -> Save Data | implemeneted ->kolar@pds| 192 - F12408 - FRice
[2026-01-19 17:42:58] district User -> Save Data | implemeneted ->kolar@pds| 192 - F12431 - FRice
[2026-01-19 17:42:58] district User -> Save Data | implemeneted ->kolar@pds| 192 - F12433 - FRice
[2026-01-19 17:42:58] district User -> Save Data | implemeneted ->kolar@pds| 192 - F12439 - FRice
[2026-01-19 17:42:58] district User -> Save Data | implemeneted ->kolar@pds| 192 - F12443 - FRice
[2026-01-19 17:42:58] district User -> Save Data | implemeneted ->kolar@pds| 192 - F12444 - FRice
[2026-01-19 17:42:58] district User -> Save Data | implemeneted ->kolar@pds| 192 - F12445 - FRice
[2026-01-19 17:42:58] district User -> Save Data | implemeneted ->kolar@pds| 192 - F12447 - FRice
[2026-01-19 17:42:58] district User -> Save Data | implemeneted ->kolar@pds| 192 - F12448 - FRice
[2026-01-19 17:42:58] district User -> Save Data | implemeneted ->kolar@pds| 192 - F12449 - FRice
[2026-01-19 17:42:58] district User -> Save Data | implemeneted ->kolar@pds| 192 - F12450 - FRice
[2026-01-19 17:42:58] district User -> Save Data | implemeneted ->kolar@pds| 192 - F12451 - FRice
[2026-01-19 17:42:58] district User -> Save Data | implemeneted ->kolar@pds| 192 - F12452 - FRice
[2026-01-19 17:42:58] district User -> Save Data | implemeneted ->kolar@pds| 192 - F12453 - FRice
[2026-01-19 17:42:58] district User -> Save Data | implemeneted ->kolar@pds| 192 - F12454 - FRice
[2026-01-19 17:42:58] district User -> Save Data | implemeneted ->kolar@pds| 192 - F12456 - FRice
[2026-01-19 17:42:58] district User -> Save Data | implemeneted ->kolar@pds| 192 - F12457 - FRice
[2026-01-19 17:49:56] district User -> Save Data | implemeneted ->kolar@pds| 195 - F12689 - FRice
[2026-01-19 17:49:56] district User -> Save Data | implemeneted ->kolar@pds| 195 - F12693 - FRice
[2026-01-19 17:49:56] district User -> Save Data | implemeneted ->kolar@pds| 195 - F12698 - FRice
[2026-01-19 17:49:56] district User -> Save Data | implemeneted ->kolar@pds| 195 - F12705 - FRice
[2026-01-19 17:49:56] district User -> Save Data | implemeneted ->kolar@pds| 195 - F12706 - FRice
[2026-01-19 17:49:56] district User -> Save Data | implemeneted ->kolar@pds| 195 - F12707 - FRice
[2026-01-19 17:49:56] district User -> Save Data | implemeneted ->kolar@pds| 195 - F12708 - FRice
[2026-01-19 17:49:56] district User -> Save Data | implemeneted ->kolar@pds| 195 - F12718 - FRice
[2026-01-19 17:49:56] district User -> Save Data | implemeneted ->kolar@pds| 195 - F12719 - FRice
[2026-01-19 17:49:56] district User -> Save Data | implemeneted ->kolar@pds| 195 - F12722 - FRice
[2026-01-19 17:49:56] district User -> Save Data | implemeneted ->kolar@pds| 195 - F12727 - FRice
[2026-01-19 17:49:56] district User -> Save Data | implemeneted ->kolar@pds| 195 - F12732 - FRice
[2026-01-19 17:49:56] district User -> Save Data | implemeneted ->kolar@pds| 195 - F12740 - FRice
[2026-01-19 17:49:56] district User -> Save Data | implemeneted ->kolar@pds| 195 - F12741 - FRice
[2026-01-19 17:49:56] district User -> Save Data | implemeneted ->kolar@pds| 195 - F12744 - FRice
[2026-01-19 17:49:56] district User -> Save Data | implemeneted ->kolar@pds| 195 - F12749 - FRice
[2026-01-19 17:49:56] district User -> Save Data | implemeneted ->kolar@pds| 195 - F12754 - FRice
[2026-01-19 17:49:56] district User -> Save Data | implemeneted ->kolar@pds| 195 - F12755 - FRice
[2026-01-19 17:49:56] district User -> Save Data | implemeneted ->kolar@pds| 195 - F12758 - FRice
[2026-01-19 17:49:56] district User -> Save Data | implemeneted ->kolar@pds| 195 - F12762 - FRice
[2026-01-19 17:49:56] district User -> Save Data | implemeneted ->kolar@pds| 195 - F12763 - FRice
[2026-01-19 17:49:57] district User -> Save Data | implemeneted ->kolar@pds| 195 - F12764 - FRice
[2026-01-19 17:49:57] district User -> Save Data | implemeneted ->kolar@pds| 195 - F12765 - FRice
[2026-01-19 17:49:57] district User -> Save Data | implemeneted ->kolar@pds| 195 - F12766 - FRice
[2026-01-19 17:49:57] district User -> Save Data | implemeneted ->kolar@pds| 195 - F12767 - FRice
[2026-01-19 17:49:57] district User -> Save Data | implemeneted ->kolar@pds| 195 - F12768 - FRice
[2026-01-19 17:49:57] district User -> Save Data | implemeneted ->kolar@pds| 195 - F12769 - FRice
[2026-01-19 17:52:42] district User -> Save Data | approve district change yes ->Mysuru@pds| 216 - F14116 - FRice
