[2026-01-23 11:08:48] User -> Save Data | district user change id ->Kalaburagi@pds| 157 - F11533 - FRice| 156
[2026-01-23 11:10:17] User -> Save Data | district user change id ->Kalaburagi@pds| 157 - F11475 - FRice| 156
[2026-01-23 11:10:19] User -> Save Data | district user change id ->Hassan@pds| 168 - F09803 - FRice| 169
[2026-01-23 11:10:35] User -> Save Data | district user change id ->Hassan@pds| 168 - F09805 - FRice| 169
[2026-01-23 11:10:57] User -> Save Data | district user change id ->Hassan@pds| 168 - F09816 - FRice| 170
[2026-01-23 11:11:11] User -> Save Data | district user change id ->Kalaburagi@pds| 157 - F11476 - FRice| 156
[2026-01-23 11:11:11] User -> Save Data | district user change id ->Kalaburagi@pds| 157 - F11476 - FRice| 156
[2026-01-23 11:11:43] User -> Save Data | district user change id ->Kalaburagi@pds| 157 - F11477 - FRice| 156
[2026-01-23 11:12:01] User -> Save Data | district user change id ->Kalaburagi@pds| 157 - F11478 - FRice| 156
[2026-01-23 11:12:29] User -> Save Data | district user change id ->Kalaburagi@pds| 157 - F11479 - FRice| 156
[2026-01-23 11:12:51] User -> Save Data | district user change id ->Kalaburagi@pds| 157 - F11480 - FRice| 156
[2026-01-23 11:13:10] User -> Save Data | district user change id ->Kalaburagi@pds| 157 - F11481 - FRice| 156
[2026-01-23 11:13:28] User -> Save Data | district user change id ->Kalaburagi@pds| 157 - F11483 - FRice| 156
[2026-01-23 11:13:57] User -> Save Data | district user change id ->Kalaburagi@pds| 157 - F11484 - FRice| 156
[2026-01-23 11:14:34] User -> Save Data | district user change id ->Kalaburagi@pds| 157 - F11485 - FRice| 156
[2026-01-23 11:14:51] User -> Save Data | district user change id ->Hassan@pds| 168 - F09854 - FRice| 165
[2026-01-23 11:15:13] district User -> Save Data | approve district change yes ->Hassan@pds| 168 - F09982 - FRice
[2026-01-23 11:15:30] User -> Save Data | district user change id ->Hassan@pds| 168 - F09987 - FRice| 169
[2026-01-23 11:15:39] district User -> Save Data | approve district change yes ->Hassan@pds| 168 - F09988 - FRice
[2026-01-23 11:15:44] district User -> Save Data | approve district change yes ->Hassan@pds| 168 - F09989 - FRice
[2026-01-23 11:16:13] User -> Save Data | district user change id ->Hassan@pds| 168 - F09992 - FRice| 169
[2026-01-23 11:16:25] User -> Save Data | district user change id ->Hassan@pds| 168 - F09994 - FRice| 169
[2026-01-23 11:16:35] User -> Save Data | district user change id ->Hassan@pds| 168 - F09995 - FRice| 169
[2026-01-23 11:16:45] User -> Save Data | district user change id ->Hassan@pds| 168 - F09996 - FRice| 169
[2026-01-23 11:16:58] User -> Save Data | district user change id ->Hassan@pds| 168 - F09997 - FRice| 169
[2026-01-23 11:17:09] User -> Save Data | district user change id ->Hassan@pds| 168 - F09998 - FRice| 169
[2026-01-23 11:17:19] User -> Save Data | district user change id ->Hassan@pds| 168 - F09999 - FRice| 169
[2026-01-23 11:17:29] User -> Save Data | district user change id ->Hassan@pds| 168 - F10000 - FRice| 169
[2026-01-23 11:17:38] User -> Save Data | district user change id ->Hassan@pds| 168 - F10001 - FRice| 169
[2026-01-23 11:17:48] User -> Save Data | district user change id ->Hassan@pds| 168 - F10002 - FRice| 169
[2026-01-23 11:17:58] User -> Save Data | district user change id ->Hassan@pds| 168 - F10003 - FRice| 169
[2026-01-23 11:18:14] User -> Save Data | district user change id ->Hassan@pds| 168 - F10004 - FRice| 169
[2026-01-23 11:18:40] district User -> Save Data | approve district change yes ->Hassan@pds| 168 - F10006 - FRice
[2026-01-23 11:19:00] User -> Save Data | district user change id ->Hassan@pds| 168 - F10007 - FRice| 169
[2026-01-23 11:19:10] User -> Save Data | district user change id ->Hassan@pds| 168 - F10008 - FRice| 169
[2026-01-23 11:19:29] district User -> Save Data | approve district change yes ->Hassan@pds| 168 - F10009 - FRice
[2026-01-23 11:19:35] User -> Save Data | district user change id ->Kalaburagi@pds| 157 - F11486 - FRice| 156
[2026-01-23 11:19:50] User -> Save Data | district user change id ->Hassan@pds| 168 - F10011 - FRice| 169
[2026-01-23 11:20:01] User -> Save Data | district user change id ->Kalaburagi@pds| 157 - F11487 - FRice| 156
[2026-01-23 11:20:01] User -> Save Data | district user change id ->Hassan@pds| 168 - F10012 - FRice| 169
[2026-01-23 11:20:12] User -> Save Data | district user change id ->Hassan@pds| 168 - F10014 - FRice| 169
[2026-01-23 11:20:22] User -> Save Data | district user change id ->Hassan@pds| 168 - F10015 - FRice| 169
[2026-01-23 11:20:26] User -> Save Data | district user change id ->Kalaburagi@pds| 157 - F11488 - FRice| 156
[2026-01-23 11:20:47] User -> Save Data | district user change id ->Kalaburagi@pds| 157 - F11489 - FRice| 156
[2026-01-23 11:20:51] User -> Save Data | district user change id ->Hassan@pds| 168 - F10016 - FRice| 169
[2026-01-23 11:21:01] User -> Save Data | district user change id ->Hassan@pds| 168 - F10018 - FRice| 169
[2026-01-23 11:21:10] User -> Save Data | district user change id ->Hassan@pds| 168 - F10019 - FRice| 169
[2026-01-23 11:21:21] User -> Save Data | district user change id ->Hassan@pds| 168 - F10020 - FRice| 169
[2026-01-23 11:21:31] User -> Save Data | district user change id ->Hassan@pds| 168 - F10021 - FRice| 169
[2026-01-23 11:21:51] User -> Save Data | district user change id ->Hassan@pds| 168 - F10022 - FRice| 169
[2026-01-23 11:22:18] User -> Save Data | district user change id ->Hassan@pds| 168 - F10023 - FRice| 169
[2026-01-23 11:22:31] district User -> Save Data | approve district change yes ->Hassan@pds| 168 - F10044 - FRice
[2026-01-23 11:22:36] district User -> Save Data | approve district change yes ->Hassan@pds| 168 - F10045 - FRice
[2026-01-23 11:22:40] district User -> Save Data | approve district change yes ->Hassan@pds| 168 - F10046 - FRice
[2026-01-23 11:22:45] district User -> Save Data | approve district change yes ->Hassan@pds| 168 - F10049 - FRice
[2026-01-23 11:22:49] district User -> Save Data | approve district change yes ->Hassan@pds| 168 - F10050 - FRice
[2026-01-23 11:22:54] district User -> Save Data | approve district change yes ->Hassan@pds| 168 - F10051 - FRice
[2026-01-23 11:23:14] User -> Save Data | district user change id ->Hassan@pds| 168 - F10054 - FRice| 169
[2026-01-23 11:23:25] User -> Save Data | district user change id ->Hassan@pds| 168 - F10056 - FRice| 169
[2026-01-23 11:23:33] User -> Save Data | district user change id ->Hassan@pds| 168 - F10057 - FRice| 169
[2026-01-23 11:23:47] district User -> Save Data | approve district change yes ->Hassan@pds| 168 - F10058 - FRice
[2026-01-23 11:24:00] User -> Save Data | district user change id ->Hassan@pds| 168 - F10059 - FRice| 169
[2026-01-23 11:24:10] User -> Save Data | district user change id ->Hassan@pds| 168 - F10060 - FRice| 169
[2026-01-23 11:26:49] district User -> Save Data | approve district change yes ->Uttarakannada@pds| 269 - F18302 - FRice
[2026-01-23 11:27:11] User -> Save Data | district user change id ->Kalaburagi@pds| 157 - F11490 - FRice| 156
[2026-01-23 11:27:38] User -> Save Data | district user change id ->Kalaburagi@pds| 157 - F11491 - FRice| 156
[2026-01-23 11:28:03] User -> Save Data | district user change id ->Kalaburagi@pds| 157 - F11492 - FRice| 156
[2026-01-23 11:28:22] User -> Save Data | district user change id ->Kalaburagi@pds| 157 - F11493 - FRice| 156
[2026-01-23 11:28:30] district User -> Save Data | approve district change yes ->Hassan@pds| 168 - F10061 - FRice
[2026-01-23 11:28:43] district User -> Save Data | implemeneted ->Uttarakannada@pds| 269 - F18302 - FRice
[2026-01-23 11:28:57] User -> Save Data | district user change id ->Hassan@pds| 168 - F10062 - FRice| 169
[2026-01-23 11:29:07] User -> Save Data | district user change id ->Hassan@pds| 168 - F10063 - FRice| 169
[2026-01-23 11:29:09] User -> Save Data | district user change id ->Kalaburagi@pds| 157 - F11494 - FRice| 156
[2026-01-23 11:29:17] User -> Save Data | district user change id ->Hassan@pds| 168 - F10066 - FRice| 169
[2026-01-23 11:29:27] User -> Save Data | district user change id ->Hassan@pds| 168 - F10068 - FRice| 169
[2026-01-23 11:29:48] User -> Save Data | district user change id ->Hassan@pds| 168 - F10070 - FRice| 169
[2026-01-23 11:29:58] User -> Save Data | district user change id ->Hassan@pds| 168 - F10071 - FRice| 169
[2026-01-23 11:30:09] district User -> Save Data | approve district change yes ->Hassan@pds| 168 - F10077 - FRice
[2026-01-23 11:30:29] User -> Save Data | district user change id ->Hassan@pds| 168 - F10078 - FRice| 169
[2026-01-23 11:30:39] User -> Save Data | district user change id ->Hassan@pds| 168 - F10079 - FRice| 169
[2026-01-23 11:30:49] User -> Save Data | district user change id ->Hassan@pds| 168 - F10080 - FRice| 169
[2026-01-23 11:30:58] User -> Save Data | district user change id ->Hassan@pds| 168 - F10081 - FRice| 169
[2026-01-23 11:31:09] User -> Save Data | district user change id ->Hassan@pds| 168 - F10083 - FRice| 169
[2026-01-23 11:31:24] district User -> Save Data | approve district change yes ->Hassan@pds| 168 - F10084 - FRice
[2026-01-23 11:31:29] district User -> Save Data | approve district change yes ->Hassan@pds| 168 - F10085 - FRice
[2026-01-23 11:31:34] district User -> Save Data | approve district change yes ->Hassan@pds| 168 - F10087 - FRice
[2026-01-23 11:31:37] district User -> Save Data | approve district change yes ->Uttarakannada@pds| 270 - F18293 - FRice
[2026-01-23 11:31:38] district User -> Save Data | approve district change yes ->Hassan@pds| 168 - F10088 - FRice
[2026-01-23 11:31:43] district User -> Save Data | approve district change yes ->Hassan@pds| 168 - F10089 - FRice
[2026-01-23 11:31:47] district User -> Save Data | approve district change yes ->Hassan@pds| 168 - F10091 - FRice
[2026-01-23 11:31:52] district User -> Save Data | approve district change yes ->Hassan@pds| 168 - F10092 - FRice
[2026-01-23 11:31:55] district User -> Save Data | implemeneted ->Uttarakannada@pds| 270 - F18293 - FRice
[2026-01-23 11:31:57] district User -> Save Data | approve district change yes ->Hassan@pds| 168 - F10093 - FRice
[2026-01-23 11:32:05] district User -> Save Data | approve district change yes ->Hassan@pds| 168 - F10094 - FRice
[2026-01-23 11:32:26] User -> Save Data | district user change id ->Hassan@pds| 168 - F10182 - FRice| 171
[2026-01-23 11:32:36] User -> Save Data | district user change id ->Hassan@pds| 168 - F10185 - FRice| 171
[2026-01-23 11:32:36] district User -> Save Data | approve district change yes ->Uttarakannada@pds| 270 - F18297 - FRice
[2026-01-23 11:32:53] district User -> Save Data | implemeneted ->Uttarakannada@pds| 270 - F18297 - FRice
[2026-01-23 11:32:59] User -> Save Data | district user change id ->Hassan@pds| 168 - F10199 - FRice| 169
[2026-01-23 11:33:17] district User -> Save Data | approve district change yes ->Uttarakannada@pds| 270 - F18298 - FRice
[2026-01-23 11:33:17] User -> Save Data | district user change id ->Hassan@pds| 168 - F10241 - FRice| 169
[2026-01-23 11:33:37] User -> Save Data | district user change id ->Hassan@pds| 168 - F10257 - FRice| 171
[2026-01-23 11:33:41] district User -> Save Data | implemeneted ->Uttarakannada@pds| 270 - F18298 - FRice
[2026-01-23 11:33:48] User -> Save Data | district user change id ->Hassan@pds| 168 - F10322 - FRice| 172
[2026-01-23 11:34:32] User -> Save Data | district user change id ->Kalaburagi@pds| 157 - F11533 - FRice| 156
[2026-01-23 11:34:32] User -> Save Data | district user change id ->Kalaburagi@pds| 157 - F11475 - FRice| 156
[2026-01-23 11:34:32] User -> Save Data | district user change id ->Kalaburagi@pds| 157 - F11476 - FRice| 156
[2026-01-23 11:34:32] User -> Save Data | district user change id ->Kalaburagi@pds| 157 - F11477 - FRice| 156
[2026-01-23 11:34:32] User -> Save Data | district user change id ->Kalaburagi@pds| 157 - F11478 - FRice| 156
[2026-01-23 11:34:32] User -> Save Data | district user change id ->Kalaburagi@pds| 157 - F11479 - FRice| 156
[2026-01-23 11:34:32] User -> Save Data | district user change id ->Kalaburagi@pds| 157 - F11480 - FRice| 156
[2026-01-23 11:34:32] User -> Save Data | district user change id ->Kalaburagi@pds| 157 - F11481 - FRice| 156
[2026-01-23 11:34:33] User -> Save Data | district user change id ->Kalaburagi@pds| 157 - F11483 - FRice| 156
[2026-01-23 11:34:33] User -> Save Data | district user change id ->Kalaburagi@pds| 157 - F11484 - FRice| 156
[2026-01-23 11:34:33] User -> Save Data | district user change id ->Kalaburagi@pds| 157 - F11485 - FRice| 156
[2026-01-23 11:34:33] User -> Save Data | district user change id ->Kalaburagi@pds| 157 - F11486 - FRice| 156
[2026-01-23 11:34:33] User -> Save Data | district user change id ->Kalaburagi@pds| 157 - F11487 - FRice| 156
[2026-01-23 11:34:33] User -> Save Data | district user change id ->Kalaburagi@pds| 157 - F11488 - FRice| 156
[2026-01-23 11:34:33] User -> Save Data | district user change id ->Kalaburagi@pds| 157 - F11489 - FRice| 156
[2026-01-23 11:34:33] User -> Save Data | district user change id ->Kalaburagi@pds| 157 - F11490 - FRice| 156
[2026-01-23 11:34:33] User -> Save Data | district user change id ->Kalaburagi@pds| 157 - F11491 - FRice| 156
[2026-01-23 11:34:33] User -> Save Data | district user change id ->Kalaburagi@pds| 157 - F11492 - FRice| 156
[2026-01-23 11:34:33] User -> Save Data | district user change id ->Kalaburagi@pds| 157 - F11493 - FRice| 156
[2026-01-23 11:34:33] User -> Save Data | district user change id ->Kalaburagi@pds| 157 - F11494 - FRice| 156
[2026-01-23 11:34:33] User -> Save Data | district user change id ->Kalaburagi@pds| 157 - F11496 - FRice| 156
[2026-01-23 11:34:33] User -> Save Data | district user change id ->Kalaburagi@pds| 157 - F11497 - FRice| 156
[2026-01-23 11:34:33] User -> Save Data | district user change id ->Kalaburagi@pds| 157 - F11498 - FRice| 156
[2026-01-23 11:34:33] User -> Save Data | district user change id ->Kalaburagi@pds| 157 - F11499 - FRice| 156
[2026-01-23 11:34:33] User -> Save Data | district user change id ->Kalaburagi@pds| 157 - F11500 - FRice| 156
[2026-01-23 11:34:33] User -> Save Data | district user change id ->Kalaburagi@pds| 157 - F11501 - FRice| 156
[2026-01-23 11:34:33] User -> Save Data | district user change id ->Kalaburagi@pds| 157 - F11502 - FRice| 156
[2026-01-23 11:34:33] User -> Save Data | district user change id ->Kalaburagi@pds| 157 - F11503 - FRice| 156
[2026-01-23 11:34:33] User -> Save Data | district user change id ->Kalaburagi@pds| 157 - F11504 - FRice| 156
[2026-01-23 11:34:33] User -> Save Data | district user change id ->Kalaburagi@pds| 157 - F11505 - FRice| 156
[2026-01-23 11:34:33] User -> Save Data | district user change id ->Kalaburagi@pds| 157 - F11506 - FRice| 156
[2026-01-23 11:34:33] User -> Save Data | district user change id ->Kalaburagi@pds| 157 - F11507 - FRice| 156
[2026-01-23 11:34:33] User -> Save Data | district user change id ->Kalaburagi@pds| 157 - F11508 - FRice| 156
[2026-01-23 11:34:33] User -> Save Data | district user change id ->Kalaburagi@pds| 157 - F11509 - FRice| 156
[2026-01-23 11:34:33] User -> Save Data | district user change id ->Kalaburagi@pds| 157 - F11510 - FRice| 156
[2026-01-23 11:34:33] User -> Save Data | district user change id ->Kalaburagi@pds| 157 - F11511 - FRice| 156
[2026-01-23 11:34:33] User -> Save Data | district user change id ->Kalaburagi@pds| 157 - F11512 - FRice| 156
[2026-01-23 11:34:33] User -> Save Data | district user change id ->Kalaburagi@pds| 157 - F11513 - FRice| 156
[2026-01-23 11:34:33] User -> Save Data | district user change id ->Kalaburagi@pds| 157 - F11514 - FRice| 156
[2026-01-23 11:34:33] User -> Save Data | district user change id ->Kalaburagi@pds| 157 - F11515 - FRice| 156
[2026-01-23 11:34:42] district User -> Save Data | approve district change yes ->Uttarakannada@pds| 269 - F18510 - FRice
[2026-01-23 11:34:57] district User -> Save Data | implemeneted ->Uttarakannada@pds| 269 - F18510 - FRice
[2026-01-23 11:35:30] district User -> Save Data | approve district change yes ->Uttarakannada@pds| 269 - F18513 - FRice
[2026-01-23 11:35:45] district User -> Save Data | implemeneted ->Uttarakannada@pds| 269 - F18513 - FRice
[2026-01-23 11:37:56] User -> Save Data | district user change id ->Hassan@pds| 168 - F10323 - FRice| 169
[2026-01-23 11:38:06] User -> Save Data | district user change id ->Hassan@pds| 168 - F10328 - FRice| 169
[2026-01-23 11:38:20] User -> Save Data | district user change id ->Hassan@pds| 168 - F10331 - FRice| 169
[2026-01-23 11:38:48] User -> Save Data | district user change id ->Hassan@pds| 169 - F09684 - FRice| 166
[2026-01-23 11:39:28] User -> Save Data | district user change id ->Hassan@pds| 169 - F09983 - FRice| 168
[2026-01-23 11:39:39] User -> Save Data | district user change id ->Hassan@pds| 169 - F09984 - FRice| 168
[2026-01-23 11:39:51] User -> Save Data | district user change id ->Hassan@pds| 169 - F09985 - FRice| 168
[2026-01-23 11:40:02] district User -> Save Data | approve district change yes ->Hassan@pds| 169 - F09986 - FRice
[2026-01-23 11:40:13] User -> Save Data | district user change id ->Hassan@pds| 169 - F09990 - FRice| 168
[2026-01-23 11:40:31] User -> Save Data | district user change id ->Hassan@pds| 169 - F09991 - FRice| 168
[2026-01-23 11:40:44] district User -> Save Data | approve district change yes ->Hassan@pds| 169 - F10010 - FRice
[2026-01-23 11:40:49] district User -> Save Data | approve district change yes ->Hassan@pds| 169 - F10017 - FRice
[2026-01-23 11:41:34] User -> Save Data | district user change id ->Hassan@pds| 169 - F10024 - FRice| 168
[2026-01-23 11:41:44] User -> Save Data | district user change id ->Hassan@pds| 169 - F10025 - FRice| 168
[2026-01-23 11:41:59] User -> Save Data | district user change id ->Hassan@pds| 169 - F10026 - FRice| 168
[2026-01-23 11:44:03] district User -> Save Data | approve district change yes ->Uttarakannada@pds| 267 - F18494 - FRice
[2026-01-23 11:44:22] district User -> Save Data | implemeneted ->Uttarakannada@pds| 267 - F18494 - FRice
[2026-01-23 11:44:56] district User -> Save Data | approve district change yes ->Uttarakannada@pds| 267 - F18490 - FRice
[2026-01-23 11:45:10] district User -> Save Data | implemeneted ->Uttarakannada@pds| 267 - F18490 - FRice
[2026-01-23 11:45:44] district User -> Save Data | approve district change yes ->Uttarakannada@pds| 269 - F18503 - FRice
[2026-01-23 11:46:36] district User -> Save Data | implemeneted ->Uttarakannada@pds| 269 - F18503 - FRice
[2026-01-23 11:47:00] district User -> Save Data | approve district change yes ->Uttarakannada@pds| 269 - F18504 - FRice
[2026-01-23 11:47:14] district User -> Save Data | implemeneted ->Uttarakannada@pds| 269 - F18504 - FRice
[2026-01-23 11:47:39] district User -> Save Data | approve district change yes ->Uttarakannada@pds| 269 - F18508 - FRice
[2026-01-23 11:48:01] district User -> Save Data | implemeneted ->Uttarakannada@pds| 269 - F18508 - FRice
[2026-01-23 11:48:07] User -> Save Data | district user change id ->Kalaburagi@pds| 157 - F11516 - FRice| 156
[2026-01-23 11:48:07] User -> Save Data | district user change id ->Kalaburagi@pds| 157 - F11518 - FRice| 156
[2026-01-23 11:48:07] User -> Save Data | district user change id ->Kalaburagi@pds| 157 - F11521 - FRice| 156
[2026-01-23 11:48:07] User -> Save Data | district user change id ->Kalaburagi@pds| 157 - F11522 - FRice| 156
[2026-01-23 11:48:07] User -> Save Data | district user change id ->Kalaburagi@pds| 157 - F11523 - FRice| 156
[2026-01-23 11:48:07] User -> Save Data | district user change id ->Kalaburagi@pds| 157 - F11524 - FRice| 156
[2026-01-23 11:48:07] User -> Save Data | district user change id ->Kalaburagi@pds| 157 - F11525 - FRice| 156
[2026-01-23 11:48:07] User -> Save Data | district user change id ->Kalaburagi@pds| 157 - F11526 - FRice| 156
[2026-01-23 11:48:07] User -> Save Data | district user change id ->Kalaburagi@pds| 157 - F11527 - FRice| 156
[2026-01-23 11:48:07] User -> Save Data | district user change id ->Kalaburagi@pds| 157 - F11528 - FRice| 156
[2026-01-23 11:48:07] User -> Save Data | district user change id ->Kalaburagi@pds| 157 - F11529 - FRice| 156
[2026-01-23 11:48:07] User -> Save Data | district user change id ->Kalaburagi@pds| 157 - F11530 - FRice| 156
[2026-01-23 11:48:07] User -> Save Data | district user change id ->Kalaburagi@pds| 157 - F11531 - FRice| 156
[2026-01-23 11:48:07] User -> Save Data | district user change id ->Kalaburagi@pds| 157 - F11532 - FRice| 156
[2026-01-23 11:48:07] User -> Save Data | district user change id ->Kalaburagi@pds| 157 - F11534 - FRice| 156
[2026-01-23 11:48:07] User -> Save Data | district user change id ->Kalaburagi@pds| 157 - F11535 - FRice| 156
[2026-01-23 11:48:07] User -> Save Data | district user change id ->Kalaburagi@pds| 157 - F11536 - FRice| 156
[2026-01-23 11:48:07] User -> Save Data | district user change id ->Kalaburagi@pds| 157 - F11537 - FRice| 156
[2026-01-23 11:48:07] User -> Save Data | district user change id ->Kalaburagi@pds| 157 - F11538 - FRice| 156
[2026-01-23 11:48:07] User -> Save Data | district user change id ->Kalaburagi@pds| 157 - F11539 - FRice| 156
[2026-01-23 11:48:07] User -> Save Data | district user change id ->Kalaburagi@pds| 157 - F11541 - FRice| 156
[2026-01-23 11:48:07] User -> Save Data | district user change id ->Kalaburagi@pds| 157 - F11542 - FRice| 156
[2026-01-23 11:48:07] User -> Save Data | district user change id ->Kalaburagi@pds| 157 - F11547 - FRice| 156
[2026-01-23 11:48:07] User -> Save Data | district user change id ->Kalaburagi@pds| 157 - F11548 - FRice| 156
[2026-01-23 11:48:07] User -> Save Data | district user change id ->Kalaburagi@pds| 157 - F11549 - FRice| 156
[2026-01-23 11:48:07] User -> Save Data | district user change id ->Kalaburagi@pds| 157 - F11550 - FRice| 156
[2026-01-23 11:48:07] User -> Save Data | district user change id ->Kalaburagi@pds| 157 - F11551 - FRice| 156
[2026-01-23 11:48:07] User -> Save Data | district user change id ->Kalaburagi@pds| 157 - F11552 - FRice| 156
[2026-01-23 11:48:07] User -> Save Data | district user change id ->Kalaburagi@pds| 157 - F11553 - FRice| 156
[2026-01-23 11:48:07] User -> Save Data | district user change id ->Kalaburagi@pds| 157 - F11573 - FRice| 156
[2026-01-23 11:48:07] User -> Save Data | district user change id ->Kalaburagi@pds| 157 - F11574 - FRice| 156
[2026-01-23 11:48:07] User -> Save Data | district user change id ->Kalaburagi@pds| 157 - F11575 - FRice| 156
[2026-01-23 11:48:07] User -> Save Data | district user change id ->Kalaburagi@pds| 157 - F11705 - FRice| same
[2026-01-23 11:48:07] User -> Save Data | district user change id ->Kalaburagi@pds| 157 - F11707 - FRice| same
[2026-01-23 11:48:07] User -> Save Data | district user change id ->Kalaburagi@pds| 157 - F11710 - FRice| same
[2026-01-23 11:48:07] User -> Save Data | district user change id ->Kalaburagi@pds| 157 - F11716 - FRice| same
[2026-01-23 11:48:08] User -> Save Data | district user change id ->Kalaburagi@pds| 157 - F11717 - FRice| same
[2026-01-23 11:48:08] User -> Save Data | district user change id ->Kalaburagi@pds| 157 - F11718 - FRice| same
[2026-01-23 11:48:08] User -> Save Data | district user change id ->Kalaburagi@pds| 157 - F11719 - FRice| same
[2026-01-23 11:48:08] User -> Save Data | district user change id ->Kalaburagi@pds| 157 - F11720 - FRice| same
[2026-01-23 11:48:08] User -> Save Data | district user change id ->Kalaburagi@pds| 157 - F11721 - FRice| same
[2026-01-23 11:48:08] User -> Save Data | district user change id ->Kalaburagi@pds| 157 - F11722 - FRice| same
[2026-01-23 11:48:08] User -> Save Data | district user change id ->Kalaburagi@pds| 157 - F11723 - FRice| same
[2026-01-23 11:48:08] User -> Save Data | district user change id ->Kalaburagi@pds| 157 - F11727 - FRice| same
[2026-01-23 11:48:20] district User -> Save Data | approve district change yes ->Uttarakannada@pds| 269 - F18509 - FRice
[2026-01-23 11:48:42] district User -> Save Data | implemeneted ->Uttarakannada@pds| 269 - F18509 - FRice
[2026-01-23 11:49:24] district User -> Save Data | approve district change yes ->Uttarakannada@pds| 273 - F18535 - FRice
[2026-01-23 11:49:41] district User -> Save Data | implemeneted ->Uttarakannada@pds| 273 - F18535 - FRice
[2026-01-23 11:53:21] district User -> Save Data | approve district change yes ->Kalaburagi@pds| 156 - F10933 - FRice
[2026-01-23 11:55:00] district User -> Save Data | approve district change yes ->Uttarakannada@pds| 276 - F18644 - FRice
[2026-01-23 11:55:17] district User -> Save Data | implemeneted ->Uttarakannada@pds| 276 - F18644 - FRice
[2026-01-23 11:55:38] district User -> Save Data | approve district change yes ->Kalaburagi@pds| 156 - F10934 - FRice
[2026-01-23 11:55:54] district User -> Save Data | approve district change yes ->Uttarakannada@pds| 271 - F18677 - FRice
[2026-01-23 11:56:01] district User -> Save Data | approve district change yes ->Kalaburagi@pds| 156 - F10935 - FRice
[2026-01-23 11:56:17] district User -> Save Data | implemeneted ->Uttarakannada@pds| 271 - F18677 - FRice
[2026-01-23 11:56:20] district User -> Save Data | approve district change yes ->Kalaburagi@pds| 156 - F10936 - FRice
[2026-01-23 12:02:47] User -> Save Data | district user change id ->Uttarakannada@pds| 272 - F18559 - FRice| 273
[2026-01-23 12:05:41] User -> Save Data | district user change id ->Uttarakannada@pds| 272 - F18558 - FRice| 273
[2026-01-23 12:10:12] User -> Save Data | district user change id ->Uttarakannada@pds| 272 - F18554 - FRice| 273
[2026-01-23 12:10:55] district User -> Save Data | approve district change yes ->Kalaburagi@pds| 151 - F11283 - FRice
[2026-01-23 12:27:11] district User -> Save Data | approve district change yes ->Uttarakannada@pds| 264 - F18308 - FRice
[2026-01-23 12:27:32] district User -> Save Data | implemeneted ->Uttarakannada@pds| 264 - F18308 - FRice
[2026-01-23 12:27:47] district User -> Save Data | approve district change yes ->Uttarakannada@pds| 264 - F18309 - FRice
[2026-01-23 12:28:03] district User -> Save Data | implemeneted ->Uttarakannada@pds| 264 - F18309 - FRice
[2026-01-23 12:28:17] district User -> Save Data | approve district change yes ->Uttarakannada@pds| 264 - F18310 - FRice
[2026-01-23 12:28:30] district User -> Save Data | implemeneted ->Uttarakannada@pds| 264 - F18310 - FRice
[2026-01-23 12:28:44] district User -> Save Data | approve district change yes ->Uttarakannada@pds| 264 - F18275 - FRice
[2026-01-23 12:28:52] district User -> Save Data | implemeneted ->Uttarakannada@pds| 264 - F18275 - FRice
[2026-01-23 12:33:16] district User -> Save Data | approve district change yes ->Uttarakannada@pds| 264 - F18276 - FRice
[2026-01-23 12:33:29] district User -> Save Data | implemeneted ->Uttarakannada@pds| 264 - F18276 - FRice
[2026-01-23 12:33:47] district User -> Save Data | approve district change yes ->Uttarakannada@pds| 264 - F18277 - FRice
[2026-01-23 12:34:00] district User -> Save Data | implemeneted ->Uttarakannada@pds| 264 - F18277 - FRice
[2026-01-23 12:34:28] district User -> Save Data | approve district change yes ->Uttarakannada@pds| 264 - F18278 - FRice
[2026-01-23 12:36:29] district User -> Save Data | implemeneted ->Uttarakannada@pds| 264 - F18278 - FRice
[2026-01-23 12:37:41] district User -> Save Data | approve district change yes ->Uttarakannada@pds| 275 - F18279 - FRice
[2026-01-23 12:39:36] district User -> Save Data | implemeneted ->Uttarakannada@pds| 275 - F18279 - FRice
[2026-01-23 12:39:53] district User -> Save Data | approve district change yes ->Uttarakannada@pds| 264 - F18280 - FRice
[2026-01-23 12:40:07] district User -> Save Data | implemeneted ->Uttarakannada@pds| 264 - F18280 - FRice
[2026-01-23 12:40:24] district User -> Save Data | approve district change yes ->Uttarakannada@pds| 264 - F18281 - FRice
[2026-01-23 12:40:35] district User -> Save Data | implemeneted ->Uttarakannada@pds| 264 - F18281 - FRice
[2026-01-23 12:41:24] district User -> Save Data | approve district change yes ->Uttarakannada@pds| 264 - F18282 - FRice
[2026-01-23 12:41:47] district User -> Save Data | implemeneted ->Uttarakannada@pds| 264 - F18282 - FRice
[2026-01-23 12:42:15] district User -> Save Data | approve district change yes ->Uttarakannada@pds| 264 - F18283 - FRice
[2026-01-23 12:43:15] district User -> Save Data | implemeneted ->Uttarakannada@pds| 264 - F18283 - FRice
[2026-01-23 12:43:36] district User -> Save Data | approve district change yes ->Uttarakannada@pds| 264 - F18284 - FRice
[2026-01-23 12:43:48] district User -> Save Data | implemeneted ->Uttarakannada@pds| 264 - F18284 - FRice
[2026-01-23 12:44:11] district User -> Save Data | approve district change yes ->Uttarakannada@pds| 264 - F18285 - FRice
[2026-01-23 12:44:25] district User -> Save Data | implemeneted ->Uttarakannada@pds| 264 - F18285 - FRice
[2026-01-23 12:44:39] district User -> Save Data | approve district change yes ->Uttarakannada@pds| 264 - F18286 - FRice
[2026-01-23 12:44:53] district User -> Save Data | implemeneted ->Uttarakannada@pds| 264 - F18286 - FRice
[2026-01-23 12:45:09] district User -> Save Data | approve district change yes ->Uttarakannada@pds| 264 - F18287 - FRice
[2026-01-23 12:45:23] district User -> Save Data | implemeneted ->Uttarakannada@pds| 264 - F18287 - FRice
[2026-01-23 12:45:42] district User -> Save Data | approve district change yes ->Uttarakannada@pds| 264 - F18288 - FRice
[2026-01-23 12:46:14] district User -> Save Data | implemeneted ->Uttarakannada@pds| 264 - F18288 - FRice
[2026-01-23 12:47:27] district User -> Save Data | approve district change yes ->Uttarakannada@pds| 264 - F18289 - FRice
[2026-01-23 12:47:39] district User -> Save Data | implemeneted ->Uttarakannada@pds| 264 - F18289 - FRice
[2026-01-23 12:47:58] district User -> Save Data | approve district change yes ->Uttarakannada@pds| 264 - F18290 - FRice
[2026-01-23 12:48:10] district User -> Save Data | implemeneted ->Uttarakannada@pds| 264 - F18290 - FRice
[2026-01-23 12:48:37] district User -> Save Data | approve district change yes ->Uttarakannada@pds| 264 - F18291 - FRice
[2026-01-23 12:48:50] district User -> Save Data | implemeneted ->Uttarakannada@pds| 264 - F18291 - FRice
[2026-01-23 12:50:14] district User -> Save Data | approve district change yes ->Uttarakannada@pds| 264 - F18292 - FRice
[2026-01-23 12:50:27] district User -> Save Data | implemeneted ->Uttarakannada@pds| 264 - F18292 - FRice
[2026-01-23 12:50:52] district User -> Save Data | approve district change yes ->Uttarakannada@pds| 264 - F18294 - FRice
[2026-01-23 12:51:06] district User -> Save Data | implemeneted ->Uttarakannada@pds| 264 - F18294 - FRice
[2026-01-23 12:51:33] district User -> Save Data | approve district change yes ->Uttarakannada@pds| 264 - F18295 - FRice
[2026-01-23 12:51:45] district User -> Save Data | implemeneted ->Uttarakannada@pds| 264 - F18295 - FRice
[2026-01-23 12:52:10] district User -> Save Data | approve district change yes ->Uttarakannada@pds| 264 - F18296 - FRice
[2026-01-23 12:52:23] district User -> Save Data | implemeneted ->Uttarakannada@pds| 264 - F18296 - FRice
[2026-01-23 12:52:40] district User -> Save Data | approve district change yes ->Uttarakannada@pds| 264 - F18299 - FRice
[2026-01-23 12:52:54] district User -> Save Data | implemeneted ->Uttarakannada@pds| 264 - F18299 - FRice
[2026-01-23 12:53:09] district User -> Save Data | approve district change yes ->Uttarakannada@pds| 264 - F18300 - FRice
[2026-01-23 12:53:23] district User -> Save Data | implemeneted ->Uttarakannada@pds| 264 - F18300 - FRice
[2026-01-23 13:33:22] district User -> Save Data | approve district change yes ->Bangalorewest@pds| 309 - F01822 - FRice
[2026-01-23 13:33:28] district User -> Save Data | approve district change yes ->Bangalorewest@pds| 309 - F01822 - FRice
[2026-01-23 13:35:33] district User -> Save Data | approve district change yes ->Bangalorewest@pds| 309 - F01778 - FRice
[2026-01-23 13:38:28] district User -> Save Data | approve district change yes ->Bangalorewest@pds| 309 - F01772 - FRice
[2026-01-23 13:40:51] district User -> Save Data | approve district change yes ->Bangalorewest@pds| 309 - F01771 - FRice
[2026-01-23 13:42:46] district User -> Save Data | approve district change yes ->Bangalorewest@pds| 309 - F01760 - FRice
[2026-01-23 13:44:09] district User -> Save Data | approve district change yes ->Bangalorewest@pds| 309 - F01704 - FRice
[2026-01-23 15:03:09] district User -> Save Data | approve district change yes ->Hassan@pds| 169 - F10072 - FRice
[2026-01-23 15:03:34] User -> Save Data | district user change id ->Hassan@pds| 169 - F10027 - FRice| 168
[2026-01-23 15:03:45] User -> Save Data | district user change id ->Hassan@pds| 169 - F10028 - FRice| 168
[2026-01-23 15:03:56] User -> Save Data | district user change id ->Hassan@pds| 169 - F10029 - FRice| 168
[2026-01-23 15:04:09] User -> Save Data | district user change id ->Hassan@pds| 169 - F10030 - FRice| 168
[2026-01-23 15:04:18] User -> Save Data | district user change id ->Hassan@pds| 169 - F10031 - FRice| 168
[2026-01-23 15:04:44] User -> Save Data | district user change id ->Hassan@pds| 169 - F10032 - FRice| 168
[2026-01-23 15:04:54] User -> Save Data | district user change id ->Hassan@pds| 169 - F10033 - FRice| 168
[2026-01-23 15:05:04] User -> Save Data | district user change id ->Hassan@pds| 169 - F10034 - FRice| 168
[2026-01-23 15:05:14] User -> Save Data | district user change id ->Hassan@pds| 169 - F10035 - FRice| 168
[2026-01-23 15:05:27] User -> Save Data | district user change id ->Hassan@pds| 169 - F10036 - FRice| 168
[2026-01-23 15:05:38] User -> Save Data | district user change id ->Hassan@pds| 169 - F10037 - FRice| 168
[2026-01-23 15:05:47] User -> Save Data | district user change id ->Hassan@pds| 169 - F10038 - FRice| 168
[2026-01-23 15:05:58] User -> Save Data | district user change id ->Hassan@pds| 169 - F10039 - FRice| 168
[2026-01-23 15:06:12] User -> Save Data | district user change id ->Hassan@pds| 169 - F10040 - FRice| 168
[2026-01-23 15:06:23] User -> Save Data | district user change id ->Hassan@pds| 169 - F10041 - FRice| 168
[2026-01-23 15:06:33] User -> Save Data | district user change id ->Hassan@pds| 169 - F10042 - FRice| 168
[2026-01-23 15:06:43] User -> Save Data | district user change id ->Hassan@pds| 169 - F10043 - FRice| 168
[2026-01-23 15:06:53] User -> Save Data | district user change id ->Hassan@pds| 169 - F10047 - FRice| 168
[2026-01-23 15:07:13] User -> Save Data | district user change id ->Hassan@pds| 169 - F10048 - FRice| 168
[2026-01-23 15:07:23] User -> Save Data | district user change id ->Hassan@pds| 169 - F10052 - FRice| 168
[2026-01-23 15:07:34] User -> Save Data | district user change id ->Hassan@pds| 169 - F10053 - FRice| 168
[2026-01-23 15:07:43] User -> Save Data | district user change id ->Hassan@pds| 169 - F10055 - FRice| 168
[2026-01-23 15:07:54] User -> Save Data | district user change id ->Hassan@pds| 169 - F10064 - FRice| 168
[2026-01-23 15:08:05] User -> Save Data | district user change id ->Hassan@pds| 169 - F10065 - FRice| 168
[2026-01-23 15:10:16] User -> Save Data | district user change id ->Hassan@pds| 169 - F10298 - FRice| 172
[2026-01-23 15:13:09] User -> Save Data | district user change id ->Hassan@pds| 169 - F10074 - FRice| 168
[2026-01-23 15:13:28] User -> Save Data | district user change id ->Hassan@pds| 169 - F10075 - FRice| 168
[2026-01-23 15:13:38] User -> Save Data | district user change id ->Hassan@pds| 169 - F10076 - FRice| 168
[2026-01-23 15:13:50] User -> Save Data | district user change id ->Hassan@pds| 169 - F10086 - FRice| 168
[2026-01-23 15:13:59] User -> Save Data | district user change id ->Hassan@pds| 169 - F10090 - FRice| 168
[2026-01-23 15:14:36] User -> Save Data | district user change id ->Hassan@pds| 169 - F10313 - FRice| 168
[2026-01-23 15:14:50] district User -> Save Data | approve district change yes ->Hassan@pds| 169 - F10344 - FRice
[2026-01-23 15:15:12] User -> Save Data | district user change id ->Hassan@pds| 169 - F10350 - FRice| 168
[2026-01-23 15:15:40] User -> Save Data | district user change id ->Hassan@pds| 169 - F10367 - FRice| 172
[2026-01-23 15:15:59] district User -> Save Data | approve district change yes ->Hassan@pds| 170 - F10109 - FRice
[2026-01-23 15:16:15] User -> Save Data | district user change id ->Hassan@pds| 170 - F10138 - FRice| 171
[2026-01-23 15:16:28] User -> Save Data | district user change id ->Hassan@pds| 170 - F10139 - FRice| 171
[2026-01-23 15:16:39] district User -> Save Data | approve district change yes ->Hassan@pds| 170 - F10140 - FRice
[2026-01-23 15:17:06] User -> Save Data | district user change id ->Hassan@pds| 170 - F10141 - FRice| 171
[2026-01-23 15:17:16] User -> Save Data | district user change id ->Hassan@pds| 170 - F10142 - FRice| 171
[2026-01-23 15:17:28] User -> Save Data | district user change id ->Hassan@pds| 170 - F10144 - FRice| 171
[2026-01-23 15:17:38] User -> Save Data | district user change id ->Hassan@pds| 170 - F10148 - FRice| 171
[2026-01-23 15:17:49] User -> Save Data | district user change id ->Hassan@pds| 170 - F10155 - FRice| 171
[2026-01-23 15:18:00] User -> Save Data | district user change id ->Hassan@pds| 170 - F10159 - FRice| 171
[2026-01-23 15:18:21] district User -> Save Data | approve district change yes ->Hassan@pds| 170 - F10161 - FRice
[2026-01-23 15:18:26] district User -> Save Data | approve district change yes ->Hassan@pds| 170 - F10162 - FRice
[2026-01-23 15:18:58] User -> Save Data | district user change id ->Hassan@pds| 170 - F10165 - FRice| 166
[2026-01-23 15:19:59] User -> Save Data | district user change id ->Hassan@pds| 170 - F10167 - FRice| 171
[2026-01-23 15:20:13] district User -> Save Data | approve district change yes ->Hassan@pds| 170 - F10175 - FRice
[2026-01-23 15:20:17] district User -> Save Data | approve district change yes ->Hassan@pds| 170 - F10176 - FRice
[2026-01-23 15:20:22] district User -> Save Data | approve district change yes ->Hassan@pds| 170 - F10177 - FRice
[2026-01-23 15:20:27] district User -> Save Data | approve district change yes ->Hassan@pds| 170 - F10192 - FRice
[2026-01-23 16:17:14] User -> Save Data | district user change id ->CHIKKABALLAPURA@pds| 278 - F06378 - FRice| 282
[2026-01-23 16:27:17] User -> Save Data | district user change id ->CHIKKABALLAPURA@pds| 278 - F06382 - FRice| 282
[2026-01-23 16:27:17] User -> Save Data | district user change id ->CHIKKABALLAPURA@pds| 278 - F06390 - FRice| 282
[2026-01-23 16:33:49] User -> Save Data | district user change id ->CHIKKABALLAPURA@pds| 279 - F05938 - FRice| 277
[2026-01-23 16:33:49] User -> Save Data | district user change id ->CHIKKABALLAPURA@pds| 279 - F05939 - FRice| 277
[2026-01-23 16:43:22] User -> Save Data | district user change id ->CHIKKABALLAPURA@pds| 282 - F06015 - FRice| 278
[2026-01-23 16:43:22] User -> Save Data | district user change id ->CHIKKABALLAPURA@pds| 282 - F06031 - FRice| 278
[2026-01-23 16:43:22] User -> Save Data | district user change id ->CHIKKABALLAPURA@pds| 282 - F06032 - FRice| 278
[2026-01-23 16:43:22] User -> Save Data | district user change id ->CHIKKABALLAPURA@pds| 282 - F06033 - FRice| 278
[2026-01-23 16:43:22] User -> Save Data | district user change id ->CHIKKABALLAPURA@pds| 282 - F06034 - FRice| 278
[2026-01-23 16:43:22] User -> Save Data | district user change id ->CHIKKABALLAPURA@pds| 282 - F06035 - FRice| 278
[2026-01-23 16:43:22] User -> Save Data | district user change id ->CHIKKABALLAPURA@pds| 282 - F06036 - FRice| 278
[2026-01-23 16:43:22] User -> Save Data | district user change id ->CHIKKABALLAPURA@pds| 282 - F06038 - FRice| 278
[2026-01-23 16:43:22] User -> Save Data | district user change id ->CHIKKABALLAPURA@pds| 282 - F06043 - FRice| 278
[2026-01-23 16:43:23] User -> Save Data | district user change id ->CHIKKABALLAPURA@pds| 282 - F06044 - FRice| 278
[2026-01-23 16:43:23] User -> Save Data | district user change id ->CHIKKABALLAPURA@pds| 282 - F06045 - FRice| 278
[2026-01-23 16:43:23] User -> Save Data | district user change id ->CHIKKABALLAPURA@pds| 282 - F06062 - FRice| 278
[2026-01-23 16:52:27] User -> Save Data | district user change id ->CHIKKABALLAPURA@pds| 282 - F06106 - FRice| 279
[2026-01-23 16:52:27] User -> Save Data | district user change id ->CHIKKABALLAPURA@pds| 282 - F06107 - FRice| 279
[2026-01-23 16:52:27] User -> Save Data | district user change id ->CHIKKABALLAPURA@pds| 282 - F06108 - FRice| 279
[2026-01-23 16:52:27] User -> Save Data | district user change id ->CHIKKABALLAPURA@pds| 282 - F06109 - FRice| 279
[2026-01-23 16:52:27] User -> Save Data | district user change id ->CHIKKABALLAPURA@pds| 282 - F06110 - FRice| 279
[2026-01-23 16:52:27] User -> Save Data | district user change id ->CHIKKABALLAPURA@pds| 282 - F06111 - FRice| 279
[2026-01-23 16:52:27] User -> Save Data | district user change id ->CHIKKABALLAPURA@pds| 282 - F06112 - FRice| 279
[2026-01-23 16:52:27] User -> Save Data | district user change id ->CHIKKABALLAPURA@pds| 282 - F06114 - FRice| 279
