[2025-02-18 11:01:41] User -> District added ->admin@pds| Requested JSON -> {"name":"admin@pds"}
[2025-02-18 11:07:58] User -> District Name Edit->admin@pds| Requested JSON -> {"name":"adminpdss","uid":"67b41b3d5768f"}
[2025-02-18 11:08:47] User -> District Name Edit->admin@pds| Requested JSON -> {"name":"Admin","uid":"67b41b3d5768f"}
[2025-02-18 11:08:50] User -> District deleted -> admin@pds| Requested JSON -> {"uid":"67b41b3d5768f"} | Admin
[2025-02-18 11:15:09] User -> Warehouse added ->admin@pds| Requested JSON -> {"name":"aaaaa","type":"motorable","latitude":"10.124","storage":"45.126","district":"Anantnag","id":"admin@pds","warehousetype":"swc","longitude":"54.123"}
[2025-02-18 11:20:59] User -> Warehouse Edit ->admin@pds| Requested JSON -> {"name":"FSD ss","uniqueid":"WH_6720aed93290","active":"1","type":"motorable","latitude":"33.692531","storage":"1000000000000000","district":"Anantnag","id":"NE13001","warehousetype":"swc","longitude":"75.111856"}
[2025-02-18 11:36:34] User -> Warehouse deleted -> admin@pds| Requested JSON -> {"uid":"WH_67b41e65a0c6"} | Aaaaa
[2025-02-18 11:36:43] User -> Warehouse deleted -> admin@pds| Requested JSON -> {"uid":"WH_6720aed93290"} | Fsd Ss
[2025-02-18 11:51:47] User -> Warehouse Added -> admin@pds| PEG BIRPUR
[2025-02-18 11:51:47] User -> Warehouse Added -> admin@pds| FCI PEG JATWAL
[2025-02-18 12:05:06] User -> District added ->admin@pds| Requested JSON -> {"name":"admin@pds"}
[2025-02-18 12:05:10] User -> District deleted -> admin@pds| Requested JSON -> {"uid":"67b42a1ad69c5"} | adminpds
[2025-02-18 12:06:09] User -> Warehouse Edit -> admin@pds| RRR
[2025-02-18 12:06:09] User -> Warehouse Edit -> admin@pds| RRR
[2025-02-18 12:06:09] User -> Warehouse Edit -> admin@pds| RRR
[2025-02-18 12:06:09] User -> Warehouse Edit -> admin@pds| RRR
[2025-02-18 12:06:09] User -> Warehouse Edit -> admin@pds| RRR
[2025-02-18 12:06:09] User -> Warehouse Edit -> admin@pds| RRR
[2025-02-18 12:06:09] User -> Warehouse Edit -> admin@pds| RRR
[2025-02-18 12:06:09] User -> Warehouse Edit -> admin@pds| RRR
[2025-02-18 12:06:09] User -> Warehouse Edit -> admin@pds| RRR
[2025-02-18 12:06:09] User -> Warehouse Edit -> admin@pds| FCI/FSD KHILLANI
[2025-02-18 12:06:09] User -> Warehouse Edit -> admin@pds| PEG GHAT
[2025-02-18 12:06:09] User -> Warehouse Edit -> admin@pds| FSD KISHTWAR
[2025-02-18 12:06:09] User -> Warehouse Edit -> admin@pds| PEG KISHTWAR
[2025-02-18 12:06:09] User -> Warehouse Edit -> admin@pds| ABC
[2025-02-18 12:06:09] User -> Warehouse Edit -> admin@pds| ABC
[2025-02-18 12:06:09] User -> Warehouse Edit -> admin@pds| ABC
[2025-02-18 12:06:09] User -> Warehouse Edit -> admin@pds| ABC
[2025-02-18 12:06:09] User -> Warehouse Edit -> admin@pds| ABC
[2025-02-18 12:06:09] User -> Warehouse Edit -> admin@pds| ABC
[2025-02-18 12:06:09] User -> Warehouse Edit -> admin@pds| ABC
[2025-02-18 12:06:09] User -> Warehouse Edit -> admin@pds| ABC
[2025-02-18 12:06:09] User -> Warehouse Edit -> admin@pds| ABC
[2025-02-18 12:06:09] User -> Warehouse Edit -> admin@pds| ABC
[2025-02-18 12:06:09] User -> Warehouse Edit -> admin@pds| ABC
[2025-02-18 12:06:09] User -> Warehouse Edit -> admin@pds| ABC
[2025-02-18 12:06:09] User -> Warehouse Edit -> admin@pds| ABC
[2025-02-18 12:06:09] User -> Warehouse Edit -> admin@pds| ABC
[2025-02-18 12:06:09] User -> Warehouse Edit -> admin@pds| ABC
[2025-02-18 12:06:09] User -> Warehouse Edit -> admin@pds| ABC
[2025-02-18 12:06:09] User -> Warehouse Edit -> admin@pds| ABC
[2025-02-18 12:06:09] User -> Warehouse Edit -> admin@pds| ABC
[2025-02-18 12:06:09] User -> Warehouse Edit -> admin@pds| ABC
[2025-02-18 12:06:09] User -> Warehouse Edit -> admin@pds| ABC
[2025-02-18 12:06:09] User -> Warehouse Edit -> admin@pds| ABC
[2025-02-18 12:06:09] User -> Warehouse Edit -> admin@pds| ABC
[2025-02-18 12:06:09] User -> Warehouse Edit -> admin@pds| ABC
[2025-02-18 12:06:09] User -> Warehouse Edit -> admin@pds| ABC
[2025-02-18 12:06:09] User -> Warehouse Edit -> admin@pds| ABC
[2025-02-18 12:06:09] User -> Warehouse Edit -> admin@pds| ABC
[2025-02-18 12:06:09] User -> Warehouse Edit -> admin@pds| ABC
[2025-02-18 12:06:09] User -> Warehouse Edit -> admin@pds| ABC
[2025-02-18 12:06:09] User -> Warehouse Edit -> admin@pds| ABC
[2025-02-18 12:06:09] User -> Warehouse Edit -> admin@pds| ABC
[2025-02-18 12:06:09] User -> Warehouse Edit -> admin@pds| ABC
[2025-02-18 12:06:09] User -> Warehouse Edit -> admin@pds| ABC
[2025-02-18 12:06:09] User -> Warehouse Edit -> admin@pds| ABC
[2025-02-18 12:06:09] User -> Warehouse Edit -> admin@pds| ABC
[2025-02-18 12:06:09] User -> Warehouse Edit -> admin@pds| ABC
[2025-02-18 12:06:09] User -> Warehouse Edit -> admin@pds| ABC
[2025-02-18 12:06:09] User -> Warehouse Edit -> admin@pds| ABC
[2025-02-18 12:06:09] User -> Warehouse Edit -> admin@pds| ABC
[2025-02-18 12:06:09] User -> Warehouse Edit -> admin@pds| ABC
[2025-02-18 12:06:09] User -> Warehouse Edit -> admin@pds| ABC
[2025-02-18 12:06:09] User -> Warehouse Edit -> admin@pds| ABC
[2025-02-18 12:06:09] User -> Warehouse Edit -> admin@pds| ABC
[2025-02-18 12:06:09] User -> Warehouse Edit -> admin@pds| ABC
[2025-02-18 12:06:09] User -> Warehouse Edit -> admin@pds| ABC
[2025-02-18 12:06:09] User -> Warehouse Edit -> admin@pds| ABC
[2025-02-18 12:06:09] User -> Warehouse Edit -> admin@pds| ABC
[2025-02-18 12:06:09] User -> Warehouse Edit -> admin@pds| ABC
[2025-02-18 12:06:09] User -> Warehouse Edit -> admin@pds| ABC
[2025-02-18 12:06:09] User -> Warehouse Edit -> admin@pds| ABC
[2025-02-18 12:06:09] User -> Warehouse Edit -> admin@pds| ABC
[2025-02-18 12:06:09] User -> Warehouse Edit -> admin@pds| ABC
[2025-02-18 12:06:09] User -> Warehouse Edit -> admin@pds| ABC
[2025-02-18 12:06:09] User -> Warehouse Edit -> admin@pds| ABC
[2025-02-18 12:06:09] User -> Warehouse Edit -> admin@pds| ABC
[2025-02-18 12:06:09] User -> Warehouse Edit -> admin@pds| ABC
[2025-02-18 12:06:09] User -> Warehouse Edit -> admin@pds| ABC
[2025-02-18 12:06:09] User -> Warehouse Edit -> admin@pds| ABC
[2025-02-18 12:06:09] User -> Warehouse Edit -> admin@pds| ABC
[2025-02-18 12:06:09] User -> Warehouse Edit -> admin@pds| ABC
[2025-02-18 12:06:09] User -> Warehouse Edit -> admin@pds| ABC
[2025-02-18 12:06:09] User -> Warehouse Edit -> admin@pds| ABC
[2025-02-18 12:06:09] User -> Warehouse Edit -> admin@pds| ABC
[2025-02-18 12:06:09] User -> Warehouse Edit -> admin@pds| ABC
[2025-02-18 12:06:09] User -> Warehouse Edit -> admin@pds| ABC
[2025-02-18 12:06:09] User -> Warehouse Edit -> admin@pds| ABC
[2025-02-18 12:06:09] User -> Warehouse Edit -> admin@pds| ABC
[2025-02-18 12:06:09] User -> Warehouse Edit -> admin@pds| ABC
[2025-02-18 12:06:09] User -> Warehouse Edit -> admin@pds| ABC
[2025-02-18 12:06:09] User -> Warehouse Edit -> admin@pds| ABC
[2025-02-18 12:06:09] User -> Warehouse Edit -> admin@pds| ABC
[2025-02-18 12:06:09] User -> Warehouse Edit -> admin@pds| ABC
[2025-02-18 12:06:09] User -> Warehouse Edit -> admin@pds| ABC
[2025-02-18 12:06:09] User -> Warehouse Edit -> admin@pds| ABC
[2025-02-18 12:06:09] User -> Warehouse Edit -> admin@pds| ABC
[2025-02-18 12:06:09] User -> Warehouse Edit -> admin@pds| ABC
[2025-02-18 12:06:09] User -> Warehouse Edit -> admin@pds| FCI NEW GODOWN
[2025-02-18 12:06:09] User -> Warehouse Edit -> admin@pds| FCI CHATHA
[2025-02-18 12:06:09] User -> Warehouse Edit -> admin@pds| ABC
[2025-02-18 12:06:09] User -> Warehouse Edit -> admin@pds| ABC
[2025-02-18 12:06:09] User -> Warehouse Edit -> admin@pds| ABC
[2025-02-18 12:06:09] User -> Warehouse Edit -> admin@pds| ABC
[2025-02-18 12:06:09] User -> Warehouse Edit -> admin@pds| ABC
[2025-02-18 12:06:09] User -> Warehouse Edit -> admin@pds| ABC
[2025-02-18 12:06:09] User -> Warehouse Edit -> admin@pds| ABC
[2025-02-18 12:06:09] User -> Warehouse Edit -> admin@pds| ABC
[2025-02-18 12:06:09] User -> Warehouse Edit -> admin@pds| ABC
[2025-02-18 12:06:09] User -> Warehouse Edit -> admin@pds| ABC
[2025-02-18 12:06:09] User -> Warehouse Edit -> admin@pds| ABC
[2025-02-18 12:06:09] User -> Warehouse Edit -> admin@pds| PEG BIRPUR
[2025-02-18 12:06:09] User -> Warehouse Edit -> admin@pds| FCI PEG JATWAL
[2025-02-18 12:08:52] User -> Warehouse InActive -> admin@pds| Anantnag
[2025-02-18 12:08:57] User -> Warehouse Active -> admin@pds| ABC
[2025-02-18 12:08:58] User -> Warehouse InActive -> admin@pds| ABC
[2025-02-18 12:09:05] User -> Warehouse Active -> admin@pds| Anantnag
[2025-02-18 12:09:16] User -> Warehouse deleted -> admin@pds| Requested JSON -> {"uid":"WH_6720aedd6c02"} | ABC
[2025-02-18 12:13:20] User -> FPS added ->admin@pds| Requested JSON -> {"name":"aaaaa","type":"Model FPS","latitude":"58.123","longitude":"10.123","district":"Anantnag","id":"admin@pds","demand":"45.123","demand_rice":"127"}
[2025-02-18 12:16:46] User -> FPS Data Edit->admin@pds| Requested JSON -> {"name":"aabd","uniqueid":"FPS_67b42c08173","active":"1","type":"Model FPS","latitude":"58.123","longitude":"10.123","district":"Anantnag","id":"admin@pds","demand":"45.123","demand_rice":"127"}
[2025-02-18 12:17:02] User -> FPS Data Edit->admin@pds| Requested JSON -> {"name":"Aabd","uniqueid":"FPS_67b42c08173","active":"1","type":"Model FPS","latitude":"58.123","longitude":"10.123","district":"Anantnag","id":"admin@pds","demand":"45.123","demand_rice":"129"}
[2025-02-18 12:22:50] User -> FPS deleted -> admin@pds| Requested JSON -> {"uid":"FPS_67b42c08173"} | Aabd
[2025-02-18 12:23:03] User -> FPS added ->admin@pds| Requested JSON -> {"name":"aaaaa","type":"Model FPS","latitude":"10.124","longitude":"54.123","district":"Anantnag","id":"admin@pds","demand":"15.123","demand_rice":"127"}
[2025-02-18 13:02:31] User -> Normal FPS InActive -> admin@pds| Anantnag
[2025-02-18 13:03:05] User -> Model FPS In-Active -> admin@pds| Anantnag
[2025-02-18 13:03:07] User -> FPS Active -> admin@pds| aaaaa
[2025-02-18 14:11:37] User -> Send  Message ->admin@pds| Requested JSON -> {"message":"qbc fsfa ","uniqueid":"67a89ea957231"} | Jammu@pds
[2025-02-18 14:11:40] User -> Delete Message ->admin@pds| Requested JSON -> qbc fsfa  | Jammu@pds
[2025-02-18 14:59:17] User -> Verify User ->admin@pds| Requested JSON -> {"uid":"67a89fc3b1be8"} | Samba@pds
