[2025-12-29 11:57:20] User -> District added ->admin@pds| Requested JSON -> {"name":"Akki"}
[2025-12-29 11:57:38] User -> District Name Edit->admin@pds| Requested JSON -> {"name":"Akkihhhh","uid":"69521f48c7f22"}
[2025-12-29 12:02:46] User -> District deleted -> admin@pds| Requested JSON -> {"uid":"69521f48c7f22"} | Akkihhhh
[2025-12-29 12:04:01] User -> Warehouse added ->admin@pds| Requested JSON -> {"name":"Akshay","type":"motorable","latitude":"12","storage":"121","district":"Bagalkote","id":"900","warehousetype":"swc","longitude":"11"}
[2025-12-29 12:04:13] User -> Warehouse InActive -> admin@pds| Akshay
[2025-12-29 12:04:35] User -> Warehouse Edit ->admin@pds| Requested JSON -> {"name":"Akshayttttttt","uniqueid":"WH_695220d9a3c2","active":false,"type":"motorable","latitude":"12","storage":"121","district":"Bagalkote","id":"900","warehousetype":"swc","longitude":"11"}
[2025-12-29 12:04:45] User -> Warehouse InActive -> admin@pds| Akshayttttttt
[2025-12-29 12:04:55] User -> Warehouse deleted -> admin@pds| Requested JSON -> {"uid":"WH_695220d9a3c2"} | Akshayttttttt
[2025-12-29 12:05:12] User -> Warehouse deleted -> admin@pds| Requested JSON -> {"uid":"all"} | all
[2025-12-29 12:09:47] User -> Warehouse Added -> admin@pds| BADAMI
[2025-12-29 12:09:47] User -> Warehouse Added -> admin@pds| BAGALKOT
[2025-12-29 12:09:47] User -> Warehouse Added -> admin@pds| BILAGI
[2025-12-29 12:09:47] User -> Warehouse Added -> admin@pds| BILAGI
[2025-12-29 12:09:47] User -> Warehouse Added -> admin@pds| HUNGUND
[2025-12-29 12:09:47] User -> Warehouse Added -> admin@pds| JAMKHANDI
[2025-12-29 12:09:47] User -> Warehouse Added -> admin@pds| MUDHOL
[2025-12-29 12:09:47] User -> Warehouse Added -> admin@pds| MUDHOL
[2025-12-29 12:09:47] User -> Warehouse Added -> admin@pds| ILAKAL
[2025-12-29 12:09:47] User -> Warehouse Added -> admin@pds| GULEDAGUDD
[2025-12-29 12:09:47] User -> Warehouse Added -> admin@pds| RABAKAVI BANAHATTI
[2025-12-29 12:09:47] User -> Warehouse Added -> admin@pds| ANEKAL
[2025-12-29 12:09:47] User -> Warehouse Added -> admin@pds| ANEKAL
[2025-12-29 12:09:47] User -> Warehouse Added -> admin@pds| BANGALORE NORTH
[2025-12-29 12:09:47] User -> Warehouse Added -> admin@pds| BANGALORE NORTH
[2025-12-29 12:09:47] User -> Warehouse Added -> admin@pds| BANGALORE SOUTH
[2025-12-29 12:09:47] User -> Warehouse Added -> admin@pds| BANGALORE SOUTH
[2025-12-29 12:09:47] User -> Warehouse Added -> admin@pds| BANGALORE EAST
[2025-12-29 12:09:47] User -> Warehouse Added -> admin@pds| YELAHANKA
[2025-12-29 12:09:47] User -> Warehouse Added -> admin@pds| YELAHANKA
[2025-12-29 12:09:47] User -> Warehouse Added -> admin@pds| DEVANHALLI
[2025-12-29 12:09:47] User -> Warehouse Added -> admin@pds| DEVANHALLI
[2025-12-29 12:09:47] User -> Warehouse Added -> admin@pds| DODBALLAPUR
[2025-12-29 12:09:47] User -> Warehouse Added -> admin@pds| HOSKOTE
[2025-12-29 12:09:47] User -> Warehouse Added -> admin@pds| NELAMANGALA
[2025-12-29 12:09:47] User -> Warehouse Added -> admin@pds| ATHNI
[2025-12-29 12:09:47] User -> Warehouse Added -> admin@pds| BAILAHONGAL
[2025-12-29 12:09:47] User -> Warehouse Added -> admin@pds| BAILAHONGAL
[2025-12-29 12:09:47] User -> Warehouse Added -> admin@pds| BELAGAVI
[2025-12-29 12:09:47] User -> Warehouse Added -> admin@pds| BELAGAVI
[2025-12-29 12:09:47] User -> Warehouse Added -> admin@pds| BELAGAVI
[2025-12-29 12:09:47] User -> Warehouse Added -> admin@pds| CHIKKODI
[2025-12-29 12:09:47] User -> Warehouse Added -> admin@pds| GOKAK
[2025-12-29 12:09:47] User -> Warehouse Added -> admin@pds| HUKKERI
[2025-12-29 12:09:47] User -> Warehouse Added -> admin@pds| HUKKERI
[2025-12-29 12:09:47] User -> Warehouse Added -> admin@pds| KHANAPUR
[2025-12-29 12:09:47] User -> Warehouse Added -> admin@pds| RAYBAG
[2025-12-29 12:09:47] User -> Warehouse Added -> admin@pds| RAYBAG
[2025-12-29 12:09:47] User -> Warehouse Added -> admin@pds| RAMDURG
[2025-12-29 12:09:47] User -> Warehouse Added -> admin@pds| SAVADATTI
[2025-12-29 12:09:47] User -> Warehouse Added -> admin@pds| SAVADATTI
[2025-12-29 12:09:47] User -> Warehouse Added -> admin@pds| KAGAVADA
[2025-12-29 12:09:47] User -> Warehouse Added -> admin@pds| KITTUR
[2025-12-29 12:09:47] User -> Warehouse Added -> admin@pds| MUDALAGI
[2025-12-29 12:09:47] User -> Warehouse Added -> admin@pds| NIPPANI
[2025-12-29 12:09:47] User -> Warehouse Added -> admin@pds| BALLARI
[2025-12-29 12:09:47] User -> Warehouse Added -> admin@pds| BALLARI
[2025-12-29 12:09:47] User -> Warehouse Added -> admin@pds| BALLARI
[2025-12-29 12:09:47] User -> Warehouse Added -> admin@pds| SANDUR
[2025-12-29 12:09:47] User -> Warehouse Added -> admin@pds| SIRUGUPPA
[2025-12-29 12:09:47] User -> Warehouse Added -> admin@pds| KURUGODU
[2025-12-29 12:09:47] User -> Warehouse Added -> admin@pds| KAMPLI
[2025-12-29 12:09:47] User -> Warehouse Added -> admin@pds| AURAD
[2025-12-29 12:09:47] User -> Warehouse Added -> admin@pds| BASAVAKALYAN
[2025-12-29 12:09:47] User -> Warehouse Added -> admin@pds| BHALKI
[2025-12-29 12:09:47] User -> Warehouse Added -> admin@pds| BIDAR
[2025-12-29 12:09:47] User -> Warehouse Added -> admin@pds| BIDAR
[2025-12-29 12:09:47] User -> Warehouse Added -> admin@pds| HUMNABAD
[2025-12-29 12:09:47] User -> Warehouse Added -> admin@pds| KAMALNAGAR
[2025-12-29 12:09:47] User -> Warehouse Added -> admin@pds| HULSOOR
[2025-12-29 12:09:47] User -> Warehouse Added -> admin@pds| CHITAGUPPA
[2025-12-29 12:09:47] User -> Warehouse Added -> admin@pds| BASAVANA BAGEVADI
[2025-12-29 12:09:47] User -> Warehouse Added -> admin@pds| VIJAYAPURA
[2025-12-29 12:09:47] User -> Warehouse Added -> admin@pds| VIJAYAPURA
[2025-12-29 12:09:47] User -> Warehouse Added -> admin@pds| INDI
[2025-12-29 12:09:47] User -> Warehouse Added -> admin@pds| INDI
[2025-12-29 12:09:47] User -> Warehouse Added -> admin@pds| MUDDEBIHAL
[2025-12-29 12:09:47] User -> Warehouse Added -> admin@pds| MUDDEBIHAL
[2025-12-29 12:09:47] User -> Warehouse Added -> admin@pds| SINDGI
[2025-12-29 12:09:47] User -> Warehouse Added -> admin@pds| SINDGI
[2025-12-29 12:09:47] User -> Warehouse Added -> admin@pds| NIDAGUNDI
[2025-12-29 12:09:47] User -> Warehouse Added -> admin@pds| KOLHAR
[2025-12-29 12:09:47] User -> Warehouse Added -> admin@pds| BABALESHWAR
[2025-12-29 12:09:47] User -> Warehouse Added -> admin@pds| CHADACHAN
[2025-12-29 12:09:47] User -> Warehouse Added -> admin@pds| DEVARA HIPPARAGI
[2025-12-29 12:09:47] User -> Warehouse Added -> admin@pds| TALIKOTI
[2025-12-29 12:09:47] User -> Warehouse Added -> admin@pds| TIKOTA
[2025-12-29 12:09:47] User -> Warehouse Added -> admin@pds| ALMEL
[2025-12-29 12:09:47] User -> Warehouse Added -> admin@pds| CHAMARAJANAGAR
[2025-12-29 12:09:47] User -> Warehouse Added -> admin@pds| CHAMARAJANAGAR
[2025-12-29 12:09:47] User -> Warehouse Added -> admin@pds| CHAMARAJANAGAR
[2025-12-29 12:09:47] User -> Warehouse Added -> admin@pds| GUNDLUPET
[2025-12-29 12:09:47] User -> Warehouse Added -> admin@pds| GUNDLUPET
[2025-12-29 12:09:47] User -> Warehouse Added -> admin@pds| KOLLEGALA
[2025-12-29 12:09:47] User -> Warehouse Added -> admin@pds| YELANDUR
[2025-12-29 12:09:47] User -> Warehouse Added -> admin@pds| HANURU
[2025-12-29 12:09:47] User -> Warehouse Added -> admin@pds| CHIKKAMAGALURU
[2025-12-29 12:09:47] User -> Warehouse Added -> admin@pds| CHIKKAMAGALURU
[2025-12-29 12:09:47] User -> Warehouse Added -> admin@pds| KADUR
[2025-12-29 12:09:47] User -> Warehouse Added -> admin@pds| KADUR
[2025-12-29 12:09:47] User -> Warehouse Added -> admin@pds| KADUR
[2025-12-29 12:09:47] User -> Warehouse Added -> admin@pds| KOPPA
[2025-12-29 12:09:47] User -> Warehouse Added -> admin@pds| MUDIGERE
[2025-12-29 12:09:47] User -> Warehouse Added -> admin@pds| NARASIMHARAJAPURA
[2025-12-29 12:09:47] User -> Warehouse Added -> admin@pds| SRINGERI
[2025-12-29 12:09:47] User -> Warehouse Added -> admin@pds| TARIKERE
[2025-12-29 12:09:47] User -> Warehouse Added -> admin@pds| TARIKERE
[2025-12-29 12:09:47] User -> Warehouse Added -> admin@pds| AJJAMPURA
[2025-12-29 12:09:47] User -> Warehouse Added -> admin@pds| CHALLAKERE
[2025-12-29 12:09:47] User -> Warehouse Added -> admin@pds| CHALLAKERE
[2025-12-29 12:09:47] User -> Warehouse Added -> admin@pds| CHITRADURGA
[2025-12-29 12:09:47] User -> Warehouse Added -> admin@pds| CHITRADURGA
[2025-12-29 12:09:47] User -> Warehouse Added -> admin@pds| HIRIYUR
[2025-12-29 12:09:47] User -> Warehouse Added -> admin@pds| HIRIYUR
[2025-12-29 12:09:47] User -> Warehouse Added -> admin@pds| HOLALKERE
[2025-12-29 12:09:47] User -> Warehouse Added -> admin@pds| HOLALKERE
[2025-12-29 12:09:47] User -> Warehouse Added -> admin@pds| HOSDURGA
[2025-12-29 12:09:47] User -> Warehouse Added -> admin@pds| MOLAKALMURU
[2025-12-29 12:09:47] User -> Warehouse Added -> admin@pds| BELTANGADI
[2025-12-29 12:09:47] User -> Warehouse Added -> admin@pds| BANTVAL
[2025-12-29 12:09:47] User -> Warehouse Added -> admin@pds| BANTVAL
[2025-12-29 12:09:47] User -> Warehouse Added -> admin@pds| MANGALURU
[2025-12-29 12:09:47] User -> Warehouse Added -> admin@pds| MANGALURU
[2025-12-29 12:09:47] User -> Warehouse Added -> admin@pds| MANGALURU
[2025-12-29 12:09:47] User -> Warehouse Added -> admin@pds| PUTTUR
[2025-12-29 12:09:47] User -> Warehouse Added -> admin@pds| SULYA
[2025-12-29 12:09:47] User -> Warehouse Added -> admin@pds| MOODABIDRI
[2025-12-29 12:09:47] User -> Warehouse Added -> admin@pds| KADABA
[2025-12-29 12:09:47] User -> Warehouse Added -> admin@pds| MULKI
[2025-12-29 12:09:47] User -> Warehouse Added -> admin@pds| ULLALA
[2025-12-29 12:09:47] User -> Warehouse Added -> admin@pds| CHANNAGIRI
[2025-12-29 12:09:48] User -> Warehouse Added -> admin@pds| CHANNAGIRI
[2025-12-29 12:09:48] User -> Warehouse Added -> admin@pds| DAVANAGERE
[2025-12-29 12:09:48] User -> Warehouse Added -> admin@pds| DAVANAGERE
[2025-12-29 12:09:48] User -> Warehouse Added -> admin@pds| DAVANAGERE
[2025-12-29 12:09:48] User -> Warehouse Added -> admin@pds| DAVANAGERE
[2025-12-29 12:09:48] User -> Warehouse Added -> admin@pds| HARIHARA
[2025-12-29 12:09:48] User -> Warehouse Added -> admin@pds| HONNALI
[2025-12-29 12:09:48] User -> Warehouse Added -> admin@pds| HONNALI
[2025-12-29 12:09:48] User -> Warehouse Added -> admin@pds| JAGALUR
[2025-12-29 12:09:48] User -> Warehouse Added -> admin@pds| NYAMATHI
[2025-12-29 12:09:48] User -> Warehouse Added -> admin@pds| NYAMATHI
[2025-12-29 12:09:48] User -> Warehouse Added -> admin@pds| DHARWAD
[2025-12-29 12:09:48] User -> Warehouse Added -> admin@pds| DHARWAD
[2025-12-29 12:09:48] User -> Warehouse Added -> admin@pds| HUBBALLI
[2025-12-29 12:09:48] User -> Warehouse Added -> admin@pds| HUBBALLI
[2025-12-29 12:09:48] User -> Warehouse Added -> admin@pds| HUBBALLI
[2025-12-29 12:09:48] User -> Warehouse Added -> admin@pds| KALGHATGI
[2025-12-29 12:09:48] User -> Warehouse Added -> admin@pds| KUNDGOL
[2025-12-29 12:09:48] User -> Warehouse Added -> admin@pds| NAVALGUND
[2025-12-29 12:09:48] User -> Warehouse Added -> admin@pds| ALNAVAR
[2025-12-29 12:09:48] User -> Warehouse Added -> admin@pds| ANNIGERI
[2025-12-29 12:09:48] User -> Warehouse Added -> admin@pds| GADAG
[2025-12-29 12:09:48] User -> Warehouse Added -> admin@pds| GADAG
[2025-12-29 12:09:48] User -> Warehouse Added -> admin@pds| MUNDARAGI
[2025-12-29 12:09:48] User -> Warehouse Added -> admin@pds| NARAGUND
[2025-12-29 12:09:48] User -> Warehouse Added -> admin@pds| RON
[2025-12-29 12:09:48] User -> Warehouse Added -> admin@pds| SHIRAHATTI
[2025-12-29 12:09:48] User -> Warehouse Added -> admin@pds| GAJENDRAGAD
[2025-12-29 12:09:48] User -> Warehouse Added -> admin@pds| LAXMESHWAR
[2025-12-29 12:09:48] User -> Warehouse Added -> admin@pds| AFZALPUR
[2025-12-29 12:09:48] User -> Warehouse Added -> admin@pds| ALAND
[2025-12-29 12:09:48] User -> Warehouse Added -> admin@pds| CHINCHOLI
[2025-12-29 12:09:48] User -> Warehouse Added -> admin@pds| CHITTAPUR
[2025-12-29 12:09:48] User -> Warehouse Added -> admin@pds| CHITTAPUR
[2025-12-29 12:09:48] User -> Warehouse Added -> admin@pds| KALABURAGI
[2025-12-29 12:09:48] User -> Warehouse Added -> admin@pds| KALABURAGI
[2025-12-29 12:09:48] User -> Warehouse Added -> admin@pds| JEVARGI
[2025-12-29 12:09:48] User -> Warehouse Added -> admin@pds| SEDAM
[2025-12-29 12:09:48] User -> Warehouse Added -> admin@pds| YADRAMI
[2025-12-29 12:09:48] User -> Warehouse Added -> admin@pds| KAMALAPUR
[2025-12-29 12:09:48] User -> Warehouse Added -> admin@pds| KALAGI
[2025-12-29 12:09:48] User -> Warehouse Added -> admin@pds| SHABAD
[2025-12-29 12:09:48] User -> Warehouse Added -> admin@pds| ALUR
[2025-12-29 12:09:48] User -> Warehouse Added -> admin@pds| ARSIKERE
[2025-12-29 12:09:48] User -> Warehouse Added -> admin@pds| ARKALGUD
[2025-12-29 12:09:48] User -> Warehouse Added -> admin@pds| BELUR
[2025-12-29 12:09:48] User -> Warehouse Added -> admin@pds| CHANNARAYAPATNA
[2025-12-29 12:09:48] User -> Warehouse Added -> admin@pds| CHANNARAYAPATNA
[2025-12-29 12:09:48] User -> Warehouse Added -> admin@pds| HASSAN
[2025-12-29 12:09:48] User -> Warehouse Added -> admin@pds| HASSAN
[2025-12-29 12:09:48] User -> Warehouse Added -> admin@pds| HOLENARSIPUR
[2025-12-29 12:09:48] User -> Warehouse Added -> admin@pds| SAKALESHPUR
[2025-12-29 12:09:48] User -> Warehouse Added -> admin@pds| BYADGI
[2025-12-29 12:09:48] User -> Warehouse Added -> admin@pds| HANAGAL
[2025-12-29 12:09:48] User -> Warehouse Added -> admin@pds| HAVERI
[2025-12-29 12:09:48] User -> Warehouse Added -> admin@pds| HIREKERUR
[2025-12-29 12:09:48] User -> Warehouse Added -> admin@pds| RANEBENNUR
[2025-12-29 12:09:48] User -> Warehouse Added -> admin@pds| SAVANUR
[2025-12-29 12:09:48] User -> Warehouse Added -> admin@pds| SHIGGAON
[2025-12-29 12:09:48] User -> Warehouse Added -> admin@pds| RATTIHALLI
[2025-12-29 12:09:48] User -> Warehouse Added -> admin@pds| MADIKERI
[2025-12-29 12:09:48] User -> Warehouse Added -> admin@pds| MADIKERI
[2025-12-29 12:09:48] User -> Warehouse Added -> admin@pds| SOMVARPET
[2025-12-29 12:09:48] User -> Warehouse Added -> admin@pds| SOMVARPET
[2025-12-29 12:09:48] User -> Warehouse Added -> admin@pds| VIRAJPET
[2025-12-29 12:09:48] User -> Warehouse Added -> admin@pds| VIRAJPET
[2025-12-29 12:09:48] User -> Warehouse Added -> admin@pds| KUSHALANAGAR
[2025-12-29 12:09:48] User -> Warehouse Added -> admin@pds| PONNAMPET
[2025-12-29 12:09:48] User -> Warehouse Added -> admin@pds| BANGARPET
[2025-12-29 12:09:48] User -> Warehouse Added -> admin@pds| KOLAR
[2025-12-29 12:09:48] User -> Warehouse Added -> admin@pds| KOLAR
[2025-12-29 12:09:48] User -> Warehouse Added -> admin@pds| MALUR
[2025-12-29 12:09:48] User -> Warehouse Added -> admin@pds| MULBAGAL
[2025-12-29 12:09:48] User -> Warehouse Added -> admin@pds| SRINIVASPUR
[2025-12-29 12:09:48] User -> Warehouse Added -> admin@pds| KGF
[2025-12-29 12:09:48] User -> Warehouse Added -> admin@pds| KGF
[2025-12-29 12:09:48] User -> Warehouse Added -> admin@pds| GANGAVATI
[2025-12-29 12:09:48] User -> Warehouse Added -> admin@pds| KOPPAL
[2025-12-29 12:09:48] User -> Warehouse Added -> admin@pds| KUSHTAGI
[2025-12-29 12:09:48] User -> Warehouse Added -> admin@pds| YELBURGA
[2025-12-29 12:09:48] User -> Warehouse Added -> admin@pds| KRISHNARAJPET
[2025-12-29 12:09:48] User -> Warehouse Added -> admin@pds| MADDUR
[2025-12-29 12:09:48] User -> Warehouse Added -> admin@pds| MADDUR
[2025-12-29 12:09:48] User -> Warehouse Added -> admin@pds| MALVALLI
[2025-12-29 12:09:48] User -> Warehouse Added -> admin@pds| MALVALLI
[2025-12-29 12:09:48] User -> Warehouse Added -> admin@pds| MANDYA
[2025-12-29 12:09:48] User -> Warehouse Added -> admin@pds| MANDYA
[2025-12-29 12:09:48] User -> Warehouse Added -> admin@pds| NAGAMANGALA
[2025-12-29 12:09:48] User -> Warehouse Added -> admin@pds| PANDAVAPURA
[2025-12-29 12:09:48] User -> Warehouse Added -> admin@pds| SHRIRANGAPATTANA
[2025-12-29 12:09:48] User -> Warehouse Added -> admin@pds| SHRIRANGAPATTANA
[2025-12-29 12:09:48] User -> Warehouse Added -> admin@pds| HEGGADADEVANKOTE
[2025-12-29 12:09:48] User -> Warehouse Added -> admin@pds| HEGGADADEVANKOTE
[2025-12-29 12:09:48] User -> Warehouse Added -> admin@pds| HUNSUR
[2025-12-29 12:09:48] User -> Warehouse Added -> admin@pds| HUNSUR
[2025-12-29 12:09:48] User -> Warehouse Added -> admin@pds| HUNSUR
[2025-12-29 12:09:48] User -> Warehouse Added -> admin@pds| KRISHNARAJANAGARA
[2025-12-29 12:09:48] User -> Warehouse Added -> admin@pds| MYSURU
[2025-12-29 12:09:48] User -> Warehouse Added -> admin@pds| MYSURU
[2025-12-29 12:09:48] User -> Warehouse Added -> admin@pds| MYSURU
[2025-12-29 12:09:48] User -> Warehouse Added -> admin@pds| MYSURU
[2025-12-29 12:09:48] User -> Warehouse Added -> admin@pds| NANJANGUD
[2025-12-29 12:09:48] User -> Warehouse Added -> admin@pds| NANJANGUD
[2025-12-29 12:09:48] User -> Warehouse Added -> admin@pds| PIRIYAPATNA
[2025-12-29 12:09:48] User -> Warehouse Added -> admin@pds| TIRUMAKUDALA-NARSIPUR
[2025-12-29 12:09:48] User -> Warehouse Added -> admin@pds| TIRUMAKUDALA-NARSIPUR
[2025-12-29 12:09:48] User -> Warehouse Added -> admin@pds| SARAGURU
[2025-12-29 12:09:48] User -> Warehouse Added -> admin@pds| SALIGRAMA
[2025-12-29 12:09:48] User -> Warehouse Added -> admin@pds| DEVADURGA
[2025-12-29 12:09:48] User -> Warehouse Added -> admin@pds| LINGSUGUR
[2025-12-29 12:09:48] User -> Warehouse Added -> admin@pds| MANVI
[2025-12-29 12:09:48] User -> Warehouse Added -> admin@pds| RAICHUR
[2025-12-29 12:09:48] User -> Warehouse Added -> admin@pds| SINDHNUR
[2025-12-29 12:09:48] User -> Warehouse Added -> admin@pds| BHADRAVATI
[2025-12-29 12:09:48] User -> Warehouse Added -> admin@pds| BHADRAVATI
[2025-12-29 12:09:48] User -> Warehouse Added -> admin@pds| BHADRAVATI
[2025-12-29 12:09:48] User -> Warehouse Added -> admin@pds| HOSANAGARA
[2025-12-29 12:09:48] User -> Warehouse Added -> admin@pds| SAGAR
[2025-12-29 12:09:48] User -> Warehouse Added -> admin@pds| SHIKARIPUR
[2025-12-29 12:09:48] User -> Warehouse Added -> admin@pds| SHIVAMOGGA
[2025-12-29 12:09:48] User -> Warehouse Added -> admin@pds| SHIVAMOGGA
[2025-12-29 12:09:48] User -> Warehouse Added -> admin@pds| SORABA
[2025-12-29 12:09:48] User -> Warehouse Added -> admin@pds| TIRTHAHALLI
[2025-12-29 12:09:48] User -> Warehouse Added -> admin@pds| CHIKNAYAKANHALLI
[2025-12-29 12:09:48] User -> Warehouse Added -> admin@pds| GUBBI
[2025-12-29 12:09:48] User -> Warehouse Added -> admin@pds| KORATAGERE
[2025-12-29 12:09:48] User -> Warehouse Added -> admin@pds| KUNIGAL
[2025-12-29 12:09:48] User -> Warehouse Added -> admin@pds| KUNIGAL
[2025-12-29 12:09:48] User -> Warehouse Added -> admin@pds| MADHUGIRI
[2025-12-29 12:09:48] User -> Warehouse Added -> admin@pds| PAVAGADA
[2025-12-29 12:09:48] User -> Warehouse Added -> admin@pds| SIRA
[2025-12-29 12:09:48] User -> Warehouse Added -> admin@pds| TIPTUR
[2025-12-29 12:09:48] User -> Warehouse Added -> admin@pds| TUMAKURU
[2025-12-29 12:09:48] User -> Warehouse Added -> admin@pds| TUMAKURU
[2025-12-29 12:09:48] User -> Warehouse Added -> admin@pds| TURUVEKERE
[2025-12-29 12:09:48] User -> Warehouse Added -> admin@pds| KARKAL
[2025-12-29 12:09:48] User -> Warehouse Added -> admin@pds| KUNDAPURA
[2025-12-29 12:09:48] User -> Warehouse Added -> admin@pds| UDUPI
[2025-12-29 12:09:48] User -> Warehouse Added -> admin@pds| KAPU
[2025-12-29 12:09:48] User -> Warehouse Added -> admin@pds| BRAHMAVARA
[2025-12-29 12:09:48] User -> Warehouse Added -> admin@pds| BYNDOOR
[2025-12-29 12:09:48] User -> Warehouse Added -> admin@pds| HEBRI
[2025-12-29 12:09:48] User -> Warehouse Added -> admin@pds| ANKOLA
[2025-12-29 12:09:48] User -> Warehouse Added -> admin@pds| BHATKAL
[2025-12-29 12:09:48] User -> Warehouse Added -> admin@pds| HALIYAL
[2025-12-29 12:09:48] User -> Warehouse Added -> admin@pds| HONNAVAR
[2025-12-29 12:09:48] User -> Warehouse Added -> admin@pds| KARWAR
[2025-12-29 12:09:48] User -> Warehouse Added -> admin@pds| KUMTA
[2025-12-29 12:09:48] User -> Warehouse Added -> admin@pds| KUMTA
[2025-12-29 12:09:48] User -> Warehouse Added -> admin@pds| MUNDGOD
[2025-12-29 12:09:48] User -> Warehouse Added -> admin@pds| SIDDAPUR
[2025-12-29 12:09:48] User -> Warehouse Added -> admin@pds| SIRSI
[2025-12-29 12:09:48] User -> Warehouse Added -> admin@pds| SUPA
[2025-12-29 12:09:48] User -> Warehouse Added -> admin@pds| YELLAPUR
[2025-12-29 12:09:48] User -> Warehouse Added -> admin@pds| DANDELI
[2025-12-29 12:09:48] User -> Warehouse Added -> admin@pds| BAGEPALLI
[2025-12-29 12:09:48] User -> Warehouse Added -> admin@pds| CHIKBALLAPUR
[2025-12-29 12:09:48] User -> Warehouse Added -> admin@pds| CHINTAMANI
[2025-12-29 12:09:48] User -> Warehouse Added -> admin@pds| GAURIBIDANUR
[2025-12-29 12:09:48] User -> Warehouse Added -> admin@pds| GUDIBANDA
[2025-12-29 12:09:48] User -> Warehouse Added -> admin@pds| SIDLAGHATTA
[2025-12-29 12:09:48] User -> Warehouse Added -> admin@pds| CHANNAPATNA
[2025-12-29 12:09:48] User -> Warehouse Added -> admin@pds| CHANNAPATNA
[2025-12-29 12:09:48] User -> Warehouse Added -> admin@pds| KANAKAPURA
[2025-12-29 12:09:48] User -> Warehouse Added -> admin@pds| KANAKAPURA
[2025-12-29 12:09:48] User -> Warehouse Added -> admin@pds| MAGADI
[2025-12-29 12:09:48] User -> Warehouse Added -> admin@pds| MAGADI
[2025-12-29 12:09:48] User -> Warehouse Added -> admin@pds| RAMANAGARA
[2025-12-29 12:09:48] User -> Warehouse Added -> admin@pds| RAMANAGARA
[2025-12-29 12:09:48] User -> Warehouse Added -> admin@pds| SHAHPUR
[2025-12-29 12:09:48] User -> Warehouse Added -> admin@pds| SURPUR
[2025-12-29 12:09:48] User -> Warehouse Added -> admin@pds| YADGIR
[2025-12-29 12:09:48] User -> Warehouse Added -> admin@pds| GURUMITKAL
[2025-12-29 12:09:48] User -> Warehouse Added -> admin@pds| WADEGERA
[2025-12-29 12:09:48] User -> Warehouse Added -> admin@pds| HUNASAGI
[2025-12-29 12:09:48] User -> Warehouse Added -> admin@pds| BANGALORE EAST(IRA)
[2025-12-29 12:09:48] User -> Warehouse Added -> admin@pds| BANGALORE EAST(IRA)
[2025-12-29 12:09:48] User -> Warehouse Added -> admin@pds| BANGALORE NORTH(IRA)
[2025-12-29 12:09:48] User -> Warehouse Added -> admin@pds| BANGALORE NORTH(IRA)
[2025-12-29 12:09:48] User -> Warehouse Added -> admin@pds| BANGALORE NORTH(IRA)
[2025-12-29 12:09:48] User -> Warehouse Added -> admin@pds| BANGALORE SOUTH(IRA)
[2025-12-29 12:09:48] User -> Warehouse Added -> admin@pds| BANGALORE SOUTH(IRA)
[2025-12-29 12:09:48] User -> Warehouse Added -> admin@pds| BANGALORE SOUTH(IRA)
[2025-12-29 12:09:48] User -> Warehouse Added -> admin@pds| BANGALORE SOUTH(IRA)
[2025-12-29 12:09:48] User -> Warehouse Added -> admin@pds| BANGALORE SOUTH(IRA)
[2025-12-29 12:09:48] User -> Warehouse Added -> admin@pds| BANGALORE SOUTH(IRA)
[2025-12-29 12:09:48] User -> Warehouse Added -> admin@pds| BANGALORE WEST(IRA)
[2025-12-29 12:09:48] User -> Warehouse Added -> admin@pds| BANGALORE WEST(IRA)
[2025-12-29 12:09:48] User -> Warehouse Added -> admin@pds| BANGALORE WEST(IRA)
[2025-12-29 12:09:48] User -> Warehouse Added -> admin@pds| BANGALORE WEST(IRA)
[2025-12-29 12:09:48] User -> Warehouse Added -> admin@pds| HADAGALI
[2025-12-29 12:09:48] User -> Warehouse Added -> admin@pds| HAGARIBOMMANAHALLI
[2025-12-29 12:09:48] User -> Warehouse Added -> admin@pds| HOSAPETE
[2025-12-29 12:09:48] User -> Warehouse Added -> admin@pds| HOSAPETE
[2025-12-29 12:09:48] User -> Warehouse Added -> admin@pds| KUDLIGI
[2025-12-29 12:09:48] User -> Warehouse Added -> admin@pds| KUDLIGI
[2025-12-29 12:09:48] User -> Warehouse Added -> admin@pds| KOTTUR
[2025-12-29 12:09:48] User -> Warehouse Added -> admin@pds| HARAPANAHALLI
[2025-12-29 12:09:48] User -> Warehouse Added -> admin@pds| HARAPANAHALLI
[2025-12-29 12:09:48] User -> Warehouse Added -> admin@pds| A
[2025-12-29 12:09:48] User -> Warehouse Added -> admin@pds| A
[2025-12-29 12:09:48] User -> Warehouse Added -> admin@pds| A
[2025-12-29 12:09:48] User -> Warehouse Added -> admin@pds| A
[2025-12-29 12:09:48] User -> Warehouse Added -> admin@pds| A
[2025-12-29 12:09:48] User -> Warehouse Added -> admin@pds| A
[2025-12-29 12:09:48] User -> Warehouse Added -> admin@pds| A
[2025-12-29 12:09:48] User -> Warehouse Added -> admin@pds| A
[2025-12-29 12:09:48] User -> Warehouse Added -> admin@pds| A
[2025-12-29 12:09:48] User -> Warehouse Added -> admin@pds| A
[2025-12-29 12:09:48] User -> Warehouse Added -> admin@pds| A
[2025-12-29 12:09:48] User -> Warehouse Added -> admin@pds| A
[2025-12-29 12:09:48] User -> Warehouse Added -> admin@pds| A
[2025-12-29 12:09:48] User -> Warehouse Added -> admin@pds| A
[2025-12-29 12:09:48] User -> Warehouse Added -> admin@pds| A
[2025-12-29 12:09:48] User -> Warehouse Added -> admin@pds| A
[2025-12-29 12:09:48] User -> Warehouse Added -> admin@pds| A
[2025-12-29 12:09:48] User -> Warehouse Added -> admin@pds| A
[2025-12-29 12:09:48] User -> Warehouse Added -> admin@pds| A
[2025-12-29 12:09:48] User -> Warehouse Added -> admin@pds| A
[2025-12-29 12:09:48] User -> Warehouse Added -> admin@pds| A
[2025-12-29 12:09:48] User -> Warehouse Added -> admin@pds| A
[2025-12-29 12:09:48] User -> Warehouse Added -> admin@pds| A
[2025-12-29 12:09:48] User -> Warehouse Added -> admin@pds| A
[2025-12-29 12:09:48] User -> Warehouse Added -> admin@pds| A
[2025-12-29 12:09:48] User -> Warehouse Added -> admin@pds| A
[2025-12-29 12:09:48] User -> Warehouse Added -> admin@pds| A
[2025-12-29 12:09:48] User -> Warehouse Added -> admin@pds| A
[2025-12-29 12:09:48] User -> Warehouse Added -> admin@pds| A
[2025-12-29 12:09:48] User -> Warehouse Added -> admin@pds| A
[2025-12-29 12:09:48] User -> Warehouse Added -> admin@pds| A
[2025-12-29 12:09:48] User -> Warehouse Added -> admin@pds| A
[2025-12-29 12:09:48] User -> Warehouse Added -> admin@pds| A
[2025-12-29 12:09:48] User -> Warehouse Added -> admin@pds| A
[2025-12-29 12:09:48] User -> Warehouse Added -> admin@pds| A
[2025-12-29 12:09:48] User -> Warehouse Added -> admin@pds| A
[2025-12-29 12:09:48] User -> Warehouse Added -> admin@pds| A
[2025-12-29 12:09:48] User -> Warehouse Added -> admin@pds| A
[2025-12-29 12:09:48] User -> Warehouse Added -> admin@pds| A
[2025-12-29 12:09:48] User -> Warehouse Added -> admin@pds| A
[2025-12-29 12:09:48] User -> Warehouse Added -> admin@pds| A
[2025-12-29 12:09:48] User -> Warehouse Added -> admin@pds| A
[2025-12-29 12:09:48] User -> Warehouse Added -> admin@pds| A
[2025-12-29 12:09:48] User -> Warehouse Added -> admin@pds| A
[2025-12-29 12:09:48] User -> Warehouse Added -> admin@pds| A
[2025-12-29 12:09:48] User -> Warehouse Added -> admin@pds| A
[2025-12-29 12:09:48] User -> Warehouse Added -> admin@pds| A
[2025-12-29 12:09:48] User -> Warehouse Added -> admin@pds| A
[2025-12-29 12:09:48] User -> Warehouse Added -> admin@pds| A
[2025-12-29 12:09:48] User -> Warehouse Added -> admin@pds| A
[2025-12-29 12:09:48] User -> Warehouse Added -> admin@pds| A
[2025-12-29 12:09:48] User -> Warehouse Added -> admin@pds| A
[2025-12-29 12:09:48] User -> Warehouse Added -> admin@pds| A
[2025-12-29 12:09:48] User -> Warehouse Added -> admin@pds| A
[2025-12-29 12:09:48] User -> Warehouse Added -> admin@pds| A
[2025-12-29 12:09:48] User -> Warehouse Added -> admin@pds| A
[2025-12-29 12:10:01] User -> Warehouse Edit -> admin@pds| BADAMI
[2025-12-29 12:10:01] User -> Warehouse Edit -> admin@pds| BAGALKOT
[2025-12-29 12:10:01] User -> Warehouse Edit -> admin@pds| BILAGI
[2025-12-29 12:10:01] User -> Warehouse Edit -> admin@pds| BILAGI
[2025-12-29 12:10:01] User -> Warehouse Edit -> admin@pds| HUNGUND
[2025-12-29 12:10:01] User -> Warehouse Edit -> admin@pds| JAMKHANDI
[2025-12-29 12:10:01] User -> Warehouse Edit -> admin@pds| MUDHOL
[2025-12-29 12:10:01] User -> Warehouse Edit -> admin@pds| MUDHOL
[2025-12-29 12:10:01] User -> Warehouse Edit -> admin@pds| ILAKAL
[2025-12-29 12:10:01] User -> Warehouse Edit -> admin@pds| GULEDAGUDD
[2025-12-29 12:10:01] User -> Warehouse Edit -> admin@pds| RABAKAVI BANAHATTI
[2025-12-29 12:10:01] User -> Warehouse Edit -> admin@pds| ANEKAL
[2025-12-29 12:10:01] User -> Warehouse Edit -> admin@pds| ANEKAL
[2025-12-29 12:10:01] User -> Warehouse Edit -> admin@pds| BANGALORE NORTH
[2025-12-29 12:10:01] User -> Warehouse Edit -> admin@pds| BANGALORE NORTH
[2025-12-29 12:10:01] User -> Warehouse Edit -> admin@pds| BANGALORE SOUTH
[2025-12-29 12:10:01] User -> Warehouse Edit -> admin@pds| BANGALORE SOUTH
[2025-12-29 12:10:01] User -> Warehouse Edit -> admin@pds| BANGALORE EAST
[2025-12-29 12:10:01] User -> Warehouse Edit -> admin@pds| YELAHANKA
[2025-12-29 12:10:01] User -> Warehouse Edit -> admin@pds| YELAHANKA
[2025-12-29 12:10:01] User -> Warehouse Edit -> admin@pds| DEVANHALLI
[2025-12-29 12:10:01] User -> Warehouse Edit -> admin@pds| DEVANHALLI
[2025-12-29 12:10:01] User -> Warehouse Edit -> admin@pds| DODBALLAPUR
[2025-12-29 12:10:01] User -> Warehouse Edit -> admin@pds| HOSKOTE
[2025-12-29 12:10:01] User -> Warehouse Edit -> admin@pds| NELAMANGALA
[2025-12-29 12:10:01] User -> Warehouse Edit -> admin@pds| ATHNI
[2025-12-29 12:10:01] User -> Warehouse Edit -> admin@pds| BAILAHONGAL
[2025-12-29 12:10:01] User -> Warehouse Edit -> admin@pds| BAILAHONGAL
[2025-12-29 12:10:01] User -> Warehouse Edit -> admin@pds| BELAGAVI
[2025-12-29 12:10:01] User -> Warehouse Edit -> admin@pds| BELAGAVI
[2025-12-29 12:10:01] User -> Warehouse Edit -> admin@pds| BELAGAVI
[2025-12-29 12:10:01] User -> Warehouse Edit -> admin@pds| CHIKKODI
[2025-12-29 12:10:01] User -> Warehouse Edit -> admin@pds| GOKAK
[2025-12-29 12:10:01] User -> Warehouse Edit -> admin@pds| HUKKERI
[2025-12-29 12:10:01] User -> Warehouse Edit -> admin@pds| HUKKERI
[2025-12-29 12:10:01] User -> Warehouse Edit -> admin@pds| KHANAPUR
[2025-12-29 12:10:01] User -> Warehouse Edit -> admin@pds| RAYBAG
[2025-12-29 12:10:01] User -> Warehouse Edit -> admin@pds| RAYBAG
[2025-12-29 12:10:01] User -> Warehouse Edit -> admin@pds| RAMDURG
[2025-12-29 12:10:01] User -> Warehouse Edit -> admin@pds| SAVADATTI
[2025-12-29 12:10:01] User -> Warehouse Edit -> admin@pds| SAVADATTI
[2025-12-29 12:10:01] User -> Warehouse Edit -> admin@pds| KAGAVADA
[2025-12-29 12:10:01] User -> Warehouse Edit -> admin@pds| KITTUR
[2025-12-29 12:10:01] User -> Warehouse Edit -> admin@pds| MUDALAGI
[2025-12-29 12:10:01] User -> Warehouse Edit -> admin@pds| NIPPANI
[2025-12-29 12:10:01] User -> Warehouse Edit -> admin@pds| BALLARI
[2025-12-29 12:10:01] User -> Warehouse Edit -> admin@pds| BALLARI
[2025-12-29 12:10:01] User -> Warehouse Edit -> admin@pds| BALLARI
[2025-12-29 12:10:01] User -> Warehouse Edit -> admin@pds| SANDUR
[2025-12-29 12:10:01] User -> Warehouse Edit -> admin@pds| SIRUGUPPA
[2025-12-29 12:10:01] User -> Warehouse Edit -> admin@pds| KURUGODU
[2025-12-29 12:10:01] User -> Warehouse Edit -> admin@pds| KAMPLI
[2025-12-29 12:10:01] User -> Warehouse Edit -> admin@pds| AURAD
[2025-12-29 12:10:01] User -> Warehouse Edit -> admin@pds| BASAVAKALYAN
[2025-12-29 12:10:01] User -> Warehouse Edit -> admin@pds| BHALKI
[2025-12-29 12:10:01] User -> Warehouse Edit -> admin@pds| BIDAR
[2025-12-29 12:10:01] User -> Warehouse Edit -> admin@pds| BIDAR
[2025-12-29 12:10:01] User -> Warehouse Edit -> admin@pds| HUMNABAD
[2025-12-29 12:10:01] User -> Warehouse Edit -> admin@pds| KAMALNAGAR
[2025-12-29 12:10:01] User -> Warehouse Edit -> admin@pds| HULSOOR
[2025-12-29 12:10:01] User -> Warehouse Edit -> admin@pds| CHITAGUPPA
[2025-12-29 12:10:01] User -> Warehouse Edit -> admin@pds| BASAVANA BAGEVADI
[2025-12-29 12:10:01] User -> Warehouse Edit -> admin@pds| VIJAYAPURA
[2025-12-29 12:10:01] User -> Warehouse Edit -> admin@pds| VIJAYAPURA
[2025-12-29 12:10:01] User -> Warehouse Edit -> admin@pds| INDI
[2025-12-29 12:10:01] User -> Warehouse Edit -> admin@pds| INDI
[2025-12-29 12:10:01] User -> Warehouse Edit -> admin@pds| MUDDEBIHAL
[2025-12-29 12:10:01] User -> Warehouse Edit -> admin@pds| MUDDEBIHAL
[2025-12-29 12:10:01] User -> Warehouse Edit -> admin@pds| SINDGI
[2025-12-29 12:10:01] User -> Warehouse Edit -> admin@pds| SINDGI
[2025-12-29 12:10:01] User -> Warehouse Edit -> admin@pds| NIDAGUNDI
[2025-12-29 12:10:01] User -> Warehouse Edit -> admin@pds| KOLHAR
[2025-12-29 12:10:01] User -> Warehouse Edit -> admin@pds| BABALESHWAR
[2025-12-29 12:10:01] User -> Warehouse Edit -> admin@pds| CHADACHAN
[2025-12-29 12:10:01] User -> Warehouse Edit -> admin@pds| DEVARA HIPPARAGI
[2025-12-29 12:10:01] User -> Warehouse Edit -> admin@pds| TALIKOTI
[2025-12-29 12:10:01] User -> Warehouse Edit -> admin@pds| TIKOTA
[2025-12-29 12:10:01] User -> Warehouse Edit -> admin@pds| ALMEL
[2025-12-29 12:10:01] User -> Warehouse Edit -> admin@pds| CHAMARAJANAGAR
[2025-12-29 12:10:01] User -> Warehouse Edit -> admin@pds| CHAMARAJANAGAR
[2025-12-29 12:10:01] User -> Warehouse Edit -> admin@pds| CHAMARAJANAGAR
[2025-12-29 12:10:01] User -> Warehouse Edit -> admin@pds| GUNDLUPET
[2025-12-29 12:10:01] User -> Warehouse Edit -> admin@pds| GUNDLUPET
[2025-12-29 12:10:01] User -> Warehouse Edit -> admin@pds| KOLLEGALA
[2025-12-29 12:10:01] User -> Warehouse Edit -> admin@pds| YELANDUR
[2025-12-29 12:10:01] User -> Warehouse Edit -> admin@pds| HANURU
[2025-12-29 12:10:01] User -> Warehouse Edit -> admin@pds| CHIKKAMAGALURU
[2025-12-29 12:10:01] User -> Warehouse Edit -> admin@pds| CHIKKAMAGALURU
[2025-12-29 12:10:01] User -> Warehouse Edit -> admin@pds| KADUR
[2025-12-29 12:10:01] User -> Warehouse Edit -> admin@pds| KADUR
[2025-12-29 12:10:01] User -> Warehouse Edit -> admin@pds| KADUR
[2025-12-29 12:10:01] User -> Warehouse Edit -> admin@pds| KOPPA
[2025-12-29 12:10:01] User -> Warehouse Edit -> admin@pds| MUDIGERE
[2025-12-29 12:10:01] User -> Warehouse Edit -> admin@pds| NARASIMHARAJAPURA
[2025-12-29 12:10:01] User -> Warehouse Edit -> admin@pds| SRINGERI
[2025-12-29 12:10:01] User -> Warehouse Edit -> admin@pds| TARIKERE
[2025-12-29 12:10:01] User -> Warehouse Edit -> admin@pds| TARIKERE
[2025-12-29 12:10:01] User -> Warehouse Edit -> admin@pds| AJJAMPURA
[2025-12-29 12:10:01] User -> Warehouse Edit -> admin@pds| CHALLAKERE
[2025-12-29 12:10:01] User -> Warehouse Edit -> admin@pds| CHALLAKERE
[2025-12-29 12:10:01] User -> Warehouse Edit -> admin@pds| CHITRADURGA
[2025-12-29 12:10:01] User -> Warehouse Edit -> admin@pds| CHITRADURGA
[2025-12-29 12:10:01] User -> Warehouse Edit -> admin@pds| HIRIYUR
[2025-12-29 12:10:01] User -> Warehouse Edit -> admin@pds| HIRIYUR
[2025-12-29 12:10:01] User -> Warehouse Edit -> admin@pds| HOLALKERE
[2025-12-29 12:10:01] User -> Warehouse Edit -> admin@pds| HOLALKERE
[2025-12-29 12:10:01] User -> Warehouse Edit -> admin@pds| HOSDURGA
[2025-12-29 12:10:01] User -> Warehouse Edit -> admin@pds| MOLAKALMURU
[2025-12-29 12:10:01] User -> Warehouse Edit -> admin@pds| BELTANGADI
[2025-12-29 12:10:01] User -> Warehouse Edit -> admin@pds| BANTVAL
[2025-12-29 12:10:01] User -> Warehouse Edit -> admin@pds| BANTVAL
[2025-12-29 12:10:01] User -> Warehouse Edit -> admin@pds| MANGALURU
[2025-12-29 12:10:01] User -> Warehouse Edit -> admin@pds| MANGALURU
[2025-12-29 12:10:01] User -> Warehouse Edit -> admin@pds| MANGALURU
[2025-12-29 12:10:01] User -> Warehouse Edit -> admin@pds| PUTTUR
[2025-12-29 12:10:01] User -> Warehouse Edit -> admin@pds| SULYA
[2025-12-29 12:10:01] User -> Warehouse Edit -> admin@pds| MOODABIDRI
[2025-12-29 12:10:01] User -> Warehouse Edit -> admin@pds| KADABA
[2025-12-29 12:10:01] User -> Warehouse Edit -> admin@pds| MULKI
[2025-12-29 12:10:01] User -> Warehouse Edit -> admin@pds| ULLALA
[2025-12-29 12:10:01] User -> Warehouse Edit -> admin@pds| CHANNAGIRI
[2025-12-29 12:10:01] User -> Warehouse Edit -> admin@pds| CHANNAGIRI
[2025-12-29 12:10:01] User -> Warehouse Edit -> admin@pds| DAVANAGERE
[2025-12-29 12:10:01] User -> Warehouse Edit -> admin@pds| DAVANAGERE
[2025-12-29 12:10:01] User -> Warehouse Edit -> admin@pds| DAVANAGERE
[2025-12-29 12:10:01] User -> Warehouse Edit -> admin@pds| DAVANAGERE
[2025-12-29 12:10:01] User -> Warehouse Edit -> admin@pds| HARIHARA
[2025-12-29 12:10:01] User -> Warehouse Edit -> admin@pds| HONNALI
[2025-12-29 12:10:01] User -> Warehouse Edit -> admin@pds| HONNALI
[2025-12-29 12:10:01] User -> Warehouse Edit -> admin@pds| JAGALUR
[2025-12-29 12:10:01] User -> Warehouse Edit -> admin@pds| NYAMATHI
[2025-12-29 12:10:01] User -> Warehouse Edit -> admin@pds| NYAMATHI
[2025-12-29 12:10:01] User -> Warehouse Edit -> admin@pds| DHARWAD
[2025-12-29 12:10:01] User -> Warehouse Edit -> admin@pds| DHARWAD
[2025-12-29 12:10:01] User -> Warehouse Edit -> admin@pds| HUBBALLI
[2025-12-29 12:10:01] User -> Warehouse Edit -> admin@pds| HUBBALLI
[2025-12-29 12:10:01] User -> Warehouse Edit -> admin@pds| HUBBALLI
[2025-12-29 12:10:01] User -> Warehouse Edit -> admin@pds| KALGHATGI
[2025-12-29 12:10:01] User -> Warehouse Edit -> admin@pds| KUNDGOL
[2025-12-29 12:10:01] User -> Warehouse Edit -> admin@pds| NAVALGUND
[2025-12-29 12:10:01] User -> Warehouse Edit -> admin@pds| ALNAVAR
[2025-12-29 12:10:01] User -> Warehouse Edit -> admin@pds| ANNIGERI
[2025-12-29 12:10:01] User -> Warehouse Edit -> admin@pds| GADAG
[2025-12-29 12:10:01] User -> Warehouse Edit -> admin@pds| GADAG
[2025-12-29 12:10:01] User -> Warehouse Edit -> admin@pds| MUNDARAGI
[2025-12-29 12:10:01] User -> Warehouse Edit -> admin@pds| NARAGUND
[2025-12-29 12:10:01] User -> Warehouse Edit -> admin@pds| RON
[2025-12-29 12:10:01] User -> Warehouse Edit -> admin@pds| SHIRAHATTI
[2025-12-29 12:10:01] User -> Warehouse Edit -> admin@pds| GAJENDRAGAD
[2025-12-29 12:10:01] User -> Warehouse Edit -> admin@pds| LAXMESHWAR
[2025-12-29 12:10:01] User -> Warehouse Edit -> admin@pds| AFZALPUR
[2025-12-29 12:10:01] User -> Warehouse Edit -> admin@pds| ALAND
[2025-12-29 12:10:01] User -> Warehouse Edit -> admin@pds| CHINCHOLI
[2025-12-29 12:10:01] User -> Warehouse Edit -> admin@pds| CHITTAPUR
[2025-12-29 12:10:01] User -> Warehouse Edit -> admin@pds| CHITTAPUR
[2025-12-29 12:10:01] User -> Warehouse Edit -> admin@pds| KALABURAGI
[2025-12-29 12:10:01] User -> Warehouse Edit -> admin@pds| KALABURAGI
[2025-12-29 12:10:01] User -> Warehouse Edit -> admin@pds| JEVARGI
[2025-12-29 12:10:01] User -> Warehouse Edit -> admin@pds| SEDAM
[2025-12-29 12:10:01] User -> Warehouse Edit -> admin@pds| YADRAMI
[2025-12-29 12:10:01] User -> Warehouse Edit -> admin@pds| KAMALAPUR
[2025-12-29 12:10:01] User -> Warehouse Edit -> admin@pds| KALAGI
[2025-12-29 12:10:01] User -> Warehouse Edit -> admin@pds| SHABAD
[2025-12-29 12:10:01] User -> Warehouse Edit -> admin@pds| ALUR
[2025-12-29 12:10:01] User -> Warehouse Edit -> admin@pds| ARSIKERE
[2025-12-29 12:10:01] User -> Warehouse Edit -> admin@pds| ARKALGUD
[2025-12-29 12:10:01] User -> Warehouse Edit -> admin@pds| BELUR
[2025-12-29 12:10:01] User -> Warehouse Edit -> admin@pds| CHANNARAYAPATNA
[2025-12-29 12:10:01] User -> Warehouse Edit -> admin@pds| CHANNARAYAPATNA
[2025-12-29 12:10:01] User -> Warehouse Edit -> admin@pds| HASSAN
[2025-12-29 12:10:01] User -> Warehouse Edit -> admin@pds| HASSAN
[2025-12-29 12:10:01] User -> Warehouse Edit -> admin@pds| HOLENARSIPUR
[2025-12-29 12:10:01] User -> Warehouse Edit -> admin@pds| SAKALESHPUR
[2025-12-29 12:10:01] User -> Warehouse Edit -> admin@pds| BYADGI
[2025-12-29 12:10:01] User -> Warehouse Edit -> admin@pds| HANAGAL
[2025-12-29 12:10:01] User -> Warehouse Edit -> admin@pds| HAVERI
[2025-12-29 12:10:01] User -> Warehouse Edit -> admin@pds| HIREKERUR
[2025-12-29 12:10:01] User -> Warehouse Edit -> admin@pds| RANEBENNUR
[2025-12-29 12:10:01] User -> Warehouse Edit -> admin@pds| SAVANUR
[2025-12-29 12:10:01] User -> Warehouse Edit -> admin@pds| SHIGGAON
[2025-12-29 12:10:01] User -> Warehouse Edit -> admin@pds| RATTIHALLI
[2025-12-29 12:10:01] User -> Warehouse Edit -> admin@pds| MADIKERI
[2025-12-29 12:10:01] User -> Warehouse Edit -> admin@pds| MADIKERI
[2025-12-29 12:10:01] User -> Warehouse Edit -> admin@pds| SOMVARPET
[2025-12-29 12:10:01] User -> Warehouse Edit -> admin@pds| SOMVARPET
[2025-12-29 12:10:01] User -> Warehouse Edit -> admin@pds| VIRAJPET
[2025-12-29 12:10:01] User -> Warehouse Edit -> admin@pds| VIRAJPET
[2025-12-29 12:10:01] User -> Warehouse Edit -> admin@pds| KUSHALANAGAR
[2025-12-29 12:10:01] User -> Warehouse Edit -> admin@pds| PONNAMPET
[2025-12-29 12:10:01] User -> Warehouse Edit -> admin@pds| BANGARPET
[2025-12-29 12:10:01] User -> Warehouse Edit -> admin@pds| KOLAR
[2025-12-29 12:10:01] User -> Warehouse Edit -> admin@pds| KOLAR
[2025-12-29 12:10:01] User -> Warehouse Edit -> admin@pds| MALUR
[2025-12-29 12:10:01] User -> Warehouse Edit -> admin@pds| MULBAGAL
[2025-12-29 12:10:01] User -> Warehouse Edit -> admin@pds| SRINIVASPUR
[2025-12-29 12:10:01] User -> Warehouse Edit -> admin@pds| KGF
[2025-12-29 12:10:01] User -> Warehouse Edit -> admin@pds| KGF
[2025-12-29 12:10:01] User -> Warehouse Edit -> admin@pds| GANGAVATI
[2025-12-29 12:10:01] User -> Warehouse Edit -> admin@pds| KOPPAL
[2025-12-29 12:10:01] User -> Warehouse Edit -> admin@pds| KUSHTAGI
[2025-12-29 12:10:01] User -> Warehouse Edit -> admin@pds| YELBURGA
[2025-12-29 12:10:01] User -> Warehouse Edit -> admin@pds| KRISHNARAJPET
[2025-12-29 12:10:01] User -> Warehouse Edit -> admin@pds| MADDUR
[2025-12-29 12:10:01] User -> Warehouse Edit -> admin@pds| MADDUR
[2025-12-29 12:10:01] User -> Warehouse Edit -> admin@pds| MALVALLI
[2025-12-29 12:10:01] User -> Warehouse Edit -> admin@pds| MALVALLI
[2025-12-29 12:10:01] User -> Warehouse Edit -> admin@pds| MANDYA
[2025-12-29 12:10:01] User -> Warehouse Edit -> admin@pds| MANDYA
[2025-12-29 12:10:01] User -> Warehouse Edit -> admin@pds| NAGAMANGALA
[2025-12-29 12:10:01] User -> Warehouse Edit -> admin@pds| PANDAVAPURA
[2025-12-29 12:10:01] User -> Warehouse Edit -> admin@pds| SHRIRANGAPATTANA
[2025-12-29 12:10:01] User -> Warehouse Edit -> admin@pds| SHRIRANGAPATTANA
[2025-12-29 12:10:01] User -> Warehouse Edit -> admin@pds| HEGGADADEVANKOTE
[2025-12-29 12:10:01] User -> Warehouse Edit -> admin@pds| HEGGADADEVANKOTE
[2025-12-29 12:10:01] User -> Warehouse Edit -> admin@pds| HUNSUR
[2025-12-29 12:10:01] User -> Warehouse Edit -> admin@pds| HUNSUR
[2025-12-29 12:10:01] User -> Warehouse Edit -> admin@pds| HUNSUR
[2025-12-29 12:10:01] User -> Warehouse Edit -> admin@pds| KRISHNARAJANAGARA
[2025-12-29 12:10:01] User -> Warehouse Edit -> admin@pds| MYSURU
[2025-12-29 12:10:01] User -> Warehouse Edit -> admin@pds| MYSURU
[2025-12-29 12:10:01] User -> Warehouse Edit -> admin@pds| MYSURU
[2025-12-29 12:10:01] User -> Warehouse Edit -> admin@pds| MYSURU
[2025-12-29 12:10:01] User -> Warehouse Edit -> admin@pds| NANJANGUD
[2025-12-29 12:10:01] User -> Warehouse Edit -> admin@pds| NANJANGUD
[2025-12-29 12:10:01] User -> Warehouse Edit -> admin@pds| PIRIYAPATNA
[2025-12-29 12:10:01] User -> Warehouse Edit -> admin@pds| TIRUMAKUDALA-NARSIPUR
[2025-12-29 12:10:01] User -> Warehouse Edit -> admin@pds| TIRUMAKUDALA-NARSIPUR
[2025-12-29 12:10:01] User -> Warehouse Edit -> admin@pds| SARAGURU
[2025-12-29 12:10:01] User -> Warehouse Edit -> admin@pds| SALIGRAMA
[2025-12-29 12:10:01] User -> Warehouse Edit -> admin@pds| DEVADURGA
[2025-12-29 12:10:01] User -> Warehouse Edit -> admin@pds| LINGSUGUR
[2025-12-29 12:10:01] User -> Warehouse Edit -> admin@pds| MANVI
[2025-12-29 12:10:01] User -> Warehouse Edit -> admin@pds| RAICHUR
[2025-12-29 12:10:01] User -> Warehouse Edit -> admin@pds| SINDHNUR
[2025-12-29 12:10:01] User -> Warehouse Edit -> admin@pds| BHADRAVATI
[2025-12-29 12:10:01] User -> Warehouse Edit -> admin@pds| BHADRAVATI
[2025-12-29 12:10:01] User -> Warehouse Edit -> admin@pds| BHADRAVATI
[2025-12-29 12:10:01] User -> Warehouse Edit -> admin@pds| HOSANAGARA
[2025-12-29 12:10:01] User -> Warehouse Edit -> admin@pds| SAGAR
[2025-12-29 12:10:01] User -> Warehouse Edit -> admin@pds| SHIKARIPUR
[2025-12-29 12:10:01] User -> Warehouse Edit -> admin@pds| SHIVAMOGGA
[2025-12-29 12:10:01] User -> Warehouse Edit -> admin@pds| SHIVAMOGGA
[2025-12-29 12:10:01] User -> Warehouse Edit -> admin@pds| SORABA
[2025-12-29 12:10:01] User -> Warehouse Edit -> admin@pds| TIRTHAHALLI
[2025-12-29 12:10:01] User -> Warehouse Edit -> admin@pds| CHIKNAYAKANHALLI
[2025-12-29 12:10:01] User -> Warehouse Edit -> admin@pds| GUBBI
[2025-12-29 12:10:01] User -> Warehouse Edit -> admin@pds| KORATAGERE
[2025-12-29 12:10:01] User -> Warehouse Edit -> admin@pds| KUNIGAL
[2025-12-29 12:10:01] User -> Warehouse Edit -> admin@pds| KUNIGAL
[2025-12-29 12:10:01] User -> Warehouse Edit -> admin@pds| MADHUGIRI
[2025-12-29 12:10:01] User -> Warehouse Edit -> admin@pds| PAVAGADA
[2025-12-29 12:10:01] User -> Warehouse Edit -> admin@pds| SIRA
[2025-12-29 12:10:01] User -> Warehouse Edit -> admin@pds| TIPTUR
[2025-12-29 12:10:01] User -> Warehouse Edit -> admin@pds| TUMAKURU
[2025-12-29 12:10:01] User -> Warehouse Edit -> admin@pds| TUMAKURU
[2025-12-29 12:10:01] User -> Warehouse Edit -> admin@pds| TURUVEKERE
[2025-12-29 12:10:01] User -> Warehouse Edit -> admin@pds| KARKAL
[2025-12-29 12:10:01] User -> Warehouse Edit -> admin@pds| KUNDAPURA
[2025-12-29 12:10:01] User -> Warehouse Edit -> admin@pds| UDUPI
[2025-12-29 12:10:01] User -> Warehouse Edit -> admin@pds| KAPU
[2025-12-29 12:10:01] User -> Warehouse Edit -> admin@pds| BRAHMAVARA
[2025-12-29 12:10:01] User -> Warehouse Edit -> admin@pds| BYNDOOR
[2025-12-29 12:10:01] User -> Warehouse Edit -> admin@pds| HEBRI
[2025-12-29 12:10:01] User -> Warehouse Edit -> admin@pds| ANKOLA
[2025-12-29 12:10:01] User -> Warehouse Edit -> admin@pds| BHATKAL
[2025-12-29 12:10:01] User -> Warehouse Edit -> admin@pds| HALIYAL
[2025-12-29 12:10:01] User -> Warehouse Edit -> admin@pds| HONNAVAR
[2025-12-29 12:10:01] User -> Warehouse Edit -> admin@pds| KARWAR
[2025-12-29 12:10:01] User -> Warehouse Edit -> admin@pds| KUMTA
[2025-12-29 12:10:01] User -> Warehouse Edit -> admin@pds| KUMTA
[2025-12-29 12:10:01] User -> Warehouse Edit -> admin@pds| MUNDGOD
[2025-12-29 12:10:01] User -> Warehouse Edit -> admin@pds| SIDDAPUR
[2025-12-29 12:10:01] User -> Warehouse Edit -> admin@pds| SIRSI
[2025-12-29 12:10:01] User -> Warehouse Edit -> admin@pds| SUPA
[2025-12-29 12:10:01] User -> Warehouse Edit -> admin@pds| YELLAPUR
[2025-12-29 12:10:01] User -> Warehouse Edit -> admin@pds| DANDELI
[2025-12-29 12:10:01] User -> Warehouse Edit -> admin@pds| BAGEPALLI
[2025-12-29 12:10:01] User -> Warehouse Edit -> admin@pds| CHIKBALLAPUR
[2025-12-29 12:10:01] User -> Warehouse Edit -> admin@pds| CHINTAMANI
[2025-12-29 12:10:01] User -> Warehouse Edit -> admin@pds| GAURIBIDANUR
[2025-12-29 12:10:01] User -> Warehouse Edit -> admin@pds| GUDIBANDA
[2025-12-29 12:10:01] User -> Warehouse Edit -> admin@pds| SIDLAGHATTA
[2025-12-29 12:10:01] User -> Warehouse Edit -> admin@pds| CHANNAPATNA
[2025-12-29 12:10:01] User -> Warehouse Edit -> admin@pds| CHANNAPATNA
[2025-12-29 12:10:01] User -> Warehouse Edit -> admin@pds| KANAKAPURA
[2025-12-29 12:10:01] User -> Warehouse Edit -> admin@pds| KANAKAPURA
[2025-12-29 12:10:01] User -> Warehouse Edit -> admin@pds| MAGADI
[2025-12-29 12:10:01] User -> Warehouse Edit -> admin@pds| MAGADI
[2025-12-29 12:10:01] User -> Warehouse Edit -> admin@pds| RAMANAGARA
[2025-12-29 12:10:01] User -> Warehouse Edit -> admin@pds| RAMANAGARA
[2025-12-29 12:10:01] User -> Warehouse Edit -> admin@pds| SHAHPUR
[2025-12-29 12:10:01] User -> Warehouse Edit -> admin@pds| SURPUR
[2025-12-29 12:10:01] User -> Warehouse Edit -> admin@pds| YADGIR
[2025-12-29 12:10:01] User -> Warehouse Edit -> admin@pds| GURUMITKAL
[2025-12-29 12:10:01] User -> Warehouse Edit -> admin@pds| WADEGERA
[2025-12-29 12:10:01] User -> Warehouse Edit -> admin@pds| HUNASAGI
[2025-12-29 12:10:01] User -> Warehouse Edit -> admin@pds| BANGALORE EAST(IRA)
[2025-12-29 12:10:01] User -> Warehouse Edit -> admin@pds| BANGALORE EAST(IRA)
[2025-12-29 12:10:01] User -> Warehouse Edit -> admin@pds| BANGALORE NORTH(IRA)
[2025-12-29 12:10:01] User -> Warehouse Edit -> admin@pds| BANGALORE NORTH(IRA)
[2025-12-29 12:10:01] User -> Warehouse Edit -> admin@pds| BANGALORE NORTH(IRA)
[2025-12-29 12:10:01] User -> Warehouse Edit -> admin@pds| BANGALORE SOUTH(IRA)
[2025-12-29 12:10:01] User -> Warehouse Edit -> admin@pds| BANGALORE SOUTH(IRA)
[2025-12-29 12:10:01] User -> Warehouse Edit -> admin@pds| BANGALORE SOUTH(IRA)
[2025-12-29 12:10:01] User -> Warehouse Edit -> admin@pds| BANGALORE SOUTH(IRA)
[2025-12-29 12:10:01] User -> Warehouse Edit -> admin@pds| BANGALORE SOUTH(IRA)
[2025-12-29 12:10:01] User -> Warehouse Edit -> admin@pds| BANGALORE SOUTH(IRA)
[2025-12-29 12:10:01] User -> Warehouse Edit -> admin@pds| BANGALORE WEST(IRA)
[2025-12-29 12:10:01] User -> Warehouse Edit -> admin@pds| BANGALORE WEST(IRA)
[2025-12-29 12:10:01] User -> Warehouse Edit -> admin@pds| BANGALORE WEST(IRA)
[2025-12-29 12:10:01] User -> Warehouse Edit -> admin@pds| BANGALORE WEST(IRA)
[2025-12-29 12:10:01] User -> Warehouse Edit -> admin@pds| HADAGALI
[2025-12-29 12:10:01] User -> Warehouse Edit -> admin@pds| HAGARIBOMMANAHALLI
[2025-12-29 12:10:01] User -> Warehouse Edit -> admin@pds| HOSAPETE
[2025-12-29 12:10:01] User -> Warehouse Edit -> admin@pds| HOSAPETE
[2025-12-29 12:10:01] User -> Warehouse Edit -> admin@pds| KUDLIGI
[2025-12-29 12:10:01] User -> Warehouse Edit -> admin@pds| KUDLIGI
[2025-12-29 12:10:01] User -> Warehouse Edit -> admin@pds| KOTTUR
[2025-12-29 12:10:01] User -> Warehouse Edit -> admin@pds| HARAPANAHALLI
[2025-12-29 12:10:01] User -> Warehouse Edit -> admin@pds| HARAPANAHALLI
[2025-12-29 12:10:01] User -> Warehouse Edit -> admin@pds| A
[2025-12-29 12:10:01] User -> Warehouse Edit -> admin@pds| A
[2025-12-29 12:10:01] User -> Warehouse Edit -> admin@pds| A
[2025-12-29 12:10:01] User -> Warehouse Edit -> admin@pds| A
[2025-12-29 12:10:01] User -> Warehouse Edit -> admin@pds| A
[2025-12-29 12:10:01] User -> Warehouse Edit -> admin@pds| A
[2025-12-29 12:10:01] User -> Warehouse Edit -> admin@pds| A
[2025-12-29 12:10:01] User -> Warehouse Edit -> admin@pds| A
[2025-12-29 12:10:01] User -> Warehouse Edit -> admin@pds| A
[2025-12-29 12:10:01] User -> Warehouse Edit -> admin@pds| A
[2025-12-29 12:10:01] User -> Warehouse Edit -> admin@pds| A
[2025-12-29 12:10:01] User -> Warehouse Edit -> admin@pds| A
[2025-12-29 12:10:01] User -> Warehouse Edit -> admin@pds| A
[2025-12-29 12:10:01] User -> Warehouse Edit -> admin@pds| A
[2025-12-29 12:10:01] User -> Warehouse Edit -> admin@pds| A
[2025-12-29 12:10:01] User -> Warehouse Edit -> admin@pds| A
[2025-12-29 12:10:01] User -> Warehouse Edit -> admin@pds| A
[2025-12-29 12:10:01] User -> Warehouse Edit -> admin@pds| A
[2025-12-29 12:10:01] User -> Warehouse Edit -> admin@pds| A
[2025-12-29 12:10:01] User -> Warehouse Edit -> admin@pds| A
[2025-12-29 12:10:01] User -> Warehouse Edit -> admin@pds| A
[2025-12-29 12:10:01] User -> Warehouse Edit -> admin@pds| A
[2025-12-29 12:10:01] User -> Warehouse Edit -> admin@pds| A
[2025-12-29 12:10:01] User -> Warehouse Edit -> admin@pds| A
[2025-12-29 12:10:01] User -> Warehouse Edit -> admin@pds| A
[2025-12-29 12:10:01] User -> Warehouse Edit -> admin@pds| A
[2025-12-29 12:10:01] User -> Warehouse Edit -> admin@pds| A
[2025-12-29 12:10:01] User -> Warehouse Edit -> admin@pds| A
[2025-12-29 12:10:01] User -> Warehouse Edit -> admin@pds| A
[2025-12-29 12:10:01] User -> Warehouse Edit -> admin@pds| A
[2025-12-29 12:10:01] User -> Warehouse Edit -> admin@pds| A
[2025-12-29 12:10:01] User -> Warehouse Edit -> admin@pds| A
[2025-12-29 12:10:01] User -> Warehouse Edit -> admin@pds| A
[2025-12-29 12:10:01] User -> Warehouse Edit -> admin@pds| A
[2025-12-29 12:10:01] User -> Warehouse Edit -> admin@pds| A
[2025-12-29 12:10:01] User -> Warehouse Edit -> admin@pds| A
[2025-12-29 12:10:01] User -> Warehouse Edit -> admin@pds| A
[2025-12-29 12:10:01] User -> Warehouse Edit -> admin@pds| A
[2025-12-29 12:10:01] User -> Warehouse Edit -> admin@pds| A
[2025-12-29 12:10:01] User -> Warehouse Edit -> admin@pds| A
[2025-12-29 12:10:01] User -> Warehouse Edit -> admin@pds| A
[2025-12-29 12:10:01] User -> Warehouse Edit -> admin@pds| A
[2025-12-29 12:10:01] User -> Warehouse Edit -> admin@pds| A
[2025-12-29 12:10:01] User -> Warehouse Edit -> admin@pds| A
[2025-12-29 12:10:01] User -> Warehouse Edit -> admin@pds| A
[2025-12-29 12:10:01] User -> Warehouse Edit -> admin@pds| A
[2025-12-29 12:10:01] User -> Warehouse Edit -> admin@pds| A
[2025-12-29 12:10:01] User -> Warehouse Edit -> admin@pds| A
[2025-12-29 12:10:01] User -> Warehouse Edit -> admin@pds| A
[2025-12-29 12:10:01] User -> Warehouse Edit -> admin@pds| A
[2025-12-29 12:10:01] User -> Warehouse Edit -> admin@pds| A
[2025-12-29 12:10:01] User -> Warehouse Edit -> admin@pds| A
[2025-12-29 12:10:01] User -> Warehouse Edit -> admin@pds| A
[2025-12-29 12:10:01] User -> Warehouse Edit -> admin@pds| A
[2025-12-29 12:10:01] User -> Warehouse Edit -> admin@pds| A
[2025-12-29 12:10:01] User -> Warehouse Edit -> admin@pds| A
[2025-12-29 12:10:09] User -> Warehouse InActive -> admin@pds| Bagalkote
[2025-12-29 12:10:14] User -> Warehouse Active -> admin@pds| Bagalkote
[2025-12-29 12:12:00] User -> FPS added ->admin@pds| Requested JSON -> {"name":"Akshay","type":"Model FPS","latitude":"11","longitude":"12","district":"Bagalkote","id":"500","demand":"232","demand_rice":"223"}
[2025-12-29 12:13:21] User -> FPS Data Edit->admin@pds| Requested JSON -> {"name":"Akshayeereree","uniqueid":"FPS_695222b7f33","active":"1","type":"Model FPS","latitude":"11","longitude":"12","district":"Bagalkote","id":"500","demand":"232","demand_rice":"223"}
[2025-12-29 12:13:29] User -> FPS Inactive -> admin@pds| Akshayeereree
[2025-12-29 12:13:35] User -> FPS deleted -> admin@pds| Requested JSON -> {"uid":"FPS_695222b7f33"} | Akshayeereree
[2025-12-29 12:14:13] User -> User Add ->admin@pds| Requested JSON -> {"newusername":"fcccci@pds","district":"fci","newpassword":"Fci@1234"} | fcccci@pds
[2025-12-29 12:14:31] User -> Verify User ->admin@pds| Requested JSON -> {"uid":"6952233d5bd89"} | fcccci@pds
[2025-12-29 12:14:37] User -> Block User ->admin@pds| Requested JSON -> {"uid":"6952233d5bd89"} | fcccci@pds
[2025-12-29 12:14:45] User -> Verify User ->admin@pds| Requested JSON -> {"uid":"6952233d5bd89"} | fcccci@pds
[2025-12-29 12:14:50] User -> Delete User ->admin@pds| Requested JSON -> {"uid":"6952233d5bd89"} | fcccci@pds
[2025-12-29 12:15:01] User -> Send  Message ->admin@pds| Requested JSON -> {"message":"hlo","uniqueid":"67b617a1a9aa7"} | Bagalkote@pds
