[2025-02-05 15:25:24] User -> Warehouse deleted -> admin@pds| Requested JSON -> {"uid":"all"} | all
[2025-02-05 15:26:31] User -> Warehouse Added -> admin@pds| BADAMI
[2025-02-05 15:26:31] User -> Warehouse Added -> admin@pds| BAGALKOT
[2025-02-05 15:26:31] User -> Warehouse Added -> admin@pds| BILAGI
[2025-02-05 15:26:31] User -> Warehouse Added -> admin@pds| BILAGI
[2025-02-05 15:26:31] User -> Warehouse Added -> admin@pds| HUNGUND
[2025-02-05 15:26:31] User -> Warehouse Added -> admin@pds| JAMKHANDI
[2025-02-05 15:26:31] User -> Warehouse Added -> admin@pds| MUDHOL
[2025-02-05 15:26:31] User -> Warehouse Added -> admin@pds| MUDHOL
[2025-02-05 15:26:31] User -> Warehouse Added -> admin@pds| ILAKAL
[2025-02-05 15:26:31] User -> Warehouse Added -> admin@pds| GULEDAGUDD
[2025-02-05 15:26:31] User -> Warehouse Added -> admin@pds| RABAKAVI BANAHATTI
[2025-02-05 15:26:39] User -> Warehouse deleted -> admin@pds| Requested JSON -> {"uid":"WH_67a335cf34b1"} | BADAMI
[2025-02-05 15:26:55] User -> FPS deleted -> admin@pds| Requested JSON -> {"uid":"all"} | all
[2025-02-05 15:27:07] User -> FPS Added -> admin@pds| Gram Mandal Maninagar
[2025-02-05 15:27:07] User -> FPS Added -> admin@pds| MAHAKUTESHWAR YUVAKA MANDAL YANKANCHI
[2025-02-05 15:27:07] User -> FPS Added -> admin@pds| MAHAKUTESHWAR Y.M. GUBBERAKOPPA
[2025-02-05 15:29:25] User -> FPS Data Edit->admin@pds| Requested JSON -> {"name":"Gram Mandal Maninagar","uniqueid":"FPS_67a335f344e","active":"1","type":"Model FPS","latitude":"16.0238","longitude":"75.6052","district":"Bagalkote","id":"FPS1","demand":"46.46","demand_rice":"10"}
[2025-02-05 15:29:29] User -> Normal FPS InActive -> admin@pds| MAHAKUTESHWAR YUVAKA MANDAL YANKANCHI
[2025-02-05 15:29:30] User -> Normal FPS Active -> admin@pds| MAHAKUTESHWAR YUVAKA MANDAL YANKANCHI
[2025-02-05 15:29:33] User ->Model FPS InActive -> admin@pds| Gram Mandal Maninagar
[2025-02-05 15:29:34] User ->Model FPS Active -> admin@pds| Gram Mandal Maninagar
[2025-02-05 15:33:10] User -> Delete User ->admin@pds| Requested JSON -> {"uid":"66ed4d80961c1"} | Bagalkote@pds
[2025-02-05 15:33:51] User -> User Add ->admin@pds| Requested JSON -> {"newusername":"Bagalkote@pds","district":"Bagalkote","newpassword":"Bagalkote"} | Bagalkote@pds
[2025-02-05 15:35:17] User -> Send  Message ->admin@pds| Requested JSON -> {"message":"Test","uniqueid":"66ed4df2b52c3"} | 
[2025-02-05 15:43:14] User -> Cost for leg2 Added ->admin@pds| Requested JSON -> {"cost_H9Ouur24lHjMXK":"67"} | 2025 | feb
[2025-02-05 15:43:16] {"id":"H9Ouur24lHjMXK"}
[2025-02-05 15:43:16] User -> Cost for leg2 Reset ->admin@pds| Requested JSON -> {"id":"H9Ouur24lHjMXK"} | 
[2025-02-05 15:43:20] User -> Cost for leg2 Added ->admin@pds| Requested JSON -> {"cost_H9Ouur24lHjMXK":"78"} | 2025 | feb
[2025-02-05 15:43:52] {"id":"H9Ouur24lHjMXK"}
[2025-02-05 15:43:52] User -> Cost for leg2 Reset ->admin@pds| Requested JSON -> {"id":"H9Ouur24lHjMXK"} | 
[2025-02-05 15:43:55] User -> Cost for leg2 Added ->admin@pds| Requested JSON -> {"cost_H9Ouur24lHjMXK":"89"} | 2025 | feb
[2025-02-05 15:44:14] User -> Cost for leg2 Added ->admin@pds| Requested JSON -> {"cost_H9Ouur24lHjMXK":"89"} | 2025 | feb
[2025-02-05 18:23:06] User -> Send  Message ->admin@pds| Requested JSON -> {"message":"Test1","uniqueid":"66ed4df2b52c3"} | 
[2025-02-05 18:24:06] User -> Send  Message ->admin@pds| Requested JSON -> {"message":"Hello","uniqueid":"66ed4df2b52c3"}
[2025-02-05 18:27:52] User -> Send  Message ->admin@pds| Requested JSON -> {"message":"Shallu","uniqueid":"66ed4df2b52c3"} | 
[2025-02-05 18:28:52] User -> Send  Message ->admin@pds| Requested JSON -> {"message":"Shallu","uniqueid":"66ed4df2b52c3"} | 
[2025-02-05 18:30:25] User -> Send  Message ->admin@pds| Requested JSON -> {"message":"Shallu","uniqueid":"66ed4df2b52c3"} | 
[2025-02-05 18:32:26] User -> Send  Message ->admin@pds| Requested JSON -> {"message":"Shallu","uniqueid":"66ed4df2b52c3"} | Ballari@pds
[2025-02-05 18:32:50] User -> Send  Message ->admin@pds| Requested JSON -> {"message":"Shallu","uniqueid":"66ed4df2b52c3"} | Ballari@pds
[2025-02-05 18:34:08] User -> Delete Message ->admin@pds| Requested JSON -> {"uid":"3aa9674bcf"} | 
[2025-02-05 18:35:31] User -> Delete Message ->admin@pds| Requested JSON -> {"uid":"316a6b4488"} | 
[2025-02-05 18:36:01] User -> Delete Message ->admin@pds| Requested JSON -> {"uid":"316a6b4488"} | 
[2025-02-05 18:36:25] User -> Delete Message ->admin@pds| Requested JSON -> {"uid":"316a6b4488"} | 
[2025-02-05 18:37:03] User -> Delete Message ->admin@pds| Requested JSON -> {"uid":"196a2fdfaf"}
[2025-02-05 19:11:00] User -> Delete Message ->admin@pds| Requested JSON ->  | Ballari@pds
[2025-02-05 19:11:17] User -> Delete Message ->admin@pds| Requested JSON ->  | 
[2025-02-05 19:12:10] User -> Delete Message ->admin@pds| Requested JSON -> Shallu | Ballari@pds
[2025-02-05 19:12:21] User -> Delete Message ->admin@pds| Requested JSON -> Hello | Ballari@pds
[2025-02-05 19:27:09] User -> Send  Message ->admin@pds| Requested JSON -> {"message":"Hi hell","uniqueid":"67a337874735d"} | Bagalkote@pds
[2025-02-05 19:27:21] User -> Send  Message ->admin@pds| Requested JSON -> {"message":"Nppeos","uniqueid":"67a337874735d"} | Bagalkote@pds
