[2025-02-20 00:07:28] User -> User Add ->admin@pds| Requested JSON -> {"newusername":"Chitradurga@pds","district":"Chitradurga","newpassword":"Chitradurga"} | Chitradurga@pds
[2025-02-20 00:08:09] User -> User Add ->admin@pds| Requested JSON -> {"newusername":"Dakshina Kannada@pds","district":"Dakshina Kannada","newpassword":"Dakshina Kannada"} | Dakshina Kannada@pds
[2025-02-20 00:11:25] User -> User Add ->admin@pds| Requested JSON -> {"newusername":"Davanagere@pds","district":"Davanagere","newpassword":"Davanagere"} | Davanagere@pds
[2025-02-20 00:14:11] User -> User Add ->admin@pds| Requested JSON -> {"newusername":"Dharwad@pds","district":"Dharwad","newpassword":"Dharwad"} | Dharwad@pds
[2025-02-20 00:18:25] User -> User Add ->admin@pds| Requested JSON -> {"newusername":"Gadag@pds","district":"Gadag","newpassword":"Gadag"} | Gadag@pds
[2025-02-20 00:18:47] User -> User Add ->admin@pds| Requested JSON -> {"newusername":"Hassan@pds","district":"Hassan","newpassword":"Hassan"} | Hassan@pds
[2025-02-20 00:19:18] User -> User Add ->admin@pds| Requested JSON -> {"newusername":"Haveri@pds","district":"Haveri","newpassword":"Haveri"} | Haveri@pds
[2025-02-20 00:19:52] User -> User Add ->admin@pds| Requested JSON -> {"newusername":"Kalaburagi@pds","district":"Kalaburagi","newpassword":"Kalaburagi"} | Kalaburagi@pds
[2025-02-20 00:20:54] User -> User Add ->admin@pds| Requested JSON -> {"newusername":"Kodagu@pds","district":"Kodagu","newpassword":"Kodagu"} | Kodagu@pds
[2025-02-20 00:21:22] User -> User Add ->admin@pds| Requested JSON -> {"newusername":"Kolar@pds","district":"Kolar","newpassword":"Kolar"} | Kolar@pds
[2025-02-20 00:21:45] User -> User Add ->admin@pds| Requested JSON -> {"newusername":"Koppal@pds","district":"Koppal","newpassword":"Koppal"} | Koppal@pds
[2025-02-20 00:22:09] User -> User Add ->admin@pds| Requested JSON -> {"newusername":"Mandya@pds","district":"Mandya","newpassword":"Mandya"} | Mandya@pds
[2025-02-20 00:22:33] User -> User Add ->admin@pds| Requested JSON -> {"newusername":"Mysuru@pds","district":"Mysuru","newpassword":"Mysuru"} | Mysuru@pds
[2025-02-20 00:23:10] User -> User Add ->admin@pds| Requested JSON -> {"newusername":"Raichur@pds","district":"Raichur","newpassword":"Raichur"} | Raichur@pds
[2025-02-20 00:23:36] User -> User Add ->admin@pds| Requested JSON -> {"newusername":"Ramanagara@pds","district":"Ramanagara","newpassword":"Ramanagara"} | Ramanagara@pds
[2025-02-20 00:25:49] User -> User Add ->admin@pds| Requested JSON -> {"newusername":"Shivamogga@pds","district":"Shivamogga","newpassword":"Shivamogga"} | Shivamogga@pds
[2025-02-20 00:26:18] User -> User Add ->admin@pds| Requested JSON -> {"newusername":"Tumakuru@pds","district":"Tumakuru","newpassword":"Tumakuru"} | Tumakuru@pds
[2025-02-20 00:26:42] User -> User Add ->admin@pds| Requested JSON -> {"newusername":"Udupi@pds","district":"Udupi","newpassword":"Udupi"} | Udupi@pds
[2025-02-20 00:27:13] User -> User Add ->admin@pds| Requested JSON -> {"newusername":"Uttara Kannada@pds","district":"Uttara Kannada","newpassword":"Uttara Kannada"} | Uttara Kannada@pds
[2025-02-20 00:27:56] User -> User Add ->admin@pds| Requested JSON -> {"newusername":"Vijayanagar@pds","district":"Vijayanagar","newpassword":"Vijayanagar"} | Vijayanagar@pds
[2025-02-20 00:28:20] User -> User Add ->admin@pds| Requested JSON -> {"newusername":"Vijayapura@pds","district":"Vijayapura","newpassword":"Vijayapura"} | Vijayapura@pds
[2025-02-20 00:28:43] User -> User Add ->admin@pds| Requested JSON -> {"newusername":"Yadgir@pds","district":"Yadgir","newpassword":"Yadgir"} | Yadgir@pds
