[2025-02-25 00:00:25] User -> Normal FPS InActive -> admin@pds| PKPS Kadakol
[2025-02-25 00:00:28] User -> Normal FPS Active -> admin@pds| PKPS Kadakol
[2025-02-25 00:00:32] User ->Model FPS InActive -> admin@pds| Gram Mandal Maninagar
[2025-02-25 00:00:35] User ->Model FPS Active -> admin@pds| Gram Mandal Maninagar
[2025-02-25 00:04:40] User ->Model FPS InActive -> admin@pds| Gram Mandal Maninagar
[2025-02-25 00:04:42] User ->Model FPS Active -> admin@pds| Gram Mandal Maninagar
[2025-02-25 00:09:39] User -> User Add ->admin@pds| Requested JSON -> {"newusername":"xyz@pds","district":"Ballari","newpassword":"xyz"} | xyz@pds
[2025-02-25 00:20:57] User -> Verify User ->admin@pds| Requested JSON -> {"uid":"67bcbceb67a5a"} | xyz@pds
[2025-02-25 00:22:06] User -> Delete User ->admin@pds| Requested JSON -> {"uid":"67bcbceb67a5a"} | xyz@pds
[2025-02-25 10:59:42] User -> District added ->admin@pds| Requested JSON -> {"name":"demo"}
[2025-02-25 11:00:16] User -> District Name Edit->admin@pds| Requested JSON -> {"name":"test","uid":"67bd554630705"}
[2025-02-25 11:01:21] User -> District deleted -> admin@pds| Requested JSON -> {"uid":"67bd554630705"} | Test
[2025-02-25 11:01:49] User -> User Add ->admin@pds| Requested JSON -> {"newusername":"xyz@pds","district":"Ballari","newpassword":"xyz"} | xyz@pds
[2025-02-25 11:07:11] User -> Verify User ->admin@pds| Requested JSON -> {"uid":"67bd55c5992e0"} | xyz@pds
[2025-02-25 11:12:08] User -> Block User ->admin@pds| Requested JSON -> {"uid":"67bd55c5992e0"} | xyz@pds
[2025-02-25 11:12:35] User -> Verify User ->admin@pds| Requested JSON -> {"uid":"67bd55c5992e0"} | xyz@pds
[2025-02-25 11:12:46] User -> Delete User ->admin@pds| Requested JSON -> {"uid":"67bd55c5992e0"} | xyz@pds
[2025-02-25 11:13:09] User -> Send  Message ->admin@pds| Requested JSON -> {"message":"helloooo","uniqueid":"all"} | Yadgir@pds
[2025-02-25 11:13:37] User -> Delete Message ->admin@pds| Requested JSON -> hello how are you? | 
[2025-02-25 11:13:41] User -> Delete Message ->admin@pds| Requested JSON -> hello hi  | 
[2025-02-25 11:13:47] User -> Delete Message ->admin@pds| Requested JSON -> helo | 
[2025-02-25 11:13:53] User -> Delete Message ->admin@pds| Requested JSON -> helloooo | Bagalkote@pds
[2025-02-25 11:25:05] User -> Send Message ->admin@pds| Requested JSON ->{"message":"hello","uniqueid":"all"} | Bagalkote@pds
[2025-02-25 11:25:05] User -> Send Message ->admin@pds| Requested JSON ->{"message":"hello","uniqueid":"all"} | Ballari@pds
[2025-02-25 11:25:05] User -> Send Message ->admin@pds| Requested JSON ->{"message":"hello","uniqueid":"all"} | Bangalore@pds
[2025-02-25 11:25:05] User -> Send Message ->admin@pds| Requested JSON ->{"message":"hello","uniqueid":"all"} | Belagavi@pds
[2025-02-25 11:25:05] User -> Send Message ->admin@pds| Requested JSON ->{"message":"hello","uniqueid":"all"} | Bengaluru Rural@pds
[2025-02-25 11:25:05] User -> Send Message ->admin@pds| Requested JSON ->{"message":"hello","uniqueid":"all"} | Bidar@pds
[2025-02-25 11:25:05] User -> Send Message ->admin@pds| Requested JSON ->{"message":"hello","uniqueid":"all"} | Chamarajanagara@pds
[2025-02-25 11:25:05] User -> Send Message ->admin@pds| Requested JSON ->{"message":"hello","uniqueid":"all"} | Chikkaballapura@pds
[2025-02-25 11:25:05] User -> Send Message ->admin@pds| Requested JSON ->{"message":"hello","uniqueid":"all"} | Chikkamagaluru@pds
[2025-02-25 11:25:06] User -> Send Message ->admin@pds| Requested JSON ->{"message":"hello","uniqueid":"all"} | Chitradurga@pds
[2025-02-25 11:25:06] User -> Send Message ->admin@pds| Requested JSON ->{"message":"hello","uniqueid":"all"} | Dakshina Kannada@pds
[2025-02-25 11:25:06] User -> Send Message ->admin@pds| Requested JSON ->{"message":"hello","uniqueid":"all"} | Davanagere@pds
[2025-02-25 11:25:06] User -> Send Message ->admin@pds| Requested JSON ->{"message":"hello","uniqueid":"all"} | Dharwad@pds
[2025-02-25 11:25:06] User -> Send Message ->admin@pds| Requested JSON ->{"message":"hello","uniqueid":"all"} | Gadag@pds
[2025-02-25 11:25:06] User -> Send Message ->admin@pds| Requested JSON ->{"message":"hello","uniqueid":"all"} | Hassan@pds
[2025-02-25 11:25:06] User -> Send Message ->admin@pds| Requested JSON ->{"message":"hello","uniqueid":"all"} | Haveri@pds
[2025-02-25 11:25:06] User -> Send Message ->admin@pds| Requested JSON ->{"message":"hello","uniqueid":"all"} | Kalaburagi@pds
[2025-02-25 11:25:06] User -> Send Message ->admin@pds| Requested JSON ->{"message":"hello","uniqueid":"all"} | Kodagu@pds
[2025-02-25 11:25:07] User -> Send Message ->admin@pds| Requested JSON ->{"message":"hello","uniqueid":"all"} | Kolar@pds
[2025-02-25 11:25:07] User -> Send Message ->admin@pds| Requested JSON ->{"message":"hello","uniqueid":"all"} | Koppal@pds
[2025-02-25 11:25:07] User -> Send Message ->admin@pds| Requested JSON ->{"message":"hello","uniqueid":"all"} | Mandya@pds
[2025-02-25 11:25:07] User -> Send Message ->admin@pds| Requested JSON ->{"message":"hello","uniqueid":"all"} | Mysuru@pds
[2025-02-25 11:25:07] User -> Send Message ->admin@pds| Requested JSON ->{"message":"hello","uniqueid":"all"} | Raichur@pds
[2025-02-25 11:25:07] User -> Send Message ->admin@pds| Requested JSON ->{"message":"hello","uniqueid":"all"} | Ramanagara@pds
[2025-02-25 11:25:07] User -> Send Message ->admin@pds| Requested JSON ->{"message":"hello","uniqueid":"all"} | Shivamogga@pds
[2025-02-25 11:25:07] User -> Send Message ->admin@pds| Requested JSON ->{"message":"hello","uniqueid":"all"} | Tumakuru@pds
[2025-02-25 11:25:07] User -> Send Message ->admin@pds| Requested JSON ->{"message":"hello","uniqueid":"all"} | Udupi@pds
[2025-02-25 11:25:07] User -> Send Message ->admin@pds| Requested JSON ->{"message":"hello","uniqueid":"all"} | Uttara Kannada@pds
[2025-02-25 11:25:07] User -> Send Message ->admin@pds| Requested JSON ->{"message":"hello","uniqueid":"all"} | Vijayanagar@pds
[2025-02-25 11:25:07] User -> Send Message ->admin@pds| Requested JSON ->{"message":"hello","uniqueid":"all"} | Vijayapura@pds
[2025-02-25 11:25:07] User -> Send Message ->admin@pds| Requested JSON ->{"message":"hello","uniqueid":"all"} | Yadgir@pds
[2025-02-25 11:25:07] User -> Send  Message ->admin@pds| Requested JSON -> {"message":"hello","uniqueid":"all"} | Yadgir@pds
[2025-02-25 11:25:31] User -> Send  Message ->admin@pds| Requested JSON -> {"message":"hello","uniqueid":"67b617a1a9aa7"} | Bagalkote@pds
[2025-02-25 11:30:43] User -> Save Data | approve admin change yes ->admin@pds| 46 - FPS12908 - FRice
[2025-02-25 11:30:43] User -> Save Data | approve admin change yes ->admin@pds| 48 - FPS12909 - FRice
[2025-02-25 11:30:43] User -> Save Data | approve admin change yes ->admin@pds| 51 - FPS12906 - FRice
[2025-02-25 11:36:35] User -> Save Data | approve admin change yes ->admin@pds| 47 - FPS12981 - FRice
[2025-02-25 11:36:35] User -> Save Data | approve admin change yes ->admin@pds| 51 - FPS12905 - FRice
[2025-02-25 11:36:35] User -> Save Data | approve admin change yes ->admin@pds| 51 - FPS12907 - FRice
[2025-02-25 11:36:35] User -> Save Data | approve admin change yes ->admin@pds| 51 - FPS12983 - FRice
[2025-02-25 11:36:35] User -> Save Data | approve admin change yes ->admin@pds| 52 - FPS13064 - FRice
[2025-02-25 11:36:35] User -> Save Data | approve admin change yes ->admin@pds| 232 - FPS1004 - Rice
[2025-02-25 11:36:36] User -> Save Data | approve admin change yes ->admin@pds| 232 - FPS1017 - Rice
[2025-02-25 11:36:36] User -> Save Data | approve admin change yes ->admin@pds| 232 - FPS1036 - Rice
[2025-02-25 11:36:36] User -> Save Data | approve admin change yes ->admin@pds| 232 - FPS1057 - Rice
[2025-02-25 11:36:36] User -> Save Data | approve admin change yes ->admin@pds| 314 - FPS940 - Rice
[2025-02-25 11:36:36] User -> Save Data | approve admin change yes ->admin@pds| 46 - FPS734 - Rice
[2025-02-25 11:36:36] User -> Save Data | approve admin change yes ->admin@pds| 46 - FPS737 - Rice
[2025-02-25 11:36:36] User -> Save Data | approve admin change yes ->admin@pds| 46 - FPS743 - Rice
[2025-02-25 11:36:36] User -> Save Data | approve admin change yes ->admin@pds| 46 - FPS752 - Rice
[2025-02-25 11:36:36] User -> Save Data | approve admin change yes ->admin@pds| 46 - FPS756 - Rice
[2025-02-25 11:36:36] User -> Save Data | approve admin change yes ->admin@pds| 46 - FPS757 - Rice
[2025-02-25 11:36:36] User -> Save Data | approve admin change yes ->admin@pds| 46 - FPS759 - Rice
[2025-02-25 11:36:36] User -> Save Data | approve admin change yes ->admin@pds| 46 - FPS760 - Rice
[2025-02-25 11:36:37] User -> Save Data | approve admin change yes ->admin@pds| 46 - FPS761 - Rice
[2025-02-25 11:36:37] User -> Save Data | approve admin change yes ->admin@pds| 46 - FPS762 - Rice
[2025-02-25 11:36:37] User -> Save Data | approve admin change yes ->admin@pds| 46 - FPS763 - Rice
[2025-02-25 11:36:37] User -> Save Data | approve admin change yes ->admin@pds| 46 - FPS764 - Rice
[2025-02-25 11:36:37] User -> Save Data | approve admin change yes ->admin@pds| 46 - FPS765 - Rice
[2025-02-25 11:36:37] User -> Save Data | approve admin change yes ->admin@pds| 46 - FPS766 - Rice
[2025-02-25 11:36:37] User -> Save Data | approve admin change yes ->admin@pds| 46 - FPS767 - Rice
[2025-02-25 11:36:37] User -> Save Data | approve admin change yes ->admin@pds| 46 - FPS769 - Rice
[2025-02-25 11:36:37] User -> Save Data | approve admin change yes ->admin@pds| 46 - FPS774 - Rice
[2025-02-25 11:36:37] User -> Save Data | approve admin change yes ->admin@pds| 46 - FPS782 - Rice
[2025-02-25 11:36:37] User -> Save Data | approve admin change yes ->admin@pds| 46 - FPS785 - Rice
[2025-02-25 11:36:37] User -> Save Data | approve admin change yes ->admin@pds| 46 - FPS799 - Rice
[2025-02-25 11:36:38] User -> Save Data | approve admin change yes ->admin@pds| 46 - FPS801 - Rice
[2025-02-25 11:36:38] User -> Save Data | approve admin change yes ->admin@pds| 46 - FPS805 - Rice
[2025-02-25 11:36:38] User -> Save Data | approve admin change yes ->admin@pds| 46 - FPS806 - Rice
[2025-02-25 11:36:38] User -> Save Data | approve admin change yes ->admin@pds| 46 - FPS807 - Rice
[2025-02-25 11:36:38] User -> Save Data | approve admin change yes ->admin@pds| 46 - FPS808 - Rice
[2025-02-25 11:36:38] User -> Save Data | approve admin change yes ->admin@pds| 46 - FPS810 - Rice
[2025-02-25 11:36:38] User -> Save Data | approve admin change yes ->admin@pds| 46 - FPS812 - Rice
[2025-02-25 11:36:38] User -> Save Data | approve admin change yes ->admin@pds| 46 - FPS815 - Rice
[2025-02-25 11:36:38] User -> Save Data | approve admin change yes ->admin@pds| 46 - FPS816 - Rice
[2025-02-25 11:36:38] User -> Save Data | approve admin change yes ->admin@pds| 46 - FPS819 - Rice
[2025-02-25 11:36:38] User -> Save Data | approve admin change yes ->admin@pds| 46 - FPS821 - Rice
[2025-02-25 11:36:38] User -> Save Data | approve admin change yes ->admin@pds| 46 - FPS822 - Rice
[2025-02-25 11:36:38] User -> Save Data | approve admin change yes ->admin@pds| 46 - FPS823 - Rice
[2025-02-25 11:36:39] User -> Save Data | approve admin change yes ->admin@pds| 46 - FPS825 - Rice
[2025-02-25 11:36:39] User -> Save Data | approve admin change yes ->admin@pds| 46 - FPS826 - Rice
[2025-02-25 11:36:39] User -> Save Data | approve admin change yes ->admin@pds| 46 - FPS831 - Rice
[2025-02-25 11:36:39] User -> Save Data | approve admin change yes ->admin@pds| 46 - FPS834 - Rice
[2025-02-25 11:36:39] User -> Save Data | approve admin change yes ->admin@pds| 46 - FPS835 - Rice
[2025-02-25 11:36:39] User -> Save Data | approve admin change yes ->admin@pds| 46 - FPS837 - Rice
[2025-02-25 11:36:39] User -> Save Data | approve admin change yes ->admin@pds| 46 - FPS840 - Rice
[2025-02-25 11:36:39] User -> Save Data | approve admin change yes ->admin@pds| 46 - FPS841 - Rice
[2025-02-25 11:36:39] User -> Save Data | approve admin change yes ->admin@pds| 46 - FPS842 - Rice
[2025-02-25 11:36:39] User -> Save Data | approve admin change yes ->admin@pds| 46 - FPS848 - Rice
[2025-02-25 11:36:39] User -> Save Data | approve admin change yes ->admin@pds| 46 - FPS849 - Rice
[2025-02-25 11:36:39] User -> Save Data | approve admin change yes ->admin@pds| 46 - FPS850 - Rice
[2025-02-25 11:36:39] User -> Save Data | approve admin change yes ->admin@pds| 46 - FPS851 - Rice
[2025-02-25 11:36:40] User -> Save Data | approve admin change yes ->admin@pds| 46 - FPS852 - Rice
[2025-02-25 11:36:40] User -> Save Data | approve admin change yes ->admin@pds| 46 - FPS853 - Rice
[2025-02-25 11:36:40] User -> Save Data | approve admin change yes ->admin@pds| 46 - FPS854 - Rice
[2025-02-25 11:36:40] User -> Save Data | approve admin change yes ->admin@pds| 46 - FPS855 - Rice
[2025-02-25 11:36:40] User -> Save Data | approve admin change yes ->admin@pds| 46 - FPS856 - Rice
[2025-02-25 11:36:40] User -> Save Data | approve admin change yes ->admin@pds| 46 - FPS857 - Rice
[2025-02-25 11:36:40] User -> Save Data | approve admin change yes ->admin@pds| 46 - FPS860 - Rice
[2025-02-25 11:36:40] User -> Save Data | approve admin change yes ->admin@pds| 46 - FPS862 - Rice
[2025-02-25 11:36:40] User -> Save Data | approve admin change yes ->admin@pds| 46 - FPS863 - Rice
[2025-02-25 11:36:40] User -> Save Data | approve admin change yes ->admin@pds| 46 - FPS864 - Rice
[2025-02-25 11:36:40] User -> Save Data | approve admin change yes ->admin@pds| 46 - FPS865 - Rice
[2025-02-25 11:36:40] User -> Save Data | approve admin change yes ->admin@pds| 46 - FPS866 - Rice
[2025-02-25 11:36:40] User -> Save Data | approve admin change yes ->admin@pds| 46 - FPS867 - Rice
[2025-02-25 11:36:41] User -> Save Data | approve admin change yes ->admin@pds| 46 - FPS868 - Rice
[2025-02-25 11:36:41] User -> Save Data | approve admin change yes ->admin@pds| 46 - FPS869 - Rice
[2025-02-25 11:36:41] User -> Save Data | approve admin change yes ->admin@pds| 46 - FPS870 - Rice
[2025-02-25 11:36:41] User -> Save Data | approve admin change yes ->admin@pds| 46 - FPS871 - Rice
[2025-02-25 11:36:41] User -> Save Data | approve admin change yes ->admin@pds| 46 - FPS873 - Rice
[2025-02-25 11:36:41] User -> Save Data | approve admin change yes ->admin@pds| 46 - FPS874 - Rice
[2025-02-25 11:36:41] User -> Save Data | approve admin change yes ->admin@pds| 46 - FPS875 - Rice
[2025-02-25 11:36:41] User -> Save Data | approve admin change yes ->admin@pds| 46 - FPS876 - Rice
[2025-02-25 11:36:41] User -> Save Data | approve admin change yes ->admin@pds| 46 - FPS877 - Rice
[2025-02-25 11:36:41] User -> Save Data | approve admin change yes ->admin@pds| 46 - FPS878 - Rice
[2025-02-25 11:36:41] User -> Save Data | approve admin change yes ->admin@pds| 46 - FPS879 - Rice
[2025-02-25 11:36:41] User -> Save Data | approve admin change yes ->admin@pds| 46 - FPS880 - Rice
[2025-02-25 11:36:41] User -> Save Data | approve admin change yes ->admin@pds| 46 - FPS923 - Rice
[2025-02-25 11:36:42] User -> Save Data | approve admin change yes ->admin@pds| 46 - FPS926 - Rice
[2025-02-25 11:36:42] User -> Save Data | approve admin change yes ->admin@pds| 46 - FPS927 - Rice
[2025-02-25 11:36:42] User -> Save Data | approve admin change yes ->admin@pds| 46 - FPS928 - Rice
[2025-02-25 11:36:42] User -> Save Data | approve admin change yes ->admin@pds| 46 - FPS929 - Rice
[2025-02-25 11:36:42] User -> Save Data | approve admin change yes ->admin@pds| 46 - FPS930 - Rice
[2025-02-25 11:36:42] User -> Save Data | approve admin change yes ->admin@pds| 46 - FPS933 - Rice
[2025-02-25 11:36:42] User -> Save Data | approve admin change yes ->admin@pds| 46 - FPS935 - Rice
[2025-02-25 11:36:42] User -> Save Data | approve admin change yes ->admin@pds| 46 - FPS937 - Rice
[2025-02-25 11:36:42] User -> Save Data | approve admin change yes ->admin@pds| 46 - FPS939 - Rice
[2025-02-25 11:36:42] User -> Save Data | approve admin change yes ->admin@pds| 46 - FPS979 - Rice
[2025-02-25 11:36:42] User -> Save Data | approve admin change yes ->admin@pds| 46 - FPS980 - Rice
[2025-02-25 11:36:43] User -> Save Data | approve admin change yes ->admin@pds| 46 - FPS981 - Rice
[2025-02-25 11:36:43] User -> Save Data | approve admin change yes ->admin@pds| 46 - FPS982 - Rice
[2025-02-25 11:36:43] User -> Save Data | approve admin change yes ->admin@pds| 46 - FPS983 - Rice
[2025-02-25 11:36:43] User -> Save Data | approve admin change yes ->admin@pds| 47 - FPS1052 - Rice
[2025-02-25 11:36:43] User -> Save Data | approve admin change yes ->admin@pds| 47 - FPS733 - Rice
[2025-02-25 11:36:43] User -> Save Data | approve admin change yes ->admin@pds| 47 - FPS736 - Rice
[2025-02-25 11:36:43] User -> Save Data | approve admin change yes ->admin@pds| 47 - FPS738 - Rice
[2025-02-25 11:36:43] User -> Save Data | approve admin change yes ->admin@pds| 47 - FPS739 - Rice
[2025-02-25 11:36:43] User -> Save Data | approve admin change yes ->admin@pds| 47 - FPS740 - Rice
[2025-02-25 11:36:43] User -> Save Data | approve admin change yes ->admin@pds| 47 - FPS741 - Rice
[2025-02-25 11:36:43] User -> Save Data | approve admin change yes ->admin@pds| 47 - FPS742 - Rice
[2025-02-25 11:36:43] User -> Save Data | approve admin change yes ->admin@pds| 47 - FPS744 - Rice
[2025-02-25 11:36:43] User -> Save Data | approve admin change yes ->admin@pds| 47 - FPS745 - Rice
[2025-02-25 11:36:44] User -> Save Data | approve admin change yes ->admin@pds| 47 - FPS746 - Rice
[2025-02-25 11:36:44] User -> Save Data | approve admin change yes ->admin@pds| 47 - FPS747 - Rice
[2025-02-25 11:36:44] User -> Save Data | approve admin change yes ->admin@pds| 47 - FPS768 - Rice
[2025-02-25 11:36:44] User -> Save Data | approve admin change yes ->admin@pds| 47 - FPS771 - Rice
[2025-02-25 11:36:44] User -> Save Data | approve admin change yes ->admin@pds| 47 - FPS773 - Rice
[2025-02-25 11:36:44] User -> Save Data | approve admin change yes ->admin@pds| 47 - FPS775 - Rice
[2025-02-25 11:36:44] User -> Save Data | approve admin change yes ->admin@pds| 47 - FPS776 - Rice
[2025-02-25 11:36:44] User -> Save Data | approve admin change yes ->admin@pds| 47 - FPS777 - Rice
[2025-02-25 11:36:44] User -> Save Data | approve admin change yes ->admin@pds| 47 - FPS778 - Rice
[2025-02-25 11:36:44] User -> Save Data | approve admin change yes ->admin@pds| 47 - FPS779 - Rice
[2025-02-25 11:36:44] User -> Save Data | approve admin change yes ->admin@pds| 47 - FPS781 - Rice
[2025-02-25 11:36:44] User -> Save Data | approve admin change yes ->admin@pds| 47 - FPS783 - Rice
[2025-02-25 11:36:44] User -> Save Data | approve admin change yes ->admin@pds| 47 - FPS784 - Rice
[2025-02-25 11:36:45] User -> Save Data | approve admin change yes ->admin@pds| 47 - FPS786 - Rice
[2025-02-25 11:36:45] User -> Save Data | approve admin change yes ->admin@pds| 47 - FPS787 - Rice
[2025-02-25 11:36:45] User -> Save Data | approve admin change yes ->admin@pds| 47 - FPS788 - Rice
[2025-02-25 11:36:45] User -> Save Data | approve admin change yes ->admin@pds| 47 - FPS789 - Rice
[2025-02-25 11:36:45] User -> Save Data | approve admin change yes ->admin@pds| 47 - FPS790 - Rice
[2025-02-25 11:36:45] User -> Save Data | approve admin change yes ->admin@pds| 47 - FPS791 - Rice
[2025-02-25 11:36:45] User -> Save Data | approve admin change yes ->admin@pds| 47 - FPS792 - Rice
[2025-02-25 11:36:45] User -> Save Data | approve admin change yes ->admin@pds| 47 - FPS793 - Rice
[2025-02-25 11:36:45] User -> Save Data | approve admin change yes ->admin@pds| 47 - FPS794 - Rice
[2025-02-25 11:36:45] User -> Save Data | approve admin change yes ->admin@pds| 47 - FPS795 - Rice
[2025-02-25 11:36:45] User -> Save Data | approve admin change yes ->admin@pds| 47 - FPS796 - Rice
[2025-02-25 11:36:45] User -> Save Data | approve admin change yes ->admin@pds| 47 - FPS797 - Rice
[2025-02-25 11:36:45] User -> Save Data | approve admin change yes ->admin@pds| 47 - FPS798 - Rice
[2025-02-25 11:36:46] User -> Save Data | approve admin change yes ->admin@pds| 47 - FPS800 - Rice
[2025-02-25 11:36:46] User -> Save Data | approve admin change yes ->admin@pds| 47 - FPS802 - Rice
[2025-02-25 11:36:46] User -> Save Data | approve admin change yes ->admin@pds| 47 - FPS804 - Rice
[2025-02-25 11:36:46] User -> Save Data | approve admin change yes ->admin@pds| 47 - FPS809 - Rice
[2025-02-25 11:36:46] User -> Save Data | approve admin change yes ->admin@pds| 47 - FPS811 - Rice
[2025-02-25 11:36:46] User -> Save Data | approve admin change yes ->admin@pds| 47 - FPS813 - Rice
[2025-02-25 11:36:46] User -> Save Data | approve admin change yes ->admin@pds| 47 - FPS814 - Rice
[2025-02-25 11:36:46] User -> Save Data | approve admin change yes ->admin@pds| 47 - FPS817 - Rice
[2025-02-25 11:36:46] User -> Save Data | approve admin change yes ->admin@pds| 47 - FPS818 - Rice
[2025-02-25 11:36:46] User -> Save Data | approve admin change yes ->admin@pds| 47 - FPS820 - Rice
[2025-02-25 11:36:46] User -> Save Data | approve admin change yes ->admin@pds| 47 - FPS824 - Rice
[2025-02-25 11:36:46] User -> Save Data | approve admin change yes ->admin@pds| 47 - FPS828 - Rice
[2025-02-25 11:36:46] User -> Save Data | approve admin change yes ->admin@pds| 47 - FPS829 - Rice
[2025-02-25 11:36:47] User -> Save Data | approve admin change yes ->admin@pds| 47 - FPS832 - Rice
[2025-02-25 11:36:47] User -> Save Data | approve admin change yes ->admin@pds| 47 - FPS833 - Rice
[2025-02-25 11:36:47] User -> Save Data | approve admin change yes ->admin@pds| 47 - FPS836 - Rice
[2025-02-25 11:36:47] User -> Save Data | approve admin change yes ->admin@pds| 47 - FPS838 - Rice
[2025-02-25 11:36:47] User -> Save Data | approve admin change yes ->admin@pds| 47 - FPS839 - Rice
[2025-02-25 11:36:47] User -> Save Data | approve admin change yes ->admin@pds| 47 - FPS843 - Rice
[2025-02-25 11:36:47] User -> Save Data | approve admin change yes ->admin@pds| 47 - FPS844 - Rice
[2025-02-25 11:36:47] User -> Save Data | approve admin change yes ->admin@pds| 47 - FPS845 - Rice
[2025-02-25 11:36:47] User -> Save Data | approve admin change yes ->admin@pds| 47 - FPS846 - Rice
[2025-02-25 11:36:47] User -> Save Data | approve admin change yes ->admin@pds| 47 - FPS861 - Rice
[2025-02-25 11:36:47] User -> Save Data | approve admin change yes ->admin@pds| 47 - FPS911 - Rice
[2025-02-25 11:36:47] User -> Save Data | approve admin change yes ->admin@pds| 47 - FPS976 - Rice
[2025-02-25 11:36:47] User -> Save Data | approve admin change yes ->admin@pds| 48 - FPS735 - Rice
[2025-02-25 11:36:47] User -> Save Data | approve admin change yes ->admin@pds| 48 - FPS748 - Rice
[2025-02-25 11:36:48] User -> Save Data | approve admin change yes ->admin@pds| 48 - FPS758 - Rice
[2025-02-25 11:36:48] User -> Save Data | approve admin change yes ->admin@pds| 48 - FPS830 - Rice
[2025-02-25 11:36:48] User -> Save Data | approve admin change yes ->admin@pds| 48 - FPS847 - Rice
[2025-02-25 11:36:48] User -> Save Data | approve admin change yes ->admin@pds| 49 - FPS941 - Rice
[2025-02-25 11:36:48] User -> Save Data | approve admin change yes ->admin@pds| 49 - FPS942 - Rice
[2025-02-25 11:36:48] User -> Save Data | approve admin change yes ->admin@pds| 49 - FPS943 - Rice
[2025-02-25 11:36:48] User -> Save Data | approve admin change yes ->admin@pds| 49 - FPS944 - Rice
[2025-02-25 11:36:48] User -> Save Data | approve admin change yes ->admin@pds| 49 - FPS945 - Rice
[2025-02-25 11:36:48] User -> Save Data | approve admin change yes ->admin@pds| 49 - FPS946 - Rice
[2025-02-25 11:36:48] User -> Save Data | approve admin change yes ->admin@pds| 49 - FPS947 - Rice
[2025-02-25 11:36:48] User -> Save Data | approve admin change yes ->admin@pds| 49 - FPS948 - Rice
[2025-02-25 11:36:48] User -> Save Data | approve admin change yes ->admin@pds| 49 - FPS949 - Rice
[2025-02-25 11:36:48] User -> Save Data | approve admin change yes ->admin@pds| 49 - FPS950 - Rice
[2025-02-25 11:36:48] User -> Save Data | approve admin change yes ->admin@pds| 49 - FPS951 - Rice
[2025-02-25 11:36:49] User -> Save Data | approve admin change yes ->admin@pds| 49 - FPS952 - Rice
[2025-02-25 11:36:49] User -> Save Data | approve admin change yes ->admin@pds| 49 - FPS953 - Rice
[2025-02-25 11:36:49] User -> Save Data | approve admin change yes ->admin@pds| 49 - FPS954 - Rice
[2025-02-25 11:36:49] User -> Save Data | approve admin change yes ->admin@pds| 49 - FPS955 - Rice
[2025-02-25 11:36:49] User -> Save Data | approve admin change yes ->admin@pds| 49 - FPS956 - Rice
[2025-02-25 11:36:49] User -> Save Data | approve admin change yes ->admin@pds| 49 - FPS957 - Rice
[2025-02-25 11:36:49] User -> Save Data | approve admin change yes ->admin@pds| 49 - FPS958 - Rice
[2025-02-25 11:36:49] User -> Save Data | approve admin change yes ->admin@pds| 49 - FPS959 - Rice
[2025-02-25 11:36:49] User -> Save Data | approve admin change yes ->admin@pds| 49 - FPS960 - Rice
[2025-02-25 11:36:49] User -> Save Data | approve admin change yes ->admin@pds| 49 - FPS961 - Rice
[2025-02-25 11:36:49] User -> Save Data | approve admin change yes ->admin@pds| 49 - FPS962 - Rice
[2025-02-25 11:36:49] User -> Save Data | approve admin change yes ->admin@pds| 49 - FPS963 - Rice
[2025-02-25 11:36:49] User -> Save Data | approve admin change yes ->admin@pds| 49 - FPS964 - Rice
[2025-02-25 11:36:49] User -> Save Data | approve admin change yes ->admin@pds| 49 - FPS965 - Rice
[2025-02-25 11:36:50] User -> Save Data | approve admin change yes ->admin@pds| 49 - FPS966 - Rice
[2025-02-25 11:36:50] User -> Save Data | approve admin change yes ->admin@pds| 49 - FPS967 - Rice
[2025-02-25 11:36:50] User -> Save Data | approve admin change yes ->admin@pds| 49 - FPS968 - Rice
[2025-02-25 11:36:50] User -> Save Data | approve admin change yes ->admin@pds| 49 - FPS969 - Rice
[2025-02-25 11:36:50] User -> Save Data | approve admin change yes ->admin@pds| 49 - FPS970 - Rice
[2025-02-25 11:36:50] User -> Save Data | approve admin change yes ->admin@pds| 49 - FPS971 - Rice
[2025-02-25 11:36:50] User -> Save Data | approve admin change yes ->admin@pds| 49 - FPS972 - Rice
[2025-02-25 11:36:50] User -> Save Data | approve admin change yes ->admin@pds| 49 - FPS977 - Rice
[2025-02-25 11:36:50] User -> Save Data | approve admin change yes ->admin@pds| 49 - FPS978 - Rice
[2025-02-25 11:36:50] User -> Save Data | approve admin change yes ->admin@pds| 49 - FPS984 - Rice
[2025-02-25 11:36:50] User -> Save Data | approve admin change yes ->admin@pds| 49 - FPS985 - Rice
[2025-02-25 11:36:50] User -> Save Data | approve admin change yes ->admin@pds| 49 - FPS986 - Rice
[2025-02-25 11:36:51] User -> Save Data | approve admin change yes ->admin@pds| 49 - FPS987 - Rice
[2025-02-25 11:36:51] User -> Save Data | approve admin change yes ->admin@pds| 49 - FPS988 - Rice
[2025-02-25 11:36:51] User -> Save Data | approve admin change yes ->admin@pds| 49 - FPS990 - Rice
[2025-02-25 11:36:51] User -> Save Data | approve admin change yes ->admin@pds| 49 - FPS991 - Rice
[2025-02-25 11:36:51] User -> Save Data | approve admin change yes ->admin@pds| 49 - FPS992 - Rice
[2025-02-25 11:36:51] User -> Save Data | approve admin change yes ->admin@pds| 49 - FPS993 - Rice
[2025-02-25 11:36:51] User -> Save Data | approve admin change yes ->admin@pds| 49 - FPS994 - Rice
[2025-02-25 11:36:51] User -> Save Data | approve admin change yes ->admin@pds| 49 - FPS995 - Rice
[2025-02-25 11:36:51] User -> Save Data | approve admin change yes ->admin@pds| 49 - FPS996 - Rice
[2025-02-25 11:36:51] User -> Save Data | approve admin change yes ->admin@pds| 49 - FPS997 - Rice
[2025-02-25 11:36:51] User -> Save Data | approve admin change yes ->admin@pds| 49 - FPS998 - Rice
[2025-02-25 11:36:51] User -> Save Data | approve admin change yes ->admin@pds| 50 - FPS1000 - Rice
[2025-02-25 11:36:52] User -> Save Data | approve admin change yes ->admin@pds| 50 - FPS1001 - Rice
[2025-02-25 11:36:52] User -> Save Data | approve admin change yes ->admin@pds| 50 - FPS1002 - Rice
[2025-02-25 11:36:52] User -> Save Data | approve admin change yes ->admin@pds| 50 - FPS1003 - Rice
[2025-02-25 11:36:52] User -> Save Data | approve admin change yes ->admin@pds| 50 - FPS1005 - Rice
[2025-02-25 11:36:52] User -> Save Data | approve admin change yes ->admin@pds| 50 - FPS1006 - Rice
[2025-02-25 11:36:52] User -> Save Data | approve admin change yes ->admin@pds| 50 - FPS1007 - Rice
[2025-02-25 11:36:52] User -> Save Data | approve admin change yes ->admin@pds| 50 - FPS1008 - Rice
[2025-02-25 11:36:52] User -> Save Data | approve admin change yes ->admin@pds| 50 - FPS1009 - Rice
[2025-02-25 11:36:52] User -> Save Data | approve admin change yes ->admin@pds| 50 - FPS1010 - Rice
[2025-02-25 11:36:52] User -> Save Data | approve admin change yes ->admin@pds| 50 - FPS1011 - Rice
[2025-02-25 11:36:52] User -> Save Data | approve admin change yes ->admin@pds| 50 - FPS1012 - Rice
[2025-02-25 11:36:52] User -> Save Data | approve admin change yes ->admin@pds| 50 - FPS1013 - Rice
[2025-02-25 11:36:52] User -> Save Data | approve admin change yes ->admin@pds| 50 - FPS1014 - Rice
[2025-02-25 11:36:53] User -> Save Data | approve admin change yes ->admin@pds| 50 - FPS1016 - Rice
[2025-02-25 11:36:53] User -> Save Data | approve admin change yes ->admin@pds| 50 - FPS1018 - Rice
[2025-02-25 11:36:53] User -> Save Data | approve admin change yes ->admin@pds| 50 - FPS1019 - Rice
[2025-02-25 11:36:53] User -> Save Data | approve admin change yes ->admin@pds| 50 - FPS1021 - Rice
[2025-02-25 11:36:53] User -> Save Data | approve admin change yes ->admin@pds| 50 - FPS1022 - Rice
[2025-02-25 11:36:53] User -> Save Data | approve admin change yes ->admin@pds| 50 - FPS1023 - Rice
[2025-02-25 11:36:53] User -> Save Data | approve admin change yes ->admin@pds| 50 - FPS1024 - Rice
[2025-02-25 11:36:53] User -> Save Data | approve admin change yes ->admin@pds| 50 - FPS1025 - Rice
[2025-02-25 11:36:53] User -> Save Data | approve admin change yes ->admin@pds| 50 - FPS1026 - Rice
[2025-02-25 11:36:53] User -> Save Data | approve admin change yes ->admin@pds| 50 - FPS1027 - Rice
[2025-02-25 11:36:53] User -> Save Data | approve admin change yes ->admin@pds| 50 - FPS1028 - Rice
[2025-02-25 11:36:53] User -> Save Data | approve admin change yes ->admin@pds| 50 - FPS1029 - Rice
[2025-02-25 11:36:53] User -> Save Data | approve admin change yes ->admin@pds| 50 - FPS1030 - Rice
[2025-02-25 11:36:54] User -> Save Data | approve admin change yes ->admin@pds| 50 - FPS1031 - Rice
[2025-02-25 11:36:54] User -> Save Data | approve admin change yes ->admin@pds| 50 - FPS1032 - Rice
[2025-02-25 11:36:54] User -> Save Data | approve admin change yes ->admin@pds| 50 - FPS1034 - Rice
[2025-02-25 11:36:54] User -> Save Data | approve admin change yes ->admin@pds| 50 - FPS1035 - Rice
[2025-02-25 11:36:54] User -> Save Data | approve admin change yes ->admin@pds| 50 - FPS1037 - Rice
[2025-02-25 11:36:54] User -> Save Data | approve admin change yes ->admin@pds| 50 - FPS1040 - Rice
[2025-02-25 11:36:54] User -> Save Data | approve admin change yes ->admin@pds| 50 - FPS1041 - Rice
[2025-02-25 11:36:54] User -> Save Data | approve admin change yes ->admin@pds| 50 - FPS1042 - Rice
[2025-02-25 11:36:54] User -> Save Data | approve admin change yes ->admin@pds| 50 - FPS1043 - Rice
[2025-02-25 11:36:54] User -> Save Data | approve admin change yes ->admin@pds| 50 - FPS1044 - Rice
[2025-02-25 11:36:54] User -> Save Data | approve admin change yes ->admin@pds| 50 - FPS1045 - Rice
[2025-02-25 11:36:54] User -> Save Data | approve admin change yes ->admin@pds| 50 - FPS1046 - Rice
[2025-02-25 11:36:55] User -> Save Data | approve admin change yes ->admin@pds| 50 - FPS1049 - Rice
[2025-02-25 11:36:55] User -> Save Data | approve admin change yes ->admin@pds| 50 - FPS1050 - Rice
[2025-02-25 11:36:55] User -> Save Data | approve admin change yes ->admin@pds| 50 - FPS1051 - Rice
[2025-02-25 11:36:55] User -> Save Data | approve admin change yes ->admin@pds| 50 - FPS1053 - Rice
[2025-02-25 11:36:55] User -> Save Data | approve admin change yes ->admin@pds| 50 - FPS1054 - Rice
[2025-02-25 11:36:55] User -> Save Data | approve admin change yes ->admin@pds| 50 - FPS1055 - Rice
[2025-02-25 11:36:55] User -> Save Data | approve admin change yes ->admin@pds| 50 - FPS1056 - Rice
[2025-02-25 11:36:55] User -> Save Data | approve admin change yes ->admin@pds| 50 - FPS1058 - Rice
[2025-02-25 11:36:55] User -> Save Data | approve admin change yes ->admin@pds| 50 - FPS1059 - Rice
[2025-02-25 11:36:55] User -> Save Data | approve admin change yes ->admin@pds| 50 - FPS1061 - Rice
[2025-02-25 11:36:55] User -> Save Data | approve admin change yes ->admin@pds| 50 - FPS1063 - Rice
[2025-02-25 11:36:55] User -> Save Data | approve admin change yes ->admin@pds| 50 - FPS1064 - Rice
[2025-02-25 11:36:56] User -> Save Data | approve admin change yes ->admin@pds| 50 - FPS1065 - Rice
[2025-02-25 11:36:56] User -> Save Data | approve admin change yes ->admin@pds| 50 - FPS1066 - Rice
[2025-02-25 11:36:56] User -> Save Data | approve admin change yes ->admin@pds| 50 - FPS1067 - Rice
[2025-02-25 11:36:56] User -> Save Data | approve admin change yes ->admin@pds| 50 - FPS1068 - Rice
[2025-02-25 11:36:56] User -> Save Data | approve admin change yes ->admin@pds| 50 - FPS1069 - Rice
[2025-02-25 11:36:56] User -> Save Data | approve admin change yes ->admin@pds| 50 - FPS1070 - Rice
[2025-02-25 11:36:56] User -> Save Data | approve admin change yes ->admin@pds| 50 - FPS1071 - Rice
[2025-02-25 11:36:56] User -> Save Data | approve admin change yes ->admin@pds| 50 - FPS1072 - Rice
[2025-02-25 11:36:56] User -> Save Data | approve admin change yes ->admin@pds| 50 - FPS1073 - Rice
[2025-02-25 11:36:56] User -> Save Data | approve admin change yes ->admin@pds| 50 - FPS1074 - Rice
[2025-02-25 11:36:56] User -> Save Data | approve admin change yes ->admin@pds| 50 - FPS1075 - Rice
[2025-02-25 11:36:57] User -> Save Data | approve admin change yes ->admin@pds| 50 - FPS1076 - Rice
[2025-02-25 11:36:57] User -> Save Data | approve admin change yes ->admin@pds| 50 - FPS1077 - Rice
[2025-02-25 11:36:57] User -> Save Data | approve admin change yes ->admin@pds| 50 - FPS1078 - Rice
[2025-02-25 11:36:57] User -> Save Data | approve admin change yes ->admin@pds| 50 - FPS1079 - Rice
[2025-02-25 11:36:57] User -> Save Data | approve admin change yes ->admin@pds| 50 - FPS1080 - Rice
[2025-02-25 11:36:57] User -> Save Data | approve admin change yes ->admin@pds| 50 - FPS1081 - Rice
[2025-02-25 11:36:57] User -> Save Data | approve admin change yes ->admin@pds| 50 - FPS1082 - Rice
[2025-02-25 11:36:57] User -> Save Data | approve admin change yes ->admin@pds| 50 - FPS1083 - Rice
[2025-02-25 11:36:57] User -> Save Data | approve admin change yes ->admin@pds| 50 - FPS1084 - Rice
[2025-02-25 11:36:57] User -> Save Data | approve admin change yes ->admin@pds| 50 - FPS1085 - Rice
[2025-02-25 11:36:57] User -> Save Data | approve admin change yes ->admin@pds| 50 - FPS1086 - Rice
[2025-02-25 11:36:57] User -> Save Data | approve admin change yes ->admin@pds| 50 - FPS1087 - Rice
[2025-02-25 11:36:58] User -> Save Data | approve admin change yes ->admin@pds| 50 - FPS1088 - Rice
[2025-02-25 11:36:58] User -> Save Data | approve admin change yes ->admin@pds| 50 - FPS999 - Rice
[2025-02-25 11:36:58] User -> Save Data | approve admin change yes ->admin@pds| 51 - FPS749 - Rice
[2025-02-25 11:36:58] User -> Save Data | approve admin change yes ->admin@pds| 51 - FPS750 - Rice
[2025-02-25 11:36:58] User -> Save Data | approve admin change yes ->admin@pds| 51 - FPS751 - Rice
[2025-02-25 11:36:58] User -> Save Data | approve admin change yes ->admin@pds| 51 - FPS753 - Rice
[2025-02-25 11:36:58] User -> Save Data | approve admin change yes ->admin@pds| 51 - FPS754 - Rice
[2025-02-25 11:36:58] User -> Save Data | approve admin change yes ->admin@pds| 51 - FPS755 - Rice
[2025-02-25 11:36:58] User -> Save Data | approve admin change yes ->admin@pds| 51 - FPS770 - Rice
[2025-02-25 11:36:58] User -> Save Data | approve admin change yes ->admin@pds| 51 - FPS772 - Rice
[2025-02-25 11:36:58] User -> Save Data | approve admin change yes ->admin@pds| 51 - FPS780 - Rice
[2025-02-25 11:36:59] User -> Save Data | approve admin change yes ->admin@pds| 51 - FPS803 - Rice
[2025-02-25 11:36:59] User -> Save Data | approve admin change yes ->admin@pds| 51 - FPS858 - Rice
[2025-02-25 11:36:59] User -> Save Data | approve admin change yes ->admin@pds| 51 - FPS859 - Rice
[2025-02-25 11:36:59] User -> Save Data | approve admin change yes ->admin@pds| 51 - FPS872 - Rice
[2025-02-25 11:36:59] User -> Save Data | approve admin change yes ->admin@pds| 51 - FPS912 - Rice
[2025-02-25 11:36:59] User -> Save Data | approve admin change yes ->admin@pds| 51 - FPS913 - Rice
[2025-02-25 11:36:59] User -> Save Data | approve admin change yes ->admin@pds| 51 - FPS918 - Rice
[2025-02-25 11:36:59] User -> Save Data | approve admin change yes ->admin@pds| 51 - FPS922 - Rice
[2025-02-25 11:36:59] User -> Save Data | approve admin change yes ->admin@pds| 51 - FPS924 - Rice
[2025-02-25 11:36:59] User -> Save Data | approve admin change yes ->admin@pds| 52 - FPS1015 - Rice
[2025-02-25 11:36:59] User -> Save Data | approve admin change yes ->admin@pds| 52 - FPS1020 - Rice
[2025-02-25 11:36:59] User -> Save Data | approve admin change yes ->admin@pds| 52 - FPS1033 - Rice
[2025-02-25 11:37:00] User -> Save Data | approve admin change yes ->admin@pds| 52 - FPS1038 - Rice
[2025-02-25 11:37:00] User -> Save Data | approve admin change yes ->admin@pds| 52 - FPS1039 - Rice
[2025-02-25 11:37:00] User -> Save Data | approve admin change yes ->admin@pds| 52 - FPS1047 - Rice
[2025-02-25 11:37:00] User -> Save Data | approve admin change yes ->admin@pds| 52 - FPS1048 - Rice
[2025-02-25 11:37:00] User -> Save Data | approve admin change yes ->admin@pds| 52 - FPS1060 - Rice
[2025-02-25 11:37:00] User -> Save Data | approve admin change yes ->admin@pds| 52 - FPS1062 - Rice
[2025-02-25 11:37:00] User -> Save Data | approve admin change yes ->admin@pds| 52 - FPS881 - Rice
[2025-02-25 11:37:00] User -> Save Data | approve admin change yes ->admin@pds| 52 - FPS882 - Rice
[2025-02-25 11:37:00] User -> Save Data | approve admin change yes ->admin@pds| 52 - FPS883 - Rice
[2025-02-25 11:37:00] User -> Save Data | approve admin change yes ->admin@pds| 52 - FPS884 - Rice
[2025-02-25 11:37:00] User -> Save Data | approve admin change yes ->admin@pds| 52 - FPS885 - Rice
[2025-02-25 11:37:00] User -> Save Data | approve admin change yes ->admin@pds| 52 - FPS886 - Rice
[2025-02-25 11:37:00] User -> Save Data | approve admin change yes ->admin@pds| 52 - FPS887 - Rice
[2025-02-25 11:37:01] User -> Save Data | approve admin change yes ->admin@pds| 52 - FPS888 - Rice
[2025-02-25 11:37:01] User -> Save Data | approve admin change yes ->admin@pds| 52 - FPS889 - Rice
[2025-02-25 11:37:01] User -> Save Data | approve admin change yes ->admin@pds| 52 - FPS890 - Rice
[2025-02-25 11:37:01] User -> Save Data | approve admin change yes ->admin@pds| 52 - FPS891 - Rice
[2025-02-25 11:37:01] User -> Save Data | approve admin change yes ->admin@pds| 52 - FPS892 - Rice
[2025-02-25 11:37:01] User -> Save Data | approve admin change yes ->admin@pds| 52 - FPS893 - Rice
[2025-02-25 11:37:01] User -> Save Data | approve admin change yes ->admin@pds| 52 - FPS894 - Rice
[2025-02-25 11:37:01] User -> Save Data | approve admin change yes ->admin@pds| 52 - FPS895 - Rice
[2025-02-25 11:37:01] User -> Save Data | approve admin change yes ->admin@pds| 52 - FPS896 - Rice
[2025-02-25 11:37:01] User -> Save Data | approve admin change yes ->admin@pds| 52 - FPS897 - Rice
[2025-02-25 11:37:01] User -> Save Data | approve admin change yes ->admin@pds| 52 - FPS898 - Rice
[2025-02-25 11:37:01] User -> Save Data | approve admin change yes ->admin@pds| 52 - FPS899 - Rice
[2025-02-25 11:37:01] User -> Save Data | approve admin change yes ->admin@pds| 52 - FPS900 - Rice
[2025-02-25 11:37:01] User -> Save Data | approve admin change yes ->admin@pds| 52 - FPS901 - Rice
[2025-02-25 11:37:02] User -> Save Data | approve admin change yes ->admin@pds| 52 - FPS902 - Rice
[2025-02-25 11:37:02] User -> Save Data | approve admin change yes ->admin@pds| 52 - FPS903 - Rice
[2025-02-25 11:37:02] User -> Save Data | approve admin change yes ->admin@pds| 52 - FPS904 - Rice
[2025-02-25 11:37:02] User -> Save Data | approve admin change yes ->admin@pds| 52 - FPS905 - Rice
[2025-02-25 11:37:02] User -> Save Data | approve admin change yes ->admin@pds| 52 - FPS906 - Rice
[2025-02-25 11:37:02] User -> Save Data | approve admin change yes ->admin@pds| 52 - FPS907 - Rice
[2025-02-25 11:37:02] User -> Save Data | approve admin change yes ->admin@pds| 52 - FPS908 - Rice
[2025-02-25 11:37:02] User -> Save Data | approve admin change yes ->admin@pds| 52 - FPS909 - Rice
[2025-02-25 11:37:02] User -> Save Data | approve admin change yes ->admin@pds| 52 - FPS910 - Rice
[2025-02-25 11:37:02] User -> Save Data | approve admin change yes ->admin@pds| 52 - FPS914 - Rice
[2025-02-25 11:37:02] User -> Save Data | approve admin change yes ->admin@pds| 52 - FPS915 - Rice
[2025-02-25 11:37:02] User -> Save Data | approve admin change yes ->admin@pds| 52 - FPS916 - Rice
[2025-02-25 11:37:02] User -> Save Data | approve admin change yes ->admin@pds| 52 - FPS917 - Rice
[2025-02-25 11:37:03] User -> Save Data | approve admin change yes ->admin@pds| 52 - FPS919 - Rice
[2025-02-25 11:37:03] User -> Save Data | approve admin change yes ->admin@pds| 52 - FPS920 - Rice
[2025-02-25 11:37:03] User -> Save Data | approve admin change yes ->admin@pds| 52 - FPS921 - Rice
[2025-02-25 11:37:03] User -> Save Data | approve admin change yes ->admin@pds| 52 - FPS925 - Rice
[2025-02-25 11:37:03] User -> Save Data | approve admin change yes ->admin@pds| 52 - FPS931 - Rice
[2025-02-25 11:37:03] User -> Save Data | approve admin change yes ->admin@pds| 52 - FPS932 - Rice
[2025-02-25 11:37:03] User -> Save Data | approve admin change yes ->admin@pds| 52 - FPS934 - Rice
[2025-02-25 11:37:03] User -> Save Data | approve admin change yes ->admin@pds| 52 - FPS936 - Rice
[2025-02-25 11:37:03] User -> Save Data | approve admin change yes ->admin@pds| 52 - FPS938 - Rice
[2025-02-25 11:37:03] User -> Save Data | approve admin change yes ->admin@pds| 52 - FPS973 - Rice
[2025-02-25 11:37:03] User -> Save Data | approve admin change yes ->admin@pds| 52 - FPS974 - Rice
[2025-02-25 11:37:03] User -> Save Data | approve admin change yes ->admin@pds| 52 - FPS975 - Rice
[2025-02-25 11:37:03] User -> Save Data | approve admin change yes ->admin@pds| 51 - FPS12985 - FRice
[2025-02-25 11:37:03] User -> Save Data | approve admin change yes ->admin@pds| 198 - FPS989 - Rice
[2025-02-25 12:14:12] User -> Normal FPS InActive -> admin@pds| PKPS Kadakol
[2025-02-25 12:18:50] User -> Normal FPS Active -> admin@pds| PKPS Kadakol
[2025-02-25 12:19:17] User ->Model FPS InActive -> admin@pds| Gram Mandal Maninagar
[2025-02-25 12:19:19] User ->Model FPS Active -> admin@pds| Gram Mandal Maninagar
[2025-02-25 12:20:55] User -> Normal FPS InActive -> admin@pds| PKPS Kadakol
[2025-02-25 12:24:52] User -> Normal FPS Active -> admin@pds| PKPS Kadakol
[2025-02-25 12:33:04] User ->All Normal FPS InActive -> admin@pds
[2025-02-25 12:33:06] User ->All Normal FPS Active -> admin@pds
[2025-02-25 12:34:08] User ->Model FPS InActive -> admin@pds| Gram Mandal Maninagar
[2025-02-25 12:34:11] User ->Model FPS Active -> admin@pds| Gram Mandal Maninagar
[2025-02-25 12:35:54] User ->All Model FPS InActive -> admin@pds
[2025-02-25 12:35:56] User ->All Model FPS Active -> admin@pds
[2025-02-25 15:04:48] User -> District added ->admin@pds| Requested JSON -> {"name":"abcscriptalert124script"}
[2025-02-25 15:05:17] User -> District deleted -> admin@pds| Requested JSON -> {"uid":"67bd8eb89c088"} | abcscriptalert124script
[2025-02-25 15:05:17] User -> District deleted -> admin@pds| Requested JSON -> {"uid":"67bd8eb89c088"} | 
[2025-02-25 15:06:23] User -> District added ->admin@pds| Requested JSON -> {"name":"abc"}
[2025-02-25 15:06:40] User -> District deleted -> admin@pds| Requested JSON -> {"uid":"67bd8f1793d89"} | abc
[2025-02-25 15:08:02] User -> Warehouse added ->admin@pds| Requested JSON -> {"name":"abcscriptalert124script","type":"motorable","latitude":"45.123","storage":"78","district":"Bidar","id":"abcscriptalert124script","warehousetype":"swc","longitude":"89.147"}
[2025-02-25 15:08:53] User -> Warehouse deleted -> admin@pds| Requested JSON -> {"uid":"WH_67bd8f7a37dc"} | Abcscriptalert124script
[2025-02-25 15:09:52] User -> Warehouse Edit ->admin@pds| Requested JSON -> {"name":"abcscriptalert124script","uniqueid":"WH_66ed4ab31023","active":"1","type":"motorable","latitude":"16.15499028","storage":"327800","district":"Bidar","id":"abcscriptalert124script","warehousetype":"swc","longitude":"75.67274778"}
[2025-02-25 15:11:19] User -> Warehouse Edit ->admin@pds| Requested JSON -> {"name":"ABC","uniqueid":"WH_66ed4ab31023","active":"1","type":"motorable","latitude":"16.15499028","storage":"327800","district":"Bidar","id":"abcscriptalert124script","warehousetype":"swc","longitude":"75.67274778"}
[2025-02-25 15:12:05] User -> Warehouse deleted -> admin@pds| Requested JSON -> {"uid":"WH_66ed4ab31023"} | Abc
[2025-02-25 15:26:17] User -> Send  Message ->admin@pds| Requested JSON -> {"message":"scriptlocationhttptestphp.vulnweb.comscript","uniqueid":"67a5cf4b985c6"} | Anantnag@pds
[2025-02-25 15:28:02] User -> Delete Message ->admin@pds| Requested JSON -> scriptlocationhttptestphp.vulnweb.comscript | Anantnag@pds
[2025-02-25 15:28:49] User -> Send  Message ->admin@pds| Requested JSON -> {"message":"scriptlocationhttptestphp.vulnweb.comscript","uniqueid":"67a5cf4b985c6"} | Anantnag@pds
[2025-02-25 15:31:49] User -> Delete Message ->admin@pds| Requested JSON -> scriptlocationhttptestphp.vulnweb.comscript | Anantnag@pds
