[2026-03-05 19:58:17] User -> Warehouse deleted -> Admin@pds| Requested JSON -> {"uid":"all"} | all
[2026-03-05 19:58:28] User -> Warehouse Added -> Admin@pds| Array
[2026-03-05 19:58:28] User -> Warehouse Added -> Admin@pds| Kk
[2026-03-05 19:58:28] User -> Warehouse Added -> Admin@pds| Kk
[2026-03-05 19:58:51] User -> FPS deleted -> Admin@pds| Requested JSON -> {"uid":"all"} | all
[2026-03-05 20:00:52] User -> FPS Added -> Admin@pds| Yavatmal Yass
[2026-03-05 20:00:53] User -> FPS Added -> Admin@pds| Gram Mandal Maninagar
[2026-03-05 20:00:55] User -> FPS Added -> Admin@pds| MAHAKUTESHWAR YUVAKA MANDAL YANKANCHI
[2026-03-05 20:00:56] User -> FPS Added -> Admin@pds| L.B. NAIKAR. KHANAPUR.S.K. 68 (C)(RADDERTIMMAPUR)
[2026-03-05 20:00:57] User -> FPS Added -> Admin@pds| YUVAKA MANDAL HAVALAKOD
[2026-03-05 20:00:57] User -> FPS Added -> Admin@pds| MARUTI YUVAKA MANDAL FAKIRBUDIHAL
[2026-03-05 20:00:57] User -> FPS Added -> Admin@pds| YUVAKA MANDAL SAGANUR
[2026-03-05 20:00:57] User -> FPS Added -> Admin@pds| YUVAKA MANDAL CHINCHALAKATTI
[2026-03-05 20:00:57] User -> FPS Added -> Admin@pds| K.K.LAMANI CHINCHALAKATTI L.T.
[2026-03-05 20:00:57] User -> FPS Added -> Admin@pds| RAIT SANGHA HANAMANERI (S)
[2026-03-05 20:00:57] User -> FPS Added -> Admin@pds| V.S.S. NEERBUDIHAL
[2026-03-05 20:00:57] User -> FPS Added -> Admin@pds| GRAMA MANDAL GANGANABUDIHAL
[2026-03-05 20:00:58] User -> FPS Added -> Admin@pds| S.M.GONNAGAR JANGAWAD
[2026-03-05 20:00:58] User -> FPS Added -> Admin@pds| YUVAKA MANDALA HOSAKOTI-37 (C)(KAINAKATTI)
[2026-03-05 20:00:58] User -> FPS Added -> Admin@pds| Y.S.NARASANVAR SHIPARMATTI
[2026-03-05 20:00:58] User -> FPS Added -> Admin@pds| YUVAKA MANDAL HOSAKOTI
[2026-03-05 20:00:58] User -> FPS Added -> Admin@pds| GRAMA MANDAL MATTIKATTI
[2026-03-05 20:00:58] User -> FPS Added -> Admin@pds| SHIVANAND YUVAKA MANDAL MALAGI
[2026-03-05 20:00:58] User -> FPS Added -> Admin@pds| SHRADDANAND YUVAKA MANDAL NARENUR
[2026-03-05 20:00:58] User -> FPS Added -> Admin@pds| KRISHNA YUVAKA MANDAL NARENUR L.T.2
[2026-03-05 20:00:58] User -> FPS Added -> Admin@pds| Ranganath Hanamappa Sunagad (PH) Inam Hanamaneri
[2026-03-05 20:00:58] User -> FPS Added -> Admin@pds| PKPS Anawal
[2026-03-05 20:00:58] User -> FPS Added -> Admin@pds| GRAMA MANDAL KALABANDKERI
[2026-03-05 20:00:58] User -> FPS Added -> Admin@pds| YUVAKA MANDAL YANDIGERI
[2026-03-05 20:00:58] User -> FPS Added -> Admin@pds| V.S.S.KAGALGOMBA
[2026-03-05 20:00:58] User -> FPS Added -> Admin@pds| V.S.S.KERAKALMATTI
[2026-03-05 20:00:58] User -> FPS Added -> Admin@pds| PKPS Halakurki
[2026-03-05 20:00:58] User -> FPS Added -> Admin@pds| V.S.S.HULAGERI
[2026-03-05 20:00:58] User -> FPS Added -> Admin@pds| BASAVESHWARA YUVAKA MANDAL JALAGERI
[2026-03-05 20:00:58] User -> FPS Added -> Admin@pds| Manjunatha Shivappa Rathod (PH)
[2026-03-05 20:00:58] User -> FPS Added -> Admin@pds| Secretory Neeralkeri Milk producers Co-Op Society Ltd.
[2026-03-05 20:00:58] User -> FPS Added -> Admin@pds| P.K.P.S.MUSTIGERI.
[2026-03-05 20:00:58] User -> FPS Added -> Admin@pds| MARUTI YUVAKA MANDALA HULLIKERI INAM
[2026-03-05 20:00:58] User -> FPS Added -> Admin@pds| YOUTH ASSOCIATION MUMARADDIKOPPA
[2026-03-05 20:00:58] User -> FPS Added -> Admin@pds| P.K.P.S. UGLVAT
[2026-03-05 20:00:58] User -> FPS Added -> Admin@pds| PURNANANDA YUVAKA MANDAL KALLAPUR.S.K.
[2026-03-05 20:00:58] User -> FPS Added -> Admin@pds| KALIKADEVI YUVAK MANDALA TAPPASAKATTI
[2026-03-05 20:00:59] User -> FPS Added -> Admin@pds| MARUTI YUVAKA MANDAL HANAMASAGAR
[2026-03-05 20:00:59] User -> FPS Added -> Admin@pds| PURNANAND YUVAKA MANDAL SOMANAKOPPA
[2026-03-05 20:00:59] User -> FPS Added -> Admin@pds| L.B. NAYAKAR KHANAPUR S,K.
[2026-03-05 20:00:59] User -> FPS Added -> Admin@pds| V.S.S. KAKANUR
[2026-03-05 20:00:59] User -> FPS Added -> Admin@pds| GRAMA MANDALA CHIMMANAKATTI
[2026-03-05 20:00:59] User -> FPS Added -> Admin@pds| NEERU BALAKEDARAR SAHAKARI SANGHA HAGANUR
[2026-03-05 20:00:59] User -> FPS Added -> Admin@pds| V.S.S. TALAKAWAD
[2026-03-05 20:00:59] User -> FPS Added -> Admin@pds| GRAM MANDAL NEELGUND
[2026-03-05 20:00:59] User -> FPS Added -> Admin@pds| GRAM MANDAL LAKHAMAPUR
[2026-03-05 20:00:59] User -> FPS Added -> Admin@pds| IRAPP. K.BIRANUR BIRANUR
[2026-03-05 20:00:59] User -> FPS Added -> Admin@pds| MARUTESHWAR YUVAKA MANDAL ALUR S.K.
[2026-03-05 20:00:59] User -> FPS Added -> Admin@pds| BASAVESHWAR YUVAK MANDAL TIMMAPUR S.N.
[2026-03-05 20:00:59] User -> FPS Added -> Admin@pds| VEERABHADHRESHWARA Y M MALLAPUR S.L.
[2026-03-05 20:00:59] User -> FPS Added -> Admin@pds| Kalasa (Govonakopp) Milk producers Co op Society
[2026-03-05 20:00:59] User -> FPS Added -> Admin@pds| YUVAKA MANDAL ALADAKATTI
[2026-03-05 20:00:59] User -> FPS Added -> Admin@pds| PKPS Hebballi
[2026-03-05 20:00:59] User -> FPS Added -> Admin@pds| V.S.S. MUTTALAGERI
[2026-03-05 20:00:59] User -> FPS Added -> Admin@pds| MARUTESHWAR TARUN SANGHA NAVILAHOLE.
[2026-03-05 20:00:59] User -> FPS Added -> Admin@pds| BASAVALINGESHWAR Y M BACHINAGUDDA.
[2026-03-05 20:00:59] User -> FPS Added -> Admin@pds| GRAM MANDAL GONAL
[2026-03-05 20:00:59] User -> FPS Added -> Admin@pds| V.S.S.CHOLACHAGUDDA
[2026-03-05 20:00:59] User -> FPS Added -> Admin@pds| BANASHANKARI DEVASTHANA SEVA SAMITI BANASHANKARI.
[2026-03-05 20:00:59] User -> FPS Added -> Admin@pds| REVANASHIDDESHWAR YUVAKA SANGHA HIRENASIBI
[2026-03-05 20:00:59] User -> FPS Added -> Admin@pds| AMBEDAKAR VIDYA VARDHAKA SANGHA BELUR
[2026-03-05 20:00:59] User -> FPS Added -> Admin@pds| V.S.S.JALIHAL
[2026-03-05 20:00:59] User -> FPS Added -> Admin@pds| Halu Utpadakara sahakari sangha,Pattadakal
[2026-03-05 20:01:00] User -> FPS Added -> Admin@pds| GRAM MANDAL ADAGAL.
[2026-03-05 20:01:00] User -> FPS Added -> Admin@pds| V.S.S.KUTAKANAKERI
[2026-03-05 20:01:00] User -> FPS Added -> Admin@pds| Yavatmal yass
[2026-03-05 20:44:22] User -> Warehouse Edit ->Admin@pds| Requested JSON -> {"name":"Array","taluka":"akki","uniqueid":"WH_69a9930c80bd","active":"1","type":"motorable","latitude":"12","storage":"1000","district":"Bagalkote","id":"123","warehousetype":"swc","ragi":"5000000000","jowar":"1000000000000","longitude":"20"}
[2026-03-05 20:45:08] User -> Warehouse Edit ->Admin@pds| Requested JSON -> {"name":"Array","taluka":"akki","uniqueid":"WH_69a9930c80bd","active":"1","type":"motorable","latitude":"12","storage":"1000","district":"Bagalkote","id":"123","warehousetype":"swc","ragi":"50000","jowar":"500000","longitude":"20"}
[2026-03-05 20:45:26] User -> Warehouse Edit ->Admin@pds| Requested JSON -> {"name":"Kk","taluka":"Badami","uniqueid":"WH_69a9930ca0e2","active":"1","type":"motorable","latitude":"12","storage":"1000","district":"Bagalkote","id":"260017370006","warehousetype":"swc","ragi":"5000000","jowar":"100000000","longitude":"96.62472222"}
[2026-03-05 20:54:50] User -> FPS deleted -> Admin@pds| Requested JSON -> {"uid":"all"} | all
[2026-03-05 20:55:25] User -> FPS Added -> Admin@pds| Yavatmal Yass
[2026-03-05 20:55:25] User -> FPS Added -> Admin@pds| Gram Mandal Maninagar
[2026-03-05 20:55:26] User -> FPS Added -> Admin@pds| MAHAKUTESHWAR YUVAKA MANDAL YANKANCHI
[2026-03-05 20:55:26] User -> FPS Added -> Admin@pds| L.B. NAIKAR. KHANAPUR.S.K. 68 (C)(RADDERTIMMAPUR)
[2026-03-05 20:55:27] User -> FPS Added -> Admin@pds| YUVAKA MANDAL HAVALAKOD
[2026-03-05 20:55:27] User -> FPS Added -> Admin@pds| MARUTI YUVAKA MANDAL FAKIRBUDIHAL
[2026-03-05 20:55:27] User -> FPS Added -> Admin@pds| YUVAKA MANDAL SAGANUR
[2026-03-05 20:55:27] User -> FPS Added -> Admin@pds| YUVAKA MANDAL CHINCHALAKATTI
[2026-03-05 20:55:28] User -> FPS Added -> Admin@pds| K.K.LAMANI CHINCHALAKATTI L.T.
