[2025-01-27 01:48:26] User -> Cost for leg2 Added ->admin@pds| Requested JSON -> {"cost_T4Yr9oKt3XCImA":"78"} | 
[2025-01-27 10:34:30] User -> Cost for leg2 Added ->admin@pds| Requested JSON -> {"cost_rjb3hEtuDmHIVu":"8"} | 2025 | jan
[2025-01-27 10:37:34] User -> Cost for leg2 Added ->admin@pds| Requested JSON -> {"cost_rjb3hEtuDmHIVu":"8"} | 2025 | jan
[2025-01-27 10:38:04] User -> Cost for leg2 Added ->admin@pds| Requested JSON -> {"cost_rjb3hEtuDmHIVu":"8"} | 2025 | jan
[2025-01-27 19:00:13] User -> Cost for leg2 Added ->admin@pds| Requested JSON -> {"cost_rjb3hEtuDmHIVu":"90"} | 2025 | jan
[2025-01-27 19:00:56] User -> Cost for leg2 Added ->admin@pds| Requested JSON -> {"cost_rjb3hEtuDmHIVu":"90"} | 2025 | jan
[2025-01-27 19:07:59] User -> Cost for leg1 Added ->admin@pds| Requested JSON -> {"cost_BZlnkXQFzrjSPA":"9"} |  | 
[2025-01-27 19:13:30] User -> Cost for leg1 Added ->admin@pds| Requested JSON -> {"cost_BZlnkXQFzrjSPA":"56"} |  | 
[2025-01-27 19:14:32] User -> Cost for leg2 Added ->admin@pds| Requested JSON -> {"cost_BZlnkXQFzrjSPA":"56"} |  | 
[2025-01-27 19:15:12] User -> Cost for leg2 Added ->admin@pds| Requested JSON -> {"cost_BZlnkXQFzrjSPA":"56"} |  | 
[2025-01-27 19:16:51] User -> Cost for leg2 Added ->admin@pds| Requested JSON -> {"cost_BZlnkXQFzrjSPA":"56"} |  | 
[2025-01-27 19:17:36] User -> Cost for leg2 Added ->admin@pds| Requested JSON -> {"cost_BZlnkXQFzrjSPA":"56"} | 2025 | jan
[2025-01-27 19:17:49] User -> Cost for leg2 Added ->admin@pds| Requested JSON -> {"cost_BZlnkXQFzrjSPA":"56"} | 2025 | jan
[2025-01-27 23:48:00] User -> Cost for leg2 Added ->admin@pds| Requested JSON -> {"cost_BZlnkXQFzrjSPA":"90"} | 2025 | jan
[2025-01-27 23:48:02] User -> Cost for leg1 Reset ->admin@pds| Requested JSON -> {"id":"BZlnkXQFzrjSPA"} | 
[2025-01-27 23:48:05] User -> Cost for leg1 Reset ->admin@pds| Requested JSON -> {"id":"gfyIp22F19cvwh"} | 
[2025-01-27 23:48:10] User -> Cost for leg2 Added ->admin@pds| Requested JSON -> {"cost_gfyIp22F19cvwh":"78","cost_BZlnkXQFzrjSPA":"98"} | 2024 | sept
[2025-01-27 23:48:10] User -> Cost for leg2 Added ->admin@pds| Requested JSON -> {"cost_gfyIp22F19cvwh":"78","cost_BZlnkXQFzrjSPA":"98"} | 2025 | jan
[2025-01-27 23:48:12] User -> Cost for leg1 Reset ->admin@pds| Requested JSON -> {"id":"BZlnkXQFzrjSPA"} | 
[2025-01-27 23:48:13] User -> Cost for leg1 Reset ->admin@pds| Requested JSON -> {"id":"gfyIp22F19cvwh"} | 
[2025-01-27 23:48:23] User -> Cost for leg2 Added ->admin@pds| Requested JSON -> {"cost_rjb3hEtuDmHIVu":"7"} | 2025 | jan
[2025-01-27 23:48:25] {"id":"rjb3hEtuDmHIVu"}
[2025-01-27 23:48:25] User -> Cost for leg2 Reset ->admin@pds| Requested JSON -> {"id":"rjb3hEtuDmHIVu"} | 
[2025-01-27 23:48:32] User -> Cost for leg2 Added ->admin@pds| Requested JSON -> {"cost_rjb3hEtuDmHIVu":"78"} | 2025 | jan
