[2025-01-26 00:03:55] User -> Warehouse deleted -> admin@pds| Requested JSON -> {"uid":"WH_67952c851c94"} | Test
[2025-01-26 00:05:13] User -> Warehouse deleted -> admin@pds| Requested JSON -> {"uid":"all"} | 
[2025-01-26 00:30:52] User -> Warehouse deleted -> admin@pds| Requested JSON -> {"uid":"all"} | 
[2025-01-26 00:31:06] User -> Warehouse Added -> | ANEKAL
[2025-01-26 00:31:07] User -> Warehouse Added -> | ANEKAL
[2025-01-26 00:31:07] User -> Warehouse Added -> | BANGALORE NORTH
[2025-01-26 00:31:07] User -> Warehouse Added -> | BANGALORE NORTH
[2025-01-26 00:31:07] User -> Warehouse Added -> | BANGALORE SOUTH
[2025-01-26 00:31:07] User -> Warehouse Added -> | BANGALORE SOUTH
[2025-01-26 00:31:07] User -> Warehouse Added -> | BANGALORE EAST
[2025-01-26 00:31:07] User -> Warehouse Added -> | YELAHANKA
[2025-01-26 00:31:07] User -> Warehouse Added -> | YELAHANKA
[2025-01-26 00:31:07] User -> Warehouse Added -> | DEVANHALLI
[2025-01-26 00:31:08] User -> Warehouse Added -> | DEVANHALLI
[2025-01-26 00:31:08] User -> Warehouse Added -> | DODBALLAPUR
[2025-01-26 00:31:08] User -> Warehouse Added -> | HOSKOTE
[2025-01-26 00:31:08] User -> Warehouse Added -> | NELAMANGALA
[2025-01-26 00:31:08] User -> Warehouse Added -> | ATHNI
[2025-01-26 00:31:08] User -> Warehouse Added -> | BAILAHONGAL
[2025-01-26 00:31:08] User -> Warehouse Added -> | BAILAHONGAL
[2025-01-26 00:31:08] User -> Warehouse Added -> | BELAGAVI
[2025-01-26 00:31:08] User -> Warehouse Added -> | BELAGAVI
[2025-01-26 00:31:08] User -> Warehouse Added -> | BELAGAVI
[2025-01-26 00:31:08] User -> Warehouse Added -> | CHIKKODI
[2025-01-26 00:31:08] User -> Warehouse Added -> | GOKAK
[2025-01-26 00:31:08] User -> Warehouse Added -> | HUKKERI
[2025-01-26 00:31:08] User -> Warehouse Added -> | HUKKERI
[2025-01-26 00:31:08] User -> Warehouse Added -> | KHANAPUR
[2025-01-26 00:31:08] User -> Warehouse Added -> | RAYBAG
[2025-01-26 00:31:08] User -> Warehouse Added -> | RAYBAG
[2025-01-26 00:31:08] User -> Warehouse Added -> | RAMDURG
[2025-01-26 00:31:09] User -> Warehouse Added -> | SAVADATTI
[2025-01-26 00:31:09] User -> Warehouse Added -> | SAVADATTI
[2025-01-26 00:31:09] User -> Warehouse Added -> | KAGAVADA
[2025-01-26 00:31:09] User -> Warehouse Added -> | KITTUR
[2025-01-26 00:31:09] User -> Warehouse Added -> | MUDALAGI
[2025-01-26 00:31:09] User -> Warehouse Added -> | NIPPANI
[2025-01-26 00:31:09] User -> Warehouse Added -> | BALLARI
[2025-01-26 00:31:09] User -> Warehouse Added -> | BALLARI
[2025-01-26 00:31:09] User -> Warehouse Added -> | BALLARI
[2025-01-26 00:31:09] User -> Warehouse Added -> | SANDUR
[2025-01-26 00:31:09] User -> Warehouse Added -> | SIRUGUPPA
[2025-01-26 00:31:09] User -> Warehouse Added -> | KURUGODU
[2025-01-26 00:31:09] User -> Warehouse Added -> | KAMPLI
[2025-01-26 00:31:09] User -> Warehouse Added -> | AURAD
[2025-01-26 00:31:09] User -> Warehouse Added -> | BASAVAKALYAN
[2025-01-26 00:31:10] User -> Warehouse Added -> | BHALKI
[2025-01-26 00:31:10] User -> Warehouse Added -> | BIDAR
[2025-01-26 00:31:10] User -> Warehouse Added -> | BIDAR
[2025-01-26 00:31:10] User -> Warehouse Added -> | HUMNABAD
[2025-01-26 00:31:10] User -> Warehouse Added -> | KAMALNAGAR
[2025-01-26 00:31:10] User -> Warehouse Added -> | HULSOOR
[2025-01-26 00:31:10] User -> Warehouse Added -> | CHITAGUPPA
[2025-01-26 00:31:10] User -> Warehouse Added -> | BASAVANA BAGEVADI
[2025-01-26 00:31:10] User -> Warehouse Added -> | VIJAYAPURA
[2025-01-26 00:31:10] User -> Warehouse Added -> | VIJAYAPURA
[2025-01-26 00:31:10] User -> Warehouse Added -> | INDI
[2025-01-26 00:31:10] User -> Warehouse Added -> | INDI
[2025-01-26 00:31:10] User -> Warehouse Added -> | MUDDEBIHAL
[2025-01-26 00:31:10] User -> Warehouse Added -> | MUDDEBIHAL
[2025-01-26 00:31:10] User -> Warehouse Added -> | SINDGI
[2025-01-26 00:31:10] User -> Warehouse Added -> | SINDGI
[2025-01-26 00:31:10] User -> Warehouse Added -> | NIDAGUNDI
[2025-01-26 00:31:10] User -> Warehouse Added -> | KOLHAR
[2025-01-26 00:31:10] User -> Warehouse Added -> | BABALESHWAR
[2025-01-26 00:31:10] User -> Warehouse Added -> | CHADACHAN
[2025-01-26 00:31:10] User -> Warehouse Added -> | DEVARA HIPPARAGI
[2025-01-26 00:31:10] User -> Warehouse Added -> | TALIKOTI
[2025-01-26 00:31:10] User -> Warehouse Added -> | TIKOTA
[2025-01-26 00:31:11] User -> Warehouse Added -> | ALMEL
[2025-01-26 00:31:11] User -> Warehouse Added -> | CHAMARAJANAGAR
[2025-01-26 00:31:11] User -> Warehouse Added -> | CHAMARAJANAGAR
[2025-01-26 00:31:11] User -> Warehouse Added -> | CHAMARAJANAGAR
[2025-01-26 00:31:11] User -> Warehouse Added -> | GUNDLUPET
[2025-01-26 00:31:11] User -> Warehouse Added -> | GUNDLUPET
[2025-01-26 00:31:11] User -> Warehouse Added -> | KOLLEGALA
[2025-01-26 00:31:11] User -> Warehouse Added -> | YELANDUR
[2025-01-26 00:31:11] User -> Warehouse Added -> | HANURU
[2025-01-26 00:31:11] User -> Warehouse Added -> | CHIKKAMAGALURU
[2025-01-26 00:31:11] User -> Warehouse Added -> | CHIKKAMAGALURU
[2025-01-26 00:31:11] User -> Warehouse Added -> | KADUR
[2025-01-26 00:31:11] User -> Warehouse Added -> | KADUR
[2025-01-26 00:31:11] User -> Warehouse Added -> | KADUR
[2025-01-26 00:31:11] User -> Warehouse Added -> | KOPPA
[2025-01-26 00:31:11] User -> Warehouse Added -> | MUDIGERE
[2025-01-26 00:31:11] User -> Warehouse Added -> | NARASIMHARAJAPURA
[2025-01-26 00:31:11] User -> Warehouse Added -> | SRINGERI
[2025-01-26 00:31:11] User -> Warehouse Added -> | TARIKERE
[2025-01-26 00:31:11] User -> Warehouse Added -> | TARIKERE
[2025-01-26 00:31:11] User -> Warehouse Added -> | AJJAMPURA
[2025-01-26 00:31:12] User -> Warehouse Added -> | CHALLAKERE
[2025-01-26 00:31:12] User -> Warehouse Added -> | CHALLAKERE
[2025-01-26 00:31:12] User -> Warehouse Added -> | CHITRADURGA
[2025-01-26 00:31:12] User -> Warehouse Added -> | CHITRADURGA
[2025-01-26 00:31:12] User -> Warehouse Added -> | HIRIYUR
[2025-01-26 00:31:12] User -> Warehouse Added -> | HIRIYUR
[2025-01-26 00:31:12] User -> Warehouse Added -> | HOLALKERE
[2025-01-26 00:31:12] User -> Warehouse Added -> | HOLALKERE
[2025-01-26 00:31:12] User -> Warehouse Added -> | HOSDURGA
[2025-01-26 00:31:12] User -> Warehouse Added -> | MOLAKALMURU
[2025-01-26 00:31:12] User -> Warehouse Added -> | BELTANGADI
[2025-01-26 00:31:12] User -> Warehouse Added -> | BANTVAL
[2025-01-26 00:31:12] User -> Warehouse Added -> | BANTVAL
[2025-01-26 00:31:12] User -> Warehouse Added -> | MANGALURU
[2025-01-26 00:31:12] User -> Warehouse Added -> | MANGALURU
[2025-01-26 00:31:12] User -> Warehouse Added -> | MANGALURU
[2025-01-26 00:31:12] User -> Warehouse Added -> | PUTTUR
[2025-01-26 00:31:12] User -> Warehouse Added -> | SULYA
[2025-01-26 00:31:12] User -> Warehouse Added -> | MOODABIDRI
[2025-01-26 00:31:12] User -> Warehouse Added -> | KADABA
[2025-01-26 00:31:12] User -> Warehouse Added -> | MULKI
[2025-01-26 00:31:12] User -> Warehouse Added -> | ULLALA
[2025-01-26 00:31:12] User -> Warehouse Added -> | CHANNAGIRI
[2025-01-26 00:31:13] User -> Warehouse Added -> | CHANNAGIRI
[2025-01-26 00:31:13] User -> Warehouse Added -> | DAVANAGERE
[2025-01-26 00:31:13] User -> Warehouse Added -> | DAVANAGERE
[2025-01-26 00:31:13] User -> Warehouse Added -> | DAVANAGERE
[2025-01-26 00:31:13] User -> Warehouse Added -> | DAVANAGERE
[2025-01-26 00:31:13] User -> Warehouse Added -> | HARIHARA
[2025-01-26 00:31:13] User -> Warehouse Added -> | HONNALI
[2025-01-26 00:31:13] User -> Warehouse Added -> | HONNALI
[2025-01-26 00:31:13] User -> Warehouse Added -> | JAGALUR
[2025-01-26 00:31:13] User -> Warehouse Added -> | NYAMATHI
[2025-01-26 00:31:13] User -> Warehouse Added -> | NYAMATHI
[2025-01-26 00:31:13] User -> Warehouse Added -> | DHARWAD
[2025-01-26 00:31:13] User -> Warehouse Added -> | DHARWAD
[2025-01-26 00:31:13] User -> Warehouse Added -> | HUBBALLI
[2025-01-26 00:31:13] User -> Warehouse Added -> | HUBBALLI
[2025-01-26 00:31:13] User -> Warehouse Added -> | HUBBALLI
[2025-01-26 00:31:13] User -> Warehouse Added -> | KALGHATGI
[2025-01-26 00:31:13] User -> Warehouse Added -> | KUNDGOL
[2025-01-26 00:31:13] User -> Warehouse Added -> | NAVALGUND
[2025-01-26 00:31:13] User -> Warehouse Added -> | ALNAVAR
[2025-01-26 00:31:13] User -> Warehouse Added -> | ANNIGERI
[2025-01-26 00:31:13] User -> Warehouse Added -> | GADAG
[2025-01-26 00:31:13] User -> Warehouse Added -> | GADAG
[2025-01-26 00:31:13] User -> Warehouse Added -> | MUNDARAGI
[2025-01-26 00:31:14] User -> Warehouse Added -> | NARAGUND
[2025-01-26 00:31:14] User -> Warehouse Added -> | RON
[2025-01-26 00:31:14] User -> Warehouse Added -> | SHIRAHATTI
[2025-01-26 00:31:14] User -> Warehouse Added -> | GAJENDRAGAD
[2025-01-26 00:31:14] User -> Warehouse Added -> | LAXMESHWAR
[2025-01-26 00:31:14] User -> Warehouse Added -> | AFZALPUR
[2025-01-26 00:31:14] User -> Warehouse Added -> | ALAND
[2025-01-26 00:31:14] User -> Warehouse Added -> | CHINCHOLI
[2025-01-26 00:31:14] User -> Warehouse Added -> | CHITTAPUR
[2025-01-26 00:31:14] User -> Warehouse Added -> | CHITTAPUR
[2025-01-26 00:31:14] User -> Warehouse Added -> | KALABURAGI
[2025-01-26 00:31:14] User -> Warehouse Added -> | KALABURAGI
[2025-01-26 00:31:14] User -> Warehouse Added -> | JEVARGI
[2025-01-26 00:31:14] User -> Warehouse Added -> | SEDAM
[2025-01-26 00:31:14] User -> Warehouse Added -> | YADRAMI
[2025-01-26 00:31:14] User -> Warehouse Added -> | KAMALAPUR
[2025-01-26 00:31:14] User -> Warehouse Added -> | KALAGI
[2025-01-26 00:31:14] User -> Warehouse Added -> | SHABAD
[2025-01-26 00:31:14] User -> Warehouse Added -> | ALUR
[2025-01-26 00:31:14] User -> Warehouse Added -> | ARSIKERE
[2025-01-26 00:31:14] User -> Warehouse Added -> | ARKALGUD
[2025-01-26 00:31:14] User -> Warehouse Added -> | BELUR
[2025-01-26 00:31:15] User -> Warehouse Added -> | CHANNARAYAPATNA
[2025-01-26 00:31:15] User -> Warehouse Added -> | CHANNARAYAPATNA
[2025-01-26 00:31:15] User -> Warehouse Added -> | HASSAN
[2025-01-26 00:31:15] User -> Warehouse Added -> | HASSAN
[2025-01-26 00:31:15] User -> Warehouse Added -> | HOLENARSIPUR
[2025-01-26 00:31:15] User -> Warehouse Added -> | SAKALESHPUR
[2025-01-26 00:31:15] User -> Warehouse Added -> | BYADGI
[2025-01-26 00:31:15] User -> Warehouse Added -> | HANAGAL
[2025-01-26 00:31:15] User -> Warehouse Added -> | HAVERI
[2025-01-26 00:31:15] User -> Warehouse Added -> | HIREKERUR
[2025-01-26 00:31:15] User -> Warehouse Added -> | RANEBENNUR
[2025-01-26 00:31:15] User -> Warehouse Added -> | SAVANUR
[2025-01-26 00:31:15] User -> Warehouse Added -> | SHIGGAON
[2025-01-26 00:31:15] User -> Warehouse Added -> | RATTIHALLI
[2025-01-26 00:31:15] User -> Warehouse Added -> | MADIKERI
[2025-01-26 00:31:15] User -> Warehouse Added -> | MADIKERI
[2025-01-26 00:31:15] User -> Warehouse Added -> | SOMVARPET
[2025-01-26 00:31:15] User -> Warehouse Added -> | SOMVARPET
[2025-01-26 00:31:15] User -> Warehouse Added -> | VIRAJPET
[2025-01-26 00:31:15] User -> Warehouse Added -> | VIRAJPET
[2025-01-26 00:31:15] User -> Warehouse Added -> | KUSHALANAGAR
[2025-01-26 00:31:16] User -> Warehouse Added -> | PONNAMPET
[2025-01-26 00:31:16] User -> Warehouse Added -> | BANGARPET
[2025-01-26 00:31:16] User -> Warehouse Added -> | KOLAR
[2025-01-26 00:31:16] User -> Warehouse Added -> | KOLAR
[2025-01-26 00:31:16] User -> Warehouse Added -> | MALUR
[2025-01-26 00:31:16] User -> Warehouse Added -> | MULBAGAL
[2025-01-26 00:31:16] User -> Warehouse Added -> | SRINIVASPUR
[2025-01-26 00:31:16] User -> Warehouse Added -> | KGF
[2025-01-26 00:31:16] User -> Warehouse Added -> | KGF
[2025-01-26 00:31:16] User -> Warehouse Added -> | GANGAVATI
[2025-01-26 00:31:16] User -> Warehouse Added -> | KOPPAL
[2025-01-26 00:31:16] User -> Warehouse Added -> | KUSHTAGI
[2025-01-26 00:31:16] User -> Warehouse Added -> | YELBURGA
[2025-01-26 00:31:16] User -> Warehouse Added -> | KRISHNARAJPET
[2025-01-26 00:31:16] User -> Warehouse Added -> | MADDUR
[2025-01-26 00:31:16] User -> Warehouse Added -> | MADDUR
[2025-01-26 00:31:16] User -> Warehouse Added -> | MALVALLI
[2025-01-26 00:31:16] User -> Warehouse Added -> | MALVALLI
[2025-01-26 00:31:16] User -> Warehouse Added -> | MANDYA
[2025-01-26 00:31:16] User -> Warehouse Added -> | MANDYA
[2025-01-26 00:31:16] User -> Warehouse Added -> | NAGAMANGALA
[2025-01-26 00:31:17] User -> Warehouse Added -> | PANDAVAPURA
[2025-01-26 00:31:17] User -> Warehouse Added -> | SHRIRANGAPATTANA
[2025-01-26 00:31:17] User -> Warehouse Added -> | SHRIRANGAPATTANA
[2025-01-26 00:31:17] User -> Warehouse Added -> | HEGGADADEVANKOTE
[2025-01-26 00:31:17] User -> Warehouse Added -> | HEGGADADEVANKOTE
[2025-01-26 00:31:17] User -> Warehouse Added -> | HUNSUR
[2025-01-26 00:31:17] User -> Warehouse Added -> | HUNSUR
[2025-01-26 00:31:17] User -> Warehouse Added -> | HUNSUR
[2025-01-26 00:31:17] User -> Warehouse Added -> | KRISHNARAJANAGARA
[2025-01-26 00:31:17] User -> Warehouse Added -> | MYSURU
[2025-01-26 00:31:17] User -> Warehouse Added -> | MYSURU
[2025-01-26 00:31:17] User -> Warehouse Added -> | MYSURU
[2025-01-26 00:31:17] User -> Warehouse Added -> | MYSURU
[2025-01-26 00:31:17] User -> Warehouse Added -> | NANJANGUD
[2025-01-26 00:31:17] User -> Warehouse Added -> | NANJANGUD
[2025-01-26 00:31:17] User -> Warehouse Added -> | PIRIYAPATNA
[2025-01-26 00:31:17] User -> Warehouse Added -> | TIRUMAKUDALA-NARSIPUR
[2025-01-26 00:31:18] User -> Warehouse Added -> | TIRUMAKUDALA-NARSIPUR
[2025-01-26 00:31:18] User -> Warehouse Added -> | SARAGURU
[2025-01-26 00:31:18] User -> Warehouse Added -> | SALIGRAMA
[2025-01-26 00:31:18] User -> Warehouse Added -> | DEVADURGA
[2025-01-26 00:31:18] User -> Warehouse Added -> | LINGSUGUR
[2025-01-26 00:31:18] User -> Warehouse Added -> | MANVI
[2025-01-26 00:31:18] User -> Warehouse Added -> | RAICHUR
[2025-01-26 00:31:18] User -> Warehouse Added -> | SINDHNUR
[2025-01-26 00:31:18] User -> Warehouse Added -> | BHADRAVATI
[2025-01-26 00:31:18] User -> Warehouse Added -> | BHADRAVATI
[2025-01-26 00:31:18] User -> Warehouse Added -> | BHADRAVATI
[2025-01-26 00:31:18] User -> Warehouse Added -> | HOSANAGARA
[2025-01-26 00:31:18] User -> Warehouse Added -> | SAGAR
[2025-01-26 00:31:18] User -> Warehouse Added -> | SHIKARIPUR
[2025-01-26 00:31:18] User -> Warehouse Added -> | SHIVAMOGGA
[2025-01-26 00:31:18] User -> Warehouse Added -> | SHIVAMOGGA
[2025-01-26 00:31:18] User -> Warehouse Added -> | SORABA
[2025-01-26 00:31:18] User -> Warehouse Added -> | TIRTHAHALLI
[2025-01-26 00:31:19] User -> Warehouse Added -> | CHIKNAYAKANHALLI
[2025-01-26 00:31:19] User -> Warehouse Added -> | GUBBI
[2025-01-26 00:31:19] User -> Warehouse Added -> | KORATAGERE
[2025-01-26 00:31:19] User -> Warehouse Added -> | KUNIGAL
[2025-01-26 00:31:19] User -> Warehouse Added -> | KUNIGAL
[2025-01-26 00:31:19] User -> Warehouse Added -> | MADHUGIRI
[2025-01-26 00:31:19] User -> Warehouse Added -> | PAVAGADA
[2025-01-26 00:31:19] User -> Warehouse Added -> | SIRA
[2025-01-26 00:31:19] User -> Warehouse Added -> | TIPTUR
[2025-01-26 00:31:19] User -> Warehouse Added -> | TUMAKURU
[2025-01-26 00:31:20] User -> Warehouse Added -> | TUMAKURU
[2025-01-26 00:31:20] User -> Warehouse Added -> | TURUVEKERE
[2025-01-26 00:31:20] User -> Warehouse Added -> | KARKAL
[2025-01-26 00:31:20] User -> Warehouse Added -> | KUNDAPURA
[2025-01-26 00:31:20] User -> Warehouse Added -> | UDUPI
[2025-01-26 00:31:20] User -> Warehouse Added -> | KAPU
[2025-01-26 00:31:20] User -> Warehouse Added -> | BRAHMAVARA
[2025-01-26 00:31:20] User -> Warehouse Added -> | BYNDOOR
[2025-01-26 00:31:20] User -> Warehouse Added -> | HEBRI
[2025-01-26 00:31:20] User -> Warehouse Added -> | ANKOLA
[2025-01-26 00:31:20] User -> Warehouse Added -> | BHATKAL
[2025-01-26 00:31:20] User -> Warehouse Added -> | HALIYAL
[2025-01-26 00:31:20] User -> Warehouse Added -> | HONNAVAR
[2025-01-26 00:31:20] User -> Warehouse Added -> | KARWAR
[2025-01-26 00:31:20] User -> Warehouse Added -> | KUMTA
[2025-01-26 00:31:21] User -> Warehouse Added -> | KUMTA
[2025-01-26 00:31:21] User -> Warehouse Added -> | MUNDGOD
[2025-01-26 00:31:21] User -> Warehouse Added -> | SIDDAPUR
[2025-01-26 00:31:21] User -> Warehouse Added -> | SIRSI
[2025-01-26 00:31:21] User -> Warehouse Added -> | SUPA
[2025-01-26 00:31:21] User -> Warehouse Added -> | YELLAPUR
[2025-01-26 00:31:21] User -> Warehouse Added -> | DANDELI
[2025-01-26 00:31:21] User -> Warehouse Added -> | BAGEPALLI
[2025-01-26 00:31:21] User -> Warehouse Added -> | CHIKBALLAPUR
[2025-01-26 00:31:21] User -> Warehouse Added -> | CHINTAMANI
[2025-01-26 00:31:21] User -> Warehouse Added -> | GAURIBIDANUR
[2025-01-26 00:31:21] User -> Warehouse Added -> | GUDIBANDA
[2025-01-26 00:31:21] User -> Warehouse Added -> | SIDLAGHATTA
[2025-01-26 00:31:21] User -> Warehouse Added -> | CHANNAPATNA
[2025-01-26 00:31:21] User -> Warehouse Added -> | CHANNAPATNA
[2025-01-26 00:31:21] User -> Warehouse Added -> | KANAKAPURA
[2025-01-26 00:31:21] User -> Warehouse Added -> | KANAKAPURA
[2025-01-26 00:31:21] User -> Warehouse Added -> | MAGADI
[2025-01-26 00:31:22] User -> Warehouse Added -> | MAGADI
[2025-01-26 00:31:22] User -> Warehouse Added -> | RAMANAGARA
[2025-01-26 00:31:22] User -> Warehouse Added -> | RAMANAGARA
[2025-01-26 00:31:22] User -> Warehouse Added -> | SHAHPUR
[2025-01-26 00:31:22] User -> Warehouse Added -> | SURPUR
[2025-01-26 00:31:22] User -> Warehouse Added -> | YADGIR
[2025-01-26 00:31:22] User -> Warehouse Added -> | GURUMITKAL
[2025-01-26 00:31:22] User -> Warehouse Added -> | WADEGERA
[2025-01-26 00:31:22] User -> Warehouse Added -> | HUNASAGI
[2025-01-26 00:31:22] User -> Warehouse Added -> | BANGALORE EAST(IRA)
[2025-01-26 00:31:22] User -> Warehouse Added -> | BANGALORE EAST(IRA)
[2025-01-26 00:31:22] User -> Warehouse Added -> | BANGALORE NORTH(IRA)
[2025-01-26 00:31:22] User -> Warehouse Added -> | BANGALORE NORTH(IRA)
[2025-01-26 00:31:22] User -> Warehouse Added -> | BANGALORE NORTH(IRA)
[2025-01-26 00:31:22] User -> Warehouse Added -> | BANGALORE SOUTH(IRA)
[2025-01-26 00:31:22] User -> Warehouse Added -> | BANGALORE SOUTH(IRA)
[2025-01-26 00:31:23] User -> Warehouse Added -> | BANGALORE SOUTH(IRA)
[2025-01-26 00:31:23] User -> Warehouse Added -> | BANGALORE SOUTH(IRA)
[2025-01-26 00:31:23] User -> Warehouse Added -> | BANGALORE SOUTH(IRA)
[2025-01-26 00:31:23] User -> Warehouse Added -> | BANGALORE SOUTH(IRA)
[2025-01-26 00:31:23] User -> Warehouse Added -> | BANGALORE WEST(IRA)
[2025-01-26 00:31:23] User -> Warehouse Added -> | BANGALORE WEST(IRA)
[2025-01-26 00:31:23] User -> Warehouse Added -> | BANGALORE WEST(IRA)
[2025-01-26 00:31:23] User -> Warehouse Added -> | BANGALORE WEST(IRA)
[2025-01-26 00:31:23] User -> Warehouse Added -> | HADAGALI
[2025-01-26 00:31:23] User -> Warehouse Added -> | HAGARIBOMMANAHALLI
[2025-01-26 00:31:23] User -> Warehouse Added -> | HOSAPETE
[2025-01-26 00:31:23] User -> Warehouse Added -> | HOSAPETE
[2025-01-26 00:31:23] User -> Warehouse Added -> | KUDLIGI
[2025-01-26 00:31:23] User -> Warehouse Added -> | KUDLIGI
[2025-01-26 00:31:23] User -> Warehouse Added -> | KOTTUR
[2025-01-26 00:31:23] User -> Warehouse Added -> | HARAPANAHALLI
[2025-01-26 00:31:23] User -> Warehouse Added -> | HARAPANAHALLI
[2025-01-26 00:31:23] User -> Warehouse Added -> | A
[2025-01-26 00:31:24] User -> Warehouse Added -> | A
[2025-01-26 00:31:24] User -> Warehouse Added -> | A
[2025-01-26 00:31:24] User -> Warehouse Added -> | A
[2025-01-26 00:31:24] User -> Warehouse Added -> | A
[2025-01-26 00:31:24] User -> Warehouse Added -> | A
[2025-01-26 00:31:24] User -> Warehouse Added -> | A
[2025-01-26 00:31:24] User -> Warehouse Added -> | A
[2025-01-26 00:31:24] User -> Warehouse Added -> | A
[2025-01-26 00:31:24] User -> Warehouse Added -> | A
[2025-01-26 00:31:24] User -> Warehouse Added -> | A
[2025-01-26 00:31:24] User -> Warehouse Added -> | A
[2025-01-26 00:31:24] User -> Warehouse Added -> | A
[2025-01-26 00:31:24] User -> Warehouse Added -> | A
[2025-01-26 00:31:24] User -> Warehouse Added -> | A
[2025-01-26 00:31:24] User -> Warehouse Added -> | A
[2025-01-26 00:31:24] User -> Warehouse Added -> | A
[2025-01-26 00:31:24] User -> Warehouse Added -> | A
[2025-01-26 00:31:24] User -> Warehouse Added -> | A
[2025-01-26 00:31:24] User -> Warehouse Added -> | A
[2025-01-26 00:31:24] User -> Warehouse Added -> | A
[2025-01-26 00:31:25] User -> Warehouse Added -> | A
[2025-01-26 00:31:25] User -> Warehouse Added -> | A
[2025-01-26 00:31:25] User -> Warehouse Added -> | A
[2025-01-26 00:31:25] User -> Warehouse Added -> | A
[2025-01-26 00:31:25] User -> Warehouse Added -> | A
[2025-01-26 00:31:25] User -> Warehouse Added -> | A
[2025-01-26 00:31:25] User -> Warehouse Added -> | A
[2025-01-26 00:31:25] User -> Warehouse Added -> | A
[2025-01-26 00:31:25] User -> Warehouse Added -> | A
[2025-01-26 00:31:25] User -> Warehouse Added -> | A
[2025-01-26 00:31:25] User -> Warehouse Added -> | A
[2025-01-26 00:31:25] User -> Warehouse Added -> | A
[2025-01-26 00:31:25] User -> Warehouse Added -> | A
[2025-01-26 00:31:25] User -> Warehouse Added -> | A
[2025-01-26 00:31:25] User -> Warehouse Added -> | A
[2025-01-26 00:31:25] User -> Warehouse Added -> | A
[2025-01-26 00:31:25] User -> Warehouse Added -> | A
[2025-01-26 00:31:25] User -> Warehouse Added -> | A
[2025-01-26 00:31:25] User -> Warehouse Added -> | A
[2025-01-26 00:31:26] User -> Warehouse Added -> | A
[2025-01-26 00:31:26] User -> Warehouse Added -> | A
[2025-01-26 00:31:26] User -> Warehouse Added -> | A
[2025-01-26 00:31:26] User -> Warehouse Added -> | A
[2025-01-26 00:31:26] User -> Warehouse Added -> | A
[2025-01-26 00:31:26] User -> Warehouse Added -> | A
[2025-01-26 00:31:26] User -> Warehouse Added -> | A
[2025-01-26 00:31:26] User -> Warehouse Added -> | A
[2025-01-26 00:31:26] User -> Warehouse Added -> | A
[2025-01-26 00:31:26] User -> Warehouse Added -> | A
[2025-01-26 00:31:26] User -> Warehouse Added -> | A
[2025-01-26 00:31:26] User -> Warehouse Added -> | A
[2025-01-26 00:31:26] User -> Warehouse Added -> | A
[2025-01-26 00:31:26] User -> Warehouse Added -> | A
[2025-01-26 00:33:47] User -> Warehouse Edit -> | ANEKAL
[2025-01-26 00:33:47] User -> Warehouse Edit -> | ANEKAL
[2025-01-26 00:33:47] User -> Warehouse Edit -> | BANGALORE NORTH
[2025-01-26 00:33:47] User -> Warehouse Edit -> | BANGALORE NORTH
[2025-01-26 00:33:47] User -> Warehouse Edit -> | BANGALORE SOUTH
[2025-01-26 00:33:47] User -> Warehouse Edit -> | BANGALORE SOUTH
[2025-01-26 00:33:47] User -> Warehouse Edit -> | BANGALORE EAST
[2025-01-26 00:33:47] User -> Warehouse Edit -> | YELAHANKA
[2025-01-26 00:33:47] User -> Warehouse Edit -> | YELAHANKA
[2025-01-26 00:33:47] User -> Warehouse Edit -> | DEVANHALLI
[2025-01-26 00:33:47] User -> Warehouse Edit -> | DEVANHALLI
[2025-01-26 00:33:47] User -> Warehouse Edit -> | DODBALLAPUR
[2025-01-26 00:33:47] User -> Warehouse Edit -> | HOSKOTE
[2025-01-26 00:33:47] User -> Warehouse Edit -> | NELAMANGALA
[2025-01-26 00:33:47] User -> Warehouse Edit -> | ATHNI
[2025-01-26 00:33:47] User -> Warehouse Edit -> | BAILAHONGAL
[2025-01-26 00:33:47] User -> Warehouse Edit -> | BAILAHONGAL
[2025-01-26 00:33:47] User -> Warehouse Edit -> | BELAGAVI
[2025-01-26 00:33:47] User -> Warehouse Edit -> | BELAGAVI
[2025-01-26 00:33:47] User -> Warehouse Edit -> | BELAGAVI
[2025-01-26 00:33:47] User -> Warehouse Edit -> | CHIKKODI
[2025-01-26 00:33:47] User -> Warehouse Edit -> | GOKAK
[2025-01-26 00:33:47] User -> Warehouse Edit -> | HUKKERI
[2025-01-26 00:33:47] User -> Warehouse Edit -> | HUKKERI
[2025-01-26 00:33:47] User -> Warehouse Edit -> | KHANAPUR
[2025-01-26 00:33:47] User -> Warehouse Edit -> | RAYBAG
[2025-01-26 00:33:47] User -> Warehouse Edit -> | RAYBAG
[2025-01-26 00:33:47] User -> Warehouse Edit -> | RAMDURG
[2025-01-26 00:33:47] User -> Warehouse Edit -> | SAVADATTI
[2025-01-26 00:33:47] User -> Warehouse Edit -> | SAVADATTI
[2025-01-26 00:33:47] User -> Warehouse Edit -> | KAGAVADA
[2025-01-26 00:33:47] User -> Warehouse Edit -> | KITTUR
[2025-01-26 00:33:47] User -> Warehouse Edit -> | MUDALAGI
[2025-01-26 00:33:47] User -> Warehouse Edit -> | NIPPANI
[2025-01-26 00:33:47] User -> Warehouse Edit -> | BALLARI
[2025-01-26 00:33:47] User -> Warehouse Edit -> | BALLARI
[2025-01-26 00:33:47] User -> Warehouse Edit -> | BALLARI
[2025-01-26 00:33:47] User -> Warehouse Edit -> | SANDUR
[2025-01-26 00:33:47] User -> Warehouse Edit -> | SIRUGUPPA
[2025-01-26 00:33:47] User -> Warehouse Edit -> | KURUGODU
[2025-01-26 00:33:47] User -> Warehouse Edit -> | KAMPLI
[2025-01-26 00:33:47] User -> Warehouse Edit -> | AURAD
[2025-01-26 00:33:47] User -> Warehouse Edit -> | BASAVAKALYAN
[2025-01-26 00:33:47] User -> Warehouse Edit -> | BHALKI
[2025-01-26 00:33:47] User -> Warehouse Edit -> | BIDAR
[2025-01-26 00:33:47] User -> Warehouse Edit -> | BIDAR
[2025-01-26 00:33:47] User -> Warehouse Edit -> | HUMNABAD
[2025-01-26 00:33:47] User -> Warehouse Edit -> | KAMALNAGAR
[2025-01-26 00:33:47] User -> Warehouse Edit -> | HULSOOR
[2025-01-26 00:33:47] User -> Warehouse Edit -> | CHITAGUPPA
[2025-01-26 00:33:47] User -> Warehouse Edit -> | BASAVANA BAGEVADI
[2025-01-26 00:33:47] User -> Warehouse Edit -> | VIJAYAPURA
[2025-01-26 00:33:47] User -> Warehouse Edit -> | VIJAYAPURA
[2025-01-26 00:33:47] User -> Warehouse Edit -> | INDI
[2025-01-26 00:33:47] User -> Warehouse Edit -> | INDI
[2025-01-26 00:33:47] User -> Warehouse Edit -> | MUDDEBIHAL
[2025-01-26 00:33:47] User -> Warehouse Edit -> | MUDDEBIHAL
[2025-01-26 00:33:47] User -> Warehouse Edit -> | SINDGI
[2025-01-26 00:33:47] User -> Warehouse Edit -> | SINDGI
[2025-01-26 00:33:47] User -> Warehouse Edit -> | NIDAGUNDI
[2025-01-26 00:33:47] User -> Warehouse Edit -> | KOLHAR
[2025-01-26 00:33:47] User -> Warehouse Edit -> | BABALESHWAR
[2025-01-26 00:33:47] User -> Warehouse Edit -> | CHADACHAN
[2025-01-26 00:33:47] User -> Warehouse Edit -> | DEVARA HIPPARAGI
[2025-01-26 00:33:47] User -> Warehouse Edit -> | TALIKOTI
[2025-01-26 00:33:47] User -> Warehouse Edit -> | TIKOTA
[2025-01-26 00:33:47] User -> Warehouse Edit -> | ALMEL
[2025-01-26 00:33:48] User -> Warehouse Edit -> | CHAMARAJANAGAR
[2025-01-26 00:33:48] User -> Warehouse Edit -> | CHAMARAJANAGAR
[2025-01-26 00:33:48] User -> Warehouse Edit -> | CHAMARAJANAGAR
[2025-01-26 00:33:48] User -> Warehouse Edit -> | GUNDLUPET
[2025-01-26 00:33:48] User -> Warehouse Edit -> | GUNDLUPET
[2025-01-26 00:33:48] User -> Warehouse Edit -> | KOLLEGALA
[2025-01-26 00:33:48] User -> Warehouse Edit -> | YELANDUR
[2025-01-26 00:33:48] User -> Warehouse Edit -> | HANURU
[2025-01-26 00:33:48] User -> Warehouse Edit -> | CHIKKAMAGALURU
[2025-01-26 00:33:48] User -> Warehouse Edit -> | CHIKKAMAGALURU
[2025-01-26 00:33:48] User -> Warehouse Edit -> | KADUR
[2025-01-26 00:33:48] User -> Warehouse Edit -> | KADUR
[2025-01-26 00:33:48] User -> Warehouse Edit -> | KADUR
[2025-01-26 00:33:48] User -> Warehouse Edit -> | KOPPA
[2025-01-26 00:33:48] User -> Warehouse Edit -> | MUDIGERE
[2025-01-26 00:33:48] User -> Warehouse Edit -> | NARASIMHARAJAPURA
[2025-01-26 00:33:48] User -> Warehouse Edit -> | SRINGERI
[2025-01-26 00:33:48] User -> Warehouse Edit -> | TARIKERE
[2025-01-26 00:33:48] User -> Warehouse Edit -> | TARIKERE
[2025-01-26 00:33:48] User -> Warehouse Edit -> | AJJAMPURA
[2025-01-26 00:33:48] User -> Warehouse Edit -> | CHALLAKERE
[2025-01-26 00:33:48] User -> Warehouse Edit -> | CHALLAKERE
[2025-01-26 00:33:48] User -> Warehouse Edit -> | CHITRADURGA
[2025-01-26 00:33:48] User -> Warehouse Edit -> | CHITRADURGA
[2025-01-26 00:33:48] User -> Warehouse Edit -> | HIRIYUR
[2025-01-26 00:33:48] User -> Warehouse Edit -> | HIRIYUR
[2025-01-26 00:33:48] User -> Warehouse Edit -> | HOLALKERE
[2025-01-26 00:33:48] User -> Warehouse Edit -> | HOLALKERE
[2025-01-26 00:33:48] User -> Warehouse Edit -> | HOSDURGA
[2025-01-26 00:33:48] User -> Warehouse Edit -> | MOLAKALMURU
[2025-01-26 00:33:48] User -> Warehouse Edit -> | BELTANGADI
[2025-01-26 00:33:48] User -> Warehouse Edit -> | BANTVAL
[2025-01-26 00:33:48] User -> Warehouse Edit -> | BANTVAL
[2025-01-26 00:33:48] User -> Warehouse Edit -> | MANGALURU
[2025-01-26 00:33:48] User -> Warehouse Edit -> | MANGALURU
[2025-01-26 00:33:48] User -> Warehouse Edit -> | MANGALURU
[2025-01-26 00:33:48] User -> Warehouse Edit -> | PUTTUR
[2025-01-26 00:33:48] User -> Warehouse Edit -> | SULYA
[2025-01-26 00:33:48] User -> Warehouse Edit -> | MOODABIDRI
[2025-01-26 00:33:48] User -> Warehouse Edit -> | KADABA
[2025-01-26 00:33:48] User -> Warehouse Edit -> | MULKI
[2025-01-26 00:33:48] User -> Warehouse Edit -> | ULLALA
[2025-01-26 00:33:48] User -> Warehouse Edit -> | CHANNAGIRI
[2025-01-26 00:33:48] User -> Warehouse Edit -> | CHANNAGIRI
[2025-01-26 00:33:48] User -> Warehouse Edit -> | DAVANAGERE
[2025-01-26 00:33:48] User -> Warehouse Edit -> | DAVANAGERE
[2025-01-26 00:33:48] User -> Warehouse Edit -> | DAVANAGERE
[2025-01-26 00:33:48] User -> Warehouse Edit -> | DAVANAGERE
[2025-01-26 00:33:48] User -> Warehouse Edit -> | HARIHARA
[2025-01-26 00:33:48] User -> Warehouse Edit -> | HONNALI
[2025-01-26 00:33:48] User -> Warehouse Edit -> | HONNALI
[2025-01-26 00:33:48] User -> Warehouse Edit -> | JAGALUR
[2025-01-26 00:33:48] User -> Warehouse Edit -> | NYAMATHI
[2025-01-26 00:33:48] User -> Warehouse Edit -> | NYAMATHI
[2025-01-26 00:33:48] User -> Warehouse Edit -> | DHARWAD
[2025-01-26 00:33:48] User -> Warehouse Edit -> | DHARWAD
[2025-01-26 00:33:48] User -> Warehouse Edit -> | HUBBALLI
[2025-01-26 00:33:48] User -> Warehouse Edit -> | HUBBALLI
[2025-01-26 00:33:48] User -> Warehouse Edit -> | HUBBALLI
[2025-01-26 00:33:48] User -> Warehouse Edit -> | KALGHATGI
[2025-01-26 00:33:48] User -> Warehouse Edit -> | KUNDGOL
[2025-01-26 00:33:48] User -> Warehouse Edit -> | NAVALGUND
[2025-01-26 00:33:48] User -> Warehouse Edit -> | ALNAVAR
[2025-01-26 00:33:48] User -> Warehouse Edit -> | ANNIGERI
[2025-01-26 00:33:48] User -> Warehouse Edit -> | GADAG
[2025-01-26 00:33:48] User -> Warehouse Edit -> | GADAG
[2025-01-26 00:33:48] User -> Warehouse Edit -> | MUNDARAGI
[2025-01-26 00:33:48] User -> Warehouse Edit -> | NARAGUND
[2025-01-26 00:33:48] User -> Warehouse Edit -> | RON
[2025-01-26 00:33:48] User -> Warehouse Edit -> | SHIRAHATTI
[2025-01-26 00:33:48] User -> Warehouse Edit -> | GAJENDRAGAD
[2025-01-26 00:33:48] User -> Warehouse Edit -> | LAXMESHWAR
[2025-01-26 00:33:48] User -> Warehouse Edit -> | AFZALPUR
[2025-01-26 00:33:48] User -> Warehouse Edit -> | ALAND
[2025-01-26 00:33:48] User -> Warehouse Edit -> | CHINCHOLI
[2025-01-26 00:33:48] User -> Warehouse Edit -> | CHITTAPUR
[2025-01-26 00:33:48] User -> Warehouse Edit -> | CHITTAPUR
[2025-01-26 00:33:48] User -> Warehouse Edit -> | KALABURAGI
[2025-01-26 00:33:48] User -> Warehouse Edit -> | KALABURAGI
[2025-01-26 00:33:48] User -> Warehouse Edit -> | JEVARGI
[2025-01-26 00:33:48] User -> Warehouse Edit -> | SEDAM
[2025-01-26 00:33:48] User -> Warehouse Edit -> | YADRAMI
[2025-01-26 00:33:48] User -> Warehouse Edit -> | KAMALAPUR
[2025-01-26 00:33:48] User -> Warehouse Edit -> | KALAGI
[2025-01-26 00:33:48] User -> Warehouse Edit -> | SHABAD
[2025-01-26 00:33:48] User -> Warehouse Edit -> | ALUR
[2025-01-26 00:33:48] User -> Warehouse Edit -> | ARSIKERE
[2025-01-26 00:33:48] User -> Warehouse Edit -> | ARKALGUD
[2025-01-26 00:33:48] User -> Warehouse Edit -> | BELUR
[2025-01-26 00:33:48] User -> Warehouse Edit -> | CHANNARAYAPATNA
[2025-01-26 00:33:48] User -> Warehouse Edit -> | CHANNARAYAPATNA
[2025-01-26 00:33:48] User -> Warehouse Edit -> | HASSAN
[2025-01-26 00:33:48] User -> Warehouse Edit -> | HASSAN
[2025-01-26 00:33:48] User -> Warehouse Edit -> | HOLENARSIPUR
[2025-01-26 00:33:48] User -> Warehouse Edit -> | SAKALESHPUR
[2025-01-26 00:33:48] User -> Warehouse Edit -> | BYADGI
[2025-01-26 00:33:48] User -> Warehouse Edit -> | HANAGAL
[2025-01-26 00:33:48] User -> Warehouse Edit -> | HAVERI
[2025-01-26 00:33:48] User -> Warehouse Edit -> | HIREKERUR
[2025-01-26 00:33:48] User -> Warehouse Edit -> | RANEBENNUR
[2025-01-26 00:33:48] User -> Warehouse Edit -> | SAVANUR
[2025-01-26 00:33:48] User -> Warehouse Edit -> | SHIGGAON
[2025-01-26 00:33:48] User -> Warehouse Edit -> | RATTIHALLI
[2025-01-26 00:33:48] User -> Warehouse Edit -> | MADIKERI
[2025-01-26 00:33:48] User -> Warehouse Edit -> | MADIKERI
[2025-01-26 00:33:48] User -> Warehouse Edit -> | SOMVARPET
[2025-01-26 00:33:48] User -> Warehouse Edit -> | SOMVARPET
[2025-01-26 00:33:48] User -> Warehouse Edit -> | VIRAJPET
[2025-01-26 00:33:48] User -> Warehouse Edit -> | VIRAJPET
[2025-01-26 00:33:48] User -> Warehouse Edit -> | KUSHALANAGAR
[2025-01-26 00:33:48] User -> Warehouse Edit -> | PONNAMPET
[2025-01-26 00:33:48] User -> Warehouse Edit -> | BANGARPET
[2025-01-26 00:33:48] User -> Warehouse Edit -> | KOLAR
[2025-01-26 00:33:48] User -> Warehouse Edit -> | KOLAR
[2025-01-26 00:33:48] User -> Warehouse Edit -> | MALUR
[2025-01-26 00:33:48] User -> Warehouse Edit -> | MULBAGAL
[2025-01-26 00:33:48] User -> Warehouse Edit -> | SRINIVASPUR
[2025-01-26 00:33:48] User -> Warehouse Edit -> | KGF
[2025-01-26 00:33:48] User -> Warehouse Edit -> | KGF
[2025-01-26 00:33:48] User -> Warehouse Edit -> | GANGAVATI
[2025-01-26 00:33:48] User -> Warehouse Edit -> | KOPPAL
[2025-01-26 00:33:48] User -> Warehouse Edit -> | KUSHTAGI
[2025-01-26 00:33:48] User -> Warehouse Edit -> | YELBURGA
[2025-01-26 00:33:48] User -> Warehouse Edit -> | KRISHNARAJPET
[2025-01-26 00:33:48] User -> Warehouse Edit -> | MADDUR
[2025-01-26 00:33:48] User -> Warehouse Edit -> | MADDUR
[2025-01-26 00:33:48] User -> Warehouse Edit -> | MALVALLI
[2025-01-26 00:33:48] User -> Warehouse Edit -> | MALVALLI
[2025-01-26 00:33:48] User -> Warehouse Edit -> | MANDYA
[2025-01-26 00:33:48] User -> Warehouse Edit -> | MANDYA
[2025-01-26 00:33:48] User -> Warehouse Edit -> | NAGAMANGALA
[2025-01-26 00:33:48] User -> Warehouse Edit -> | PANDAVAPURA
[2025-01-26 00:33:48] User -> Warehouse Edit -> | SHRIRANGAPATTANA
[2025-01-26 00:33:48] User -> Warehouse Edit -> | SHRIRANGAPATTANA
[2025-01-26 00:33:48] User -> Warehouse Edit -> | HEGGADADEVANKOTE
[2025-01-26 00:33:48] User -> Warehouse Edit -> | HEGGADADEVANKOTE
[2025-01-26 00:33:48] User -> Warehouse Edit -> | HUNSUR
[2025-01-26 00:33:48] User -> Warehouse Edit -> | HUNSUR
[2025-01-26 00:33:48] User -> Warehouse Edit -> | HUNSUR
[2025-01-26 00:33:48] User -> Warehouse Edit -> | KRISHNARAJANAGARA
[2025-01-26 00:33:48] User -> Warehouse Edit -> | MYSURU
[2025-01-26 00:33:48] User -> Warehouse Edit -> | MYSURU
[2025-01-26 00:33:48] User -> Warehouse Edit -> | MYSURU
[2025-01-26 00:33:48] User -> Warehouse Edit -> | MYSURU
[2025-01-26 00:33:48] User -> Warehouse Edit -> | NANJANGUD
[2025-01-26 00:33:48] User -> Warehouse Edit -> | NANJANGUD
[2025-01-26 00:33:48] User -> Warehouse Edit -> | PIRIYAPATNA
[2025-01-26 00:33:48] User -> Warehouse Edit -> | TIRUMAKUDALA-NARSIPUR
[2025-01-26 00:33:48] User -> Warehouse Edit -> | TIRUMAKUDALA-NARSIPUR
[2025-01-26 00:33:48] User -> Warehouse Edit -> | SARAGURU
[2025-01-26 00:33:48] User -> Warehouse Edit -> | SALIGRAMA
[2025-01-26 00:33:48] User -> Warehouse Edit -> | DEVADURGA
[2025-01-26 00:33:48] User -> Warehouse Edit -> | LINGSUGUR
[2025-01-26 00:33:48] User -> Warehouse Edit -> | MANVI
[2025-01-26 00:33:48] User -> Warehouse Edit -> | RAICHUR
[2025-01-26 00:33:48] User -> Warehouse Edit -> | SINDHNUR
[2025-01-26 00:33:48] User -> Warehouse Edit -> | BHADRAVATI
[2025-01-26 00:33:48] User -> Warehouse Edit -> | BHADRAVATI
[2025-01-26 00:33:48] User -> Warehouse Edit -> | BHADRAVATI
[2025-01-26 00:33:48] User -> Warehouse Edit -> | HOSANAGARA
[2025-01-26 00:33:48] User -> Warehouse Edit -> | SAGAR
[2025-01-26 00:33:48] User -> Warehouse Edit -> | SHIKARIPUR
[2025-01-26 00:33:48] User -> Warehouse Edit -> | SHIVAMOGGA
[2025-01-26 00:33:48] User -> Warehouse Edit -> | SHIVAMOGGA
[2025-01-26 00:33:48] User -> Warehouse Edit -> | SORABA
[2025-01-26 00:33:48] User -> Warehouse Edit -> | TIRTHAHALLI
[2025-01-26 00:33:48] User -> Warehouse Edit -> | CHIKNAYAKANHALLI
[2025-01-26 00:33:48] User -> Warehouse Edit -> | GUBBI
[2025-01-26 00:33:48] User -> Warehouse Edit -> | KORATAGERE
[2025-01-26 00:33:48] User -> Warehouse Edit -> | KUNIGAL
[2025-01-26 00:33:48] User -> Warehouse Edit -> | KUNIGAL
[2025-01-26 00:33:48] User -> Warehouse Edit -> | MADHUGIRI
[2025-01-26 00:33:48] User -> Warehouse Edit -> | PAVAGADA
[2025-01-26 00:33:48] User -> Warehouse Edit -> | SIRA
[2025-01-26 00:33:48] User -> Warehouse Edit -> | TIPTUR
[2025-01-26 00:33:48] User -> Warehouse Edit -> | TUMAKURU
[2025-01-26 00:33:48] User -> Warehouse Edit -> | TUMAKURU
[2025-01-26 00:33:48] User -> Warehouse Edit -> | TURUVEKERE
[2025-01-26 00:33:48] User -> Warehouse Edit -> | KARKAL
[2025-01-26 00:33:48] User -> Warehouse Edit -> | KUNDAPURA
[2025-01-26 00:33:48] User -> Warehouse Edit -> | UDUPI
[2025-01-26 00:33:48] User -> Warehouse Edit -> | KAPU
[2025-01-26 00:33:48] User -> Warehouse Edit -> | BRAHMAVARA
[2025-01-26 00:33:48] User -> Warehouse Edit -> | BYNDOOR
[2025-01-26 00:33:48] User -> Warehouse Edit -> | HEBRI
[2025-01-26 00:33:48] User -> Warehouse Edit -> | ANKOLA
[2025-01-26 00:33:48] User -> Warehouse Edit -> | BHATKAL
[2025-01-26 00:33:48] User -> Warehouse Edit -> | HALIYAL
[2025-01-26 00:33:48] User -> Warehouse Edit -> | HONNAVAR
[2025-01-26 00:33:48] User -> Warehouse Edit -> | KARWAR
[2025-01-26 00:33:48] User -> Warehouse Edit -> | KUMTA
[2025-01-26 00:33:49] User -> Warehouse Edit -> | KUMTA
[2025-01-26 00:33:49] User -> Warehouse Edit -> | MUNDGOD
[2025-01-26 00:33:49] User -> Warehouse Edit -> | SIDDAPUR
[2025-01-26 00:33:49] User -> Warehouse Edit -> | SIRSI
[2025-01-26 00:33:49] User -> Warehouse Edit -> | SUPA
[2025-01-26 00:33:49] User -> Warehouse Edit -> | YELLAPUR
[2025-01-26 00:33:49] User -> Warehouse Edit -> | DANDELI
[2025-01-26 00:33:49] User -> Warehouse Edit -> | BAGEPALLI
[2025-01-26 00:33:49] User -> Warehouse Edit -> | CHIKBALLAPUR
[2025-01-26 00:33:49] User -> Warehouse Edit -> | CHINTAMANI
[2025-01-26 00:33:49] User -> Warehouse Edit -> | GAURIBIDANUR
[2025-01-26 00:33:49] User -> Warehouse Edit -> | GUDIBANDA
[2025-01-26 00:33:49] User -> Warehouse Edit -> | SIDLAGHATTA
[2025-01-26 00:33:49] User -> Warehouse Edit -> | CHANNAPATNA
[2025-01-26 00:33:49] User -> Warehouse Edit -> | CHANNAPATNA
[2025-01-26 00:33:49] User -> Warehouse Edit -> | KANAKAPURA
[2025-01-26 00:33:49] User -> Warehouse Edit -> | KANAKAPURA
[2025-01-26 00:33:49] User -> Warehouse Edit -> | MAGADI
[2025-01-26 00:33:49] User -> Warehouse Edit -> | MAGADI
[2025-01-26 00:33:49] User -> Warehouse Edit -> | RAMANAGARA
[2025-01-26 00:33:49] User -> Warehouse Edit -> | RAMANAGARA
[2025-01-26 00:33:49] User -> Warehouse Edit -> | SHAHPUR
[2025-01-26 00:33:49] User -> Warehouse Edit -> | SURPUR
[2025-01-26 00:33:49] User -> Warehouse Edit -> | YADGIR
[2025-01-26 00:33:49] User -> Warehouse Edit -> | GURUMITKAL
[2025-01-26 00:33:49] User -> Warehouse Edit -> | WADEGERA
[2025-01-26 00:33:49] User -> Warehouse Edit -> | HUNASAGI
[2025-01-26 00:33:49] User -> Warehouse Edit -> | BANGALORE EAST(IRA)
[2025-01-26 00:33:49] User -> Warehouse Edit -> | BANGALORE EAST(IRA)
[2025-01-26 00:33:49] User -> Warehouse Edit -> | BANGALORE NORTH(IRA)
[2025-01-26 00:33:49] User -> Warehouse Edit -> | BANGALORE NORTH(IRA)
[2025-01-26 00:33:49] User -> Warehouse Edit -> | BANGALORE NORTH(IRA)
[2025-01-26 00:33:49] User -> Warehouse Edit -> | BANGALORE SOUTH(IRA)
[2025-01-26 00:33:49] User -> Warehouse Edit -> | BANGALORE SOUTH(IRA)
[2025-01-26 00:33:49] User -> Warehouse Edit -> | BANGALORE SOUTH(IRA)
[2025-01-26 00:33:49] User -> Warehouse Edit -> | BANGALORE SOUTH(IRA)
[2025-01-26 00:33:49] User -> Warehouse Edit -> | BANGALORE SOUTH(IRA)
[2025-01-26 00:33:49] User -> Warehouse Edit -> | BANGALORE SOUTH(IRA)
[2025-01-26 00:33:49] User -> Warehouse Edit -> | BANGALORE WEST(IRA)
[2025-01-26 00:33:49] User -> Warehouse Edit -> | BANGALORE WEST(IRA)
[2025-01-26 00:33:49] User -> Warehouse Edit -> | BANGALORE WEST(IRA)
[2025-01-26 00:33:49] User -> Warehouse Edit -> | BANGALORE WEST(IRA)
[2025-01-26 00:33:49] User -> Warehouse Edit -> | HADAGALI
[2025-01-26 00:33:49] User -> Warehouse Edit -> | HAGARIBOMMANAHALLI
[2025-01-26 00:33:49] User -> Warehouse Edit -> | HOSAPETE
[2025-01-26 00:33:49] User -> Warehouse Edit -> | HOSAPETE
[2025-01-26 00:33:49] User -> Warehouse Edit -> | KUDLIGI
[2025-01-26 00:33:49] User -> Warehouse Edit -> | KUDLIGI
[2025-01-26 00:33:49] User -> Warehouse Edit -> | KOTTUR
[2025-01-26 00:33:49] User -> Warehouse Edit -> | HARAPANAHALLI
[2025-01-26 00:33:49] User -> Warehouse Edit -> | HARAPANAHALLI
[2025-01-26 00:33:49] User -> Warehouse Edit -> | A
[2025-01-26 00:33:49] User -> Warehouse Edit -> | A
[2025-01-26 00:33:49] User -> Warehouse Edit -> | A
[2025-01-26 00:33:49] User -> Warehouse Edit -> | A
[2025-01-26 00:33:49] User -> Warehouse Edit -> | A
[2025-01-26 00:33:49] User -> Warehouse Edit -> | A
[2025-01-26 00:33:49] User -> Warehouse Edit -> | A
[2025-01-26 00:33:49] User -> Warehouse Edit -> | A
[2025-01-26 00:33:49] User -> Warehouse Edit -> | A
[2025-01-26 00:33:49] User -> Warehouse Edit -> | A
[2025-01-26 00:33:49] User -> Warehouse Edit -> | A
[2025-01-26 00:33:49] User -> Warehouse Edit -> | A
[2025-01-26 00:33:49] User -> Warehouse Edit -> | A
[2025-01-26 00:33:49] User -> Warehouse Edit -> | A
[2025-01-26 00:33:49] User -> Warehouse Edit -> | A
[2025-01-26 00:33:49] User -> Warehouse Edit -> | A
[2025-01-26 00:33:49] User -> Warehouse Edit -> | A
[2025-01-26 00:33:49] User -> Warehouse Edit -> | A
[2025-01-26 00:33:49] User -> Warehouse Edit -> | A
[2025-01-26 00:33:49] User -> Warehouse Edit -> | A
[2025-01-26 00:33:49] User -> Warehouse Edit -> | A
[2025-01-26 00:33:49] User -> Warehouse Edit -> | A
[2025-01-26 00:33:49] User -> Warehouse Edit -> | A
[2025-01-26 00:33:49] User -> Warehouse Edit -> | A
[2025-01-26 00:33:49] User -> Warehouse Edit -> | A
[2025-01-26 00:33:49] User -> Warehouse Edit -> | A
[2025-01-26 00:33:49] User -> Warehouse Edit -> | A
[2025-01-26 00:33:49] User -> Warehouse Edit -> | A
[2025-01-26 00:33:49] User -> Warehouse Edit -> | A
[2025-01-26 00:33:49] User -> Warehouse Edit -> | A
[2025-01-26 00:33:49] User -> Warehouse Edit -> | A
[2025-01-26 00:33:49] User -> Warehouse Edit -> | A
[2025-01-26 00:33:49] User -> Warehouse Edit -> | A
[2025-01-26 00:33:49] User -> Warehouse Edit -> | A
[2025-01-26 00:33:49] User -> Warehouse Edit -> | A
[2025-01-26 00:33:49] User -> Warehouse Edit -> | A
[2025-01-26 00:33:49] User -> Warehouse Edit -> | A
[2025-01-26 00:33:49] User -> Warehouse Edit -> | A
[2025-01-26 00:33:49] User -> Warehouse Edit -> | A
[2025-01-26 00:33:49] User -> Warehouse Edit -> | A
[2025-01-26 00:33:49] User -> Warehouse Edit -> | A
[2025-01-26 00:33:49] User -> Warehouse Edit -> | A
[2025-01-26 00:33:49] User -> Warehouse Edit -> | A
[2025-01-26 00:33:49] User -> Warehouse Edit -> | A
[2025-01-26 00:33:49] User -> Warehouse Edit -> | A
[2025-01-26 00:33:49] User -> Warehouse Edit -> | A
[2025-01-26 00:33:49] User -> Warehouse Edit -> | A
[2025-01-26 00:33:49] User -> Warehouse Edit -> | A
[2025-01-26 00:33:49] User -> Warehouse Edit -> | A
[2025-01-26 00:33:49] User -> Warehouse Edit -> | A
[2025-01-26 00:33:49] User -> Warehouse Edit -> | A
[2025-01-26 00:33:49] User -> Warehouse Edit -> | A
[2025-01-26 00:33:49] User -> Warehouse Edit -> | A
[2025-01-26 00:33:49] User -> Warehouse Edit -> | A
[2025-01-26 00:37:26] User -> FPS added ->admin@pds| Requested JSON -> {"name":"test","type":"Normal FPS","latitude":"9.89","longitude":"76.7661","district":"Bagalkote","id":"123qwe","demand":"4567","demand_rice":"5678"}
[2025-01-26 00:40:00] User -> FPS Inactive -> admin@pds| CHAIRMAN SHRI BEERALINGESHWAR GRAMINABHIVRUDDI SANGHA HAGARAGUND
[2025-01-26 00:40:14] User -> FPS deleted -> admin@pds| Requested JSON -> {"uid":"FPS_6795366e279"} | test
[2025-01-26 00:42:06] User -> FPS added ->admin@pds| Requested JSON -> {"name":"test","type":"Model FPS","latitude":"9.89","longitude":"76.7661","district":"Bagalkote","id":"123qwe","demand":"100","demand_rice":"2333"}
[2025-01-26 00:42:26] User -> FPS Active -> admin@pds| CHAIRMAN SHRI BEERALINGESHWAR GRAMINABHIVRUDDI SANGHA HAGARAGUND
[2025-01-26 00:42:37] User -> FPS deleted -> admin@pds| Requested JSON -> {"uid":"FPS_67953786841"} | test
[2025-01-26 20:23:13] User -> Warehouse InActive -> admin@pds| Guledagudd
[2025-01-26 20:24:00] User -> Warehouse deleted -> admin@pds| Requested JSON -> {"uid":"all"} | 
[2025-01-26 20:24:13] User -> Warehouse Added -> | Guledagudd
[2025-01-26 20:24:14] User -> Warehouse Added -> | A
[2025-01-26 20:24:14] User -> Warehouse Added -> | Test
[2025-01-26 20:24:15] User -> Warehouse Added -> | Test
[2025-01-26 20:24:16] User -> Warehouse Added -> | Test
[2025-01-26 20:24:16] User -> Warehouse Added -> | Pawan
[2025-01-26 20:24:17] User -> Warehouse Added -> | Mudholtg
[2025-01-26 20:24:18] User -> Warehouse Added -> | BALLARI
[2025-01-26 20:24:18] User -> Warehouse Added -> | KURUGODU
[2025-01-26 20:24:19] User -> Warehouse Added -> | A
[2025-01-26 20:24:19] User -> Warehouse Added -> | Arun
[2025-01-26 20:24:42] User -> Warehouse deleted -> admin@pds| Requested JSON -> {"uid":"all"} | 
[2025-01-26 20:25:10] User -> Warehouse Added -> | Guledagudd
[2025-01-26 20:25:10] User -> Warehouse Added -> | A
[2025-01-26 20:25:12] User -> Warehouse Added -> | Test
[2025-01-26 20:25:12] User -> Warehouse Added -> | Test
[2025-01-26 20:25:12] User -> Warehouse Added -> | Test
[2025-01-26 20:25:12] User -> Warehouse Added -> | Pawan
[2025-01-26 20:25:12] User -> Warehouse Added -> | Mudholtg
[2025-01-26 20:25:12] User -> Warehouse Added -> | BALLARI
[2025-01-26 20:25:13] User -> Warehouse Added -> | KURUGODU
[2025-01-26 20:25:13] User -> Warehouse Added -> | A
[2025-01-26 20:25:13] User -> Warehouse Added -> | Arun
[2025-01-26 20:26:02] User -> Warehouse deleted -> admin@pds| Requested JSON -> {"uid":"all"} | 
[2025-01-26 20:26:30] User -> Warehouse Added -> | Guledagudd
[2025-01-26 20:26:31] User -> Warehouse Added -> | A
[2025-01-26 20:26:32] User -> Warehouse Added -> | Test
[2025-01-26 20:26:32] User -> Warehouse Added -> | Test
[2025-01-26 20:26:32] User -> Warehouse Added -> | Test
[2025-01-26 20:26:33] User -> Warehouse Added -> | Pawan
[2025-01-26 20:26:33] User -> Warehouse Added -> | Mudholtg
[2025-01-26 20:26:33] User -> Warehouse Added -> | BALLARI
[2025-01-26 20:26:33] User -> Warehouse Added -> | KURUGODU
[2025-01-26 20:26:33] User -> Warehouse Added -> | A
[2025-01-26 20:26:33] User -> Warehouse Added -> | Arun
[2025-01-26 20:28:18] User -> Warehouse deleted -> admin@pds| Requested JSON -> {"uid":"all"} | 
[2025-01-26 20:32:58] User -> Warehouse Added -> | Guledagudd
[2025-01-26 20:32:59] User -> Warehouse Added -> | A
[2025-01-26 20:33:03] User -> Warehouse Added -> | Test
[2025-01-26 20:33:04] User -> Warehouse Added -> | Test
[2025-01-26 20:33:04] User -> Warehouse Added -> | Test
[2025-01-26 20:33:05] User -> Warehouse Added -> | Pawan
[2025-01-26 20:33:05] User -> Warehouse Added -> | Mudholtg
[2025-01-26 20:33:05] User -> Warehouse Added -> | BALLARI
[2025-01-26 20:33:05] User -> Warehouse Added -> | KURUGODU
[2025-01-26 20:33:05] User -> Warehouse Added -> | A
[2025-01-26 20:33:05] User -> Warehouse Added -> | Arun
[2025-01-26 20:34:46] User -> Warehouse deleted -> admin@pds| Requested JSON -> {"uid":"all"} | 
[2025-01-26 20:36:00] User -> Warehouse deleted -> admin@pds| Requested JSON -> {"uid":"all"} | 
[2025-01-26 20:36:19] User -> Warehouse Added -> admin@pds| Guledagudd
[2025-01-26 20:36:20] User -> Warehouse Added -> admin@pds| A
[2025-01-26 20:36:21] User -> Warehouse Added -> admin@pds| Test
[2025-01-26 20:36:21] User -> Warehouse Added -> admin@pds| Test
[2025-01-26 20:36:22] User -> Warehouse Added -> admin@pds| Test
[2025-01-26 20:36:22] User -> Warehouse Added -> admin@pds| Pawan
[2025-01-26 20:36:22] User -> Warehouse Added -> admin@pds| Mudholtg
[2025-01-26 20:36:22] User -> Warehouse Added -> admin@pds| BALLARI
[2025-01-26 20:36:23] User -> Warehouse Added -> admin@pds| KURUGODU
[2025-01-26 20:36:23] User -> Warehouse Added -> admin@pds| A
[2025-01-26 20:36:23] User -> Warehouse Added -> admin@pds| Arun
[2025-01-26 20:36:42] User -> Warehouse deleted -> admin@pds| Requested JSON -> {"uid":"WH_67964f6b97e2"} | Guledagudd
[2025-01-26 20:36:46] User -> Warehouse deleted -> admin@pds| Requested JSON -> {"uid":"WH_67964f6cb349"} | Test
[2025-01-26 20:37:04] User -> Warehouse deleted -> admin@pds| Requested JSON -> {"uid":"WH_67964f6c14f6"} | A
[2025-01-26 20:37:33] User -> Warehouse deleted -> admin@pds| Requested JSON -> {"uid":"WH_67964f6c14f6"} | 
[2025-01-26 21:18:46] User -> Cost for leg2 Added ->admin@pds| Requested JSON -> {"cost_hHfqZK5t5HQMCd":"7"} | 
[2025-01-26 21:24:36] User -> Cost for leg1 Added ->admin@pds| Requested JSON -> {"cost_gfyIp22F19cvwh":"8"} | 
[2025-01-26 22:39:20] User -> Cost for leg1 Added ->admin@pds| Requested JSON -> {"cost_gfyIp22F19cvwh":"8"} | 
[2025-01-26 22:41:46] User -> FPS deleted -> admin@pds| Requested JSON -> {"uid":"all"} | 
[2025-01-26 22:42:22] User -> FPS Added -> admin@pds| Gram Mandal Maninagar
[2025-01-26 22:42:22] User -> FPS Added -> admin@pds| MAHAKUTESHWAR YUVAKA MANDAL YANKANCHI
[2025-01-26 22:42:23] User -> FPS Added -> admin@pds| MAHAKUTESHWAR Y.M. GUBBERAKOPPA
[2025-01-26 22:46:19] User -> Cost for leg2 Added ->admin@pds| Requested JSON -> {"cost_XX9UHillsfk9r0":"8"} | 
[2025-01-26 22:52:55] User -> Cost for leg2 Added ->admin@pds| Requested JSON -> {"cost_XX9UHillsfk9r0":"8"} | 
[2025-01-26 22:55:39] User -> Cost for leg2 Added ->admin@pds| Requested JSON -> {"cost_XX9UHillsfk9r0":"8"} | 
[2025-01-26 22:59:42] User -> Cost for leg2 Added ->admin@pds| Requested JSON -> {"cost_XX9UHillsfk9r0":"8"} | 
[2025-01-26 23:00:20] User -> Cost for leg2 Added ->admin@pds| Requested JSON -> {"cost_XX9UHillsfk9r0":"8"} | 2025
[2025-01-26 23:00:33] User -> Cost for leg2 Added ->admin@pds| Requested JSON -> {"cost_XX9UHillsfk9r0":"8"} | 2025
