[2025-01-28 20:49:29] User -> Cost for leg2 Added ->admin@pds| Requested JSON -> {"cost_rjb3hEtuDmHIVu":"56"} | 2025 | jan
[2025-01-28 20:49:31] {"id":"rjb3hEtuDmHIVu"}
[2025-01-28 20:49:31] User -> Cost for leg2 Reset ->admin@pds| Requested JSON -> {"id":"rjb3hEtuDmHIVu"} | 
[2025-01-28 20:49:35] User -> Cost for leg2 Added ->admin@pds| Requested JSON -> {"cost_rjb3hEtuDmHIVu":"78"} | 2025 | jan
[2025-01-28 20:49:59] {"id":"rjb3hEtuDmHIVu"}
[2025-01-28 20:49:59] User -> Cost for leg2 Reset ->admin@pds| Requested JSON -> {"id":"rjb3hEtuDmHIVu"} | 
[2025-01-28 20:50:02] User -> Cost for leg2 Added ->admin@pds| Requested JSON -> {"cost_rjb3hEtuDmHIVu":"100"} | 2025 | jan
[2025-01-28 20:52:42] {"id":"rjb3hEtuDmHIVu"}
[2025-01-28 20:52:42] User -> Cost for leg2 Added ->admin@pds| Requested JSON -> {"id":"rjb3hEtuDmHIVu"} |  | 
[2025-01-28 20:52:45] User -> Cost for leg2 Added ->admin@pds| Requested JSON -> {"cost_rjb3hEtuDmHIVu":"67"} | 2025 | jan
[2025-01-28 20:53:45] {"id":"rjb3hEtuDmHIVu"}
[2025-01-28 20:53:45] User -> Cost for leg2 Reset ->admin@pds| Requested JSON -> {"id":"rjb3hEtuDmHIVu"} |  | 
[2025-01-28 20:53:50] User -> Cost for leg2 Added ->admin@pds| Requested JSON -> {"cost_rjb3hEtuDmHIVu":"56"} | 2025 | jan
[2025-01-28 22:11:43] {"id":"rjb3hEtuDmHIVu"}
[2025-01-28 22:11:43] User -> Cost for leg2 Reset ->admin@pds| Requested JSON -> {"id":"rjb3hEtuDmHIVu"} | 
[2025-01-28 22:11:48] User -> Cost for leg2 Added ->admin@pds| Requested JSON -> {"cost_rjb3hEtuDmHIVu":"89"} | 2025 | jan
[2025-01-28 22:11:50] {"id":"rjb3hEtuDmHIVu"}
[2025-01-28 22:11:50] User -> Cost for leg2 Reset ->admin@pds| Requested JSON -> {"id":"rjb3hEtuDmHIVu"} | 
[2025-01-28 22:11:52] User -> Cost for leg2 Added ->admin@pds| Requested JSON -> {"cost_rjb3hEtuDmHIVu":"567"} | 2025 | jan
[2025-01-28 22:12:54] User -> Cost for leg2 Added ->admin@pds| Requested JSON -> {"cost_gfyIp22F19cvwh":"","cost_BZlnkXQFzrjSPA":"78"} | 2025 | jan
[2025-01-28 22:12:55] User -> Cost for leg1 Reset ->admin@pds| Requested JSON -> {"id":"BZlnkXQFzrjSPA"} | 
[2025-01-28 22:15:03] User -> Cost for leg2 Added ->admin@pds| Requested JSON -> {"cost_gfyIp22F19cvwh":"","cost_BZlnkXQFzrjSPA":"78"} | 2025 | jan
[2025-01-28 22:15:05] User -> Cost for leg1 Reset ->admin@pds| Requested JSON -> {"id":"BZlnkXQFzrjSPA"} | 
[2025-01-28 23:43:19] User -> Cost for leg2 Reset ->admin@pds| Requested JSON -> {"id":"rjb3hEtuDmHIVu"} |  | 
[2025-01-28 23:43:23] User -> Cost for leg2 Added ->admin@pds| Requested JSON -> {"cost_rjb3hEtuDmHIVu":"90"} | 2025 | jan
